OpenJDK 64-Bit Server VM (24.85-b03) for linux-amd64 JRE (1.7.0_85-b01), built on Oct 22 2015 06:46:50 by "buildd" with gcc 4.8.2
Memory: 4k page, physical 1016280k(844440k free), swap 0k(0k free)
CommandLine flags: -XX:CMSFullGCsBeforeCompaction=1 -XX:CMSInitiatingOccupancyFraction=50 -XX:CMSMaxAbortablePrecleanTime=6000 -XX:+CMSParallelRemarkEnabled -XX:+CMSScavengeBeforeRemark -XX:CMSTriggerPermRatio=80 -XX:ConcGCThreads=4 -XX:InitialHeapSize=536870912 -XX:MaxHeapSize=536870912 -XX:MaxTenuringThreshold=8 -XX:NewRatio=3 -XX:OldPLABSize=16 -XX:ParallelGCThreads=4 -XX:+ParallelRefProcEnabled -XX:PretenureSizeThreshold=67108864 -XX:+PrintGC -XX:+PrintGCApplicationStoppedTime -XX:+PrintGCDateStamps -XX:+PrintGCDetails -XX:+PrintGCTimeStamps -XX:+PrintHeapAtGC -XX:+PrintTenuringDistribution -XX:SurvivorRatio=4 -XX:TargetSurvivorRatio=90 -XX:ThreadStackSize=256 -XX:+UseCMSInitiatingOccupancyOnly -XX:+UseCompressedOops -XX:+UseConcMarkSweepGC -XX:+UseParNewGC 
2015-12-17T06:08:58.329+0000: 2.061: Total time for which application threads were stopped: 0.0077680 seconds, Stopping threads took: 0.0076740 seconds
{Heap before GC invocations=0 (full 0):
 par new generation   total 109248K, used 87424K [0x00000000d5a00000, 0x00000000dda00000, 0x00000000dda00000)
  eden space 87424K, 100% used [0x00000000d5a00000, 0x00000000daf60000, 0x00000000daf60000)
  from space 21824K,   0% used [0x00000000daf60000, 0x00000000daf60000, 0x00000000dc4b0000)
  to   space 21824K,   0% used [0x00000000dc4b0000, 0x00000000dc4b0000, 0x00000000dda00000)
 concurrent mark-sweep generation total 393216K, used 0K [0x00000000dda00000, 0x00000000f5a00000, 0x00000000f5a00000)
 concurrent-mark-sweep perm gen total 21248K, used 10324K [0x00000000f5a00000, 0x00000000f6ec0000, 0x0000000100000000)
2015-12-17T06:08:58.831+0000: 2.564: [GC2015-12-17T06:08:58.832+0000: 2.564: [ParNew
Desired survivor size 20112992 bytes, new threshold 8 (max 8)
- age   1:    5528480 bytes,    5528480 total
: 87424K->5464K(109248K), 0.0346170 secs] 87424K->5464K(502464K), 0.0346920 secs] [Times: user=0.02 sys=0.00, real=0.03 secs] 
Heap after GC invocations=1 (full 0):
 par new generation   total 109248K, used 5464K [0x00000000d5a00000, 0x00000000dda00000, 0x00000000dda00000)
  eden space 87424K,   0% used [0x00000000d5a00000, 0x00000000d5a00000, 0x00000000daf60000)
  from space 21824K,  25% used [0x00000000dc4b0000, 0x00000000dca062a8, 0x00000000dda00000)
  to   space 21824K,   0% used [0x00000000daf60000, 0x00000000daf60000, 0x00000000dc4b0000)
 concurrent mark-sweep generation total 393216K, used 0K [0x00000000dda00000, 0x00000000f5a00000, 0x00000000f5a00000)
 concurrent-mark-sweep perm gen total 21248K, used 10324K [0x00000000f5a00000, 0x00000000f6ec0000, 0x0000000100000000)
}
2015-12-17T06:08:58.866+0000: 2.599: Total time for which application threads were stopped: 0.0348530 seconds, Stopping threads took: 0.0000260 seconds
2015-12-17T06:08:59.872+0000: 3.605: Total time for which application threads were stopped: 0.0010050 seconds, Stopping threads took: 0.0009120 seconds
2015-12-17T06:09:00.095+0000: 3.828: Total time for which application threads were stopped: 0.0001220 seconds, Stopping threads took: 0.0000290 seconds
2015-12-17T06:09:00.368+0000: 4.101: Total time for which application threads were stopped: 0.0003310 seconds, Stopping threads took: 0.0000190 seconds
2015-12-17T06:09:00.551+0000: 4.284: Total time for which application threads were stopped: 0.0001870 seconds, Stopping threads took: 0.0000290 seconds
2015-12-17T06:09:00.772+0000: 4.505: Total time for which application threads were stopped: 0.0020940 seconds, Stopping threads took: 0.0020410 seconds
2015-12-17T06:09:00.772+0000: 4.505: Total time for which application threads were stopped: 0.0000440 seconds, Stopping threads took: 0.0000120 seconds
2015-12-17T06:09:00.863+0000: 4.596: Total time for which application threads were stopped: 0.0000750 seconds, Stopping threads took: 0.0000490 seconds
2015-12-17T06:09:00.863+0000: 4.596: Total time for which application threads were stopped: 0.0000220 seconds, Stopping threads took: 0.0000100 seconds
2015-12-17T06:09:00.898+0000: 4.630: Total time for which application threads were stopped: 0.0000420 seconds, Stopping threads took: 0.0000230 seconds
2015-12-17T06:09:01.131+0000: 4.864: Total time for which application threads were stopped: 0.0001560 seconds, Stopping threads took: 0.0000290 seconds
{Heap before GC invocations=1 (full 0):
 par new generation   total 109248K, used 92888K [0x00000000d5a00000, 0x00000000dda00000, 0x00000000dda00000)
  eden space 87424K, 100% used [0x00000000d5a00000, 0x00000000daf60000, 0x00000000daf60000)
  from space 21824K,  25% used [0x00000000dc4b0000, 0x00000000dca062a8, 0x00000000dda00000)
  to   space 21824K,   0% used [0x00000000daf60000, 0x00000000daf60000, 0x00000000dc4b0000)
 concurrent mark-sweep generation total 393216K, used 0K [0x00000000dda00000, 0x00000000f5a00000, 0x00000000f5a00000)
 concurrent-mark-sweep perm gen total 21248K, used 19723K [0x00000000f5a00000, 0x00000000f6ec0000, 0x0000000100000000)
2015-12-17T06:09:02.859+0000: 6.592: [GC2015-12-17T06:09:02.859+0000: 6.592: [ParNew
Desired survivor size 20112992 bytes, new threshold 8 (max 8)
- age   1:    9005520 bytes,    9005520 total
- age   2:    2202760 bytes,   11208280 total
: 92888K->12425K(109248K), 0.0373290 secs] 92888K->12425K(502464K), 0.0374080 secs] [Times: user=0.04 sys=0.01, real=0.03 secs] 
Heap after GC invocations=2 (full 0):
 par new generation   total 109248K, used 12425K [0x00000000d5a00000, 0x00000000dda00000, 0x00000000dda00000)
  eden space 87424K,   0% used [0x00000000d5a00000, 0x00000000d5a00000, 0x00000000daf60000)
  from space 21824K,  56% used [0x00000000daf60000, 0x00000000dbb827f0, 0x00000000dc4b0000)
  to   space 21824K,   0% used [0x00000000dc4b0000, 0x00000000dc4b0000, 0x00000000dda00000)
 concurrent mark-sweep generation total 393216K, used 0K [0x00000000dda00000, 0x00000000f5a00000, 0x00000000f5a00000)
 concurrent-mark-sweep perm gen total 21248K, used 19723K [0x00000000f5a00000, 0x00000000f6ec0000, 0x0000000100000000)
}
2015-12-17T06:09:02.897+0000: 6.629: Total time for which application threads were stopped: 0.0376190 seconds, Stopping threads took: 0.0000300 seconds
2015-12-17T06:09:02.915+0000: 6.648: Total time for which application threads were stopped: 0.0046560 seconds, Stopping threads took: 0.0046290 seconds
2015-12-17T06:09:02.915+0000: 6.648: Total time for which application threads were stopped: 0.0000260 seconds, Stopping threads took: 0.0000110 seconds
2015-12-17T06:09:02.915+0000: 6.648: Total time for which application threads were stopped: 0.0000380 seconds, Stopping threads took: 0.0000090 seconds
2015-12-17T06:09:02.915+0000: 6.648: Total time for which application threads were stopped: 0.0000230 seconds, Stopping threads took: 0.0000090 seconds
2015-12-17T06:09:02.915+0000: 6.648: Total time for which application threads were stopped: 0.0000210 seconds, Stopping threads took: 0.0000090 seconds
2015-12-17T06:09:02.915+0000: 6.648: Total time for which application threads were stopped: 0.0000200 seconds, Stopping threads took: 0.0000080 seconds
2015-12-17T06:09:02.915+0000: 6.648: Total time for which application threads were stopped: 0.0000210 seconds, Stopping threads took: 0.0000080 seconds
2015-12-17T06:09:02.915+0000: 6.648: Total time for which application threads were stopped: 0.0000210 seconds, Stopping threads took: 0.0000080 seconds
2015-12-17T06:09:02.915+0000: 6.648: Total time for which application threads were stopped: 0.0000200 seconds, Stopping threads took: 0.0000080 seconds
2015-12-17T06:09:02.915+0000: 6.648: Total time for which application threads were stopped: 0.0000210 seconds, Stopping threads took: 0.0000080 seconds
2015-12-17T06:09:02.915+0000: 6.648: Total time for which application threads were stopped: 0.0000210 seconds, Stopping threads took: 0.0000090 seconds
2015-12-17T06:09:02.915+0000: 6.648: Total time for which application threads were stopped: 0.0000200 seconds, Stopping threads took: 0.0000080 seconds
2015-12-17T06:09:02.916+0000: 6.648: Total time for which application threads were stopped: 0.0000210 seconds, Stopping threads took: 0.0000080 seconds
2015-12-17T06:09:02.916+0000: 6.648: Total time for which application threads were stopped: 0.0000210 seconds, Stopping threads took: 0.0000090 seconds
2015-12-17T06:09:02.916+0000: 6.648: Total time for which application threads were stopped: 0.0000210 seconds, Stopping threads took: 0.0000080 seconds
2015-12-17T06:09:02.916+0000: 6.648: Total time for which application threads were stopped: 0.0000210 seconds, Stopping threads took: 0.0000080 seconds
2015-12-17T06:09:02.916+0000: 6.648: Total time for which application threads were stopped: 0.0000210 seconds, Stopping threads took: 0.0000080 seconds
2015-12-17T06:09:02.916+0000: 6.648: Total time for which application threads were stopped: 0.0000200 seconds, Stopping threads took: 0.0000080 seconds
2015-12-17T06:09:02.916+0000: 6.649: Total time for which application threads were stopped: 0.0000210 seconds, Stopping threads took: 0.0000080 seconds
2015-12-17T06:09:02.916+0000: 6.649: Total time for which application threads were stopped: 0.0000850 seconds, Stopping threads took: 0.0000080 seconds
2015-12-17T06:09:02.916+0000: 6.649: Total time for which application threads were stopped: 0.0000370 seconds, Stopping threads took: 0.0000090 seconds
2015-12-17T06:09:02.916+0000: 6.649: Total time for which application threads were stopped: 0.0000340 seconds, Stopping threads took: 0.0000100 seconds
2015-12-17T06:09:02.917+0000: 6.649: Total time for which application threads were stopped: 0.0000340 seconds, Stopping threads took: 0.0000090 seconds
2015-12-17T06:09:02.917+0000: 6.650: Total time for which application threads were stopped: 0.0000210 seconds, Stopping threads took: 0.0000090 seconds
2015-12-17T06:09:03.300+0000: 7.033: Total time for which application threads were stopped: 0.0001040 seconds, Stopping threads took: 0.0000190 seconds
2015-12-17T06:09:03.303+0000: 7.036: Total time for which application threads were stopped: 0.0000500 seconds, Stopping threads took: 0.0000230 seconds
2015-12-17T06:09:03.311+0000: 7.044: Total time for which application threads were stopped: 0.0000520 seconds, Stopping threads took: 0.0000230 seconds
2015-12-17T06:09:03.312+0000: 7.045: Total time for which application threads were stopped: 0.0000460 seconds, Stopping threads took: 0.0000210 seconds
2015-12-17T06:09:03.387+0000: 7.120: Total time for which application threads were stopped: 0.0001080 seconds, Stopping threads took: 0.0000330 seconds
2015-12-17T06:09:03.394+0000: 7.127: Total time for which application threads were stopped: 0.0000470 seconds, Stopping threads took: 0.0000220 seconds
{Heap before GC invocations=2 (full 0):
 par new generation   total 109248K, used 99849K [0x00000000d5a00000, 0x00000000dda00000, 0x00000000dda00000)
  eden space 87424K, 100% used [0x00000000d5a00000, 0x00000000daf60000, 0x00000000daf60000)
  from space 21824K,  56% used [0x00000000daf60000, 0x00000000dbb827f0, 0x00000000dc4b0000)
  to   space 21824K,   0% used [0x00000000dc4b0000, 0x00000000dc4b0000, 0x00000000dda00000)
 concurrent mark-sweep generation total 393216K, used 0K [0x00000000dda00000, 0x00000000f5a00000, 0x00000000f5a00000)
 concurrent-mark-sweep perm gen total 21248K, used 20966K [0x00000000f5a00000, 0x00000000f6ec0000, 0x0000000100000000)
2015-12-17T06:09:03.600+0000: 7.333: [GC2015-12-17T06:09:03.600+0000: 7.333: [ParNew
Desired survivor size 20112992 bytes, new threshold 8 (max 8)
- age   1:    1774400 bytes,    1774400 total
- age   2:    3419304 bytes,    5193704 total
- age   3:    2169400 bytes,    7363104 total
: 99849K->13645K(109248K), 0.0271470 secs] 99849K->13645K(502464K), 0.0272160 secs] [Times: user=0.03 sys=0.00, real=0.02 secs] 
Heap after GC invocations=3 (full 0):
 par new generation   total 109248K, used 13645K [0x00000000d5a00000, 0x00000000dda00000, 0x00000000dda00000)
  eden space 87424K,   0% used [0x00000000d5a00000, 0x00000000d5a00000, 0x00000000daf60000)
  from space 21824K,  62% used [0x00000000dc4b0000, 0x00000000dd2034b0, 0x00000000dda00000)
  to   space 21824K,   0% used [0x00000000daf60000, 0x00000000daf60000, 0x00000000dc4b0000)
 concurrent mark-sweep generation total 393216K, used 0K [0x00000000dda00000, 0x00000000f5a00000, 0x00000000f5a00000)
 concurrent-mark-sweep perm gen total 21248K, used 20966K [0x00000000f5a00000, 0x00000000f6ec0000, 0x0000000100000000)
}
2015-12-17T06:09:03.627+0000: 7.360: Total time for which application threads were stopped: 0.0273580 seconds, Stopping threads took: 0.0000280 seconds
2015-12-17T06:09:03.629+0000: 7.361: Total time for which application threads were stopped: 0.0000400 seconds, Stopping threads took: 0.0000160 seconds
2015-12-17T06:09:03.629+0000: 7.361: Total time for which application threads were stopped: 0.0000250 seconds, Stopping threads took: 0.0000100 seconds
2015-12-17T06:09:03.629+0000: 7.362: Total time for which application threads were stopped: 0.0000230 seconds, Stopping threads took: 0.0000090 seconds
2015-12-17T06:09:03.629+0000: 7.362: Total time for which application threads were stopped: 0.0000220 seconds, Stopping threads took: 0.0000090 seconds
2015-12-17T06:09:03.629+0000: 7.362: Total time for which application threads were stopped: 0.0000210 seconds, Stopping threads took: 0.0000080 seconds
2015-12-17T06:09:03.629+0000: 7.362: Total time for which application threads were stopped: 0.0000210 seconds, Stopping threads took: 0.0000090 seconds
2015-12-17T06:09:03.629+0000: 7.362: Total time for which application threads were stopped: 0.0000210 seconds, Stopping threads took: 0.0000090 seconds
2015-12-17T06:09:03.629+0000: 7.362: Total time for which application threads were stopped: 0.0000210 seconds, Stopping threads took: 0.0000090 seconds
2015-12-17T06:09:03.629+0000: 7.362: Total time for which application threads were stopped: 0.0000210 seconds, Stopping threads took: 0.0000080 seconds
2015-12-17T06:09:03.629+0000: 7.362: Total time for which application threads were stopped: 0.0000420 seconds, Stopping threads took: 0.0000080 seconds
2015-12-17T06:09:03.629+0000: 7.362: Total time for which application threads were stopped: 0.0000220 seconds, Stopping threads took: 0.0000090 seconds
2015-12-17T06:09:03.629+0000: 7.362: Total time for which application threads were stopped: 0.0000210 seconds, Stopping threads took: 0.0000080 seconds
2015-12-17T06:09:03.629+0000: 7.362: Total time for which application threads were stopped: 0.0000210 seconds, Stopping threads took: 0.0000080 seconds
2015-12-17T06:09:03.629+0000: 7.362: Total time for which application threads were stopped: 0.0000210 seconds, Stopping threads took: 0.0000080 seconds
2015-12-17T06:09:03.629+0000: 7.362: Total time for which application threads were stopped: 0.0000210 seconds, Stopping threads took: 0.0000080 seconds
2015-12-17T06:09:03.629+0000: 7.362: Total time for which application threads were stopped: 0.0000210 seconds, Stopping threads took: 0.0000080 seconds
2015-12-17T06:09:03.629+0000: 7.362: Total time for which application threads were stopped: 0.0000210 seconds, Stopping threads took: 0.0000080 seconds
2015-12-17T06:09:03.629+0000: 7.362: Total time for which application threads were stopped: 0.0000210 seconds, Stopping threads took: 0.0000080 seconds
2015-12-17T06:09:03.630+0000: 7.362: Total time for which application threads were stopped: 0.0000220 seconds, Stopping threads took: 0.0000080 seconds
2015-12-17T06:09:03.630+0000: 7.362: Total time for which application threads were stopped: 0.0000220 seconds, Stopping threads took: 0.0000090 seconds
2015-12-17T06:09:03.630+0000: 7.362: Total time for which application threads were stopped: 0.0000830 seconds, Stopping threads took: 0.0000080 seconds
2015-12-17T06:09:03.630+0000: 7.363: Total time for which application threads were stopped: 0.0000400 seconds, Stopping threads took: 0.0000120 seconds
2015-12-17T06:09:03.647+0000: 7.380: Total time for which application threads were stopped: 0.0000490 seconds, Stopping threads took: 0.0000270 seconds
{Heap before GC invocations=3 (full 0):
 par new generation   total 109248K, used 101069K [0x00000000d5a00000, 0x00000000dda00000, 0x00000000dda00000)
  eden space 87424K, 100% used [0x00000000d5a00000, 0x00000000daf60000, 0x00000000daf60000)
  from space 21824K,  62% used [0x00000000dc4b0000, 0x00000000dd2034b0, 0x00000000dda00000)
  to   space 21824K,   0% used [0x00000000daf60000, 0x00000000daf60000, 0x00000000dc4b0000)
 concurrent mark-sweep generation total 393216K, used 0K [0x00000000dda00000, 0x00000000f5a00000, 0x00000000f5a00000)
 concurrent-mark-sweep perm gen total 22016K, used 21914K [0x00000000f5a00000, 0x00000000f6f80000, 0x0000000100000000)
2015-12-17T06:09:03.965+0000: 7.698: [GC2015-12-17T06:09:03.965+0000: 7.698: [ParNew
Desired survivor size 20112992 bytes, new threshold 8 (max 8)
- age   1:     988632 bytes,     988632 total
- age   2:     958248 bytes,    1946880 total
- age   3:    3409280 bytes,    5356160 total
- age   4:    2169352 bytes,    7525512 total
: 101069K->9056K(109248K), 0.0252120 secs] 101069K->9056K(502464K), 0.0252910 secs] [Times: user=0.02 sys=0.00, real=0.02 secs] 
Heap after GC invocations=4 (full 0):
 par new generation   total 109248K, used 9056K [0x00000000d5a00000, 0x00000000dda00000, 0x00000000dda00000)
  eden space 87424K,   0% used [0x00000000d5a00000, 0x00000000d5a00000, 0x00000000daf60000)
  from space 21824K,  41% used [0x00000000daf60000, 0x00000000db838010, 0x00000000dc4b0000)
  to   space 21824K,   0% used [0x00000000dc4b0000, 0x00000000dc4b0000, 0x00000000dda00000)
 concurrent mark-sweep generation total 393216K, used 0K [0x00000000dda00000, 0x00000000f5a00000, 0x00000000f5a00000)
 concurrent-mark-sweep perm gen total 22016K, used 21914K [0x00000000f5a00000, 0x00000000f6f80000, 0x0000000100000000)
}
2015-12-17T06:09:03.990+0000: 7.723: Total time for which application threads were stopped: 0.0255070 seconds, Stopping threads took: 0.0000320 seconds
2015-12-17T06:09:04.052+0000: 7.784: Total time for which application threads were stopped: 0.0001350 seconds, Stopping threads took: 0.0000290 seconds
2015-12-17T06:09:04.071+0000: 7.804: Total time for which application threads were stopped: 0.0000580 seconds, Stopping threads took: 0.0000310 seconds
2015-12-17T06:09:04.140+0000: 7.872: Total time for which application threads were stopped: 0.0000610 seconds, Stopping threads took: 0.0000270 seconds
2015-12-17T06:09:04.635+0000: 8.368: Total time for which application threads were stopped: 0.0001420 seconds, Stopping threads took: 0.0000330 seconds
2015-12-17T06:09:04.695+0000: 8.427: Total time for which application threads were stopped: 0.0000710 seconds, Stopping threads took: 0.0000270 seconds
2015-12-17T06:09:04.922+0000: 8.655: Total time for which application threads were stopped: 0.0000720 seconds, Stopping threads took: 0.0000270 seconds
2015-12-17T06:09:04.989+0000: 8.722: Total time for which application threads were stopped: 0.0000610 seconds, Stopping threads took: 0.0000290 seconds
2015-12-17T06:09:05.140+0000: 8.872: Total time for which application threads were stopped: 0.0001080 seconds, Stopping threads took: 0.0000290 seconds
2015-12-17T06:09:05.583+0000: 9.316: Total time for which application threads were stopped: 0.0001090 seconds, Stopping threads took: 0.0000400 seconds
2015-12-17T06:09:05.602+0000: 9.334: Total time for which application threads were stopped: 0.0000450 seconds, Stopping threads took: 0.0000240 seconds
2015-12-17T06:09:05.602+0000: 9.335: Total time for which application threads were stopped: 0.0000380 seconds, Stopping threads took: 0.0000210 seconds
2015-12-17T06:09:05.603+0000: 9.335: Total time for which application threads were stopped: 0.0000370 seconds, Stopping threads took: 0.0000210 seconds
2015-12-17T06:09:05.708+0000: 9.441: Total time for which application threads were stopped: 0.0001070 seconds, Stopping threads took: 0.0000290 seconds
2015-12-17T06:09:05.709+0000: 9.441: Total time for which application threads were stopped: 0.0000360 seconds, Stopping threads took: 0.0000200 seconds
2015-12-17T06:09:47.794+0000: 51.527: Total time for which application threads were stopped: 0.0001170 seconds, Stopping threads took: 0.0000200 seconds
2015-12-17T06:09:47.795+0000: 51.527: Total time for which application threads were stopped: 0.0000400 seconds, Stopping threads took: 0.0000200 seconds
2015-12-17T06:09:47.799+0000: 51.531: Total time for which application threads were stopped: 0.0000430 seconds, Stopping threads took: 0.0000220 seconds
2015-12-17T06:09:47.813+0000: 51.545: Total time for which application threads were stopped: 0.0000400 seconds, Stopping threads took: 0.0000230 seconds
2015-12-17T06:09:47.813+0000: 51.545: Total time for which application threads were stopped: 0.0000310 seconds, Stopping threads took: 0.0000170 seconds
2015-12-17T06:09:47.830+0000: 51.563: Total time for which application threads were stopped: 0.0000610 seconds, Stopping threads took: 0.0000300 seconds
2015-12-17T06:09:47.831+0000: 51.563: Total time for which application threads were stopped: 0.0000350 seconds, Stopping threads took: 0.0000180 seconds
2015-12-17T06:09:47.965+0000: 51.697: Total time for which application threads were stopped: 0.0000730 seconds, Stopping threads took: 0.0000360 seconds
2015-12-17T06:09:47.988+0000: 51.720: Total time for which application threads were stopped: 0.0001000 seconds, Stopping threads took: 0.0000260 seconds
2015-12-17T06:09:47.988+0000: 51.721: Total time for which application threads were stopped: 0.0000360 seconds, Stopping threads took: 0.0000190 seconds
2015-12-17T06:09:48.147+0000: 51.879: Total time for which application threads were stopped: 0.0000660 seconds, Stopping threads took: 0.0000260 seconds
2015-12-17T06:09:48.147+0000: 51.880: Total time for which application threads were stopped: 0.0000280 seconds, Stopping threads took: 0.0000110 seconds
2015-12-17T06:09:48.153+0000: 51.886: Total time for which application threads were stopped: 0.0000340 seconds, Stopping threads took: 0.0000120 seconds
2015-12-17T06:09:48.162+0000: 51.894: Total time for which application threads were stopped: 0.0000430 seconds, Stopping threads took: 0.0000220 seconds
2015-12-17T06:09:48.192+0000: 51.925: Total time for which application threads were stopped: 0.0000620 seconds, Stopping threads took: 0.0000240 seconds
2015-12-17T06:09:48.192+0000: 51.925: Total time for which application threads were stopped: 0.0000300 seconds, Stopping threads took: 0.0000110 seconds
2015-12-17T06:09:48.193+0000: 51.926: Total time for which application threads were stopped: 0.0000330 seconds, Stopping threads took: 0.0000120 seconds
2015-12-17T06:09:48.198+0000: 51.931: Total time for which application threads were stopped: 0.0000320 seconds, Stopping threads took: 0.0000130 seconds
2015-12-17T06:09:48.198+0000: 51.931: Total time for which application threads were stopped: 0.0000270 seconds, Stopping threads took: 0.0000110 seconds
2015-12-17T06:09:48.199+0000: 51.932: Total time for which application threads were stopped: 0.0000450 seconds, Stopping threads took: 0.0000210 seconds
2015-12-17T06:09:48.207+0000: 51.940: Total time for which application threads were stopped: 0.0000580 seconds, Stopping threads took: 0.0000130 seconds
2015-12-17T06:09:48.207+0000: 51.940: Total time for which application threads were stopped: 0.0000270 seconds, Stopping threads took: 0.0000110 seconds
{Heap before GC invocations=4 (full 0):
 par new generation   total 109248K, used 96480K [0x00000000d5a00000, 0x00000000dda00000, 0x00000000dda00000)
  eden space 87424K, 100% used [0x00000000d5a00000, 0x00000000daf60000, 0x00000000daf60000)
  from space 21824K,  41% used [0x00000000daf60000, 0x00000000db838010, 0x00000000dc4b0000)
  to   space 21824K,   0% used [0x00000000dc4b0000, 0x00000000dc4b0000, 0x00000000dda00000)
 concurrent mark-sweep generation total 393216K, used 0K [0x00000000dda00000, 0x00000000f5a00000, 0x00000000f5a00000)
 concurrent-mark-sweep perm gen total 28928K, used 28723K [0x00000000f5a00000, 0x00000000f7640000, 0x0000000100000000)
2015-12-17T06:09:48.209+0000: 51.941: [GC2015-12-17T06:09:48.209+0000: 51.941: [ParNew
Desired survivor size 20112992 bytes, new threshold 8 (max 8)
- age   1:   13090272 bytes,   13090272 total
- age   2:     176768 bytes,   13267040 total
- age   3:     248728 bytes,   13515768 total
- age   4:    3367728 bytes,   16883496 total
- age   5:    2167048 bytes,   19050544 total
: 96480K->21684K(109248K), 0.0394510 secs] 96480K->21684K(502464K), 0.0395270 secs] [Times: user=0.03 sys=0.00, real=0.04 secs] 
Heap after GC invocations=5 (full 0):
 par new generation   total 109248K, used 21684K [0x00000000d5a00000, 0x00000000dda00000, 0x00000000dda00000)
  eden space 87424K,   0% used [0x00000000d5a00000, 0x00000000d5a00000, 0x00000000daf60000)
  from space 21824K,  99% used [0x00000000dc4b0000, 0x00000000dd9dd1c0, 0x00000000dda00000)
  to   space 21824K,   0% used [0x00000000daf60000, 0x00000000daf60000, 0x00000000dc4b0000)
 concurrent mark-sweep generation total 393216K, used 0K [0x00000000dda00000, 0x00000000f5a00000, 0x00000000f5a00000)
 concurrent-mark-sweep perm gen total 28928K, used 28723K [0x00000000f5a00000, 0x00000000f7640000, 0x0000000100000000)
}
2015-12-17T06:09:48.248+0000: 51.981: Total time for which application threads were stopped: 0.0396840 seconds, Stopping threads took: 0.0000220 seconds
2015-12-17T06:09:48.254+0000: 51.987: Total time for which application threads were stopped: 0.0000520 seconds, Stopping threads took: 0.0000260 seconds
2015-12-17T06:09:48.255+0000: 51.988: Total time for which application threads were stopped: 0.0000440 seconds, Stopping threads took: 0.0000240 seconds
2015-12-17T06:09:48.256+0000: 51.989: Total time for which application threads were stopped: 0.0000360 seconds, Stopping threads took: 0.0000120 seconds
2015-12-17T06:09:48.257+0000: 51.990: Total time for which application threads were stopped: 0.0000310 seconds, Stopping threads took: 0.0000120 seconds
2015-12-17T06:09:48.276+0000: 52.008: Total time for which application threads were stopped: 0.0000400 seconds, Stopping threads took: 0.0000160 seconds
2015-12-17T06:09:48.276+0000: 52.009: Total time for which application threads were stopped: 0.0000290 seconds, Stopping threads took: 0.0000120 seconds
2015-12-17T06:09:48.277+0000: 52.010: Total time for which application threads were stopped: 0.0000410 seconds, Stopping threads took: 0.0000210 seconds
2015-12-17T06:09:48.288+0000: 52.020: Total time for which application threads were stopped: 0.0000330 seconds, Stopping threads took: 0.0000120 seconds
2015-12-17T06:09:48.309+0000: 52.041: Total time for which application threads were stopped: 0.0001090 seconds, Stopping threads took: 0.0000200 seconds
2015-12-17T06:09:48.309+0000: 52.042: Total time for which application threads were stopped: 0.0000290 seconds, Stopping threads took: 0.0000110 seconds
2015-12-17T06:09:48.310+0000: 52.043: Total time for which application threads were stopped: 0.0000310 seconds, Stopping threads took: 0.0000110 seconds
2015-12-17T06:09:48.806+0000: 52.539: Total time for which application threads were stopped: 0.0000860 seconds, Stopping threads took: 0.0000220 seconds
2015-12-17T06:09:48.807+0000: 52.539: Total time for which application threads were stopped: 0.0000380 seconds, Stopping threads took: 0.0000200 seconds
2015-12-17T06:09:48.814+0000: 52.547: Total time for which application threads were stopped: 0.0001020 seconds, Stopping threads took: 0.0000210 seconds
2015-12-17T06:09:49.314+0000: 53.047: Total time for which application threads were stopped: 0.0000770 seconds, Stopping threads took: 0.0000350 seconds
2015-12-17T06:09:49.314+0000: 53.047: Total time for which application threads were stopped: 0.0000350 seconds, Stopping threads took: 0.0000110 seconds
2015-12-17T06:09:49.315+0000: 53.048: Total time for which application threads were stopped: 0.0002040 seconds, Stopping threads took: 0.0000210 seconds
2015-12-17T06:09:50.985+0000: 54.717: Total time for which application threads were stopped: 0.0001070 seconds, Stopping threads took: 0.0000220 seconds
2015-12-17T06:09:50.987+0000: 54.719: Total time for which application threads were stopped: 0.0000450 seconds, Stopping threads took: 0.0000260 seconds
2015-12-17T06:09:51.115+0000: 54.848: Total time for which application threads were stopped: 0.0000780 seconds, Stopping threads took: 0.0000290 seconds
2015-12-17T06:09:52.116+0000: 55.849: Total time for which application threads were stopped: 0.0001320 seconds, Stopping threads took: 0.0000300 seconds
2015-12-17T06:09:53.543+0000: 57.276: Total time for which application threads were stopped: 0.0001900 seconds, Stopping threads took: 0.0000300 seconds
2015-12-17T06:09:54.209+0000: 57.941: Total time for which application threads were stopped: 0.0001290 seconds, Stopping threads took: 0.0000320 seconds
2015-12-17T06:09:54.776+0000: 58.509: Total time for which application threads were stopped: 0.0001510 seconds, Stopping threads took: 0.0000320 seconds
2015-12-17T06:09:54.776+0000: 58.509: Total time for which application threads were stopped: 0.0000330 seconds, Stopping threads took: 0.0000190 seconds
2015-12-17T06:09:54.777+0000: 58.509: Total time for which application threads were stopped: 0.0000600 seconds, Stopping threads took: 0.0000180 seconds
2015-12-17T06:09:54.777+0000: 58.509: Total time for which application threads were stopped: 0.0000310 seconds, Stopping threads took: 0.0000180 seconds
2015-12-17T06:09:54.777+0000: 58.509: Total time for which application threads were stopped: 0.0000300 seconds, Stopping threads took: 0.0000170 seconds
2015-12-17T06:09:54.777+0000: 58.510: Total time for which application threads were stopped: 0.0000290 seconds, Stopping threads took: 0.0000170 seconds
2015-12-17T06:09:54.777+0000: 58.510: Total time for which application threads were stopped: 0.0000330 seconds, Stopping threads took: 0.0000190 seconds
2015-12-17T06:09:54.777+0000: 58.510: Total time for which application threads were stopped: 0.0000300 seconds, Stopping threads took: 0.0000170 seconds
2015-12-17T06:09:54.777+0000: 58.510: Total time for which application threads were stopped: 0.0000290 seconds, Stopping threads took: 0.0000170 seconds
2015-12-17T06:09:54.777+0000: 58.510: Total time for which application threads were stopped: 0.0000290 seconds, Stopping threads took: 0.0000160 seconds
2015-12-17T06:09:55.839+0000: 59.572: Total time for which application threads were stopped: 0.0001250 seconds, Stopping threads took: 0.0000320 seconds
2015-12-17T06:09:55.840+0000: 59.573: Total time for which application threads were stopped: 0.0000400 seconds, Stopping threads took: 0.0000200 seconds
2015-12-17T06:09:55.840+0000: 59.573: Total time for which application threads were stopped: 0.0000340 seconds, Stopping threads took: 0.0000170 seconds
2015-12-17T06:09:55.840+0000: 59.573: Total time for which application threads were stopped: 0.0000470 seconds, Stopping threads took: 0.0000180 seconds
2015-12-17T06:09:55.840+0000: 59.573: Total time for which application threads were stopped: 0.0000330 seconds, Stopping threads took: 0.0000170 seconds
2015-12-17T06:09:55.840+0000: 59.573: Total time for which application threads were stopped: 0.0000340 seconds, Stopping threads took: 0.0000180 seconds
2015-12-17T06:09:56.656+0000: 60.389: Total time for which application threads were stopped: 0.0001940 seconds, Stopping threads took: 0.0000300 seconds
2015-12-17T06:09:57.663+0000: 61.396: Total time for which application threads were stopped: 0.0074190 seconds, Stopping threads took: 0.0072710 seconds
2015-12-17T06:09:58.664+0000: 62.397: Total time for which application threads were stopped: 0.0002260 seconds, Stopping threads took: 0.0000420 seconds
2015-12-17T06:09:59.664+0000: 63.397: Total time for which application threads were stopped: 0.0001350 seconds, Stopping threads took: 0.0000280 seconds
2015-12-17T06:10:05.588+0000: 69.320: Total time for which application threads were stopped: 0.0001400 seconds, Stopping threads took: 0.0000440 seconds
2015-12-17T06:10:41.252+0000: 104.985: Total time for which application threads were stopped: 0.0001510 seconds, Stopping threads took: 0.0000450 seconds
2015-12-17T06:10:41.281+0000: 105.014: Total time for which application threads were stopped: 0.0055240 seconds, Stopping threads took: 0.0054770 seconds
2015-12-17T06:10:41.281+0000: 105.014: Total time for which application threads were stopped: 0.0000290 seconds, Stopping threads took: 0.0000120 seconds
2015-12-17T06:10:41.282+0000: 105.015: Total time for which application threads were stopped: 0.0000320 seconds, Stopping threads took: 0.0000120 seconds
2015-12-17T06:10:41.282+0000: 105.015: Total time for which application threads were stopped: 0.0000580 seconds, Stopping threads took: 0.0000100 seconds
{Heap before GC invocations=5 (full 0):
 par new generation   total 109248K, used 109108K [0x00000000d5a00000, 0x00000000dda00000, 0x00000000dda00000)
  eden space 87424K, 100% used [0x00000000d5a00000, 0x00000000daf60000, 0x00000000daf60000)
  from space 21824K,  99% used [0x00000000dc4b0000, 0x00000000dd9dd1c0, 0x00000000dda00000)
  to   space 21824K,   0% used [0x00000000daf60000, 0x00000000daf60000, 0x00000000dc4b0000)
 concurrent mark-sweep generation total 393216K, used 0K [0x00000000dda00000, 0x00000000f5a00000, 0x00000000f5a00000)
 concurrent-mark-sweep perm gen total 29888K, used 29836K [0x00000000f5a00000, 0x00000000f7730000, 0x0000000100000000)
2015-12-17T06:10:41.465+0000: 105.198: [GC2015-12-17T06:10:41.465+0000: 105.198: [ParNew
Desired survivor size 20112992 bytes, new threshold 8 (max 8)
- age   1:    2862568 bytes,    2862568 total
- age   2:    7794584 bytes,   10657152 total
- age   3:     176768 bytes,   10833920 total
- age   4:     248024 bytes,   11081944 total
- age   5:    3362800 bytes,   14444744 total
- age   6:    2141240 bytes,   16585984 total
: 109108K->21824K(109248K), 0.0552290 secs] 109108K->21824K(502464K), 0.0553030 secs] [Times: user=0.06 sys=0.00, real=0.06 secs] 
Heap after GC invocations=6 (full 0):
 par new generation   total 109248K, used 21824K [0x00000000d5a00000, 0x00000000dda00000, 0x00000000dda00000)
  eden space 87424K,   0% used [0x00000000d5a00000, 0x00000000d5a00000, 0x00000000daf60000)
  from space 21824K, 100% used [0x00000000daf60000, 0x00000000dc4b0000, 0x00000000dc4b0000)
  to   space 21824K,   0% used [0x00000000dc4b0000, 0x00000000dc4b0000, 0x00000000dda00000)
 concurrent mark-sweep generation total 393216K, used 0K [0x00000000dda00000, 0x00000000f5a00000, 0x00000000f5a00000)
 concurrent-mark-sweep perm gen total 29888K, used 29836K [0x00000000f5a00000, 0x00000000f7730000, 0x0000000100000000)
}
2015-12-17T06:10:41.521+0000: 105.253: Total time for which application threads were stopped: 0.0576340 seconds, Stopping threads took: 0.0021780 seconds
2015-12-17T06:10:42.527+0000: 106.260: Total time for which application threads were stopped: 0.0001920 seconds, Stopping threads took: 0.0000420 seconds
2015-12-17T06:10:46.351+0000: 110.083: Total time for which application threads were stopped: 0.0001200 seconds, Stopping threads took: 0.0000210 seconds
2015-12-17T06:11:14.359+0000: 138.092: Total time for which application threads were stopped: 0.0002190 seconds, Stopping threads took: 0.0000420 seconds
2015-12-17T06:12:22.739+0000: 206.472: Total time for which application threads were stopped: 0.0021290 seconds, Stopping threads took: 0.0020100 seconds
2015-12-17T06:12:22.937+0000: 206.670: Total time for which application threads were stopped: 0.0001120 seconds, Stopping threads took: 0.0000480 seconds
2015-12-17T06:12:23.937+0000: 207.670: Total time for which application threads were stopped: 0.0001670 seconds, Stopping threads took: 0.0000290 seconds
2015-12-17T06:13:00.384+0000: 244.117: Total time for which application threads were stopped: 0.0001390 seconds, Stopping threads took: 0.0000390 seconds
2015-12-17T06:13:00.388+0000: 244.120: Total time for which application threads were stopped: 0.0000410 seconds, Stopping threads took: 0.0000130 seconds
2015-12-17T06:13:00.394+0000: 244.127: Total time for which application threads were stopped: 0.0020540 seconds, Stopping threads took: 0.0020220 seconds
2015-12-17T06:13:00.410+0000: 244.142: Total time for which application threads were stopped: 0.0024970 seconds, Stopping threads took: 0.0024690 seconds
2015-12-17T06:13:00.430+0000: 244.163: Total time for which application threads were stopped: 0.0031540 seconds, Stopping threads took: 0.0031200 seconds
{Heap before GC invocations=6 (full 0):
 par new generation   total 109248K, used 109248K [0x00000000d5a00000, 0x00000000dda00000, 0x00000000dda00000)
  eden space 87424K, 100% used [0x00000000d5a00000, 0x00000000daf60000, 0x00000000daf60000)
  from space 21824K, 100% used [0x00000000daf60000, 0x00000000dc4b0000, 0x00000000dc4b0000)
  to   space 21824K,   0% used [0x00000000dc4b0000, 0x00000000dc4b0000, 0x00000000dda00000)
 concurrent mark-sweep generation total 393216K, used 0K [0x00000000dda00000, 0x00000000f5a00000, 0x00000000f5a00000)
 concurrent-mark-sweep perm gen total 30080K, used 29915K [0x00000000f5a00000, 0x00000000f7760000, 0x0000000100000000)
2015-12-17T06:13:00.493+0000: 244.225: [GC2015-12-17T06:13:00.493+0000: 244.225: [ParNew
Desired survivor size 20112992 bytes, new threshold 8 (max 8)
- age   1:    2085344 bytes,    2085344 total
- age   2:    1085448 bytes,    3170792 total
- age   3:    7734608 bytes,   10905400 total
- age   4:     176768 bytes,   11082168 total
- age   5:     248024 bytes,   11330192 total
- age   6:    3362760 bytes,   14692952 total
- age   7:    2141144 bytes,   16834096 total
: 109248K->21731K(109248K), 0.0492660 secs] 109248K->21731K(502464K), 0.0493530 secs] [Times: user=0.05 sys=0.00, real=0.05 secs] 
Heap after GC invocations=7 (full 0):
 par new generation   total 109248K, used 21731K [0x00000000d5a00000, 0x00000000dda00000, 0x00000000dda00000)
  eden space 87424K,   0% used [0x00000000d5a00000, 0x00000000d5a00000, 0x00000000daf60000)
  from space 21824K,  99% used [0x00000000dc4b0000, 0x00000000dd9e8de0, 0x00000000dda00000)
  to   space 21824K,   0% used [0x00000000daf60000, 0x00000000daf60000, 0x00000000dc4b0000)
 concurrent mark-sweep generation total 393216K, used 0K [0x00000000dda00000, 0x00000000f5a00000, 0x00000000f5a00000)
 concurrent-mark-sweep perm gen total 30080K, used 29915K [0x00000000f5a00000, 0x00000000f7760000, 0x0000000100000000)
}
2015-12-17T06:13:00.542+0000: 244.275: Total time for which application threads were stopped: 0.0495080 seconds, Stopping threads took: 0.0000360 seconds
2015-12-17T06:13:01.545+0000: 245.278: Total time for which application threads were stopped: 0.0001790 seconds, Stopping threads took: 0.0000310 seconds
2015-12-17T06:15:45.423+0000: 409.156: Total time for which application threads were stopped: 0.0001290 seconds, Stopping threads took: 0.0000370 seconds
2015-12-17T06:15:45.697+0000: 409.430: Total time for which application threads were stopped: 0.0000630 seconds, Stopping threads took: 0.0000230 seconds
2015-12-17T06:15:45.744+0000: 409.476: Total time for which application threads were stopped: 0.0000860 seconds, Stopping threads took: 0.0000400 seconds
2015-12-17T06:15:45.744+0000: 409.477: Total time for which application threads were stopped: 0.0000270 seconds, Stopping threads took: 0.0000090 seconds
2015-12-17T06:15:45.746+0000: 409.479: Total time for which application threads were stopped: 0.0000540 seconds, Stopping threads took: 0.0000270 seconds
2015-12-17T06:15:45.751+0000: 409.484: Total time for which application threads were stopped: 0.0000480 seconds, Stopping threads took: 0.0000210 seconds
2015-12-17T06:15:45.787+0000: 409.520: Total time for which application threads were stopped: 0.0000310 seconds, Stopping threads took: 0.0000110 seconds
2015-12-17T06:15:45.866+0000: 409.599: Total time for which application threads were stopped: 0.0000820 seconds, Stopping threads took: 0.0000470 seconds
2015-12-17T06:15:53.868+0000: 417.600: Total time for which application threads were stopped: 0.0002130 seconds, Stopping threads took: 0.0000400 seconds
2015-12-17T06:17:48.457+0000: 532.190: Total time for which application threads were stopped: 0.0001970 seconds, Stopping threads took: 0.0000390 seconds
{Heap before GC invocations=7 (full 0):
 par new generation   total 109248K, used 109155K [0x00000000d5a00000, 0x00000000dda00000, 0x00000000dda00000)
  eden space 87424K, 100% used [0x00000000d5a00000, 0x00000000daf60000, 0x00000000daf60000)
  from space 21824K,  99% used [0x00000000dc4b0000, 0x00000000dd9e8de0, 0x00000000dda00000)
  to   space 21824K,   0% used [0x00000000daf60000, 0x00000000daf60000, 0x00000000dc4b0000)
 concurrent mark-sweep generation total 393216K, used 0K [0x00000000dda00000, 0x00000000f5a00000, 0x00000000f5a00000)
 concurrent-mark-sweep perm gen total 30080K, used 29945K [0x00000000f5a00000, 0x00000000f7760000, 0x0000000100000000)
2015-12-17T06:17:48.516+0000: 532.249: [GC2015-12-17T06:17:48.516+0000: 532.249: [ParNew
Desired survivor size 20112992 bytes, new threshold 8 (max 8)
- age   1:    1216800 bytes,    1216800 total
- age   2:      96472 bytes,    1313272 total
- age   3:    1075912 bytes,    2389184 total
- age   4:    7734608 bytes,   10123792 total
- age   5:     176768 bytes,   10300560 total
- age   6:     248024 bytes,   10548584 total
- age   7:    3362760 bytes,   13911344 total
- age   8:    2141144 bytes,   16052488 total
: 109155K->18138K(109248K), 0.0384860 secs] 109155K->18138K(502464K), 0.0385720 secs] [Times: user=0.04 sys=0.00, real=0.04 secs] 
Heap after GC invocations=8 (full 0):
 par new generation   total 109248K, used 18138K [0x00000000d5a00000, 0x00000000dda00000, 0x00000000dda00000)
  eden space 87424K,   0% used [0x00000000d5a00000, 0x00000000d5a00000, 0x00000000daf60000)
  from space 21824K,  83% used [0x00000000daf60000, 0x00000000dc116b00, 0x00000000dc4b0000)
  to   space 21824K,   0% used [0x00000000dc4b0000, 0x00000000dc4b0000, 0x00000000dda00000)
 concurrent mark-sweep generation total 393216K, used 0K [0x00000000dda00000, 0x00000000f5a00000, 0x00000000f5a00000)
 concurrent-mark-sweep perm gen total 30080K, used 29945K [0x00000000f5a00000, 0x00000000f7760000, 0x0000000100000000)
}
2015-12-17T06:17:48.555+0000: 532.287: Total time for which application threads were stopped: 0.0387180 seconds, Stopping threads took: 0.0000290 seconds
2015-12-17T06:17:49.555+0000: 533.288: Total time for which application threads were stopped: 0.0002530 seconds, Stopping threads took: 0.0000400 seconds
2015-12-17T06:17:58.646+0000: 542.379: Total time for which application threads were stopped: 0.0001170 seconds, Stopping threads took: 0.0000230 seconds
2015-12-17T06:17:58.647+0000: 542.379: Total time for which application threads were stopped: 0.0000240 seconds, Stopping threads took: 0.0000090 seconds
2015-12-17T06:17:58.691+0000: 542.424: Total time for which application threads were stopped: 0.0000550 seconds, Stopping threads took: 0.0000130 seconds
2015-12-17T06:17:58.695+0000: 542.428: Total time for which application threads were stopped: 0.0000490 seconds, Stopping threads took: 0.0000120 seconds
2015-12-17T06:17:58.735+0000: 542.468: Total time for which application threads were stopped: 0.0000750 seconds, Stopping threads took: 0.0000300 seconds
2015-12-17T06:17:58.746+0000: 542.479: Total time for which application threads were stopped: 0.0000330 seconds, Stopping threads took: 0.0000120 seconds
2015-12-17T06:17:58.750+0000: 542.483: Total time for which application threads were stopped: 0.0000320 seconds, Stopping threads took: 0.0000120 seconds
2015-12-17T06:18:02.917+0000: 546.650: Total time for which application threads were stopped: 0.0001310 seconds, Stopping threads took: 0.0000380 seconds
2015-12-17T06:18:05.918+0000: 549.651: Total time for which application threads were stopped: 0.0001230 seconds, Stopping threads took: 0.0000280 seconds
2015-12-17T06:18:26.921+0000: 570.654: Total time for which application threads were stopped: 0.0001690 seconds, Stopping threads took: 0.0000260 seconds
2015-12-17T06:18:58.927+0000: 602.659: Total time for which application threads were stopped: 0.0001290 seconds, Stopping threads took: 0.0000260 seconds
2015-12-17T06:19:02.225+0000: 605.958: Total time for which application threads were stopped: 0.0021780 seconds, Stopping threads took: 0.0020440 seconds
2015-12-17T06:19:06.900+0000: 610.632: Total time for which application threads were stopped: 0.0001260 seconds, Stopping threads took: 0.0000230 seconds
2015-12-17T06:19:07.047+0000: 610.779: Total time for which application threads were stopped: 0.0000640 seconds, Stopping threads took: 0.0000240 seconds
2015-12-17T06:19:07.052+0000: 610.785: Total time for which application threads were stopped: 0.0000480 seconds, Stopping threads took: 0.0000170 seconds
2015-12-17T06:19:07.089+0000: 610.821: Total time for which application threads were stopped: 0.0000710 seconds, Stopping threads took: 0.0000320 seconds
2015-12-17T06:19:07.092+0000: 610.825: Total time for which application threads were stopped: 0.0000380 seconds, Stopping threads took: 0.0000130 seconds
2015-12-17T06:19:08.102+0000: 611.835: Total time for which application threads were stopped: 0.0001820 seconds, Stopping threads took: 0.0000240 seconds
2015-12-17T06:19:10.625+0000: 614.357: Total time for which application threads were stopped: 0.0001210 seconds, Stopping threads took: 0.0000240 seconds
{Heap before GC invocations=8 (full 0):
 par new generation   total 109248K, used 105562K [0x00000000d5a00000, 0x00000000dda00000, 0x00000000dda00000)
  eden space 87424K, 100% used [0x00000000d5a00000, 0x00000000daf60000, 0x00000000daf60000)
  from space 21824K,  83% used [0x00000000daf60000, 0x00000000dc116b00, 0x00000000dc4b0000)
  to   space 21824K,   0% used [0x00000000dc4b0000, 0x00000000dc4b0000, 0x00000000dda00000)
 concurrent mark-sweep generation total 393216K, used 0K [0x00000000dda00000, 0x00000000f5a00000, 0x00000000f5a00000)
 concurrent-mark-sweep perm gen total 30080K, used 29977K [0x00000000f5a00000, 0x00000000f7760000, 0x0000000100000000)
2015-12-17T06:19:13.335+0000: 617.068: [GC2015-12-17T06:19:13.335+0000: 617.068: [ParNew
Desired survivor size 20112992 bytes, new threshold 8 (max 8)
- age   1:    1177248 bytes,    1177248 total
- age   2:      14840 bytes,    1192088 total
- age   3:      88200 bytes,    1280288 total
- age   4:    1075384 bytes,    2355672 total
- age   5:    7658592 bytes,   10014264 total
- age   6:     150168 bytes,   10164432 total
- age   7:     223424 bytes,   10387856 total
- age   8:    3280456 bytes,   13668312 total
: 105562K->16321K(109248K), 0.0568010 secs] 105562K->18633K(502464K), 0.0568600 secs] [Times: user=0.06 sys=0.00, real=0.06 secs] 
Heap after GC invocations=9 (full 0):
 par new generation   total 109248K, used 16321K [0x00000000d5a00000, 0x00000000dda00000, 0x00000000dda00000)
  eden space 87424K,   0% used [0x00000000d5a00000, 0x00000000d5a00000, 0x00000000daf60000)
  from space 21824K,  74% used [0x00000000dc4b0000, 0x00000000dd4a0460, 0x00000000dda00000)
  to   space 21824K,   0% used [0x00000000daf60000, 0x00000000daf60000, 0x00000000dc4b0000)
 concurrent mark-sweep generation total 393216K, used 2312K [0x00000000dda00000, 0x00000000f5a00000, 0x00000000f5a00000)
 concurrent-mark-sweep perm gen total 30080K, used 29977K [0x00000000f5a00000, 0x00000000f7760000, 0x0000000100000000)
}
2015-12-17T06:19:13.392+0000: 617.125: Total time for which application threads were stopped: 0.0594560 seconds, Stopping threads took: 0.0000320 seconds
2015-12-17T06:19:34.396+0000: 638.128: Total time for which application threads were stopped: 0.0001560 seconds, Stopping threads took: 0.0000260 seconds
2015-12-17T06:20:14.863+0000: 678.595: Total time for which application threads were stopped: 0.0001110 seconds, Stopping threads took: 0.0000210 seconds
2015-12-17T06:20:15.211+0000: 678.944: Total time for which application threads were stopped: 0.0000810 seconds, Stopping threads took: 0.0000220 seconds
{Heap before GC invocations=9 (full 0):
 par new generation   total 109248K, used 103745K [0x00000000d5a00000, 0x00000000dda00000, 0x00000000dda00000)
  eden space 87424K, 100% used [0x00000000d5a00000, 0x00000000daf60000, 0x00000000daf60000)
  from space 21824K,  74% used [0x00000000dc4b0000, 0x00000000dd4a0460, 0x00000000dda00000)
  to   space 21824K,   0% used [0x00000000daf60000, 0x00000000daf60000, 0x00000000dc4b0000)
 concurrent mark-sweep generation total 393216K, used 2312K [0x00000000dda00000, 0x00000000f5a00000, 0x00000000f5a00000)
 concurrent-mark-sweep perm gen total 30080K, used 29983K [0x00000000f5a00000, 0x00000000f7760000, 0x0000000100000000)
2015-12-17T06:20:17.567+0000: 681.300: [GC2015-12-17T06:20:17.567+0000: 681.300: [ParNew
Desired survivor size 20112992 bytes, new threshold 8 (max 8)
- age   1:    1398528 bytes,    1398528 total
- age   2:      43200 bytes,    1441728 total
- age   3:      14504 bytes,    1456232 total
- age   4:      87432 bytes,    1543664 total
- age   5:    1052816 bytes,    2596480 total
- age   6:    7656376 bytes,   10252856 total
- age   7:     150168 bytes,   10403024 total
- age   8:     223424 bytes,   10626448 total
: 103745K->14929K(109248K), 0.0472330 secs] 106057K->20682K(502464K), 0.0473180 secs] [Times: user=0.05 sys=0.00, real=0.05 secs] 
Heap after GC invocations=10 (full 0):
 par new generation   total 109248K, used 14929K [0x00000000d5a00000, 0x00000000dda00000, 0x00000000dda00000)
  eden space 87424K,   0% used [0x00000000d5a00000, 0x00000000d5a00000, 0x00000000daf60000)
  from space 21824K,  68% used [0x00000000daf60000, 0x00000000dbdf45b0, 0x00000000dc4b0000)
  to   space 21824K,   0% used [0x00000000dc4b0000, 0x00000000dc4b0000, 0x00000000dda00000)
 concurrent mark-sweep generation total 393216K, used 5753K [0x00000000dda00000, 0x00000000f5a00000, 0x00000000f5a00000)
 concurrent-mark-sweep perm gen total 30080K, used 29983K [0x00000000f5a00000, 0x00000000f7760000, 0x0000000100000000)
}
2015-12-17T06:20:17.615+0000: 681.347: Total time for which application threads were stopped: 0.0475120 seconds, Stopping threads took: 0.0000330 seconds
2015-12-17T06:20:19.623+0000: 683.356: Total time for which application threads were stopped: 0.0001120 seconds, Stopping threads took: 0.0000230 seconds
2015-12-17T06:21:10.737+0000: 734.470: Total time for which application threads were stopped: 0.0001510 seconds, Stopping threads took: 0.0000410 seconds
2015-12-17T06:21:10.901+0000: 734.634: Total time for which application threads were stopped: 0.0000760 seconds, Stopping threads took: 0.0000230 seconds
2015-12-17T06:21:16.694+0000: 740.426: Total time for which application threads were stopped: 0.0001230 seconds, Stopping threads took: 0.0000220 seconds
2015-12-17T06:21:23.695+0000: 747.428: Total time for which application threads were stopped: 0.0001140 seconds, Stopping threads took: 0.0000250 seconds
2015-12-17T06:23:34.043+0000: 877.775: Total time for which application threads were stopped: 0.0001690 seconds, Stopping threads took: 0.0000350 seconds
2015-12-17T06:23:34.046+0000: 877.779: Total time for which application threads were stopped: 0.0000350 seconds, Stopping threads took: 0.0000120 seconds
2015-12-17T06:23:35.046+0000: 878.779: Total time for which application threads were stopped: 0.0001760 seconds, Stopping threads took: 0.0000270 seconds
2015-12-17T06:23:36.438+0000: 880.171: Total time for which application threads were stopped: 0.0001260 seconds, Stopping threads took: 0.0000240 seconds
2015-12-17T06:23:36.449+0000: 880.182: Total time for which application threads were stopped: 0.0000350 seconds, Stopping threads took: 0.0000130 seconds
2015-12-17T06:23:36.464+0000: 880.196: Total time for which application threads were stopped: 0.0000470 seconds, Stopping threads took: 0.0000140 seconds
2015-12-17T06:26:30.235+0000: 1053.967: Total time for which application threads were stopped: 0.0001540 seconds, Stopping threads took: 0.0000370 seconds
2015-12-17T06:26:30.386+0000: 1054.119: Total time for which application threads were stopped: 0.0000720 seconds, Stopping threads took: 0.0000310 seconds
2015-12-17T06:26:30.392+0000: 1054.125: Total time for which application threads were stopped: 0.0000490 seconds, Stopping threads took: 0.0000190 seconds
2015-12-17T06:26:30.398+0000: 1054.131: Total time for which application threads were stopped: 0.0000420 seconds, Stopping threads took: 0.0000170 seconds
2015-12-17T06:26:30.399+0000: 1054.132: Total time for which application threads were stopped: 0.0000380 seconds, Stopping threads took: 0.0000160 seconds
2015-12-17T06:26:30.400+0000: 1054.132: Total time for which application threads were stopped: 0.0000380 seconds, Stopping threads took: 0.0000160 seconds
2015-12-17T06:26:30.401+0000: 1054.133: Total time for which application threads were stopped: 0.0000400 seconds, Stopping threads took: 0.0000180 seconds
2015-12-17T06:26:30.439+0000: 1054.171: Total time for which application threads were stopped: 0.0000410 seconds, Stopping threads took: 0.0000200 seconds
2015-12-17T06:26:30.445+0000: 1054.178: Total time for which application threads were stopped: 0.0000330 seconds, Stopping threads took: 0.0000120 seconds
2015-12-17T06:26:30.446+0000: 1054.179: Total time for which application threads were stopped: 0.0000310 seconds, Stopping threads took: 0.0000110 seconds
2015-12-17T06:26:30.793+0000: 1054.526: Total time for which application threads were stopped: 0.0001590 seconds, Stopping threads took: 0.0000320 seconds
2015-12-17T06:26:30.799+0000: 1054.532: Total time for which application threads were stopped: 0.0000420 seconds, Stopping threads took: 0.0000200 seconds
2015-12-17T06:26:34.638+0000: 1058.371: Total time for which application threads were stopped: 0.0001210 seconds, Stopping threads took: 0.0000260 seconds
2015-12-17T06:26:35.627+0000: 1059.360: Total time for which application threads were stopped: 0.0001540 seconds, Stopping threads took: 0.0000400 seconds
{Heap before GC invocations=10 (full 0):
 par new generation   total 109248K, used 102353K [0x00000000d5a00000, 0x00000000dda00000, 0x00000000dda00000)
  eden space 87424K, 100% used [0x00000000d5a00000, 0x00000000daf60000, 0x00000000daf60000)
  from space 21824K,  68% used [0x00000000daf60000, 0x00000000dbdf45b0, 0x00000000dc4b0000)
  to   space 21824K,   0% used [0x00000000dc4b0000, 0x00000000dc4b0000, 0x00000000dda00000)
 concurrent mark-sweep generation total 393216K, used 5753K [0x00000000dda00000, 0x00000000f5a00000, 0x00000000f5a00000)
 concurrent-mark-sweep perm gen total 30080K, used 30022K [0x00000000f5a00000, 0x00000000f7760000, 0x0000000100000000)
2015-12-17T06:26:38.108+0000: 1061.840: [GC2015-12-17T06:26:38.108+0000: 1061.841: [ParNew
Desired survivor size 20112992 bytes, new threshold 8 (max 8)
- age   1:    1281296 bytes,    1281296 total
- age   2:      30328 bytes,    1311624 total
- age   3:      12360 bytes,    1323984 total
- age   4:      14504 bytes,    1338488 total
- age   5:      85832 bytes,    1424320 total
- age   6:     965208 bytes,    2389528 total
- age   7:    7656080 bytes,   10045608 total
- age   8:     150168 bytes,   10195776 total
: 102353K->14873K(109248K), 0.0294390 secs] 108106K->20849K(502464K), 0.0294990 secs] [Times: user=0.03 sys=0.00, real=0.03 secs] 
Heap after GC invocations=11 (full 0):
 par new generation   total 109248K, used 14873K [0x00000000d5a00000, 0x00000000dda00000, 0x00000000dda00000)
  eden space 87424K,   0% used [0x00000000d5a00000, 0x00000000d5a00000, 0x00000000daf60000)
  from space 21824K,  68% used [0x00000000dc4b0000, 0x00000000dd336610, 0x00000000dda00000)
  to   space 21824K,   0% used [0x00000000daf60000, 0x00000000daf60000, 0x00000000dc4b0000)
 concurrent mark-sweep generation total 393216K, used 5975K [0x00000000dda00000, 0x00000000f5a00000, 0x00000000f5a00000)
 concurrent-mark-sweep perm gen total 30080K, used 30022K [0x00000000f5a00000, 0x00000000f7760000, 0x0000000100000000)
}
2015-12-17T06:26:38.137+0000: 1061.870: Total time for which application threads were stopped: 0.0297010 seconds, Stopping threads took: 0.0000300 seconds
2015-12-17T06:26:39.139+0000: 1062.872: Total time for which application threads were stopped: 0.0001260 seconds, Stopping threads took: 0.0000260 seconds
2015-12-17T06:26:40.140+0000: 1063.872: Total time for which application threads were stopped: 0.0002130 seconds, Stopping threads took: 0.0000390 seconds
2015-12-17T06:35:26.969+0000: 1590.702: Total time for which application threads were stopped: 0.0001520 seconds, Stopping threads took: 0.0000430 seconds
2015-12-17T06:35:27.188+0000: 1590.921: Total time for which application threads were stopped: 0.0000610 seconds, Stopping threads took: 0.0000220 seconds
2015-12-17T06:35:27.190+0000: 1590.923: Total time for which application threads were stopped: 0.0001370 seconds, Stopping threads took: 0.0000110 seconds
2015-12-17T06:35:27.254+0000: 1590.987: Total time for which application threads were stopped: 0.0000670 seconds, Stopping threads took: 0.0000330 seconds
2015-12-17T06:35:27.254+0000: 1590.987: Total time for which application threads were stopped: 0.0000250 seconds, Stopping threads took: 0.0000090 seconds
2015-12-17T06:35:27.255+0000: 1590.988: Total time for which application threads were stopped: 0.0000320 seconds, Stopping threads took: 0.0000120 seconds
2015-12-17T06:35:27.255+0000: 1590.988: Total time for which application threads were stopped: 0.0000290 seconds, Stopping threads took: 0.0000100 seconds
2015-12-17T06:35:27.255+0000: 1590.988: Total time for which application threads were stopped: 0.0000240 seconds, Stopping threads took: 0.0000090 seconds
2015-12-17T06:35:27.255+0000: 1590.988: Total time for which application threads were stopped: 0.0000240 seconds, Stopping threads took: 0.0000090 seconds
2015-12-17T06:35:27.546+0000: 1591.279: Total time for which application threads were stopped: 0.0001400 seconds, Stopping threads took: 0.0000320 seconds
2015-12-17T06:35:27.546+0000: 1591.279: Total time for which application threads were stopped: 0.0000380 seconds, Stopping threads took: 0.0000210 seconds
2015-12-17T06:35:27.602+0000: 1591.335: Total time for which application threads were stopped: 0.0000610 seconds, Stopping threads took: 0.0000270 seconds
2015-12-17T06:35:27.602+0000: 1591.335: Total time for which application threads were stopped: 0.0000380 seconds, Stopping threads took: 0.0000090 seconds
2015-12-17T06:35:31.704+0000: 1595.437: Total time for which application threads were stopped: 0.0001320 seconds, Stopping threads took: 0.0000210 seconds
2015-12-17T06:35:32.027+0000: 1595.759: Total time for which application threads were stopped: 0.0000710 seconds, Stopping threads took: 0.0000300 seconds
{Heap before GC invocations=11 (full 0):
 par new generation   total 109248K, used 102297K [0x00000000d5a00000, 0x00000000dda00000, 0x00000000dda00000)
  eden space 87424K, 100% used [0x00000000d5a00000, 0x00000000daf60000, 0x00000000daf60000)
  from space 21824K,  68% used [0x00000000dc4b0000, 0x00000000dd336610, 0x00000000dda00000)
  to   space 21824K,   0% used [0x00000000daf60000, 0x00000000daf60000, 0x00000000dc4b0000)
 concurrent mark-sweep generation total 393216K, used 5975K [0x00000000dda00000, 0x00000000f5a00000, 0x00000000f5a00000)
 concurrent-mark-sweep perm gen total 30080K, used 30039K [0x00000000f5a00000, 0x00000000f7760000, 0x0000000100000000)
2015-12-17T06:35:36.579+0000: 1600.312: [GC2015-12-17T06:35:36.579+0000: 1600.312: [ParNew
Desired survivor size 20112992 bytes, new threshold 8 (max 8)
- age   1:    1528856 bytes,    1528856 total
- age   2:      14688 bytes,    1543544 total
- age   3:      30264 bytes,    1573808 total
- age   4:       9976 bytes,    1583784 total
- age   5:      14232 bytes,    1598016 total
- age   6:      85440 bytes,    1683456 total
- age   7:     962056 bytes,    2645512 total
- age   8:    7655344 bytes,   10300856 total
: 102297K->12809K(109248K), 0.0367490 secs] 108273K->18938K(502464K), 0.0368060 secs] [Times: user=0.04 sys=0.00, real=0.03 secs] 
Heap after GC invocations=12 (full 0):
 par new generation   total 109248K, used 12809K [0x00000000d5a00000, 0x00000000dda00000, 0x00000000dda00000)
  eden space 87424K,   0% used [0x00000000d5a00000, 0x00000000d5a00000, 0x00000000daf60000)
  from space 21824K,  58% used [0x00000000daf60000, 0x00000000dbbe25e0, 0x00000000dc4b0000)
  to   space 21824K,   0% used [0x00000000dc4b0000, 0x00000000dc4b0000, 0x00000000dda00000)
 concurrent mark-sweep generation total 393216K, used 6128K [0x00000000dda00000, 0x00000000f5a00000, 0x00000000f5a00000)
 concurrent-mark-sweep perm gen total 30080K, used 30039K [0x00000000f5a00000, 0x00000000f7760000, 0x0000000100000000)
}
2015-12-17T06:35:36.616+0000: 1600.349: Total time for which application threads were stopped: 0.0370380 seconds, Stopping threads took: 0.0000360 seconds
2015-12-17T06:35:36.642+0000: 1600.375: Total time for which application threads were stopped: 0.0000650 seconds, Stopping threads took: 0.0000240 seconds
2015-12-17T06:38:47.154+0000: 1790.886: Total time for which application threads were stopped: 0.0001420 seconds, Stopping threads took: 0.0000420 seconds
2015-12-17T06:38:47.326+0000: 1791.058: Total time for which application threads were stopped: 0.0000750 seconds, Stopping threads took: 0.0000230 seconds
2015-12-17T06:38:47.328+0000: 1791.061: Total time for which application threads were stopped: 0.0000450 seconds, Stopping threads took: 0.0000180 seconds
2015-12-17T06:38:47.331+0000: 1791.063: Total time for which application threads were stopped: 0.0000400 seconds, Stopping threads took: 0.0000170 seconds
2015-12-17T06:38:47.336+0000: 1791.068: Total time for which application threads were stopped: 0.0000670 seconds, Stopping threads took: 0.0000410 seconds
2015-12-17T06:38:47.336+0000: 1791.069: Total time for which application threads were stopped: 0.0000430 seconds, Stopping threads took: 0.0000180 seconds
2015-12-17T06:38:47.337+0000: 1791.070: Total time for which application threads were stopped: 0.0000420 seconds, Stopping threads took: 0.0000180 seconds
2015-12-17T06:38:47.598+0000: 1791.331: Total time for which application threads were stopped: 0.0001810 seconds, Stopping threads took: 0.0000330 seconds
2015-12-17T06:38:48.565+0000: 1792.298: Total time for which application threads were stopped: 0.0001450 seconds, Stopping threads took: 0.0000310 seconds
2015-12-17T06:38:48.571+0000: 1792.304: Total time for which application threads were stopped: 0.0000460 seconds, Stopping threads took: 0.0000220 seconds
2015-12-17T06:38:48.881+0000: 1792.614: Total time for which application threads were stopped: 0.0001040 seconds, Stopping threads took: 0.0000220 seconds
2015-12-17T06:38:49.516+0000: 1793.249: Total time for which application threads were stopped: 0.0001280 seconds, Stopping threads took: 0.0000320 seconds
2015-12-17T06:38:50.560+0000: 1794.293: Total time for which application threads were stopped: 0.0001480 seconds, Stopping threads took: 0.0000430 seconds
2015-12-17T06:38:52.978+0000: 1796.711: Total time for which application threads were stopped: 0.0001340 seconds, Stopping threads took: 0.0000300 seconds
2015-12-17T06:38:53.348+0000: 1797.081: Total time for which application threads were stopped: 0.0000930 seconds, Stopping threads took: 0.0000450 seconds
2015-12-17T06:38:54.348+0000: 1798.081: Total time for which application threads were stopped: 0.0001110 seconds, Stopping threads took: 0.0000230 seconds
2015-12-17T06:38:56.349+0000: 1800.081: Total time for which application threads were stopped: 0.0001210 seconds, Stopping threads took: 0.0000250 seconds
2015-12-17T06:38:58.349+0000: 1802.082: Total time for which application threads were stopped: 0.0001230 seconds, Stopping threads took: 0.0000260 seconds
2015-12-17T06:40:42.617+0000: 1906.349: Total time for which application threads were stopped: 0.0001450 seconds, Stopping threads took: 0.0000370 seconds
2015-12-17T06:40:42.632+0000: 1906.364: Total time for which application threads were stopped: 0.0120140 seconds, Stopping threads took: 0.0119850 seconds
2015-12-17T06:40:42.651+0000: 1906.384: Total time for which application threads were stopped: 0.0000900 seconds, Stopping threads took: 0.0000310 seconds
{Heap before GC invocations=12 (full 0):
 par new generation   total 109248K, used 100233K [0x00000000d5a00000, 0x00000000dda00000, 0x00000000dda00000)
  eden space 87424K, 100% used [0x00000000d5a00000, 0x00000000daf60000, 0x00000000daf60000)
  from space 21824K,  58% used [0x00000000daf60000, 0x00000000dbbe25e0, 0x00000000dc4b0000)
  to   space 21824K,   0% used [0x00000000dc4b0000, 0x00000000dc4b0000, 0x00000000dda00000)
 concurrent mark-sweep generation total 393216K, used 6128K [0x00000000dda00000, 0x00000000f5a00000, 0x00000000f5a00000)
 concurrent-mark-sweep perm gen total 30272K, used 30073K [0x00000000f5a00000, 0x00000000f7790000, 0x0000000100000000)
2015-12-17T06:40:42.671+0000: 1906.404: [GC2015-12-17T06:40:42.671+0000: 1906.404: [ParNew
Desired survivor size 20112992 bytes, new threshold 8 (max 8)
- age   1:    2232856 bytes,    2232856 total
- age   2:      11848 bytes,    2244704 total
- age   3:       6808 bytes,    2251512 total
- age   4:      30160 bytes,    2281672 total
- age   5:       9688 bytes,    2291360 total
- age   6:      13960 bytes,    2305320 total
- age   7:      85440 bytes,    2390760 total
- age   8:     950632 bytes,    3341392 total
: 100233K->6115K(109248K), 0.0432360 secs] 106362K->20069K(502464K), 0.0432980 secs] [Times: user=0.04 sys=0.00, real=0.04 secs] 
Heap after GC invocations=13 (full 0):
 par new generation   total 109248K, used 6115K [0x00000000d5a00000, 0x00000000dda00000, 0x00000000dda00000)
  eden space 87424K,   0% used [0x00000000d5a00000, 0x00000000d5a00000, 0x00000000daf60000)
  from space 21824K,  28% used [0x00000000dc4b0000, 0x00000000dcaa8e28, 0x00000000dda00000)
  to   space 21824K,   0% used [0x00000000daf60000, 0x00000000daf60000, 0x00000000dc4b0000)
 concurrent mark-sweep generation total 393216K, used 13953K [0x00000000dda00000, 0x00000000f5a00000, 0x00000000f5a00000)
 concurrent-mark-sweep perm gen total 30272K, used 30073K [0x00000000f5a00000, 0x00000000f7790000, 0x0000000100000000)
}
2015-12-17T06:40:42.715+0000: 1906.447: Total time for which application threads were stopped: 0.0434280 seconds, Stopping threads took: 0.0000250 seconds
2015-12-17T06:40:49.769+0000: 1913.502: Total time for which application threads were stopped: 0.0001460 seconds, Stopping threads took: 0.0000240 seconds
2015-12-17T06:40:49.772+0000: 1913.505: Total time for which application threads were stopped: 0.0010010 seconds, Stopping threads took: 0.0009800 seconds
2015-12-17T06:40:49.775+0000: 1913.508: Total time for which application threads were stopped: 0.0004670 seconds, Stopping threads took: 0.0004450 seconds
2015-12-17T06:40:49.788+0000: 1913.521: Total time for which application threads were stopped: 0.0024450 seconds, Stopping threads took: 0.0023650 seconds
2015-12-17T06:45:54.102+0000: 2217.835: Total time for which application threads were stopped: 0.0001370 seconds, Stopping threads took: 0.0000370 seconds
2015-12-17T06:46:16.421+0000: 2240.154: Total time for which application threads were stopped: 0.0001730 seconds, Stopping threads took: 0.0000510 seconds
2015-12-17T06:46:16.485+0000: 2240.218: Total time for which application threads were stopped: 0.0019660 seconds, Stopping threads took: 0.0019210 seconds
2015-12-17T06:46:48.550+0000: 2272.282: Total time for which application threads were stopped: 0.0001450 seconds, Stopping threads took: 0.0000400 seconds
2015-12-17T06:46:48.571+0000: 2272.304: Total time for which application threads were stopped: 0.0000830 seconds, Stopping threads took: 0.0000530 seconds
2015-12-17T06:48:13.174+0000: 2356.906: Total time for which application threads were stopped: 0.0001370 seconds, Stopping threads took: 0.0000400 seconds
2015-12-17T06:48:13.381+0000: 2357.114: Total time for which application threads were stopped: 0.0000640 seconds, Stopping threads took: 0.0000240 seconds
2015-12-17T06:48:13.383+0000: 2357.116: Total time for which application threads were stopped: 0.0000650 seconds, Stopping threads took: 0.0000330 seconds
2015-12-17T06:48:13.384+0000: 2357.117: Total time for which application threads were stopped: 0.0000320 seconds, Stopping threads took: 0.0000110 seconds
2015-12-17T06:48:13.398+0000: 2357.131: Total time for which application threads were stopped: 0.0000330 seconds, Stopping threads took: 0.0000110 seconds
2015-12-17T06:48:13.401+0000: 2357.134: Total time for which application threads were stopped: 0.0000930 seconds, Stopping threads took: 0.0000120 seconds
2015-12-17T06:48:13.427+0000: 2357.159: Total time for which application threads were stopped: 0.0000380 seconds, Stopping threads took: 0.0000130 seconds
2015-12-17T06:48:13.431+0000: 2357.164: Total time for which application threads were stopped: 0.0000430 seconds, Stopping threads took: 0.0000210 seconds
2015-12-17T06:48:13.436+0000: 2357.168: Total time for which application threads were stopped: 0.0000330 seconds, Stopping threads took: 0.0000120 seconds
2015-12-17T06:48:13.445+0000: 2357.178: Total time for which application threads were stopped: 0.0000430 seconds, Stopping threads took: 0.0000120 seconds
2015-12-17T06:48:13.445+0000: 2357.178: Total time for which application threads were stopped: 0.0000250 seconds, Stopping threads took: 0.0000090 seconds
2015-12-17T06:48:13.452+0000: 2357.185: Total time for which application threads were stopped: 0.0000320 seconds, Stopping threads took: 0.0000110 seconds
2015-12-17T06:48:13.452+0000: 2357.185: Total time for which application threads were stopped: 0.0000540 seconds, Stopping threads took: 0.0000090 seconds
2015-12-17T06:48:15.238+0000: 2358.971: Total time for which application threads were stopped: 0.0001480 seconds, Stopping threads took: 0.0000230 seconds
2015-12-17T06:48:15.238+0000: 2358.971: Total time for which application threads were stopped: 0.0000370 seconds, Stopping threads took: 0.0000150 seconds
2015-12-17T06:48:15.254+0000: 2358.986: Total time for which application threads were stopped: 0.0000380 seconds, Stopping threads took: 0.0000110 seconds
2015-12-17T06:48:15.254+0000: 2358.986: Total time for which application threads were stopped: 0.0000350 seconds, Stopping threads took: 0.0000090 seconds
2015-12-17T06:48:15.387+0000: 2359.120: Total time for which application threads were stopped: 0.0002370 seconds, Stopping threads took: 0.0000510 seconds
2015-12-17T06:48:15.392+0000: 2359.125: Total time for which application threads were stopped: 0.0000570 seconds, Stopping threads took: 0.0000290 seconds
2015-12-17T06:48:15.392+0000: 2359.125: Total time for which application threads were stopped: 0.0000380 seconds, Stopping threads took: 0.0000190 seconds
2015-12-17T06:48:15.521+0000: 2359.253: Total time for which application threads were stopped: 0.0000640 seconds, Stopping threads took: 0.0000160 seconds
2015-12-17T06:48:15.521+0000: 2359.253: Total time for which application threads were stopped: 0.0000320 seconds, Stopping threads took: 0.0000100 seconds
2015-12-17T06:48:15.524+0000: 2359.257: Total time for which application threads were stopped: 0.0000320 seconds, Stopping threads took: 0.0000110 seconds
2015-12-17T06:48:15.524+0000: 2359.257: Total time for which application threads were stopped: 0.0000240 seconds, Stopping threads took: 0.0000080 seconds
2015-12-17T06:48:31.830+0000: 2375.563: Total time for which application threads were stopped: 0.0001280 seconds, Stopping threads took: 0.0000300 seconds
2015-12-17T06:48:31.830+0000: 2375.563: Total time for which application threads were stopped: 0.0000270 seconds, Stopping threads took: 0.0000110 seconds
2015-12-17T06:48:31.836+0000: 2375.569: Total time for which application threads were stopped: 0.0000430 seconds, Stopping threads took: 0.0000200 seconds
2015-12-17T06:48:31.836+0000: 2375.569: Total time for which application threads were stopped: 0.0000350 seconds, Stopping threads took: 0.0000180 seconds
2015-12-17T06:48:31.839+0000: 2375.572: Total time for which application threads were stopped: 0.0000450 seconds, Stopping threads took: 0.0000210 seconds
2015-12-17T06:49:15.524+0000: 2419.257: Total time for which application threads were stopped: 0.0001820 seconds, Stopping threads took: 0.0000830 seconds
2015-12-17T06:49:40.568+0000: 2444.301: Total time for which application threads were stopped: 0.0001380 seconds, Stopping threads took: 0.0000330 seconds
2015-12-17T06:49:41.568+0000: 2445.301: Total time for which application threads were stopped: 0.0001750 seconds, Stopping threads took: 0.0000380 seconds
2015-12-17T06:49:45.317+0000: 2449.050: Total time for which application threads were stopped: 0.0001200 seconds, Stopping threads took: 0.0000230 seconds
2015-12-17T06:49:45.382+0000: 2449.115: Total time for which application threads were stopped: 0.0095500 seconds, Stopping threads took: 0.0095100 seconds
2015-12-17T06:49:45.390+0000: 2449.122: Total time for which application threads were stopped: 0.0000370 seconds, Stopping threads took: 0.0000120 seconds
{Heap before GC invocations=13 (full 0):
 par new generation   total 109248K, used 93539K [0x00000000d5a00000, 0x00000000dda00000, 0x00000000dda00000)
  eden space 87424K, 100% used [0x00000000d5a00000, 0x00000000daf60000, 0x00000000daf60000)
  from space 21824K,  28% used [0x00000000dc4b0000, 0x00000000dcaa8e28, 0x00000000dda00000)
  to   space 21824K,   0% used [0x00000000daf60000, 0x00000000daf60000, 0x00000000dc4b0000)
 concurrent mark-sweep generation total 393216K, used 13953K [0x00000000dda00000, 0x00000000f5a00000, 0x00000000f5a00000)
 concurrent-mark-sweep perm gen total 30464K, used 30372K [0x00000000f5a00000, 0x00000000f77c0000, 0x0000000100000000)
2015-12-17T06:49:45.435+0000: 2449.168: [GC2015-12-17T06:49:45.435+0000: 2449.168: [ParNew
Desired survivor size 20112992 bytes, new threshold 8 (max 8)
- age   1:    2218856 bytes,    2218856 total
- age   2:      77888 bytes,    2296744 total
- age   3:      10840 bytes,    2307584 total
- age   4:       6480 bytes,    2314064 total
- age   5:      30120 bytes,    2344184 total
- age   6:       9688 bytes,    2353872 total
- age   7:      13960 bytes,    2367832 total
- age   8:      85440 bytes,    2453272 total
: 93539K->2970K(109248K), 0.0266840 secs] 107493K->17854K(502464K), 0.0267440 secs] [Times: user=0.02 sys=0.00, real=0.03 secs] 
Heap after GC invocations=14 (full 0):
 par new generation   total 109248K, used 2970K [0x00000000d5a00000, 0x00000000dda00000, 0x00000000dda00000)
  eden space 87424K,   0% used [0x00000000d5a00000, 0x00000000d5a00000, 0x00000000daf60000)
  from space 21824K,  13% used [0x00000000daf60000, 0x00000000db246bc0, 0x00000000dc4b0000)
  to   space 21824K,   0% used [0x00000000dc4b0000, 0x00000000dc4b0000, 0x00000000dda00000)
 concurrent mark-sweep generation total 393216K, used 14883K [0x00000000dda00000, 0x00000000f5a00000, 0x00000000f5a00000)
 concurrent-mark-sweep perm gen total 30464K, used 30372K [0x00000000f5a00000, 0x00000000f77c0000, 0x0000000100000000)
}
2015-12-17T06:49:45.462+0000: 2449.194: Total time for which application threads were stopped: 0.0503170 seconds, Stopping threads took: 0.0000240 seconds
2015-12-17T06:51:31.790+0000: 2555.523: Total time for which application threads were stopped: 0.0001950 seconds, Stopping threads took: 0.0000420 seconds
2015-12-17T06:51:31.962+0000: 2555.695: Total time for which application threads were stopped: 0.0000710 seconds, Stopping threads took: 0.0000250 seconds
2015-12-17T06:51:31.964+0000: 2555.697: Total time for which application threads were stopped: 0.0000700 seconds, Stopping threads took: 0.0000380 seconds
2015-12-17T06:51:31.965+0000: 2555.698: Total time for which application threads were stopped: 0.0000430 seconds, Stopping threads took: 0.0000180 seconds
2015-12-17T06:51:31.966+0000: 2555.699: Total time for which application threads were stopped: 0.0000430 seconds, Stopping threads took: 0.0000190 seconds
2015-12-17T06:51:31.967+0000: 2555.699: Total time for which application threads were stopped: 0.0000410 seconds, Stopping threads took: 0.0000170 seconds
2015-12-17T06:51:31.967+0000: 2555.700: Total time for which application threads were stopped: 0.0000480 seconds, Stopping threads took: 0.0000170 seconds
2015-12-17T06:51:32.009+0000: 2555.742: Total time for which application threads were stopped: 0.0000330 seconds, Stopping threads took: 0.0000120 seconds
2015-12-17T06:51:32.015+0000: 2555.748: Total time for which application threads were stopped: 0.0000400 seconds, Stopping threads took: 0.0000190 seconds
2015-12-17T06:51:32.030+0000: 2555.763: Total time for which application threads were stopped: 0.0000330 seconds, Stopping threads took: 0.0000120 seconds
2015-12-17T06:51:32.497+0000: 2556.229: Total time for which application threads were stopped: 0.0001990 seconds, Stopping threads took: 0.0000320 seconds
2015-12-17T06:51:32.548+0000: 2556.280: Total time for which application threads were stopped: 0.0000820 seconds, Stopping threads took: 0.0000320 seconds
2015-12-17T06:51:32.752+0000: 2556.485: Total time for which application threads were stopped: 0.0000760 seconds, Stopping threads took: 0.0000340 seconds
2015-12-17T06:51:34.753+0000: 2558.485: Total time for which application threads were stopped: 0.0001210 seconds, Stopping threads took: 0.0000260 seconds
2015-12-17T06:51:36.480+0000: 2560.212: Total time for which application threads were stopped: 0.0001490 seconds, Stopping threads took: 0.0000410 seconds
2015-12-17T06:51:37.026+0000: 2560.758: Total time for which application threads were stopped: 0.0001430 seconds, Stopping threads took: 0.0000330 seconds
2015-12-17T06:51:41.026+0000: 2564.759: Total time for which application threads were stopped: 0.0001210 seconds, Stopping threads took: 0.0000260 seconds
2015-12-17T06:51:44.027+0000: 2567.760: Total time for which application threads were stopped: 0.0001230 seconds, Stopping threads took: 0.0000260 seconds
2015-12-17T06:53:23.437+0000: 2667.170: Total time for which application threads were stopped: 0.0001400 seconds, Stopping threads took: 0.0000380 seconds
2015-12-17T06:53:23.599+0000: 2667.332: Total time for which application threads were stopped: 0.0000790 seconds, Stopping threads took: 0.0000230 seconds
2015-12-17T06:53:23.600+0000: 2667.333: Total time for which application threads were stopped: 0.0000380 seconds, Stopping threads took: 0.0000110 seconds
2015-12-17T06:53:23.605+0000: 2667.338: Total time for which application threads were stopped: 0.0001030 seconds, Stopping threads took: 0.0000380 seconds
2015-12-17T06:53:23.606+0000: 2667.339: Total time for which application threads were stopped: 0.0000430 seconds, Stopping threads took: 0.0000190 seconds
2015-12-17T06:53:23.833+0000: 2667.566: Total time for which application threads were stopped: 0.0000890 seconds, Stopping threads took: 0.0000470 seconds
2015-12-17T06:53:23.853+0000: 2667.585: Total time for which application threads were stopped: 0.0000860 seconds, Stopping threads took: 0.0000290 seconds
2015-12-17T06:53:23.853+0000: 2667.586: Total time for which application threads were stopped: 0.0000300 seconds, Stopping threads took: 0.0000110 seconds
2015-12-17T06:53:25.255+0000: 2668.988: Total time for which application threads were stopped: 0.0001430 seconds, Stopping threads took: 0.0000410 seconds
2015-12-17T06:53:25.262+0000: 2668.994: Total time for which application threads were stopped: 0.0000500 seconds, Stopping threads took: 0.0000280 seconds
2015-12-17T06:53:29.629+0000: 2673.362: Total time for which application threads were stopped: 0.0001450 seconds, Stopping threads took: 0.0000320 seconds
2015-12-17T06:53:30.017+0000: 2673.750: Total time for which application threads were stopped: 0.0000730 seconds, Stopping threads took: 0.0000320 seconds
2015-12-17T06:53:34.018+0000: 2677.750: Total time for which application threads were stopped: 0.0001170 seconds, Stopping threads took: 0.0000250 seconds
{Heap before GC invocations=14 (full 0):
 par new generation   total 109248K, used 90394K [0x00000000d5a00000, 0x00000000dda00000, 0x00000000dda00000)
  eden space 87424K, 100% used [0x00000000d5a00000, 0x00000000daf60000, 0x00000000daf60000)
  from space 21824K,  13% used [0x00000000daf60000, 0x00000000db246bc0, 0x00000000dc4b0000)
  to   space 21824K,   0% used [0x00000000dc4b0000, 0x00000000dc4b0000, 0x00000000dda00000)
 concurrent mark-sweep generation total 393216K, used 14883K [0x00000000dda00000, 0x00000000f5a00000, 0x00000000f5a00000)
 concurrent-mark-sweep perm gen total 30464K, used 30402K [0x00000000f5a00000, 0x00000000f77c0000, 0x0000000100000000)
2015-12-17T06:53:35.518+0000: 2679.251: [GC2015-12-17T06:53:35.520+0000: 2679.253: [ParNew
Desired survivor size 20112992 bytes, new threshold 8 (max 8)
- age   1:    1483768 bytes,    1483768 total
- age   2:     291640 bytes,    1775408 total
- age   3:      30032 bytes,    1805440 total
- age   4:      10552 bytes,    1815992 total
- age   5:       6480 bytes,    1822472 total
- age   6:      30120 bytes,    1852592 total
- age   7:       9688 bytes,    1862280 total
- age   8:      13960 bytes,    1876240 total
: 90394K->3252K(109248K), 0.0296550 secs] 105278K->18219K(502464K), 0.0316270 secs] [Times: user=0.03 sys=0.00, real=0.03 secs] 
Heap after GC invocations=15 (full 0):
 par new generation   total 109248K, used 3252K [0x00000000d5a00000, 0x00000000dda00000, 0x00000000dda00000)
  eden space 87424K,   0% used [0x00000000d5a00000, 0x00000000d5a00000, 0x00000000daf60000)
  from space 21824K,  14% used [0x00000000dc4b0000, 0x00000000dc7dd150, 0x00000000dda00000)
  to   space 21824K,   0% used [0x00000000daf60000, 0x00000000daf60000, 0x00000000dc4b0000)
 concurrent mark-sweep generation total 393216K, used 14966K [0x00000000dda00000, 0x00000000f5a00000, 0x00000000f5a00000)
 concurrent-mark-sweep perm gen total 30464K, used 30402K [0x00000000f5a00000, 0x00000000f77c0000, 0x0000000100000000)
}
2015-12-17T06:53:35.550+0000: 2679.283: Total time for which application threads were stopped: 0.0318380 seconds, Stopping threads took: 0.0000380 seconds
2015-12-17T06:53:58.553+0000: 2702.286: Total time for which application threads were stopped: 0.0001400 seconds, Stopping threads took: 0.0000420 seconds
2015-12-17T06:55:18.009+0000: 2781.741: Total time for which application threads were stopped: 0.0001250 seconds, Stopping threads took: 0.0000200 seconds
2015-12-17T06:55:18.013+0000: 2781.745: Total time for which application threads were stopped: 0.0001040 seconds, Stopping threads took: 0.0000120 seconds
2015-12-17T06:55:18.306+0000: 2782.039: Total time for which application threads were stopped: 0.0000850 seconds, Stopping threads took: 0.0000440 seconds
2015-12-17T06:55:18.306+0000: 2782.039: Total time for which application threads were stopped: 0.0000230 seconds, Stopping threads took: 0.0000080 seconds
2015-12-17T06:55:18.308+0000: 2782.041: Total time for which application threads were stopped: 0.0000430 seconds, Stopping threads took: 0.0000210 seconds
2015-12-17T06:55:18.308+0000: 2782.041: Total time for which application threads were stopped: 0.0000250 seconds, Stopping threads took: 0.0000090 seconds
2015-12-17T06:55:18.406+0000: 2782.139: Total time for which application threads were stopped: 0.0001230 seconds, Stopping threads took: 0.0000660 seconds
2015-12-17T06:55:18.489+0000: 2782.222: Total time for which application threads were stopped: 0.0000730 seconds, Stopping threads took: 0.0000240 seconds
2015-12-17T06:55:19.071+0000: 2782.804: Total time for which application threads were stopped: 0.0001420 seconds, Stopping threads took: 0.0000340 seconds
2015-12-17T06:55:20.560+0000: 2784.293: Total time for which application threads were stopped: 0.0001450 seconds, Stopping threads took: 0.0000420 seconds
2015-12-17T06:55:20.561+0000: 2784.293: Total time for which application threads were stopped: 0.0000570 seconds, Stopping threads took: 0.0000200 seconds
2015-12-17T06:55:20.609+0000: 2784.342: Total time for which application threads were stopped: 0.0000410 seconds, Stopping threads took: 0.0000150 seconds
2015-12-17T06:55:21.052+0000: 2784.785: Total time for which application threads were stopped: 0.0000840 seconds, Stopping threads took: 0.0000210 seconds
2015-12-17T06:55:22.052+0000: 2785.785: Total time for which application threads were stopped: 0.0001130 seconds, Stopping threads took: 0.0000240 seconds
2015-12-17T06:55:23.053+0000: 2786.786: Total time for which application threads were stopped: 0.0001330 seconds, Stopping threads took: 0.0000230 seconds
{Heap before GC invocations=15 (full 0):
 par new generation   total 109248K, used 90676K [0x00000000d5a00000, 0x00000000dda00000, 0x00000000dda00000)
  eden space 87424K, 100% used [0x00000000d5a00000, 0x00000000daf60000, 0x00000000daf60000)
  from space 21824K,  14% used [0x00000000dc4b0000, 0x00000000dc7dd150, 0x00000000dda00000)
  to   space 21824K,   0% used [0x00000000daf60000, 0x00000000daf60000, 0x00000000dc4b0000)
 concurrent mark-sweep generation total 393216K, used 14966K [0x00000000dda00000, 0x00000000f5a00000, 0x00000000f5a00000)
 concurrent-mark-sweep perm gen total 30464K, used 30424K [0x00000000f5a00000, 0x00000000f77c0000, 0x0000000100000000)
2015-12-17T06:55:31.878+0000: 2795.611: [GC2015-12-17T06:55:31.878+0000: 2795.611: [ParNew
Desired survivor size 20112992 bytes, new threshold 8 (max 8)
- age   1:    1481056 bytes,    1481056 total
- age   2:      87288 bytes,    1568344 total
- age   3:     291576 bytes,    1859920 total
- age   4:      28504 bytes,    1888424 total
- age   5:      10552 bytes,    1898976 total
- age   6:       6480 bytes,    1905456 total
- age   7:      30120 bytes,    1935576 total
- age   8:       9688 bytes,    1945264 total
: 90676K->2500K(109248K), 0.0252720 secs] 105643K->17480K(502464K), 0.0253510 secs] [Times: user=0.03 sys=0.00, real=0.03 secs] 
Heap after GC invocations=16 (full 0):
 par new generation   total 109248K, used 2500K [0x00000000d5a00000, 0x00000000dda00000, 0x00000000dda00000)
  eden space 87424K,   0% used [0x00000000d5a00000, 0x00000000d5a00000, 0x00000000daf60000)
  from space 21824K,  11% used [0x00000000daf60000, 0x00000000db1d10f0, 0x00000000dc4b0000)
  to   space 21824K,   0% used [0x00000000dc4b0000, 0x00000000dc4b0000, 0x00000000dda00000)
 concurrent mark-sweep generation total 393216K, used 14980K [0x00000000dda00000, 0x00000000f5a00000, 0x00000000f5a00000)
 concurrent-mark-sweep perm gen total 30464K, used 30424K [0x00000000f5a00000, 0x00000000f77c0000, 0x0000000100000000)
}
2015-12-17T06:55:31.903+0000: 2795.636: Total time for which application threads were stopped: 0.0255230 seconds, Stopping threads took: 0.0000310 seconds
2015-12-17T06:56:20.914+0000: 2844.647: Total time for which application threads were stopped: 0.0001540 seconds, Stopping threads took: 0.0000440 seconds
2015-12-17T06:59:09.210+0000: 3012.943: Total time for which application threads were stopped: 0.0001320 seconds, Stopping threads took: 0.0000390 seconds
2015-12-17T06:59:09.368+0000: 3013.101: Total time for which application threads were stopped: 0.0000660 seconds, Stopping threads took: 0.0000220 seconds
2015-12-17T06:59:09.369+0000: 3013.102: Total time for which application threads were stopped: 0.0000340 seconds, Stopping threads took: 0.0000120 seconds
2015-12-17T06:59:09.370+0000: 3013.103: Total time for which application threads were stopped: 0.0000330 seconds, Stopping threads took: 0.0000120 seconds
2015-12-17T06:59:09.374+0000: 3013.107: Total time for which application threads were stopped: 0.0000500 seconds, Stopping threads took: 0.0000230 seconds
2015-12-17T06:59:09.375+0000: 3013.108: Total time for which application threads were stopped: 0.0000420 seconds, Stopping threads took: 0.0000180 seconds
2015-12-17T06:59:09.375+0000: 3013.108: Total time for which application threads were stopped: 0.0000420 seconds, Stopping threads took: 0.0000180 seconds
2015-12-17T06:59:09.416+0000: 3013.148: Total time for which application threads were stopped: 0.0000480 seconds, Stopping threads took: 0.0000210 seconds
2015-12-17T06:59:09.418+0000: 3013.151: Total time for which application threads were stopped: 0.0000390 seconds, Stopping threads took: 0.0000120 seconds
2015-12-17T06:59:09.425+0000: 3013.158: Total time for which application threads were stopped: 0.0000340 seconds, Stopping threads took: 0.0000120 seconds
2015-12-17T06:59:09.808+0000: 3013.541: Total time for which application threads were stopped: 0.0001320 seconds, Stopping threads took: 0.0000320 seconds
2015-12-17T06:59:09.810+0000: 3013.543: Total time for which application threads were stopped: 0.0000450 seconds, Stopping threads took: 0.0000210 seconds
2015-12-17T06:59:10.810+0000: 3014.543: Total time for which application threads were stopped: 0.0001170 seconds, Stopping threads took: 0.0000250 seconds
2015-12-17T06:59:11.810+0000: 3015.543: Total time for which application threads were stopped: 0.0001370 seconds, Stopping threads took: 0.0000400 seconds
2015-12-17T06:59:13.114+0000: 3016.846: Total time for which application threads were stopped: 0.0001340 seconds, Stopping threads took: 0.0000340 seconds
2015-12-17T06:59:13.669+0000: 3017.402: Total time for which application threads were stopped: 0.0001900 seconds, Stopping threads took: 0.0000320 seconds
2015-12-17T06:59:13.715+0000: 3017.447: Total time for which application threads were stopped: 0.0000760 seconds, Stopping threads took: 0.0000320 seconds
2015-12-17T06:59:14.715+0000: 3018.448: Total time for which application threads were stopped: 0.0001240 seconds, Stopping threads took: 0.0000250 seconds
2015-12-17T07:01:04.209+0000: 3127.941: Total time for which application threads were stopped: 0.0001720 seconds, Stopping threads took: 0.0000420 seconds
2015-12-17T07:01:04.374+0000: 3128.107: Total time for which application threads were stopped: 0.0000740 seconds, Stopping threads took: 0.0000240 seconds
2015-12-17T07:01:04.380+0000: 3128.113: Total time for which application threads were stopped: 0.0000890 seconds, Stopping threads took: 0.0000130 seconds
2015-12-17T07:01:04.381+0000: 3128.114: Total time for which application threads were stopped: 0.0000410 seconds, Stopping threads took: 0.0000120 seconds
2015-12-17T07:01:04.384+0000: 3128.117: Total time for which application threads were stopped: 0.0000340 seconds, Stopping threads took: 0.0000120 seconds
2015-12-17T07:01:04.423+0000: 3128.156: Total time for which application threads were stopped: 0.0000490 seconds, Stopping threads took: 0.0000200 seconds
2015-12-17T07:01:04.425+0000: 3128.158: Total time for which application threads were stopped: 0.0000350 seconds, Stopping threads took: 0.0000120 seconds
2015-12-17T07:01:04.428+0000: 3128.161: Total time for which application threads were stopped: 0.0000350 seconds, Stopping threads took: 0.0000120 seconds
2015-12-17T07:01:04.796+0000: 3128.529: Total time for which application threads were stopped: 0.0001600 seconds, Stopping threads took: 0.0000310 seconds
2015-12-17T07:01:04.804+0000: 3128.537: Total time for which application threads were stopped: 0.0000450 seconds, Stopping threads took: 0.0000210 seconds
2015-12-17T07:01:08.096+0000: 3131.828: Total time for which application threads were stopped: 0.0001370 seconds, Stopping threads took: 0.0000310 seconds
2015-12-17T07:01:08.722+0000: 3132.454: Total time for which application threads were stopped: 0.0001560 seconds, Stopping threads took: 0.0000370 seconds
{Heap before GC invocations=16 (full 0):
 par new generation   total 109248K, used 89924K [0x00000000d5a00000, 0x00000000dda00000, 0x00000000dda00000)
  eden space 87424K, 100% used [0x00000000d5a00000, 0x00000000daf60000, 0x00000000daf60000)
  from space 21824K,  11% used [0x00000000daf60000, 0x00000000db1d10f0, 0x00000000dc4b0000)
  to   space 21824K,   0% used [0x00000000dc4b0000, 0x00000000dc4b0000, 0x00000000dda00000)
 concurrent mark-sweep generation total 393216K, used 14980K [0x00000000dda00000, 0x00000000f5a00000, 0x00000000f5a00000)
 concurrent-mark-sweep perm gen total 30464K, used 30441K [0x00000000f5a00000, 0x00000000f77c0000, 0x0000000100000000)
2015-12-17T07:01:16.392+0000: 3140.124: [GC2015-12-17T07:01:16.392+0000: 3140.124: [ParNew
Desired survivor size 20112992 bytes, new threshold 8 (max 8)
- age   1:    1496072 bytes,    1496072 total
- age   2:      29376 bytes,    1525448 total
- age   3:      85736 bytes,    1611184 total
- age   4:     291576 bytes,    1902760 total
- age   5:      28504 bytes,    1931264 total
- age   6:      10552 bytes,    1941816 total
- age   7:       5944 bytes,    1947760 total
- age   8:      30120 bytes,    1977880 total
: 89924K->2406K(109248K), 0.0219350 secs] 104904K->17395K(502464K), 0.0219960 secs] [Times: user=0.02 sys=0.01, real=0.02 secs] 
Heap after GC invocations=17 (full 0):
 par new generation   total 109248K, used 2406K [0x00000000d5a00000, 0x00000000dda00000, 0x00000000dda00000)
  eden space 87424K,   0% used [0x00000000d5a00000, 0x00000000d5a00000, 0x00000000daf60000)
  from space 21824K,  11% used [0x00000000dc4b0000, 0x00000000dc709810, 0x00000000dda00000)
  to   space 21824K,   0% used [0x00000000daf60000, 0x00000000daf60000, 0x00000000dc4b0000)
 concurrent mark-sweep generation total 393216K, used 14989K [0x00000000dda00000, 0x00000000f5a00000, 0x00000000f5a00000)
 concurrent-mark-sweep perm gen total 30464K, used 30441K [0x00000000f5a00000, 0x00000000f77c0000, 0x0000000100000000)
}
2015-12-17T07:01:16.414+0000: 3140.146: Total time for which application threads were stopped: 0.0221770 seconds, Stopping threads took: 0.0000350 seconds
2015-12-17T07:02:06.139+0000: 3189.871: Total time for which application threads were stopped: 0.0001350 seconds, Stopping threads took: 0.0000330 seconds
2015-12-17T07:02:06.844+0000: 3190.577: Total time for which application threads were stopped: 0.0001520 seconds, Stopping threads took: 0.0000220 seconds
2015-12-17T07:02:07.677+0000: 3191.410: Total time for which application threads were stopped: 0.0001530 seconds, Stopping threads took: 0.0000210 seconds
2015-12-17T07:02:07.726+0000: 3191.458: Total time for which application threads were stopped: 0.0000620 seconds, Stopping threads took: 0.0000300 seconds
2015-12-17T07:02:08.726+0000: 3192.459: Total time for which application threads were stopped: 0.0001440 seconds, Stopping threads took: 0.0000390 seconds
2015-12-17T07:02:12.727+0000: 3196.460: Total time for which application threads were stopped: 0.0001780 seconds, Stopping threads took: 0.0000400 seconds
{Heap before GC invocations=17 (full 0):
 par new generation   total 109248K, used 89830K [0x00000000d5a00000, 0x00000000dda00000, 0x00000000dda00000)
  eden space 87424K, 100% used [0x00000000d5a00000, 0x00000000daf60000, 0x00000000daf60000)
  from space 21824K,  11% used [0x00000000dc4b0000, 0x00000000dc709810, 0x00000000dda00000)
  to   space 21824K,   0% used [0x00000000daf60000, 0x00000000daf60000, 0x00000000dc4b0000)
 concurrent mark-sweep generation total 393216K, used 14989K [0x00000000dda00000, 0x00000000f5a00000, 0x00000000f5a00000)
 concurrent-mark-sweep perm gen total 30848K, used 30639K [0x00000000f5a00000, 0x00000000f7820000, 0x0000000100000000)
2015-12-17T07:02:14.598+0000: 3198.331: [GC2015-12-17T07:02:14.598+0000: 3198.331: [ParNew
Desired survivor size 20112992 bytes, new threshold 8 (max 8)
- age   1:    3281832 bytes,    3281832 total
- age   2:     175144 bytes,    3456976 total
- age   3:      28568 bytes,    3485544 total
- age   4:      84464 bytes,    3570008 total
- age   5:     291456 bytes,    3861464 total
- age   6:      28504 bytes,    3889968 total
- age   7:      10552 bytes,    3900520 total
- age   8:       5864 bytes,    3906384 total
: 89830K->5018K(109248K), 0.0262920 secs] 104819K->20037K(502464K), 0.0263750 secs] [Times: user=0.02 sys=0.00, real=0.03 secs] 
Heap after GC invocations=18 (full 0):
 par new generation   total 109248K, used 5018K [0x00000000d5a00000, 0x00000000dda00000, 0x00000000dda00000)
  eden space 87424K,   0% used [0x00000000d5a00000, 0x00000000d5a00000, 0x00000000daf60000)
  from space 21824K,  22% used [0x00000000daf60000, 0x00000000db446a70, 0x00000000dc4b0000)
  to   space 21824K,   0% used [0x00000000dc4b0000, 0x00000000dc4b0000, 0x00000000dda00000)
 concurrent mark-sweep generation total 393216K, used 15019K [0x00000000dda00000, 0x00000000f5a00000, 0x00000000f5a00000)
 concurrent-mark-sweep perm gen total 30848K, used 30639K [0x00000000f5a00000, 0x00000000f7820000, 0x0000000100000000)
}
2015-12-17T07:02:14.624+0000: 3198.357: Total time for which application threads were stopped: 0.0265710 seconds, Stopping threads took: 0.0000330 seconds
2015-12-17T07:02:15.625+0000: 3199.357: Total time for which application threads were stopped: 0.0001240 seconds, Stopping threads took: 0.0000280 seconds
2015-12-17T07:02:24.327+0000: 3208.060: Total time for which application threads were stopped: 0.0001310 seconds, Stopping threads took: 0.0000330 seconds
2015-12-17T07:02:24.328+0000: 3208.060: Total time for which application threads were stopped: 0.0000420 seconds, Stopping threads took: 0.0000200 seconds
2015-12-17T07:02:24.383+0000: 3208.116: Total time for which application threads were stopped: 0.0020510 seconds, Stopping threads took: 0.0020080 seconds
2015-12-17T07:02:25.383+0000: 3209.116: Total time for which application threads were stopped: 0.0001220 seconds, Stopping threads took: 0.0000260 seconds
2015-12-17T07:02:33.384+0000: 3217.117: Total time for which application threads were stopped: 0.0001980 seconds, Stopping threads took: 0.0000260 seconds
2015-12-17T07:02:47.387+0000: 3231.119: Total time for which application threads were stopped: 0.0001750 seconds, Stopping threads took: 0.0000370 seconds
2015-12-17T07:08:00.646+0000: 3544.379: Total time for which application threads were stopped: 0.0001460 seconds, Stopping threads took: 0.0000340 seconds
2015-12-17T07:08:00.923+0000: 3544.656: Total time for which application threads were stopped: 0.0000740 seconds, Stopping threads took: 0.0000240 seconds
2015-12-17T07:08:00.937+0000: 3544.670: Total time for which application threads were stopped: 0.0000680 seconds, Stopping threads took: 0.0000320 seconds
2015-12-17T07:08:00.938+0000: 3544.671: Total time for which application threads were stopped: 0.0001170 seconds, Stopping threads took: 0.0000120 seconds
2015-12-17T07:08:01.321+0000: 3545.054: Total time for which application threads were stopped: 0.0001320 seconds, Stopping threads took: 0.0000250 seconds
2015-12-17T07:08:01.407+0000: 3545.140: Total time for which application threads were stopped: 0.0000810 seconds, Stopping threads took: 0.0000330 seconds
2015-12-17T07:08:01.407+0000: 3545.140: Total time for which application threads were stopped: 0.0000270 seconds, Stopping threads took: 0.0000090 seconds
2015-12-17T07:08:01.408+0000: 3545.141: Total time for which application threads were stopped: 0.0000440 seconds, Stopping threads took: 0.0000200 seconds
2015-12-17T07:08:02.012+0000: 3545.745: Total time for which application threads were stopped: 0.0001340 seconds, Stopping threads took: 0.0000340 seconds
2015-12-17T07:08:02.013+0000: 3545.746: Total time for which application threads were stopped: 0.0000480 seconds, Stopping threads took: 0.0000220 seconds
2015-12-17T07:08:04.014+0000: 3547.746: Total time for which application threads were stopped: 0.0001500 seconds, Stopping threads took: 0.0000240 seconds
2015-12-17T07:08:05.508+0000: 3549.241: Total time for which application threads were stopped: 0.0001300 seconds, Stopping threads took: 0.0000300 seconds
2015-12-17T07:08:06.147+0000: 3549.880: Total time for which application threads were stopped: 0.0001290 seconds, Stopping threads took: 0.0000280 seconds
2015-12-17T07:08:07.148+0000: 3550.880: Total time for which application threads were stopped: 0.0001110 seconds, Stopping threads took: 0.0000220 seconds
{Heap before GC invocations=18 (full 0):
 par new generation   total 109248K, used 92442K [0x00000000d5a00000, 0x00000000dda00000, 0x00000000dda00000)
  eden space 87424K, 100% used [0x00000000d5a00000, 0x00000000daf60000, 0x00000000daf60000)
  from space 21824K,  22% used [0x00000000daf60000, 0x00000000db446a70, 0x00000000dc4b0000)
  to   space 21824K,   0% used [0x00000000dc4b0000, 0x00000000dc4b0000, 0x00000000dda00000)
 concurrent mark-sweep generation total 393216K, used 15019K [0x00000000dda00000, 0x00000000f5a00000, 0x00000000f5a00000)
 concurrent-mark-sweep perm gen total 30848K, used 30761K [0x00000000f5a00000, 0x00000000f7820000, 0x0000000100000000)
2015-12-17T07:08:11.690+0000: 3555.423: [GC2015-12-17T07:08:11.690+0000: 3555.423: [ParNew
Desired survivor size 20112992 bytes, new threshold 8 (max 8)
- age   1:    1550024 bytes,    1550024 total
- age   2:    1957904 bytes,    3507928 total
- age   3:     116232 bytes,    3624160 total
- age   4:      28464 bytes,    3652624 total
- age   5:      74640 bytes,    3727264 total
- age   6:     289672 bytes,    4016936 total
- age   7:      28504 bytes,    4045440 total
- age   8:      10184 bytes,    4055624 total
: 92442K->5467K(109248K), 0.0251130 secs] 107461K->20492K(502464K), 0.0251710 secs] [Times: user=0.02 sys=0.00, real=0.03 secs] 
Heap after GC invocations=19 (full 0):
 par new generation   total 109248K, used 5467K [0x00000000d5a00000, 0x00000000dda00000, 0x00000000dda00000)
  eden space 87424K,   0% used [0x00000000d5a00000, 0x00000000d5a00000, 0x00000000daf60000)
  from space 21824K,  25% used [0x00000000dc4b0000, 0x00000000dca06f28, 0x00000000dda00000)
  to   space 21824K,   0% used [0x00000000daf60000, 0x00000000daf60000, 0x00000000dc4b0000)
 concurrent mark-sweep generation total 393216K, used 15024K [0x00000000dda00000, 0x00000000f5a00000, 0x00000000f5a00000)
 concurrent-mark-sweep perm gen total 30848K, used 30761K [0x00000000f5a00000, 0x00000000f7820000, 0x0000000100000000)
}
2015-12-17T07:08:11.715+0000: 3555.448: Total time for which application threads were stopped: 0.0254120 seconds, Stopping threads took: 0.0000320 seconds
2015-12-17T07:08:12.716+0000: 3556.449: Total time for which application threads were stopped: 0.0001620 seconds, Stopping threads took: 0.0000530 seconds
2015-12-17T07:08:23.551+0000: 3567.283: Total time for which application threads were stopped: 0.0001440 seconds, Stopping threads took: 0.0000330 seconds
2015-12-17T07:08:24.556+0000: 3568.288: Total time for which application threads were stopped: 0.0001940 seconds, Stopping threads took: 0.0000270 seconds
2015-12-17T07:09:08.548+0000: 3612.280: Total time for which application threads were stopped: 0.0001410 seconds, Stopping threads took: 0.0000320 seconds
{Heap before GC invocations=19 (full 0):
 par new generation   total 109248K, used 92891K [0x00000000d5a00000, 0x00000000dda00000, 0x00000000dda00000)
  eden space 87424K, 100% used [0x00000000d5a00000, 0x00000000daf60000, 0x00000000daf60000)
  from space 21824K,  25% used [0x00000000dc4b0000, 0x00000000dca06f28, 0x00000000dda00000)
  to   space 21824K,   0% used [0x00000000daf60000, 0x00000000daf60000, 0x00000000dc4b0000)
 concurrent mark-sweep generation total 393216K, used 15024K [0x00000000dda00000, 0x00000000f5a00000, 0x00000000f5a00000)
 concurrent-mark-sweep perm gen total 30848K, used 30781K [0x00000000f5a00000, 0x00000000f7820000, 0x0000000100000000)
2015-12-17T07:09:14.487+0000: 3618.220: [GC2015-12-17T07:09:14.487+0000: 3618.220: [ParNew
Desired survivor size 20112992 bytes, new threshold 8 (max 8)
- age   1:    1290800 bytes,    1290800 total
- age   2:     436952 bytes,    1727752 total
- age   3:    1956184 bytes,    3683936 total
- age   4:     115880 bytes,    3799816 total
- age   5:      28440 bytes,    3828256 total
- age   6:      74640 bytes,    3902896 total
- age   7:     289648 bytes,    4192544 total
- age   8:      28480 bytes,    4221024 total
: 92891K->4883K(109248K), 0.0216660 secs] 107916K->19918K(502464K), 0.0217560 secs] [Times: user=0.02 sys=0.00, real=0.02 secs] 
Heap after GC invocations=20 (full 0):
 par new generation   total 109248K, used 4883K [0x00000000d5a00000, 0x00000000dda00000, 0x00000000dda00000)
  eden space 87424K,   0% used [0x00000000d5a00000, 0x00000000d5a00000, 0x00000000daf60000)
  from space 21824K,  22% used [0x00000000daf60000, 0x00000000db424ed0, 0x00000000dc4b0000)
  to   space 21824K,   0% used [0x00000000dc4b0000, 0x00000000dc4b0000, 0x00000000dda00000)
 concurrent mark-sweep generation total 393216K, used 15034K [0x00000000dda00000, 0x00000000f5a00000, 0x00000000f5a00000)
 concurrent-mark-sweep perm gen total 30848K, used 30781K [0x00000000f5a00000, 0x00000000f7820000, 0x0000000100000000)
}
2015-12-17T07:09:14.509+0000: 3618.242: Total time for which application threads were stopped: 0.0219950 seconds, Stopping threads took: 0.0000450 seconds
2015-12-17T07:09:15.509+0000: 3619.242: Total time for which application threads were stopped: 0.0001700 seconds, Stopping threads took: 0.0000390 seconds
2015-12-17T07:09:16.552+0000: 3620.285: Total time for which application threads were stopped: 0.0001250 seconds, Stopping threads took: 0.0000230 seconds
2015-12-17T07:09:25.554+0000: 3629.287: Total time for which application threads were stopped: 0.0001310 seconds, Stopping threads took: 0.0000270 seconds
2015-12-17T07:09:38.556+0000: 3642.289: Total time for which application threads were stopped: 0.0001650 seconds, Stopping threads took: 0.0000260 seconds
{Heap before GC invocations=20 (full 0):
 par new generation   total 109248K, used 92307K [0x00000000d5a00000, 0x00000000dda00000, 0x00000000dda00000)
  eden space 87424K, 100% used [0x00000000d5a00000, 0x00000000daf60000, 0x00000000daf60000)
  from space 21824K,  22% used [0x00000000daf60000, 0x00000000db424ed0, 0x00000000dc4b0000)
  to   space 21824K,   0% used [0x00000000dc4b0000, 0x00000000dc4b0000, 0x00000000dda00000)
 concurrent mark-sweep generation total 393216K, used 15034K [0x00000000dda00000, 0x00000000f5a00000, 0x00000000f5a00000)
 concurrent-mark-sweep perm gen total 30848K, used 30804K [0x00000000f5a00000, 0x00000000f7820000, 0x0000000100000000)
2015-12-17T07:10:16.626+0000: 3680.359: [GC2015-12-17T07:10:16.626+0000: 3680.359: [ParNew
Desired survivor size 20112992 bytes, new threshold 8 (max 8)
- age   1:    2041096 bytes,    2041096 total
- age   2:     110584 bytes,    2151680 total
- age   3:     435568 bytes,    2587248 total
- age   4:    1956184 bytes,    4543432 total
- age   5:     115880 bytes,    4659312 total
- age   6:      28440 bytes,    4687752 total
- age   7:      74640 bytes,    4762392 total
- age   8:     289528 bytes,    5051920 total
: 92307K->5657K(109248K), 0.0228990 secs] 107342K->20719K(502464K), 0.0229700 secs] [Times: user=0.02 sys=0.00, real=0.02 secs] 
Heap after GC invocations=21 (full 0):
 par new generation   total 109248K, used 5657K [0x00000000d5a00000, 0x00000000dda00000, 0x00000000dda00000)
  eden space 87424K,   0% used [0x00000000d5a00000, 0x00000000d5a00000, 0x00000000daf60000)
  from space 21824K,  25% used [0x00000000dc4b0000, 0x00000000dca36540, 0x00000000dda00000)
  to   space 21824K,   0% used [0x00000000daf60000, 0x00000000daf60000, 0x00000000dc4b0000)
 concurrent mark-sweep generation total 393216K, used 15062K [0x00000000dda00000, 0x00000000f5a00000, 0x00000000f5a00000)
 concurrent-mark-sweep perm gen total 30848K, used 30804K [0x00000000f5a00000, 0x00000000f7820000, 0x0000000100000000)
}
2015-12-17T07:10:16.649+0000: 3680.382: Total time for which application threads were stopped: 0.0278800 seconds, Stopping threads took: 0.0047520 seconds
2015-12-17T07:10:17.651+0000: 3681.384: Total time for which application threads were stopped: 0.0001610 seconds, Stopping threads took: 0.0000530 seconds
2015-12-17T07:10:36.654+0000: 3700.387: Total time for which application threads were stopped: 0.0001300 seconds, Stopping threads took: 0.0000240 seconds
2015-12-17T07:17:01.131+0000: 4084.864: Total time for which application threads were stopped: 0.0001430 seconds, Stopping threads took: 0.0000410 seconds
2015-12-17T07:17:01.325+0000: 4085.058: Total time for which application threads were stopped: 0.0000720 seconds, Stopping threads took: 0.0000240 seconds
2015-12-17T07:17:01.326+0000: 4085.059: Total time for which application threads were stopped: 0.0000480 seconds, Stopping threads took: 0.0000130 seconds
2015-12-17T07:17:01.327+0000: 4085.059: Total time for which application threads were stopped: 0.0000410 seconds, Stopping threads took: 0.0000180 seconds
2015-12-17T07:17:01.331+0000: 4085.063: Total time for which application threads were stopped: 0.0000780 seconds, Stopping threads took: 0.0000450 seconds
2015-12-17T07:17:01.331+0000: 4085.064: Total time for which application threads were stopped: 0.0000430 seconds, Stopping threads took: 0.0000180 seconds
2015-12-17T07:17:01.332+0000: 4085.065: Total time for which application threads were stopped: 0.0000420 seconds, Stopping threads took: 0.0000180 seconds
2015-12-17T07:17:01.376+0000: 4085.108: Total time for which application threads were stopped: 0.0000780 seconds, Stopping threads took: 0.0000320 seconds
2015-12-17T07:17:01.399+0000: 4085.132: Total time for which application threads were stopped: 0.0000730 seconds, Stopping threads took: 0.0000250 seconds
2015-12-17T07:17:01.400+0000: 4085.133: Total time for which application threads were stopped: 0.0001270 seconds, Stopping threads took: 0.0000120 seconds
2015-12-17T07:17:02.157+0000: 4085.889: Total time for which application threads were stopped: 0.0001420 seconds, Stopping threads took: 0.0000320 seconds
2015-12-17T07:17:03.227+0000: 4086.960: Total time for which application threads were stopped: 0.0001330 seconds, Stopping threads took: 0.0000340 seconds
2015-12-17T07:17:03.231+0000: 4086.964: Total time for which application threads were stopped: 0.0000480 seconds, Stopping threads took: 0.0000220 seconds
2015-12-17T07:17:05.611+0000: 4089.344: Total time for which application threads were stopped: 0.0001420 seconds, Stopping threads took: 0.0000320 seconds
2015-12-17T07:17:06.561+0000: 4090.294: Total time for which application threads were stopped: 0.0001450 seconds, Stopping threads took: 0.0000350 seconds
{Heap before GC invocations=21 (full 0):
 par new generation   total 109248K, used 93081K [0x00000000d5a00000, 0x00000000dda00000, 0x00000000dda00000)
  eden space 87424K, 100% used [0x00000000d5a00000, 0x00000000daf60000, 0x00000000daf60000)
  from space 21824K,  25% used [0x00000000dc4b0000, 0x00000000dca36540, 0x00000000dda00000)
  to   space 21824K,   0% used [0x00000000daf60000, 0x00000000daf60000, 0x00000000dc4b0000)
 concurrent mark-sweep generation total 393216K, used 15062K [0x00000000dda00000, 0x00000000f5a00000, 0x00000000f5a00000)
 concurrent-mark-sweep perm gen total 31040K, used 30836K [0x00000000f5a00000, 0x00000000f7850000, 0x0000000100000000)
2015-12-17T07:17:13.885+0000: 4097.618: [GC2015-12-17T07:17:13.885+0000: 4097.618: [ParNew
Desired survivor size 20112992 bytes, new threshold 8 (max 8)
- age   1:    1273512 bytes,    1273512 total
- age   2:     119688 bytes,    1393200 total
- age   3:      29296 bytes,    1422496 total
- age   4:     361216 bytes,    1783712 total
- age   5:    1948128 bytes,    3731840 total
- age   6:     115592 bytes,    3847432 total
- age   7:      28440 bytes,    3875872 total
- age   8:      74640 bytes,    3950512 total
: 93081K->6762K(109248K), 0.0286690 secs] 108143K->22110K(502464K), 0.0287250 secs] [Times: user=0.03 sys=0.00, real=0.03 secs] 
Heap after GC invocations=22 (full 0):
 par new generation   total 109248K, used 6762K [0x00000000d5a00000, 0x00000000dda00000, 0x00000000dda00000)
  eden space 87424K,   0% used [0x00000000d5a00000, 0x00000000d5a00000, 0x00000000daf60000)
  from space 21824K,  30% used [0x00000000daf60000, 0x00000000db5faa10, 0x00000000dc4b0000)
  to   space 21824K,   0% used [0x00000000dc4b0000, 0x00000000dc4b0000, 0x00000000dda00000)
 concurrent mark-sweep generation total 393216K, used 15348K [0x00000000dda00000, 0x00000000f5a00000, 0x00000000f5a00000)
 concurrent-mark-sweep perm gen total 31040K, used 30836K [0x00000000f5a00000, 0x00000000f7850000, 0x0000000100000000)
}
2015-12-17T07:17:13.914+0000: 4097.646: Total time for which application threads were stopped: 0.0289660 seconds, Stopping threads took: 0.0000350 seconds
2015-12-17T07:17:38.918+0000: 4122.650: Total time for which application threads were stopped: 0.0002250 seconds, Stopping threads took: 0.0000400 seconds
2015-12-17T07:20:28.625+0000: 4292.358: Total time for which application threads were stopped: 0.0001510 seconds, Stopping threads took: 0.0000360 seconds
2015-12-17T07:20:29.625+0000: 4293.358: Total time for which application threads were stopped: 0.0001200 seconds, Stopping threads took: 0.0000260 seconds
2015-12-17T07:20:31.158+0000: 4294.890: Total time for which application threads were stopped: 0.0001290 seconds, Stopping threads took: 0.0000220 seconds
2015-12-17T07:20:31.213+0000: 4294.946: Total time for which application threads were stopped: 0.0000580 seconds, Stopping threads took: 0.0000200 seconds
2015-12-17T07:20:34.791+0000: 4298.524: Total time for which application threads were stopped: 0.0001400 seconds, Stopping threads took: 0.0000310 seconds
2015-12-17T07:20:34.829+0000: 4298.561: Total time for which application threads were stopped: 0.0000450 seconds, Stopping threads took: 0.0000140 seconds
2015-12-17T07:20:56.603+0000: 4320.335: Total time for which application threads were stopped: 0.0001470 seconds, Stopping threads took: 0.0000400 seconds
2015-12-17T07:22:16.007+0000: 4399.740: Total time for which application threads were stopped: 0.0001470 seconds, Stopping threads took: 0.0000400 seconds
2015-12-17T07:22:16.008+0000: 4399.741: Total time for which application threads were stopped: 0.0000520 seconds, Stopping threads took: 0.0000290 seconds
2015-12-17T07:22:17.739+0000: 4401.471: Total time for which application threads were stopped: 0.0001380 seconds, Stopping threads took: 0.0000250 seconds
2015-12-17T07:22:17.744+0000: 4401.476: Total time for which application threads were stopped: 0.0018560 seconds, Stopping threads took: 0.0018260 seconds
2015-12-17T07:24:49.340+0000: 4553.072: Total time for which application threads were stopped: 0.0001340 seconds, Stopping threads took: 0.0000350 seconds
2015-12-17T07:24:49.347+0000: 4553.080: Total time for which application threads were stopped: 0.0020340 seconds, Stopping threads took: 0.0020120 seconds
2015-12-17T07:24:49.350+0000: 4553.083: Total time for which application threads were stopped: 0.0000430 seconds, Stopping threads took: 0.0000210 seconds
2015-12-17T07:24:49.353+0000: 4553.085: Total time for which application threads were stopped: 0.0002700 seconds, Stopping threads took: 0.0001830 seconds
2015-12-17T07:24:49.551+0000: 4553.284: Total time for which application threads were stopped: 0.0000690 seconds, Stopping threads took: 0.0000240 seconds
2015-12-17T07:24:49.577+0000: 4553.310: Total time for which application threads were stopped: 0.0000370 seconds, Stopping threads took: 0.0000120 seconds
2015-12-17T07:24:53.537+0000: 4557.269: Total time for which application threads were stopped: 0.0001560 seconds, Stopping threads took: 0.0000450 seconds
2015-12-17T07:24:53.537+0000: 4557.269: Total time for which application threads were stopped: 0.0000270 seconds, Stopping threads took: 0.0000100 seconds
2015-12-17T07:24:54.414+0000: 4558.147: Total time for which application threads were stopped: 0.0001410 seconds, Stopping threads took: 0.0000300 seconds
2015-12-17T07:24:54.414+0000: 4558.161: Total time for which application threads were stopped: 0.0142420 seconds, Stopping threads took: 0.0000100 seconds
2015-12-17T07:24:54.429+0000: 4558.162: Total time for which application threads were stopped: 0.0000560 seconds, Stopping threads took: 0.0000270 seconds
2015-12-17T07:24:54.430+0000: 4558.163: Total time for which application threads were stopped: 0.0000430 seconds, Stopping threads took: 0.0000200 seconds
2015-12-17T07:24:54.633+0000: 4558.366: Total time for which application threads were stopped: 0.0000730 seconds, Stopping threads took: 0.0000290 seconds
2015-12-17T07:24:54.633+0000: 4558.366: Total time for which application threads were stopped: 0.0000390 seconds, Stopping threads took: 0.0000160 seconds
2015-12-17T07:24:55.521+0000: 4559.254: Total time for which application threads were stopped: 0.0001630 seconds, Stopping threads took: 0.0000310 seconds
2015-12-17T07:24:58.873+0000: 4562.606: Total time for which application threads were stopped: 0.0001540 seconds, Stopping threads took: 0.0000320 seconds
2015-12-17T07:24:59.874+0000: 4563.607: Total time for which application threads were stopped: 0.0001250 seconds, Stopping threads took: 0.0000280 seconds
2015-12-17T07:25:00.191+0000: 4563.924: Total time for which application threads were stopped: 0.0000810 seconds, Stopping threads took: 0.0000340 seconds
{Heap before GC invocations=22 (full 0):
 par new generation   total 109248K, used 94186K [0x00000000d5a00000, 0x00000000dda00000, 0x00000000dda00000)
  eden space 87424K, 100% used [0x00000000d5a00000, 0x00000000daf60000, 0x00000000daf60000)
  from space 21824K,  30% used [0x00000000daf60000, 0x00000000db5faa10, 0x00000000dc4b0000)
  to   space 21824K,   0% used [0x00000000dc4b0000, 0x00000000dc4b0000, 0x00000000dda00000)
 concurrent mark-sweep generation total 393216K, used 15348K [0x00000000dda00000, 0x00000000f5a00000, 0x00000000f5a00000)
 concurrent-mark-sweep perm gen total 31040K, used 30866K [0x00000000f5a00000, 0x00000000f7850000, 0x0000000100000000)
2015-12-17T07:25:03.984+0000: 4567.717: [GC2015-12-17T07:25:03.984+0000: 4567.717: [ParNew
Desired survivor size 20112992 bytes, new threshold 8 (max 8)
- age   1:    1734104 bytes,    1734104 total
- age   2:      20040 bytes,    1754144 total
- age   3:     119456 bytes,    1873600 total
- age   4:      28512 bytes,    1902112 total
- age   5:     359504 bytes,    2261616 total
- age   6:    1945960 bytes,    4207576 total
- age   7:     115488 bytes,    4323064 total
- age   8:      28152 bytes,    4351216 total
: 94186K->5751K(109248K), 0.0195290 secs] 109534K->21173K(502464K), 0.0196070 secs] [Times: user=0.02 sys=0.00, real=0.02 secs] 
Heap after GC invocations=23 (full 0):
 par new generation   total 109248K, used 5751K [0x00000000d5a00000, 0x00000000dda00000, 0x00000000dda00000)
  eden space 87424K,   0% used [0x00000000d5a00000, 0x00000000d5a00000, 0x00000000daf60000)
  from space 21824K,  26% used [0x00000000dc4b0000, 0x00000000dca4df30, 0x00000000dda00000)
  to   space 21824K,   0% used [0x00000000daf60000, 0x00000000daf60000, 0x00000000dc4b0000)
 concurrent mark-sweep generation total 393216K, used 15421K [0x00000000dda00000, 0x00000000f5a00000, 0x00000000f5a00000)
 concurrent-mark-sweep perm gen total 31040K, used 30866K [0x00000000f5a00000, 0x00000000f7850000, 0x0000000100000000)
}
2015-12-17T07:25:04.004+0000: 4567.737: Total time for which application threads were stopped: 0.0197970 seconds, Stopping threads took: 0.0000320 seconds
2015-12-17T07:25:07.004+0000: 4570.737: Total time for which application threads were stopped: 0.0001590 seconds, Stopping threads took: 0.0000290 seconds
2015-12-17T07:27:16.424+0000: 4700.156: Total time for which application threads were stopped: 0.0001530 seconds, Stopping threads took: 0.0000400 seconds
2015-12-17T07:27:19.561+0000: 4703.294: Total time for which application threads were stopped: 0.0001390 seconds, Stopping threads took: 0.0000360 seconds
2015-12-17T07:27:19.564+0000: 4703.297: Total time for which application threads were stopped: 0.0000350 seconds, Stopping threads took: 0.0000110 seconds
2015-12-17T07:27:19.571+0000: 4703.304: Total time for which application threads were stopped: 0.0016320 seconds, Stopping threads took: 0.0015960 seconds
2015-12-17T07:27:19.571+0000: 4703.304: Total time for which application threads were stopped: 0.0000340 seconds, Stopping threads took: 0.0000120 seconds
2015-12-17T07:27:19.587+0000: 4703.319: Total time for which application threads were stopped: 0.0000360 seconds, Stopping threads took: 0.0000130 seconds
2015-12-17T07:27:19.819+0000: 4703.551: Total time for which application threads were stopped: 0.0000620 seconds, Stopping threads took: 0.0000270 seconds
2015-12-17T07:27:19.819+0000: 4703.552: Total time for which application threads were stopped: 0.0000360 seconds, Stopping threads took: 0.0000180 seconds
2015-12-17T07:27:20.112+0000: 4703.845: Total time for which application threads were stopped: 0.0001210 seconds, Stopping threads took: 0.0000230 seconds
2015-12-17T07:27:20.119+0000: 4703.852: Total time for which application threads were stopped: 0.0000330 seconds, Stopping threads took: 0.0000120 seconds
2015-12-17T07:27:20.125+0000: 4703.857: Total time for which application threads were stopped: 0.0000520 seconds, Stopping threads took: 0.0000240 seconds
2015-12-17T07:27:20.165+0000: 4703.898: Total time for which application threads were stopped: 0.0000550 seconds, Stopping threads took: 0.0000310 seconds
2015-12-17T07:27:20.166+0000: 4703.899: Total time for which application threads were stopped: 0.0000410 seconds, Stopping threads took: 0.0000170 seconds
2015-12-17T07:27:20.167+0000: 4703.900: Total time for which application threads were stopped: 0.0000800 seconds, Stopping threads took: 0.0000200 seconds
2015-12-17T07:27:20.672+0000: 4704.404: Total time for which application threads were stopped: 0.0001330 seconds, Stopping threads took: 0.0000300 seconds
2015-12-17T07:27:21.149+0000: 4704.882: Total time for which application threads were stopped: 0.0000770 seconds, Stopping threads took: 0.0000330 seconds
2015-12-17T07:27:23.150+0000: 4706.882: Total time for which application threads were stopped: 0.0001220 seconds, Stopping threads took: 0.0000260 seconds
2015-12-17T07:27:24.378+0000: 4708.111: Total time for which application threads were stopped: 0.0001330 seconds, Stopping threads took: 0.0000310 seconds
2015-12-17T07:27:24.671+0000: 4708.404: Total time for which application threads were stopped: 0.0001440 seconds, Stopping threads took: 0.0000340 seconds
2015-12-17T07:27:24.745+0000: 4708.477: Total time for which application threads were stopped: 0.0000630 seconds, Stopping threads took: 0.0000270 seconds
{Heap before GC invocations=23 (full 0):
 par new generation   total 109248K, used 93175K [0x00000000d5a00000, 0x00000000dda00000, 0x00000000dda00000)
  eden space 87424K, 100% used [0x00000000d5a00000, 0x00000000daf60000, 0x00000000daf60000)
  from space 21824K,  26% used [0x00000000dc4b0000, 0x00000000dca4df30, 0x00000000dda00000)
  to   space 21824K,   0% used [0x00000000daf60000, 0x00000000daf60000, 0x00000000dc4b0000)
 concurrent mark-sweep generation total 393216K, used 15421K [0x00000000dda00000, 0x00000000f5a00000, 0x00000000f5a00000)
 concurrent-mark-sweep perm gen total 31040K, used 30894K [0x00000000f5a00000, 0x00000000f7850000, 0x0000000100000000)
2015-12-17T07:27:28.745+0000: 4712.478: [GC2015-12-17T07:27:28.745+0000: 4712.478: [ParNew
Desired survivor size 20112992 bytes, new threshold 8 (max 8)
- age   1:    1444392 bytes,    1444392 total
- age   2:      24408 bytes,    1468800 total
- age   3:      18240 bytes,    1487040 total
- age   4:     119352 bytes,    1606392 total
- age   5:      28512 bytes,    1634904 total
- age   6:     359400 bytes,    1994304 total
- age   7:    1945960 bytes,    3940264 total
- age   8:     115488 bytes,    4055752 total
: 93175K->5373K(109248K), 0.0261830 secs] 108597K->20822K(502464K), 0.0262260 secs] [Times: user=0.03 sys=0.00, real=0.03 secs] 
Heap after GC invocations=24 (full 0):
 par new generation   total 109248K, used 5373K [0x00000000d5a00000, 0x00000000dda00000, 0x00000000dda00000)
  eden space 87424K,   0% used [0x00000000d5a00000, 0x00000000d5a00000, 0x00000000daf60000)
  from space 21824K,  24% used [0x00000000daf60000, 0x00000000db49f5c8, 0x00000000dc4b0000)
  to   space 21824K,   0% used [0x00000000dc4b0000, 0x00000000dc4b0000, 0x00000000dda00000)
 concurrent mark-sweep generation total 393216K, used 15448K [0x00000000dda00000, 0x00000000f5a00000, 0x00000000f5a00000)
 concurrent-mark-sweep perm gen total 31040K, used 30894K [0x00000000f5a00000, 0x00000000f7850000, 0x0000000100000000)
}
2015-12-17T07:27:28.771+0000: 4712.504: Total time for which application threads were stopped: 0.0264570 seconds, Stopping threads took: 0.0000370 seconds
2015-12-17T07:35:17.182+0000: 5180.914: Total time for which application threads were stopped: 0.0001340 seconds, Stopping threads took: 0.0000370 seconds
2015-12-17T07:35:17.183+0000: 5180.916: Total time for which application threads were stopped: 0.0000560 seconds, Stopping threads took: 0.0000280 seconds
2015-12-17T07:35:17.187+0000: 5180.919: Total time for which application threads were stopped: 0.0000380 seconds, Stopping threads took: 0.0000120 seconds
2015-12-17T07:35:17.190+0000: 5180.923: Total time for which application threads were stopped: 0.0000530 seconds, Stopping threads took: 0.0000270 seconds
2015-12-17T07:35:17.198+0000: 5180.931: Total time for which application threads were stopped: 0.0028800 seconds, Stopping threads took: 0.0028390 seconds
2015-12-17T07:35:17.208+0000: 5180.941: Total time for which application threads were stopped: 0.0011690 seconds, Stopping threads took: 0.0011400 seconds
2015-12-17T07:35:18.211+0000: 5181.944: Total time for which application threads were stopped: 0.0001340 seconds, Stopping threads took: 0.0000270 seconds
2015-12-17T07:35:20.744+0000: 5184.477: Total time for which application threads were stopped: 0.0001410 seconds, Stopping threads took: 0.0000380 seconds
2015-12-17T07:35:21.180+0000: 5184.913: Total time for which application threads were stopped: 0.0000810 seconds, Stopping threads took: 0.0000240 seconds
2015-12-17T07:35:21.181+0000: 5184.913: Total time for which application threads were stopped: 0.0000670 seconds, Stopping threads took: 0.0000430 seconds
2015-12-17T07:35:21.186+0000: 5184.918: Total time for which application threads were stopped: 0.0000460 seconds, Stopping threads took: 0.0000240 seconds
2015-12-17T07:35:21.186+0000: 5184.919: Total time for which application threads were stopped: 0.0000510 seconds, Stopping threads took: 0.0000110 seconds
2015-12-17T07:35:28.070+0000: 5191.803: Total time for which application threads were stopped: 0.0001190 seconds, Stopping threads took: 0.0000230 seconds
2015-12-17T07:35:29.485+0000: 5193.218: Total time for which application threads were stopped: 0.0001390 seconds, Stopping threads took: 0.0000430 seconds
{Heap before GC invocations=24 (full 0):
 par new generation   total 109248K, used 92797K [0x00000000d5a00000, 0x00000000dda00000, 0x00000000dda00000)
  eden space 87424K, 100% used [0x00000000d5a00000, 0x00000000daf60000, 0x00000000daf60000)
  from space 21824K,  24% used [0x00000000daf60000, 0x00000000db49f5c8, 0x00000000dc4b0000)
  to   space 21824K,   0% used [0x00000000dc4b0000, 0x00000000dc4b0000, 0x00000000dda00000)
 concurrent mark-sweep generation total 393216K, used 15448K [0x00000000dda00000, 0x00000000f5a00000, 0x00000000f5a00000)
 concurrent-mark-sweep perm gen total 31040K, used 30972K [0x00000000f5a00000, 0x00000000f7850000, 0x0000000100000000)
2015-12-17T07:35:34.129+0000: 5197.862: [GC2015-12-17T07:35:34.129+0000: 5197.862: [ParNew
Desired survivor size 20112992 bytes, new threshold 8 (max 8)
- age   1:    3787336 bytes,    3787336 total
- age   2:      33504 bytes,    3820840 total
- age   3:      21400 bytes,    3842240 total
- age   4:      18120 bytes,    3860360 total
- age   5:     119352 bytes,    3979712 total
- age   6:      28512 bytes,    4008224 total
- age   7:     359104 bytes,    4367328 total
- age   8:    1945920 bytes,    6313248 total
: 92797K->7046K(109248K), 0.0206580 secs] 108246K->22608K(502464K), 0.0207310 secs] [Times: user=0.02 sys=0.00, real=0.02 secs] 
Heap after GC invocations=25 (full 0):
 par new generation   total 109248K, used 7046K [0x00000000d5a00000, 0x00000000dda00000, 0x00000000dda00000)
  eden space 87424K,   0% used [0x00000000d5a00000, 0x00000000d5a00000, 0x00000000daf60000)
  from space 21824K,  32% used [0x00000000dc4b0000, 0x00000000dcb91968, 0x00000000dda00000)
  to   space 21824K,   0% used [0x00000000daf60000, 0x00000000daf60000, 0x00000000dc4b0000)
 concurrent mark-sweep generation total 393216K, used 15561K [0x00000000dda00000, 0x00000000f5a00000, 0x00000000f5a00000)
 concurrent-mark-sweep perm gen total 31040K, used 30972K [0x00000000f5a00000, 0x00000000f7850000, 0x0000000100000000)
}
2015-12-17T07:35:34.150+0000: 5197.883: Total time for which application threads were stopped: 0.0209130 seconds, Stopping threads took: 0.0000300 seconds
2015-12-17T07:37:22.664+0000: 5306.397: Total time for which application threads were stopped: 0.0001360 seconds, Stopping threads took: 0.0000350 seconds
2015-12-17T07:37:25.935+0000: 5309.668: Total time for which application threads were stopped: 0.0001350 seconds, Stopping threads took: 0.0000220 seconds
2015-12-17T07:37:25.937+0000: 5309.670: Total time for which application threads were stopped: 0.0001100 seconds, Stopping threads took: 0.0000120 seconds
2015-12-17T07:39:32.162+0000: 5435.895: Total time for which application threads were stopped: 0.0001340 seconds, Stopping threads took: 0.0000380 seconds
2015-12-17T07:39:32.330+0000: 5436.062: Total time for which application threads were stopped: 0.0000690 seconds, Stopping threads took: 0.0000230 seconds
2015-12-17T07:39:32.335+0000: 5436.068: Total time for which application threads were stopped: 0.0000480 seconds, Stopping threads took: 0.0000190 seconds
2015-12-17T07:39:32.336+0000: 5436.069: Total time for which application threads were stopped: 0.0000400 seconds, Stopping threads took: 0.0000170 seconds
2015-12-17T07:39:32.337+0000: 5436.069: Total time for which application threads were stopped: 0.0000390 seconds, Stopping threads took: 0.0000170 seconds
2015-12-17T07:39:32.337+0000: 5436.070: Total time for which application threads were stopped: 0.0000500 seconds, Stopping threads took: 0.0000180 seconds
2015-12-17T07:39:32.338+0000: 5436.070: Total time for which application threads were stopped: 0.0000390 seconds, Stopping threads took: 0.0000170 seconds
2015-12-17T07:39:32.589+0000: 5436.322: Total time for which application threads were stopped: 0.0000740 seconds, Stopping threads took: 0.0000300 seconds
2015-12-17T07:39:32.590+0000: 5436.323: Total time for which application threads were stopped: 0.0000490 seconds, Stopping threads took: 0.0000230 seconds
2015-12-17T07:39:32.590+0000: 5436.323: Total time for which application threads were stopped: 0.0000310 seconds, Stopping threads took: 0.0000100 seconds
2015-12-17T07:39:33.935+0000: 5437.668: Total time for which application threads were stopped: 0.0001470 seconds, Stopping threads took: 0.0000430 seconds
2015-12-17T07:39:33.943+0000: 5437.675: Total time for which application threads were stopped: 0.0000530 seconds, Stopping threads took: 0.0000210 seconds
2015-12-17T07:39:41.057+0000: 5444.789: Total time for which application threads were stopped: 0.0001400 seconds, Stopping threads took: 0.0000330 seconds
2015-12-17T07:39:42.441+0000: 5446.174: Total time for which application threads were stopped: 0.0001300 seconds, Stopping threads took: 0.0000310 seconds
2015-12-17T07:39:46.442+0000: 5450.174: Total time for which application threads were stopped: 0.0001560 seconds, Stopping threads took: 0.0000270 seconds
{Heap before GC invocations=25 (full 0):
 par new generation   total 109248K, used 94470K [0x00000000d5a00000, 0x00000000dda00000, 0x00000000dda00000)
  eden space 87424K, 100% used [0x00000000d5a00000, 0x00000000daf60000, 0x00000000daf60000)
  from space 21824K,  32% used [0x00000000dc4b0000, 0x00000000dcb91968, 0x00000000dda00000)
  to   space 21824K,   0% used [0x00000000daf60000, 0x00000000daf60000, 0x00000000dc4b0000)
 concurrent mark-sweep generation total 393216K, used 15561K [0x00000000dda00000, 0x00000000f5a00000, 0x00000000f5a00000)
 concurrent-mark-sweep perm gen total 31040K, used 30979K [0x00000000f5a00000, 0x00000000f7850000, 0x0000000100000000)
2015-12-17T07:39:46.831+0000: 5450.564: [GC2015-12-17T07:39:46.831+0000: 5450.564: [ParNew
Desired survivor size 20112992 bytes, new threshold 8 (max 8)
- age   1:    1263560 bytes,    1263560 total
- age   2:    2384080 bytes,    3647640 total
- age   3:      30408 bytes,    3678048 total
- age   4:      21400 bytes,    3699448 total
- age   5:      18016 bytes,    3717464 total
- age   6:     119184 bytes,    3836648 total
- age   7:      28512 bytes,    3865160 total
- age   8:     359104 bytes,    4224264 total
: 94470K->6153K(109248K), 0.0199670 secs] 110032K->23616K(502464K), 0.0200170 secs] [Times: user=0.02 sys=0.00, real=0.02 secs] 
Heap after GC invocations=26 (full 0):
 par new generation   total 109248K, used 6153K [0x00000000d5a00000, 0x00000000dda00000, 0x00000000dda00000)
  eden space 87424K,   0% used [0x00000000d5a00000, 0x00000000d5a00000, 0x00000000daf60000)
  from space 21824K,  28% used [0x00000000daf60000, 0x00000000db562610, 0x00000000dc4b0000)
  to   space 21824K,   0% used [0x00000000dc4b0000, 0x00000000dc4b0000, 0x00000000dda00000)
 concurrent mark-sweep generation total 393216K, used 17463K [0x00000000dda00000, 0x00000000f5a00000, 0x00000000f5a00000)
 concurrent-mark-sweep perm gen total 31040K, used 30979K [0x00000000f5a00000, 0x00000000f7850000, 0x0000000100000000)
}
2015-12-17T07:39:46.851+0000: 5450.584: Total time for which application threads were stopped: 0.0201940 seconds, Stopping threads took: 0.0000340 seconds
2015-12-17T07:43:10.073+0000: 5653.806: Total time for which application threads were stopped: 0.0001370 seconds, Stopping threads took: 0.0000390 seconds
2015-12-17T07:43:10.470+0000: 5654.203: Total time for which application threads were stopped: 0.0000700 seconds, Stopping threads took: 0.0000250 seconds
2015-12-17T07:43:10.471+0000: 5654.204: Total time for which application threads were stopped: 0.0000510 seconds, Stopping threads took: 0.0000270 seconds
2015-12-17T07:43:10.473+0000: 5654.206: Total time for which application threads were stopped: 0.0000570 seconds, Stopping threads took: 0.0000110 seconds
2015-12-17T07:43:10.474+0000: 5654.207: Total time for which application threads were stopped: 0.0000400 seconds, Stopping threads took: 0.0000120 seconds
2015-12-17T07:43:10.530+0000: 5654.263: Total time for which application threads were stopped: 0.0000550 seconds, Stopping threads took: 0.0000180 seconds
2015-12-17T07:43:10.544+0000: 5654.277: Total time for which application threads were stopped: 0.0000420 seconds, Stopping threads took: 0.0000190 seconds
2015-12-17T07:43:10.545+0000: 5654.278: Total time for which application threads were stopped: 0.0000350 seconds, Stopping threads took: 0.0000120 seconds
2015-12-17T07:43:11.344+0000: 5655.076: Total time for which application threads were stopped: 0.0001260 seconds, Stopping threads took: 0.0000310 seconds
2015-12-17T07:43:11.346+0000: 5655.078: Total time for which application threads were stopped: 0.0001210 seconds, Stopping threads took: 0.0000200 seconds
2015-12-17T07:43:12.598+0000: 5656.330: Total time for which application threads were stopped: 0.0001330 seconds, Stopping threads took: 0.0000320 seconds
2015-12-17T07:43:15.735+0000: 5659.468: Total time for which application threads were stopped: 0.0001450 seconds, Stopping threads took: 0.0000300 seconds
2015-12-17T07:43:16.057+0000: 5659.789: Total time for which application threads were stopped: 0.0000780 seconds, Stopping threads took: 0.0000320 seconds
2015-12-17T07:43:18.205+0000: 5661.938: Total time for which application threads were stopped: 0.0001360 seconds, Stopping threads took: 0.0000310 seconds
2015-12-17T07:43:18.205+0000: 5661.938: Total time for which application threads were stopped: 0.0000390 seconds, Stopping threads took: 0.0000180 seconds
2015-12-17T07:43:18.205+0000: 5661.938: Total time for which application threads were stopped: 0.0000480 seconds, Stopping threads took: 0.0000300 seconds
2015-12-17T07:43:18.205+0000: 5661.938: Total time for which application threads were stopped: 0.0000360 seconds, Stopping threads took: 0.0000170 seconds
2015-12-17T07:43:20.206+0000: 5663.939: Total time for which application threads were stopped: 0.0001070 seconds, Stopping threads took: 0.0000220 seconds
{Heap before GC invocations=26 (full 0):
 par new generation   total 109248K, used 93577K [0x00000000d5a00000, 0x00000000dda00000, 0x00000000dda00000)
  eden space 87424K, 100% used [0x00000000d5a00000, 0x00000000daf60000, 0x00000000daf60000)
  from space 21824K,  28% used [0x00000000daf60000, 0x00000000db562610, 0x00000000dc4b0000)
  to   space 21824K,   0% used [0x00000000dc4b0000, 0x00000000dc4b0000, 0x00000000dda00000)
 concurrent mark-sweep generation total 393216K, used 17463K [0x00000000dda00000, 0x00000000f5a00000, 0x00000000f5a00000)
 concurrent-mark-sweep perm gen total 31040K, used 30985K [0x00000000f5a00000, 0x00000000f7850000, 0x0000000100000000)
2015-12-17T07:43:22.824+0000: 5666.557: [GC2015-12-17T07:43:22.824+0000: 5666.557: [ParNew
Desired survivor size 20112992 bytes, new threshold 8 (max 8)
- age   1:    1397152 bytes,    1397152 total
- age   2:      18952 bytes,    1416104 total
- age   3:    2381016 bytes,    3797120 total
- age   4:      30408 bytes,    3827528 total
- age   5:      21400 bytes,    3848928 total
- age   6:      18016 bytes,    3866944 total
- age   7:     119184 bytes,    3986128 total
- age   8:      28512 bytes,    4014640 total
: 93577K->4497K(109248K), 0.0207380 secs] 111040K->22313K(502464K), 0.0207880 secs] [Times: user=0.02 sys=0.00, real=0.02 secs] 
Heap after GC invocations=27 (full 0):
 par new generation   total 109248K, used 4497K [0x00000000d5a00000, 0x00000000dda00000, 0x00000000dda00000)
  eden space 87424K,   0% used [0x00000000d5a00000, 0x00000000d5a00000, 0x00000000daf60000)
  from space 21824K,  20% used [0x00000000dc4b0000, 0x00000000dc9147d0, 0x00000000dda00000)
  to   space 21824K,   0% used [0x00000000daf60000, 0x00000000daf60000, 0x00000000dc4b0000)
 concurrent mark-sweep generation total 393216K, used 17815K [0x00000000dda00000, 0x00000000f5a00000, 0x00000000f5a00000)
 concurrent-mark-sweep perm gen total 31040K, used 30985K [0x00000000f5a00000, 0x00000000f7850000, 0x0000000100000000)
}
2015-12-17T07:43:22.845+0000: 5666.578: Total time for which application threads were stopped: 0.0210480 seconds, Stopping threads took: 0.0000530 seconds
2015-12-17T07:43:51.849+0000: 5695.582: Total time for which application threads were stopped: 0.0001270 seconds, Stopping threads took: 0.0000290 seconds
2015-12-17T07:44:38.859+0000: 5742.592: Total time for which application threads were stopped: 0.0001300 seconds, Stopping threads took: 0.0000250 seconds
2015-12-17T07:45:46.602+0000: 5810.335: Total time for which application threads were stopped: 0.0001490 seconds, Stopping threads took: 0.0000400 seconds
2015-12-17T07:45:46.797+0000: 5810.530: Total time for which application threads were stopped: 0.0000670 seconds, Stopping threads took: 0.0000230 seconds
2015-12-17T07:45:46.803+0000: 5810.536: Total time for which application threads were stopped: 0.0000390 seconds, Stopping threads took: 0.0000120 seconds
2015-12-17T07:45:46.804+0000: 5810.537: Total time for which application threads were stopped: 0.0000520 seconds, Stopping threads took: 0.0000190 seconds
2015-12-17T07:45:46.805+0000: 5810.537: Total time for which application threads were stopped: 0.0000590 seconds, Stopping threads took: 0.0000170 seconds
2015-12-17T07:45:46.805+0000: 5810.538: Total time for which application threads were stopped: 0.0000420 seconds, Stopping threads took: 0.0000170 seconds
2015-12-17T07:45:46.808+0000: 5810.540: Total time for which application threads were stopped: 0.0001100 seconds, Stopping threads took: 0.0000170 seconds
2015-12-17T07:45:46.845+0000: 5810.578: Total time for which application threads were stopped: 0.0000460 seconds, Stopping threads took: 0.0000200 seconds
2015-12-17T07:45:46.851+0000: 5810.584: Total time for which application threads were stopped: 0.0000360 seconds, Stopping threads took: 0.0000110 seconds
2015-12-17T07:45:47.311+0000: 5811.044: Total time for which application threads were stopped: 0.0001410 seconds, Stopping threads took: 0.0000410 seconds
2015-12-17T07:45:47.311+0000: 5811.044: Total time for which application threads were stopped: 0.0000280 seconds, Stopping threads took: 0.0000100 seconds
2015-12-17T07:45:47.312+0000: 5811.045: Total time for which application threads were stopped: 0.0000430 seconds, Stopping threads took: 0.0000200 seconds
2015-12-17T07:45:51.313+0000: 5815.046: Total time for which application threads were stopped: 0.0001310 seconds, Stopping threads took: 0.0000290 seconds
2015-12-17T07:45:51.369+0000: 5815.102: Total time for which application threads were stopped: 0.0000570 seconds, Stopping threads took: 0.0000230 seconds
2015-12-17T07:45:51.700+0000: 5815.433: Total time for which application threads were stopped: 0.0000650 seconds, Stopping threads took: 0.0000280 seconds
{Heap before GC invocations=27 (full 0):
 par new generation   total 109248K, used 91921K [0x00000000d5a00000, 0x00000000dda00000, 0x00000000dda00000)
  eden space 87424K, 100% used [0x00000000d5a00000, 0x00000000daf60000, 0x00000000daf60000)
  from space 21824K,  20% used [0x00000000dc4b0000, 0x00000000dc9147d0, 0x00000000dda00000)
  to   space 21824K,   0% used [0x00000000daf60000, 0x00000000daf60000, 0x00000000dc4b0000)
 concurrent mark-sweep generation total 393216K, used 17815K [0x00000000dda00000, 0x00000000f5a00000, 0x00000000f5a00000)
 concurrent-mark-sweep perm gen total 31040K, used 31008K [0x00000000f5a00000, 0x00000000f7850000, 0x0000000100000000)
2015-12-17T07:45:56.603+0000: 5820.336: [GC2015-12-17T07:45:56.603+0000: 5820.336: [ParNew
Desired survivor size 20112992 bytes, new threshold 8 (max 8)
- age   1:    1862024 bytes,    1862024 total
- age   2:      24232 bytes,    1886256 total
- age   3:      17576 bytes,    1903832 total
- age   4:    2381016 bytes,    4284848 total
- age   5:      30160 bytes,    4315008 total
- age   6:      21400 bytes,    4336408 total
- age   7:      17856 bytes,    4354264 total
- age   8:     119056 bytes,    4473320 total
: 91921K->5009K(109248K), 0.0213680 secs] 109737K->22853K(502464K), 0.0214530 secs] [Times: user=0.02 sys=0.00, real=0.02 secs] 
Heap after GC invocations=28 (full 0):
 par new generation   total 109248K, used 5009K [0x00000000d5a00000, 0x00000000dda00000, 0x00000000dda00000)
  eden space 87424K,   0% used [0x00000000d5a00000, 0x00000000d5a00000, 0x00000000daf60000)
  from space 21824K,  22% used [0x00000000daf60000, 0x00000000db444550, 0x00000000dc4b0000)
  to   space 21824K,   0% used [0x00000000dc4b0000, 0x00000000dc4b0000, 0x00000000dda00000)
 concurrent mark-sweep generation total 393216K, used 17843K [0x00000000dda00000, 0x00000000f5a00000, 0x00000000f5a00000)
 concurrent-mark-sweep perm gen total 31040K, used 31008K [0x00000000f5a00000, 0x00000000f7850000, 0x0000000100000000)
}
2015-12-17T07:45:56.625+0000: 5820.357: Total time for which application threads were stopped: 0.0216570 seconds, Stopping threads took: 0.0000310 seconds
2015-12-17T07:47:05.572+0000: 5889.304: Total time for which application threads were stopped: 0.0001630 seconds, Stopping threads took: 0.0000220 seconds
2015-12-17T07:47:08.526+0000: 5892.259: Total time for which application threads were stopped: 0.0001440 seconds, Stopping threads took: 0.0000240 seconds
2015-12-17T07:48:35.540+0000: 5979.273: Total time for which application threads were stopped: 0.0001310 seconds, Stopping threads took: 0.0000250 seconds
2015-12-17T07:48:36.179+0000: 5979.912: Total time for which application threads were stopped: 0.0021350 seconds, Stopping threads took: 0.0020340 seconds
{Heap before GC invocations=28 (full 0):
 par new generation   total 109248K, used 92433K [0x00000000d5a00000, 0x00000000dda00000, 0x00000000dda00000)
  eden space 87424K, 100% used [0x00000000d5a00000, 0x00000000daf60000, 0x00000000daf60000)
  from space 21824K,  22% used [0x00000000daf60000, 0x00000000db444550, 0x00000000dc4b0000)
  to   space 21824K,   0% used [0x00000000dc4b0000, 0x00000000dc4b0000, 0x00000000dda00000)
 concurrent mark-sweep generation total 393216K, used 17843K [0x00000000dda00000, 0x00000000f5a00000, 0x00000000f5a00000)
 concurrent-mark-sweep perm gen total 31232K, used 31018K [0x00000000f5a00000, 0x00000000f7880000, 0x0000000100000000)
2015-12-17T07:48:36.186+0000: 5979.919: [GC2015-12-17T07:48:36.186+0000: 5979.919: [ParNew
Desired survivor size 20112992 bytes, new threshold 8 (max 8)
- age   1:    1099128 bytes,    1099128 total
- age   2:     197448 bytes,    1296576 total
- age   3:      24136 bytes,    1320712 total
- age   4:      17472 bytes,    1338184 total
- age   5:    2381016 bytes,    3719200 total
- age   6:      30160 bytes,    3749360 total
- age   7:      21400 bytes,    3770760 total
- age   8:      17856 bytes,    3788616 total
: 92433K->4557K(109248K), 0.0234470 secs] 110277K->22517K(502464K), 0.0235080 secs] [Times: user=0.03 sys=0.00, real=0.02 secs] 
Heap after GC invocations=29 (full 0):
 par new generation   total 109248K, used 4557K [0x00000000d5a00000, 0x00000000dda00000, 0x00000000dda00000)
  eden space 87424K,   0% used [0x00000000d5a00000, 0x00000000d5a00000, 0x00000000daf60000)
  from space 21824K,  20% used [0x00000000dc4b0000, 0x00000000dc923498, 0x00000000dda00000)
  to   space 21824K,   0% used [0x00000000daf60000, 0x00000000daf60000, 0x00000000dc4b0000)
 concurrent mark-sweep generation total 393216K, used 17960K [0x00000000dda00000, 0x00000000f5a00000, 0x00000000f5a00000)
 concurrent-mark-sweep perm gen total 31232K, used 31018K [0x00000000f5a00000, 0x00000000f7880000, 0x0000000100000000)
}
2015-12-17T07:48:36.210+0000: 5979.942: Total time for which application threads were stopped: 0.0236370 seconds, Stopping threads took: 0.0000250 seconds
2015-12-17T07:48:36.217+0000: 5979.950: Total time for which application threads were stopped: 0.0000600 seconds, Stopping threads took: 0.0000160 seconds
2015-12-17T07:48:36.224+0000: 5979.956: Total time for which application threads were stopped: 0.0000380 seconds, Stopping threads took: 0.0000120 seconds
2015-12-17T07:50:28.253+0000: 6091.986: Total time for which application threads were stopped: 0.0001360 seconds, Stopping threads took: 0.0000390 seconds
2015-12-17T07:50:31.460+0000: 6095.193: Total time for which application threads were stopped: 0.0003480 seconds, Stopping threads took: 0.0002460 seconds
2015-12-17T07:50:31.473+0000: 6095.206: Total time for which application threads were stopped: 0.0057420 seconds, Stopping threads took: 0.0057060 seconds
2015-12-17T07:50:31.488+0000: 6095.221: Total time for which application threads were stopped: 0.0021500 seconds, Stopping threads took: 0.0021270 seconds
2015-12-17T07:50:32.491+0000: 6096.224: Total time for which application threads were stopped: 0.0001140 seconds, Stopping threads took: 0.0000270 seconds
2015-12-17T07:50:32.882+0000: 6096.615: Total time for which application threads were stopped: 0.0000660 seconds, Stopping threads took: 0.0000220 seconds
2015-12-17T07:50:32.883+0000: 6096.616: Total time for which application threads were stopped: 0.0000330 seconds, Stopping threads took: 0.0000110 seconds
2015-12-17T07:50:32.887+0000: 6096.620: Total time for which application threads were stopped: 0.0000640 seconds, Stopping threads took: 0.0000110 seconds
2015-12-17T07:50:32.888+0000: 6096.621: Total time for which application threads were stopped: 0.0000330 seconds, Stopping threads took: 0.0000110 seconds
2015-12-17T07:50:32.888+0000: 6096.621: Total time for which application threads were stopped: 0.0000330 seconds, Stopping threads took: 0.0000110 seconds
2015-12-17T07:50:32.894+0000: 6096.627: Total time for which application threads were stopped: 0.0000390 seconds, Stopping threads took: 0.0000190 seconds
2015-12-17T07:50:40.163+0000: 6103.895: Total time for which application threads were stopped: 0.0001440 seconds, Stopping threads took: 0.0000220 seconds
{Heap before GC invocations=29 (full 0):
 par new generation   total 109248K, used 91981K [0x00000000d5a00000, 0x00000000dda00000, 0x00000000dda00000)
  eden space 87424K, 100% used [0x00000000d5a00000, 0x00000000daf60000, 0x00000000daf60000)
  from space 21824K,  20% used [0x00000000dc4b0000, 0x00000000dc923498, 0x00000000dda00000)
  to   space 21824K,   0% used [0x00000000daf60000, 0x00000000daf60000, 0x00000000dc4b0000)
 concurrent mark-sweep generation total 393216K, used 17960K [0x00000000dda00000, 0x00000000f5a00000, 0x00000000f5a00000)
 concurrent-mark-sweep perm gen total 31232K, used 31026K [0x00000000f5a00000, 0x00000000f7880000, 0x0000000100000000)
2015-12-17T07:50:43.482+0000: 6107.215: [GC2015-12-17T07:50:43.482+0000: 6107.215: [ParNew
Desired survivor size 20112992 bytes, new threshold 8 (max 8)
- age   1:    1383640 bytes,    1383640 total
- age   2:      30720 bytes,    1414360 total
- age   3:     119976 bytes,    1534336 total
- age   4:      23584 bytes,    1557920 total
- age   5:      17472 bytes,    1575392 total
- age   6:    2381016 bytes,    3956408 total
- age   7:      30160 bytes,    3986568 total
- age   8:      21296 bytes,    4007864 total
: 91981K->4273K(109248K), 0.0259150 secs] 109941K->22251K(502464K), 0.0259930 secs] [Times: user=0.03 sys=0.00, real=0.02 secs] 
Heap after GC invocations=30 (full 0):
 par new generation   total 109248K, used 4273K [0x00000000d5a00000, 0x00000000dda00000, 0x00000000dda00000)
  eden space 87424K,   0% used [0x00000000d5a00000, 0x00000000d5a00000, 0x00000000daf60000)
  from space 21824K,  19% used [0x00000000daf60000, 0x00000000db38c790, 0x00000000dc4b0000)
  to   space 21824K,   0% used [0x00000000dc4b0000, 0x00000000dc4b0000, 0x00000000dda00000)
 concurrent mark-sweep generation total 393216K, used 17977K [0x00000000dda00000, 0x00000000f5a00000, 0x00000000f5a00000)
 concurrent-mark-sweep perm gen total 31232K, used 31026K [0x00000000f5a00000, 0x00000000f7880000, 0x0000000100000000)
}
2015-12-17T07:50:43.508+0000: 6107.241: Total time for which application threads were stopped: 0.0261910 seconds, Stopping threads took: 0.0000350 seconds
2015-12-17T07:50:43.699+0000: 6107.432: Total time for which application threads were stopped: 0.0000700 seconds, Stopping threads took: 0.0000210 seconds
2015-12-17T07:52:43.102+0000: 6226.835: Total time for which application threads were stopped: 0.0001460 seconds, Stopping threads took: 0.0000360 seconds
2015-12-17T07:52:43.111+0000: 6226.844: Total time for which application threads were stopped: 0.0034740 seconds, Stopping threads took: 0.0034320 seconds
2015-12-17T07:53:40.687+0000: 6284.420: Total time for which application threads were stopped: 0.0001990 seconds, Stopping threads took: 0.0000370 seconds
2015-12-17T07:53:40.884+0000: 6284.617: Total time for which application threads were stopped: 0.0000710 seconds, Stopping threads took: 0.0000240 seconds
2015-12-17T07:53:41.024+0000: 6284.757: Total time for which application threads were stopped: 0.0000930 seconds, Stopping threads took: 0.0000440 seconds
2015-12-17T07:53:41.025+0000: 6284.758: Total time for which application threads were stopped: 0.0000440 seconds, Stopping threads took: 0.0000190 seconds
2015-12-17T07:53:41.026+0000: 6284.758: Total time for which application threads were stopped: 0.0001140 seconds, Stopping threads took: 0.0000180 seconds
2015-12-17T07:53:41.068+0000: 6284.801: Total time for which application threads were stopped: 0.0000640 seconds, Stopping threads took: 0.0000200 seconds
2015-12-17T07:53:41.069+0000: 6284.801: Total time for which application threads were stopped: 0.0000460 seconds, Stopping threads took: 0.0000110 seconds
2015-12-17T07:53:41.586+0000: 6285.318: Total time for which application threads were stopped: 0.0001440 seconds, Stopping threads took: 0.0000440 seconds
2015-12-17T07:53:41.586+0000: 6285.318: Total time for which application threads were stopped: 0.0001170 seconds, Stopping threads took: 0.0000090 seconds
2015-12-17T07:53:41.805+0000: 6285.538: Total time for which application threads were stopped: 0.0000880 seconds, Stopping threads took: 0.0000320 seconds
2015-12-17T07:53:42.506+0000: 6286.239: Total time for which application threads were stopped: 0.0001300 seconds, Stopping threads took: 0.0000330 seconds
2015-12-17T07:53:42.506+0000: 6286.239: Total time for which application threads were stopped: 0.0000390 seconds, Stopping threads took: 0.0000090 seconds
2015-12-17T07:53:42.511+0000: 6286.244: Total time for which application threads were stopped: 0.0000460 seconds, Stopping threads took: 0.0000220 seconds
2015-12-17T07:53:42.511+0000: 6286.244: Total time for which application threads were stopped: 0.0000260 seconds, Stopping threads took: 0.0000090 seconds
2015-12-17T07:53:43.116+0000: 6286.849: Total time for which application threads were stopped: 0.0001520 seconds, Stopping threads took: 0.0000340 seconds
2015-12-17T07:53:43.121+0000: 6286.854: Total time for which application threads were stopped: 0.0000480 seconds, Stopping threads took: 0.0000200 seconds
2015-12-17T07:53:43.129+0000: 6286.861: Total time for which application threads were stopped: 0.0000550 seconds, Stopping threads took: 0.0000190 seconds
2015-12-17T07:53:43.143+0000: 6286.875: Total time for which application threads were stopped: 0.0000490 seconds, Stopping threads took: 0.0000210 seconds
2015-12-17T07:53:43.200+0000: 6286.933: Total time for which application threads were stopped: 0.0001140 seconds, Stopping threads took: 0.0000300 seconds
2015-12-17T07:53:43.220+0000: 6286.953: Total time for which application threads were stopped: 0.0000610 seconds, Stopping threads took: 0.0000250 seconds
2015-12-17T07:53:43.267+0000: 6287.000: Total time for which application threads were stopped: 0.0000800 seconds, Stopping threads took: 0.0000340 seconds
2015-12-17T07:53:45.684+0000: 6289.417: Total time for which application threads were stopped: 0.0001450 seconds, Stopping threads took: 0.0000320 seconds
2015-12-17T07:53:45.697+0000: 6289.430: Total time for which application threads were stopped: 0.0000750 seconds, Stopping threads took: 0.0000280 seconds
2015-12-17T07:53:45.700+0000: 6289.432: Total time for which application threads were stopped: 0.0000460 seconds, Stopping threads took: 0.0000210 seconds
2015-12-17T07:53:46.349+0000: 6290.082: Total time for which application threads were stopped: 0.0001450 seconds, Stopping threads took: 0.0000330 seconds
2015-12-17T07:53:47.637+0000: 6291.370: Total time for which application threads were stopped: 0.0001480 seconds, Stopping threads took: 0.0000320 seconds
2015-12-17T07:53:50.252+0000: 6293.985: Total time for which application threads were stopped: 0.0001320 seconds, Stopping threads took: 0.0000370 seconds
{Heap before GC invocations=30 (full 0):
 par new generation   total 109248K, used 91697K [0x00000000d5a00000, 0x00000000dda00000, 0x00000000dda00000)
  eden space 87424K, 100% used [0x00000000d5a00000, 0x00000000daf60000, 0x00000000daf60000)
  from space 21824K,  19% used [0x00000000daf60000, 0x00000000db38c790, 0x00000000dc4b0000)
  to   space 21824K,   0% used [0x00000000dc4b0000, 0x00000000dc4b0000, 0x00000000dda00000)
 concurrent mark-sweep generation total 393216K, used 17977K [0x00000000dda00000, 0x00000000f5a00000, 0x00000000f5a00000)
 concurrent-mark-sweep perm gen total 31232K, used 31033K [0x00000000f5a00000, 0x00000000f7880000, 0x0000000100000000)
2015-12-17T07:53:54.099+0000: 6297.832: [GC2015-12-17T07:53:54.099+0000: 6297.832: [ParNew
Desired survivor size 20112992 bytes, new threshold 8 (max 8)
- age   1:    1277960 bytes,    1277960 total
- age   2:       3648 bytes,    1281608 total
- age   3:      23904 bytes,    1305512 total
- age   4:     119368 bytes,    1424880 total
- age   5:      22552 bytes,    1447432 total
- age   6:      17472 bytes,    1464904 total
- age   7:    2381016 bytes,    3845920 total
- age   8:      30160 bytes,    3876080 total
: 91697K->4739K(109248K), 0.0236910 secs] 109675K->22738K(502464K), 0.0237700 secs] [Times: user=0.02 sys=0.00, real=0.03 secs] 
Heap after GC invocations=31 (full 0):
 par new generation   total 109248K, used 4739K [0x00000000d5a00000, 0x00000000dda00000, 0x00000000dda00000)
  eden space 87424K,   0% used [0x00000000d5a00000, 0x00000000d5a00000, 0x00000000daf60000)
  from space 21824K,  21% used [0x00000000dc4b0000, 0x00000000dc950df8, 0x00000000dda00000)
  to   space 21824K,   0% used [0x00000000daf60000, 0x00000000daf60000, 0x00000000dc4b0000)
 concurrent mark-sweep generation total 393216K, used 17998K [0x00000000dda00000, 0x00000000f5a00000, 0x00000000f5a00000)
 concurrent-mark-sweep perm gen total 31232K, used 31033K [0x00000000f5a00000, 0x00000000f7880000, 0x0000000100000000)
}
2015-12-17T07:53:54.123+0000: 6297.855: Total time for which application threads were stopped: 0.0239610 seconds, Stopping threads took: 0.0000340 seconds
2015-12-17T07:57:30.003+0000: 6513.736: Total time for which application threads were stopped: 0.0002140 seconds, Stopping threads took: 0.0000390 seconds
2015-12-17T07:57:30.015+0000: 6513.747: Total time for which application threads were stopped: 0.0028570 seconds, Stopping threads took: 0.0028210 seconds
2015-12-17T07:57:30.019+0000: 6513.752: Total time for which application threads were stopped: 0.0001130 seconds, Stopping threads took: 0.0000810 seconds
2015-12-17T07:57:36.761+0000: 6520.494: Total time for which application threads were stopped: 0.0001220 seconds, Stopping threads took: 0.0000230 seconds
2015-12-17T07:57:37.761+0000: 6521.494: Total time for which application threads were stopped: 0.0001180 seconds, Stopping threads took: 0.0000250 seconds
2015-12-17T07:57:39.802+0000: 6523.535: Total time for which application threads were stopped: 0.0020990 seconds, Stopping threads took: 0.0020120 seconds
2015-12-17T07:57:39.804+0000: 6523.536: Total time for which application threads were stopped: 0.0000340 seconds, Stopping threads took: 0.0000110 seconds
2015-12-17T07:57:39.809+0000: 6523.542: Total time for which application threads were stopped: 0.0000590 seconds, Stopping threads took: 0.0000250 seconds
2015-12-17T07:57:39.814+0000: 6523.547: Total time for which application threads were stopped: 0.0007650 seconds, Stopping threads took: 0.0007420 seconds
2015-12-17T07:57:39.823+0000: 6523.556: Total time for which application threads were stopped: 0.0000680 seconds, Stopping threads took: 0.0000290 seconds
2015-12-17T07:57:50.825+0000: 6534.558: Total time for which application threads were stopped: 0.0001180 seconds, Stopping threads took: 0.0000230 seconds
2015-12-17T07:57:54.835+0000: 6538.567: Total time for which application threads were stopped: 0.0001340 seconds, Stopping threads took: 0.0000300 seconds
{Heap before GC invocations=31 (full 0):
 par new generation   total 109248K, used 92163K [0x00000000d5a00000, 0x00000000dda00000, 0x00000000dda00000)
  eden space 87424K, 100% used [0x00000000d5a00000, 0x00000000daf60000, 0x00000000daf60000)
  from space 21824K,  21% used [0x00000000dc4b0000, 0x00000000dc950df8, 0x00000000dda00000)
  to   space 21824K,   0% used [0x00000000daf60000, 0x00000000daf60000, 0x00000000dc4b0000)
 concurrent mark-sweep generation total 393216K, used 17998K [0x00000000dda00000, 0x00000000f5a00000, 0x00000000f5a00000)
 concurrent-mark-sweep perm gen total 31232K, used 31036K [0x00000000f5a00000, 0x00000000f7880000, 0x0000000100000000)
2015-12-17T07:57:54.899+0000: 6538.632: [GC2015-12-17T07:57:54.899+0000: 6538.632: [ParNew
Desired survivor size 20112992 bytes, new threshold 8 (max 8)
- age   1:    1229560 bytes,    1229560 total
- age   2:      63776 bytes,    1293336 total
- age   3:       2368 bytes,    1295704 total
- age   4:      23904 bytes,    1319608 total
- age   5:     119264 bytes,    1438872 total
- age   6:      22552 bytes,    1461424 total
- age   7:      17472 bytes,    1478896 total
- age   8:    2381016 bytes,    3859912 total
: 92163K->4097K(109248K), 0.0195730 secs] 110162K->22125K(502464K), 0.0196480 secs] [Times: user=0.02 sys=0.00, real=0.01 secs] 
Heap after GC invocations=32 (full 0):
 par new generation   total 109248K, used 4097K [0x00000000d5a00000, 0x00000000dda00000, 0x00000000dda00000)
  eden space 87424K,   0% used [0x00000000d5a00000, 0x00000000d5a00000, 0x00000000daf60000)
  from space 21824K,  18% used [0x00000000daf60000, 0x00000000db360510, 0x00000000dc4b0000)
  to   space 21824K,   0% used [0x00000000dc4b0000, 0x00000000dc4b0000, 0x00000000dda00000)
 concurrent mark-sweep generation total 393216K, used 18028K [0x00000000dda00000, 0x00000000f5a00000, 0x00000000f5a00000)
 concurrent-mark-sweep perm gen total 31232K, used 31036K [0x00000000f5a00000, 0x00000000f7880000, 0x0000000100000000)
}
2015-12-17T07:57:54.919+0000: 6538.652: Total time for which application threads were stopped: 0.0197780 seconds, Stopping threads took: 0.0000310 seconds
2015-12-17T07:57:55.017+0000: 6538.750: Total time for which application threads were stopped: 0.0000620 seconds, Stopping threads took: 0.0000200 seconds
2015-12-17T07:58:11.020+0000: 6554.752: Total time for which application threads were stopped: 0.0001710 seconds, Stopping threads took: 0.0000250 seconds
2015-12-17T07:58:18.829+0000: 6562.561: Total time for which application threads were stopped: 0.0001190 seconds, Stopping threads took: 0.0000210 seconds
2015-12-17T07:58:19.356+0000: 6563.089: Total time for which application threads were stopped: 0.0001240 seconds, Stopping threads took: 0.0000220 seconds
2015-12-17T07:58:19.405+0000: 6563.137: Total time for which application threads were stopped: 0.0000670 seconds, Stopping threads took: 0.0000200 seconds
2015-12-17T07:58:19.514+0000: 6563.246: Total time for which application threads were stopped: 0.0000660 seconds, Stopping threads took: 0.0000220 seconds
{Heap before GC invocations=32 (full 0):
 par new generation   total 109248K, used 91521K [0x00000000d5a00000, 0x00000000dda00000, 0x00000000dda00000)
  eden space 87424K, 100% used [0x00000000d5a00000, 0x00000000daf60000, 0x00000000daf60000)
  from space 21824K,  18% used [0x00000000daf60000, 0x00000000db360510, 0x00000000dc4b0000)
  to   space 21824K,   0% used [0x00000000dc4b0000, 0x00000000dc4b0000, 0x00000000dda00000)
 concurrent mark-sweep generation total 393216K, used 18028K [0x00000000dda00000, 0x00000000f5a00000, 0x00000000f5a00000)
 concurrent-mark-sweep perm gen total 31232K, used 31040K [0x00000000f5a00000, 0x00000000f7880000, 0x0000000100000000)
2015-12-17T07:58:21.004+0000: 6564.736: [GC2015-12-17T07:58:21.004+0000: 6564.736: [ParNew
Desired survivor size 20112992 bytes, new threshold 8 (max 8)
- age   1:    1873080 bytes,    1873080 total
- age   2:     184304 bytes,    2057384 total
- age   3:      62656 bytes,    2120040 total
- age   4:       2368 bytes,    2122408 total
- age   5:      23568 bytes,    2145976 total
- age   6:     119160 bytes,    2265136 total
- age   7:      22552 bytes,    2287688 total
- age   8:      17472 bytes,    2305160 total
: 91521K->2856K(109248K), 0.0225570 secs] 109549K->23211K(502464K), 0.0226370 secs] [Times: user=0.02 sys=0.00, real=0.02 secs] 
Heap after GC invocations=33 (full 0):
 par new generation   total 109248K, used 2856K [0x00000000d5a00000, 0x00000000dda00000, 0x00000000dda00000)
  eden space 87424K,   0% used [0x00000000d5a00000, 0x00000000d5a00000, 0x00000000daf60000)
  from space 21824K,  13% used [0x00000000dc4b0000, 0x00000000dc77a330, 0x00000000dda00000)
  to   space 21824K,   0% used [0x00000000daf60000, 0x00000000daf60000, 0x00000000dc4b0000)
 concurrent mark-sweep generation total 393216K, used 20354K [0x00000000dda00000, 0x00000000f5a00000, 0x00000000f5a00000)
 concurrent-mark-sweep perm gen total 31232K, used 31040K [0x00000000f5a00000, 0x00000000f7880000, 0x0000000100000000)
}
2015-12-17T07:58:21.026+0000: 6564.759: Total time for which application threads were stopped: 0.0228510 seconds, Stopping threads took: 0.0000350 seconds
2015-12-17T07:58:21.097+0000: 6564.830: Total time for which application threads were stopped: 0.0000660 seconds, Stopping threads took: 0.0000210 seconds
2015-12-17T07:59:04.250+0000: 6607.982: Total time for which application threads were stopped: 0.0001310 seconds, Stopping threads took: 0.0000280 seconds
2015-12-17T07:59:06.250+0000: 6609.983: Total time for which application threads were stopped: 0.0001370 seconds, Stopping threads took: 0.0000230 seconds
2015-12-17T07:59:20.165+0000: 6623.898: Total time for which application threads were stopped: 0.0021320 seconds, Stopping threads took: 0.0020360 seconds
{Heap before GC invocations=33 (full 0):
 par new generation   total 109248K, used 90280K [0x00000000d5a00000, 0x00000000dda00000, 0x00000000dda00000)
  eden space 87424K, 100% used [0x00000000d5a00000, 0x00000000daf60000, 0x00000000daf60000)
  from space 21824K,  13% used [0x00000000dc4b0000, 0x00000000dc77a330, 0x00000000dda00000)
  to   space 21824K,   0% used [0x00000000daf60000, 0x00000000daf60000, 0x00000000dc4b0000)
 concurrent mark-sweep generation total 393216K, used 20354K [0x00000000dda00000, 0x00000000f5a00000, 0x00000000f5a00000)
 concurrent-mark-sweep perm gen total 31232K, used 31045K [0x00000000f5a00000, 0x00000000f7880000, 0x0000000100000000)
2015-12-17T07:59:20.187+0000: 6623.919: [GC2015-12-17T07:59:20.187+0000: 6623.919: [ParNew
Desired survivor size 20112992 bytes, new threshold 8 (max 8)
- age   1:    1428088 bytes,    1428088 total
- age   2:      36576 bytes,    1464664 total
- age   3:     100816 bytes,    1565480 total
- age   4:      60376 bytes,    1625856 total
- age   5:       2368 bytes,    1628224 total
- age   6:      23232 bytes,    1651456 total
- age   7:     119160 bytes,    1770616 total
- age   8:      22552 bytes,    1793168 total
: 90280K->2960K(109248K), 0.0208460 secs] 110635K->23332K(502464K), 0.0209140 secs] [Times: user=0.02 sys=0.00, real=0.02 secs] 
Heap after GC invocations=34 (full 0):
 par new generation   total 109248K, used 2960K [0x00000000d5a00000, 0x00000000dda00000, 0x00000000dda00000)
  eden space 87424K,   0% used [0x00000000d5a00000, 0x00000000d5a00000, 0x00000000daf60000)
  from space 21824K,  13% used [0x00000000daf60000, 0x00000000db244070, 0x00000000dc4b0000)
  to   space 21824K,   0% used [0x00000000dc4b0000, 0x00000000dc4b0000, 0x00000000dda00000)
 concurrent mark-sweep generation total 393216K, used 20371K [0x00000000dda00000, 0x00000000f5a00000, 0x00000000f5a00000)
 concurrent-mark-sweep perm gen total 31232K, used 31045K [0x00000000f5a00000, 0x00000000f7880000, 0x0000000100000000)
}
2015-12-17T07:59:20.208+0000: 6623.940: Total time for which application threads were stopped: 0.0210620 seconds, Stopping threads took: 0.0000350 seconds
2015-12-17T07:59:21.208+0000: 6624.941: Total time for which application threads were stopped: 0.0001180 seconds, Stopping threads took: 0.0000260 seconds
2015-12-17T08:01:00.487+0000: 6724.219: Total time for which application threads were stopped: 0.0001460 seconds, Stopping threads took: 0.0000370 seconds
2015-12-17T08:02:27.308+0000: 6811.041: Total time for which application threads were stopped: 0.0001440 seconds, Stopping threads took: 0.0000380 seconds
2015-12-17T08:02:27.312+0000: 6811.045: Total time for which application threads were stopped: 0.0012400 seconds, Stopping threads took: 0.0012130 seconds
2015-12-17T08:02:30.144+0000: 6813.877: Total time for which application threads were stopped: 0.0001300 seconds, Stopping threads took: 0.0000240 seconds
2015-12-17T08:02:30.151+0000: 6813.884: Total time for which application threads were stopped: 0.0020520 seconds, Stopping threads took: 0.0020140 seconds
2015-12-17T08:02:34.774+0000: 6818.507: Total time for which application threads were stopped: 0.0001580 seconds, Stopping threads took: 0.0000220 seconds
2015-12-17T08:02:34.775+0000: 6818.507: Total time for which application threads were stopped: 0.0000350 seconds, Stopping threads took: 0.0000120 seconds
2015-12-17T08:02:34.776+0000: 6818.508: Total time for which application threads were stopped: 0.0000560 seconds, Stopping threads took: 0.0000120 seconds
2015-12-17T08:02:34.790+0000: 6818.523: Total time for which application threads were stopped: 0.0000340 seconds, Stopping threads took: 0.0000110 seconds
2015-12-17T08:02:34.819+0000: 6818.551: Total time for which application threads were stopped: 0.0000400 seconds, Stopping threads took: 0.0000140 seconds
2015-12-17T08:02:34.824+0000: 6818.557: Total time for which application threads were stopped: 0.0000330 seconds, Stopping threads took: 0.0000110 seconds
2015-12-17T08:02:35.188+0000: 6818.920: Total time for which application threads were stopped: 0.0000740 seconds, Stopping threads took: 0.0000300 seconds
2015-12-17T08:02:35.194+0000: 6818.927: Total time for which application threads were stopped: 0.0000350 seconds, Stopping threads took: 0.0000120 seconds
2015-12-17T08:02:39.170+0000: 6822.902: Total time for which application threads were stopped: 0.0001210 seconds, Stopping threads took: 0.0000260 seconds
2015-12-17T08:02:39.274+0000: 6823.007: Total time for which application threads were stopped: 0.0000810 seconds, Stopping threads took: 0.0000370 seconds
{Heap before GC invocations=34 (full 0):
 par new generation   total 109248K, used 90384K [0x00000000d5a00000, 0x00000000dda00000, 0x00000000dda00000)
  eden space 87424K, 100% used [0x00000000d5a00000, 0x00000000daf60000, 0x00000000daf60000)
  from space 21824K,  13% used [0x00000000daf60000, 0x00000000db244070, 0x00000000dc4b0000)
  to   space 21824K,   0% used [0x00000000dc4b0000, 0x00000000dc4b0000, 0x00000000dda00000)
 concurrent mark-sweep generation total 393216K, used 20371K [0x00000000dda00000, 0x00000000f5a00000, 0x00000000f5a00000)
 concurrent-mark-sweep perm gen total 31232K, used 31059K [0x00000000f5a00000, 0x00000000f7880000, 0x0000000100000000)
2015-12-17T08:02:48.899+0000: 6832.632: [GC2015-12-17T08:02:48.899+0000: 6832.632: [ParNew
Desired survivor size 20112992 bytes, new threshold 8 (max 8)
- age   1:    1264824 bytes,    1264824 total
- age   2:      19984 bytes,    1284808 total
- age   3:       8048 bytes,    1292856 total
- age   4:      25008 bytes,    1317864 total
- age   5:      60336 bytes,    1378200 total
- age   6:       2368 bytes,    1380568 total
- age   7:      23232 bytes,    1403800 total
- age   8:     118824 bytes,    1522624 total
: 90384K->1862K(109248K), 0.0208100 secs] 110756K->22256K(502464K), 0.0208990 secs] [Times: user=0.02 sys=0.00, real=0.02 secs] 
Heap after GC invocations=35 (full 0):
 par new generation   total 109248K, used 1862K [0x00000000d5a00000, 0x00000000dda00000, 0x00000000dda00000)
  eden space 87424K,   0% used [0x00000000d5a00000, 0x00000000d5a00000, 0x00000000daf60000)
  from space 21824K,   8% used [0x00000000dc4b0000, 0x00000000dc681900, 0x00000000dda00000)
  to   space 21824K,   0% used [0x00000000daf60000, 0x00000000daf60000, 0x00000000dc4b0000)
 concurrent mark-sweep generation total 393216K, used 20394K [0x00000000dda00000, 0x00000000f5a00000, 0x00000000f5a00000)
 concurrent-mark-sweep perm gen total 31232K, used 31059K [0x00000000f5a00000, 0x00000000f7880000, 0x0000000100000000)
}
2015-12-17T08:02:48.920+0000: 6832.653: Total time for which application threads were stopped: 0.0211540 seconds, Stopping threads took: 0.0000360 seconds
2015-12-17T08:04:32.304+0000: 6936.036: Total time for which application threads were stopped: 0.0002060 seconds, Stopping threads took: 0.0000390 seconds
2015-12-17T08:04:33.304+0000: 6937.037: Total time for which application threads were stopped: 0.0001390 seconds, Stopping threads took: 0.0000280 seconds
2015-12-17T08:04:36.205+0000: 6939.937: Total time for which application threads were stopped: 0.0001210 seconds, Stopping threads took: 0.0000220 seconds
2015-12-17T08:04:36.205+0000: 6939.938: Total time for which application threads were stopped: 0.0000260 seconds, Stopping threads took: 0.0000090 seconds
2015-12-17T08:05:03.770+0000: 6967.503: Total time for which application threads were stopped: 0.0001280 seconds, Stopping threads took: 0.0000220 seconds
2015-12-17T08:08:42.463+0000: 7186.195: Total time for which application threads were stopped: 0.0001390 seconds, Stopping threads took: 0.0000360 seconds
2015-12-17T08:08:46.074+0000: 7189.806: Total time for which application threads were stopped: 0.0001320 seconds, Stopping threads took: 0.0000230 seconds
2015-12-17T08:08:46.080+0000: 7189.812: Total time for which application threads were stopped: 0.0002840 seconds, Stopping threads took: 0.0002570 seconds
2015-12-17T08:08:46.642+0000: 7190.374: Total time for which application threads were stopped: 0.0001830 seconds, Stopping threads took: 0.0000220 seconds
2015-12-17T08:08:46.647+0000: 7190.380: Total time for which application threads were stopped: 0.0001310 seconds, Stopping threads took: 0.0000130 seconds
2015-12-17T08:08:46.917+0000: 7190.649: Total time for which application threads were stopped: 0.0000650 seconds, Stopping threads took: 0.0000230 seconds
2015-12-17T08:09:45.408+0000: 7249.141: Total time for which application threads were stopped: 0.0001250 seconds, Stopping threads took: 0.0000230 seconds
2015-12-17T08:09:45.414+0000: 7249.146: Total time for which application threads were stopped: 0.0000370 seconds, Stopping threads took: 0.0000120 seconds
2015-12-17T08:09:45.419+0000: 7249.152: Total time for which application threads were stopped: 0.0018470 seconds, Stopping threads took: 0.0018220 seconds
2015-12-17T08:09:45.423+0000: 7249.156: Total time for which application threads were stopped: 0.0000380 seconds, Stopping threads took: 0.0000120 seconds
2015-12-17T08:10:54.317+0000: 7318.050: Total time for which application threads were stopped: 0.0001760 seconds, Stopping threads took: 0.0000370 seconds
2015-12-17T08:10:54.457+0000: 7318.189: Total time for which application threads were stopped: 0.0000600 seconds, Stopping threads took: 0.0000210 seconds
2015-12-17T08:10:54.460+0000: 7318.193: Total time for which application threads were stopped: 0.0000490 seconds, Stopping threads took: 0.0000230 seconds
2015-12-17T08:10:54.463+0000: 7318.196: Total time for which application threads were stopped: 0.0000350 seconds, Stopping threads took: 0.0000120 seconds
2015-12-17T08:10:54.464+0000: 7318.196: Total time for which application threads were stopped: 0.0000340 seconds, Stopping threads took: 0.0000110 seconds
2015-12-17T08:10:54.465+0000: 7318.198: Total time for which application threads were stopped: 0.0000530 seconds, Stopping threads took: 0.0000300 seconds
2015-12-17T08:10:54.504+0000: 7318.237: Total time for which application threads were stopped: 0.0000880 seconds, Stopping threads took: 0.0000280 seconds
2015-12-17T08:10:54.507+0000: 7318.240: Total time for which application threads were stopped: 0.0000340 seconds, Stopping threads took: 0.0000110 seconds
2015-12-17T08:10:54.508+0000: 7318.241: Total time for which application threads were stopped: 0.0000320 seconds, Stopping threads took: 0.0000100 seconds
2015-12-17T08:10:54.972+0000: 7318.704: Total time for which application threads were stopped: 0.0001220 seconds, Stopping threads took: 0.0000240 seconds
2015-12-17T08:10:54.973+0000: 7318.706: Total time for which application threads were stopped: 0.0000450 seconds, Stopping threads took: 0.0000110 seconds
2015-12-17T08:10:56.973+0000: 7320.706: Total time for which application threads were stopped: 0.0001330 seconds, Stopping threads took: 0.0000260 seconds
2015-12-17T08:10:58.487+0000: 7322.220: Total time for which application threads were stopped: 0.0001620 seconds, Stopping threads took: 0.0000460 seconds
2015-12-17T08:10:59.196+0000: 7322.929: Total time for which application threads were stopped: 0.0001430 seconds, Stopping threads took: 0.0000310 seconds
2015-12-17T08:11:01.196+0000: 7324.929: Total time for which application threads were stopped: 0.0001330 seconds, Stopping threads took: 0.0000240 seconds
{Heap before GC invocations=35 (full 0):
 par new generation   total 109248K, used 89286K [0x00000000d5a00000, 0x00000000dda00000, 0x00000000dda00000)
  eden space 87424K, 100% used [0x00000000d5a00000, 0x00000000daf60000, 0x00000000daf60000)
  from space 21824K,   8% used [0x00000000dc4b0000, 0x00000000dc681900, 0x00000000dda00000)
  to   space 21824K,   0% used [0x00000000daf60000, 0x00000000daf60000, 0x00000000dc4b0000)
 concurrent mark-sweep generation total 393216K, used 20394K [0x00000000dda00000, 0x00000000f5a00000, 0x00000000f5a00000)
 concurrent-mark-sweep perm gen total 31232K, used 31067K [0x00000000f5a00000, 0x00000000f7880000, 0x0000000100000000)
2015-12-17T08:11:05.810+0000: 7329.543: [GC2015-12-17T08:11:05.810+0000: 7329.543: [ParNew
Desired survivor size 20112992 bytes, new threshold 8 (max 8)
- age   1:    1251168 bytes,    1251168 total
- age   2:      18168 bytes,    1269336 total
- age   3:      18912 bytes,    1288248 total
- age   4:       8048 bytes,    1296296 total
- age   5:      25008 bytes,    1321304 total
- age   6:      60232 bytes,    1381536 total
- age   7:       2368 bytes,    1383904 total
- age   8:      23232 bytes,    1407136 total
: 89286K->2359K(109248K), 0.0238830 secs] 109680K->22870K(502464K), 0.0239710 secs] [Times: user=0.02 sys=0.00, real=0.03 secs] 
Heap after GC invocations=36 (full 0):
 par new generation   total 109248K, used 2359K [0x00000000d5a00000, 0x00000000dda00000, 0x00000000dda00000)
  eden space 87424K,   0% used [0x00000000d5a00000, 0x00000000d5a00000, 0x00000000daf60000)
  from space 21824K,  10% used [0x00000000daf60000, 0x00000000db1adc38, 0x00000000dc4b0000)
  to   space 21824K,   0% used [0x00000000dc4b0000, 0x00000000dc4b0000, 0x00000000dda00000)
 concurrent mark-sweep generation total 393216K, used 20511K [0x00000000dda00000, 0x00000000f5a00000, 0x00000000f5a00000)
 concurrent-mark-sweep perm gen total 31232K, used 31067K [0x00000000f5a00000, 0x00000000f7880000, 0x0000000100000000)
}
2015-12-17T08:11:05.834+0000: 7329.567: Total time for which application threads were stopped: 0.0241860 seconds, Stopping threads took: 0.0000370 seconds
2015-12-17T08:11:09.835+0000: 7333.567: Total time for which application threads were stopped: 0.0001230 seconds, Stopping threads took: 0.0000280 seconds
2015-12-17T08:11:10.835+0000: 7334.568: Total time for which application threads were stopped: 0.0001400 seconds, Stopping threads took: 0.0000270 seconds
2015-12-17T08:11:57.842+0000: 7381.575: Total time for which application threads were stopped: 0.0001290 seconds, Stopping threads took: 0.0000380 seconds
2015-12-17T08:12:17.849+0000: 7401.582: Total time for which application threads were stopped: 0.0001240 seconds, Stopping threads took: 0.0000270 seconds
2015-12-17T08:13:01.041+0000: 7444.774: Total time for which application threads were stopped: 0.0001670 seconds, Stopping threads took: 0.0000370 seconds
2015-12-17T08:13:01.513+0000: 7445.245: Total time for which application threads were stopped: 0.0000750 seconds, Stopping threads took: 0.0000260 seconds
2015-12-17T08:13:01.582+0000: 7445.314: Total time for which application threads were stopped: 0.0001410 seconds, Stopping threads took: 0.0000270 seconds
2015-12-17T08:13:01.582+0000: 7445.315: Total time for which application threads were stopped: 0.0000420 seconds, Stopping threads took: 0.0000170 seconds
2015-12-17T08:13:01.585+0000: 7445.317: Total time for which application threads were stopped: 0.0000500 seconds, Stopping threads took: 0.0000170 seconds
2015-12-17T08:13:01.585+0000: 7445.317: Total time for which application threads were stopped: 0.0000270 seconds, Stopping threads took: 0.0000090 seconds
2015-12-17T08:13:34.088+0000: 7477.820: Total time for which application threads were stopped: 0.0002340 seconds, Stopping threads took: 0.0000460 seconds
2015-12-17T08:13:34.216+0000: 7477.949: Total time for which application threads were stopped: 0.0000670 seconds, Stopping threads took: 0.0000210 seconds
2015-12-17T08:13:34.221+0000: 7477.953: Total time for which application threads were stopped: 0.0000580 seconds, Stopping threads took: 0.0000290 seconds
2015-12-17T08:13:34.222+0000: 7477.955: Total time for which application threads were stopped: 0.0001910 seconds, Stopping threads took: 0.0000120 seconds
2015-12-17T08:13:34.393+0000: 7478.126: Total time for which application threads were stopped: 0.0000680 seconds, Stopping threads took: 0.0000230 seconds
2015-12-17T08:13:34.393+0000: 7478.126: Total time for which application threads were stopped: 0.0000290 seconds, Stopping threads took: 0.0000100 seconds
2015-12-17T08:13:35.170+0000: 7478.903: Total time for which application threads were stopped: 0.0001470 seconds, Stopping threads took: 0.0000470 seconds
2015-12-17T08:13:35.177+0000: 7478.910: Total time for which application threads were stopped: 0.0020400 seconds, Stopping threads took: 0.0020130 seconds
2015-12-17T08:13:35.188+0000: 7478.921: Total time for which application threads were stopped: 0.0000960 seconds, Stopping threads took: 0.0000310 seconds
{Heap before GC invocations=36 (full 0):
 par new generation   total 109248K, used 89783K [0x00000000d5a00000, 0x00000000dda00000, 0x00000000dda00000)
  eden space 87424K, 100% used [0x00000000d5a00000, 0x00000000daf60000, 0x00000000daf60000)
  from space 21824K,  10% used [0x00000000daf60000, 0x00000000db1adc38, 0x00000000dc4b0000)
  to   space 21824K,   0% used [0x00000000dc4b0000, 0x00000000dc4b0000, 0x00000000dda00000)
 concurrent mark-sweep generation total 393216K, used 20511K [0x00000000dda00000, 0x00000000f5a00000, 0x00000000f5a00000)
 concurrent-mark-sweep perm gen total 31232K, used 31071K [0x00000000f5a00000, 0x00000000f7880000, 0x0000000100000000)
2015-12-17T08:13:35.212+0000: 7478.945: [GC2015-12-17T08:13:35.212+0000: 7478.945: [ParNew
Desired survivor size 20112992 bytes, new threshold 8 (max 8)
- age   1:    2018304 bytes,    2018304 total
- age   2:     136192 bytes,    2154496 total
- age   3:      17080 bytes,    2171576 total
- age   4:      18912 bytes,    2190488 total
- age   5:       7944 bytes,    2198432 total
- age   6:      25008 bytes,    2223440 total
- age   7:      60232 bytes,    2283672 total
- age   8:       2368 bytes,    2286040 total
: 89783K->2722K(109248K), 0.0184480 secs] 110294K->23256K(502464K), 0.0184990 secs] [Times: user=0.02 sys=0.00, real=0.01 secs] 
Heap after GC invocations=37 (full 0):
 par new generation   total 109248K, used 2722K [0x00000000d5a00000, 0x00000000dda00000, 0x00000000dda00000)
  eden space 87424K,   0% used [0x00000000d5a00000, 0x00000000d5a00000, 0x00000000daf60000)
  from space 21824K,  12% used [0x00000000dc4b0000, 0x00000000dc758880, 0x00000000dda00000)
  to   space 21824K,   0% used [0x00000000daf60000, 0x00000000daf60000, 0x00000000dc4b0000)
 concurrent mark-sweep generation total 393216K, used 20534K [0x00000000dda00000, 0x00000000f5a00000, 0x00000000f5a00000)
 concurrent-mark-sweep perm gen total 31232K, used 31071K [0x00000000f5a00000, 0x00000000f7880000, 0x0000000100000000)
}
2015-12-17T08:13:35.231+0000: 7478.964: Total time for which application threads were stopped: 0.0186570 seconds, Stopping threads took: 0.0000330 seconds
2015-12-17T08:13:35.348+0000: 7479.081: Total time for which application threads were stopped: 0.0000690 seconds, Stopping threads took: 0.0000220 seconds
2015-12-17T08:13:47.296+0000: 7491.029: Total time for which application threads were stopped: 0.0001400 seconds, Stopping threads took: 0.0000250 seconds
2015-12-17T08:14:01.585+0000: 7505.318: Total time for which application threads were stopped: 0.0001500 seconds, Stopping threads took: 0.0000440 seconds
2015-12-17T08:15:31.718+0000: 7595.451: Total time for which application threads were stopped: 0.0001510 seconds, Stopping threads took: 0.0000370 seconds
2015-12-17T08:17:50.324+0000: 7734.057: Total time for which application threads were stopped: 0.0001410 seconds, Stopping threads took: 0.0000370 seconds
2015-12-17T08:17:50.329+0000: 7734.062: Total time for which application threads were stopped: 0.0000340 seconds, Stopping threads took: 0.0000110 seconds
2015-12-17T08:17:50.332+0000: 7734.064: Total time for which application threads were stopped: 0.0005540 seconds, Stopping threads took: 0.0005290 seconds
2015-12-17T08:17:53.049+0000: 7736.782: Total time for which application threads were stopped: 0.0001170 seconds, Stopping threads took: 0.0000230 seconds
2015-12-17T08:17:53.054+0000: 7736.787: Total time for which application threads were stopped: 0.0000350 seconds, Stopping threads took: 0.0000120 seconds
2015-12-17T08:17:53.059+0000: 7736.792: Total time for which application threads were stopped: 0.0000320 seconds, Stopping threads took: 0.0000110 seconds
2015-12-17T08:17:53.066+0000: 7736.799: Total time for which application threads were stopped: 0.0026450 seconds, Stopping threads took: 0.0026200 seconds
{Heap before GC invocations=37 (full 0):
 par new generation   total 109248K, used 90146K [0x00000000d5a00000, 0x00000000dda00000, 0x00000000dda00000)
  eden space 87424K, 100% used [0x00000000d5a00000, 0x00000000daf60000, 0x00000000daf60000)
  from space 21824K,  12% used [0x00000000dc4b0000, 0x00000000dc758880, 0x00000000dda00000)
  to   space 21824K,   0% used [0x00000000daf60000, 0x00000000daf60000, 0x00000000dc4b0000)
 concurrent mark-sweep generation total 393216K, used 20534K [0x00000000dda00000, 0x00000000f5a00000, 0x00000000f5a00000)
 concurrent-mark-sweep perm gen total 31232K, used 31072K [0x00000000f5a00000, 0x00000000f7880000, 0x0000000100000000)
2015-12-17T08:17:53.083+0000: 7736.815: [GC2015-12-17T08:17:53.083+0000: 7736.815: [ParNew
Desired survivor size 20112992 bytes, new threshold 8 (max 8)
- age   1:    2038112 bytes,    2038112 total
- age   2:      16480 bytes,    2054592 total
- age   3:     133728 bytes,    2188320 total
- age   4:      17080 bytes,    2205400 total
- age   5:      18808 bytes,    2224208 total
- age   6:       7944 bytes,    2232152 total
- age   7:      24760 bytes,    2256912 total
- age   8:      60192 bytes,    2317104 total
: 90146K->3227K(109248K), 0.0202280 secs] 110680K->23764K(502464K), 0.0202970 secs] [Times: user=0.02 sys=0.01, real=0.02 secs] 
Heap after GC invocations=38 (full 0):
 par new generation   total 109248K, used 3227K [0x00000000d5a00000, 0x00000000dda00000, 0x00000000dda00000)
  eden space 87424K,   0% used [0x00000000d5a00000, 0x00000000d5a00000, 0x00000000daf60000)
  from space 21824K,  14% used [0x00000000daf60000, 0x00000000db286f80, 0x00000000dc4b0000)
  to   space 21824K,   0% used [0x00000000dc4b0000, 0x00000000dc4b0000, 0x00000000dda00000)
 concurrent mark-sweep generation total 393216K, used 20536K [0x00000000dda00000, 0x00000000f5a00000, 0x00000000f5a00000)
 concurrent-mark-sweep perm gen total 31232K, used 31072K [0x00000000f5a00000, 0x00000000f7880000, 0x0000000100000000)
}
2015-12-17T08:17:53.103+0000: 7736.836: Total time for which application threads were stopped: 0.0204060 seconds, Stopping threads took: 0.0000270 seconds
2015-12-17T08:17:54.756+0000: 7738.489: Total time for which application threads were stopped: 0.0001540 seconds, Stopping threads took: 0.0000440 seconds
2015-12-17T08:17:54.762+0000: 7738.495: Total time for which application threads were stopped: 0.0000400 seconds, Stopping threads took: 0.0000120 seconds
2015-12-17T08:17:54.812+0000: 7738.545: Total time for which application threads were stopped: 0.0000420 seconds, Stopping threads took: 0.0000150 seconds
2015-12-17T08:17:55.156+0000: 7738.889: Total time for which application threads were stopped: 0.0000690 seconds, Stopping threads took: 0.0000230 seconds
2015-12-17T08:17:58.250+0000: 7741.982: Total time for which application threads were stopped: 0.0001370 seconds, Stopping threads took: 0.0000310 seconds
2015-12-17T08:17:58.920+0000: 7742.652: Total time for which application threads were stopped: 0.0002100 seconds, Stopping threads took: 0.0000450 seconds
2015-12-17T08:18:06.703+0000: 7750.436: Total time for which application threads were stopped: 0.0001470 seconds, Stopping threads took: 0.0000380 seconds
{Heap before GC invocations=38 (full 0):
 par new generation   total 109248K, used 90651K [0x00000000d5a00000, 0x00000000dda00000, 0x00000000dda00000)
  eden space 87424K, 100% used [0x00000000d5a00000, 0x00000000daf60000, 0x00000000daf60000)
  from space 21824K,  14% used [0x00000000daf60000, 0x00000000db286f80, 0x00000000dc4b0000)
  to   space 21824K,   0% used [0x00000000dc4b0000, 0x00000000dc4b0000, 0x00000000dda00000)
 concurrent mark-sweep generation total 393216K, used 20536K [0x00000000dda00000, 0x00000000f5a00000, 0x00000000f5a00000)
 concurrent-mark-sweep perm gen total 31232K, used 31073K [0x00000000f5a00000, 0x00000000f7880000, 0x0000000100000000)
2015-12-17T08:18:41.828+0000: 7785.561: [GC2015-12-17T08:18:41.828+0000: 7785.561: [ParNew
Desired survivor size 20112992 bytes, new threshold 8 (max 8)
- age   1:    1333168 bytes,    1333168 total
- age   2:      79560 bytes,    1412728 total
- age   3:       8856 bytes,    1421584 total
- age   4:      68032 bytes,    1489616 total
- age   5:      17080 bytes,    1506696 total
- age   6:      18768 bytes,    1525464 total
- age   7:       7944 bytes,    1533408 total
- age   8:      24760 bytes,    1558168 total
: 90651K->2291K(109248K), 0.0204190 secs] 111188K->22888K(502464K), 0.0204950 secs] [Times: user=0.02 sys=0.00, real=0.02 secs] 
Heap after GC invocations=39 (full 0):
 par new generation   total 109248K, used 2291K [0x00000000d5a00000, 0x00000000dda00000, 0x00000000dda00000)
  eden space 87424K,   0% used [0x00000000d5a00000, 0x00000000d5a00000, 0x00000000daf60000)
  from space 21824K,  10% used [0x00000000dc4b0000, 0x00000000dc6ecf98, 0x00000000dda00000)
  to   space 21824K,   0% used [0x00000000daf60000, 0x00000000daf60000, 0x00000000dc4b0000)
 concurrent mark-sweep generation total 393216K, used 20596K [0x00000000dda00000, 0x00000000f5a00000, 0x00000000f5a00000)
 concurrent-mark-sweep perm gen total 31232K, used 31073K [0x00000000f5a00000, 0x00000000f7880000, 0x0000000100000000)
}
2015-12-17T08:18:41.848+0000: 7785.581: Total time for which application threads were stopped: 0.0206770 seconds, Stopping threads took: 0.0000340 seconds
2015-12-17T08:20:17.963+0000: 7881.695: Total time for which application threads were stopped: 0.0001420 seconds, Stopping threads took: 0.0000380 seconds
2015-12-17T08:20:35.346+0000: 7899.078: Total time for which application threads were stopped: 0.0001460 seconds, Stopping threads took: 0.0000400 seconds
2015-12-17T08:20:45.347+0000: 7909.080: Total time for which application threads were stopped: 0.0001300 seconds, Stopping threads took: 0.0000270 seconds
2015-12-17T08:20:56.417+0000: 7920.149: Total time for which application threads were stopped: 0.0001340 seconds, Stopping threads took: 0.0000220 seconds
2015-12-17T08:22:17.075+0000: 8000.807: Total time for which application threads were stopped: 0.0001370 seconds, Stopping threads took: 0.0000370 seconds
2015-12-17T08:22:36.000+0000: 8019.733: Total time for which application threads were stopped: 0.0001220 seconds, Stopping threads took: 0.0000230 seconds
2015-12-17T08:22:36.021+0000: 8019.753: Total time for which application threads were stopped: 0.0000500 seconds, Stopping threads took: 0.0000120 seconds
2015-12-17T08:22:36.027+0000: 8019.760: Total time for which application threads were stopped: 0.0000340 seconds, Stopping threads took: 0.0000110 seconds
2015-12-17T08:22:36.027+0000: 8019.760: Total time for which application threads were stopped: 0.0000490 seconds, Stopping threads took: 0.0000250 seconds
2015-12-17T08:23:21.692+0000: 8065.425: Total time for which application threads were stopped: 0.0001470 seconds, Stopping threads took: 0.0000410 seconds
2015-12-17T08:23:21.697+0000: 8065.430: Total time for which application threads were stopped: 0.0000370 seconds, Stopping threads took: 0.0000130 seconds
2015-12-17T08:23:21.707+0000: 8065.440: Total time for which application threads were stopped: 0.0000370 seconds, Stopping threads took: 0.0000130 seconds
{Heap before GC invocations=39 (full 0):
 par new generation   total 109248K, used 89715K [0x00000000d5a00000, 0x00000000dda00000, 0x00000000dda00000)
  eden space 87424K, 100% used [0x00000000d5a00000, 0x00000000daf60000, 0x00000000daf60000)
  from space 21824K,  10% used [0x00000000dc4b0000, 0x00000000dc6ecf98, 0x00000000dda00000)
  to   space 21824K,   0% used [0x00000000daf60000, 0x00000000daf60000, 0x00000000dc4b0000)
 concurrent mark-sweep generation total 393216K, used 20596K [0x00000000dda00000, 0x00000000f5a00000, 0x00000000f5a00000)
 concurrent-mark-sweep perm gen total 31232K, used 31074K [0x00000000f5a00000, 0x00000000f7880000, 0x0000000100000000)
2015-12-17T08:23:21.725+0000: 8065.458: [GC2015-12-17T08:23:21.725+0000: 8065.458: [ParNew
Desired survivor size 20112992 bytes, new threshold 8 (max 8)
- age   1:    1181672 bytes,    1181672 total
- age   2:      83368 bytes,    1265040 total
- age   3:      29864 bytes,    1294904 total
- age   4:       8856 bytes,    1303760 total
- age   5:      67248 bytes,    1371008 total
- age   6:      17080 bytes,    1388088 total
- age   7:      18768 bytes,    1406856 total
- age   8:       7944 bytes,    1414800 total
: 89715K->1769K(109248K), 0.0169320 secs] 110312K->22390K(502464K), 0.0169870 secs] [Times: user=0.02 sys=0.00, real=0.02 secs] 
Heap after GC invocations=40 (full 0):
 par new generation   total 109248K, used 1769K [0x00000000d5a00000, 0x00000000dda00000, 0x00000000dda00000)
  eden space 87424K,   0% used [0x00000000d5a00000, 0x00000000d5a00000, 0x00000000daf60000)
  from space 21824K,   8% used [0x00000000daf60000, 0x00000000db11a620, 0x00000000dc4b0000)
  to   space 21824K,   0% used [0x00000000dc4b0000, 0x00000000dc4b0000, 0x00000000dda00000)
 concurrent mark-sweep generation total 393216K, used 20620K [0x00000000dda00000, 0x00000000f5a00000, 0x00000000f5a00000)
 concurrent-mark-sweep perm gen total 31232K, used 31074K [0x00000000f5a00000, 0x00000000f7880000, 0x0000000100000000)
}
2015-12-17T08:23:21.742+0000: 8065.475: Total time for which application threads were stopped: 0.0171000 seconds, Stopping threads took: 0.0000250 seconds
2015-12-17T08:24:19.758+0000: 8123.491: Total time for which application threads were stopped: 0.0001680 seconds, Stopping threads took: 0.0000270 seconds
2015-12-17T08:25:02.042+0000: 8165.775: Total time for which application threads were stopped: 0.0001380 seconds, Stopping threads took: 0.0000260 seconds
2015-12-17T08:25:04.844+0000: 8168.577: Total time for which application threads were stopped: 0.0001320 seconds, Stopping threads took: 0.0000250 seconds
2015-12-17T08:25:04.897+0000: 8168.629: Total time for which application threads were stopped: 0.0058820 seconds, Stopping threads took: 0.0058340 seconds
{Heap before GC invocations=40 (full 0):
 par new generation   total 109248K, used 89193K [0x00000000d5a00000, 0x00000000dda00000, 0x00000000dda00000)
  eden space 87424K, 100% used [0x00000000d5a00000, 0x00000000daf60000, 0x00000000daf60000)
  from space 21824K,   8% used [0x00000000daf60000, 0x00000000db11a620, 0x00000000dc4b0000)
  to   space 21824K,   0% used [0x00000000dc4b0000, 0x00000000dc4b0000, 0x00000000dda00000)
 concurrent mark-sweep generation total 393216K, used 20620K [0x00000000dda00000, 0x00000000f5a00000, 0x00000000f5a00000)
 concurrent-mark-sweep perm gen total 31232K, used 31074K [0x00000000f5a00000, 0x00000000f7880000, 0x0000000100000000)
2015-12-17T08:25:04.917+0000: 8168.650: [GC2015-12-17T08:25:04.917+0000: 8168.650: [ParNew
Desired survivor size 20112992 bytes, new threshold 8 (max 8)
- age   1:    1266232 bytes,    1266232 total
- age   2:      17072 bytes,    1283304 total
- age   3:      82832 bytes,    1366136 total
- age   4:      29760 bytes,    1395896 total
- age   5:       6832 bytes,    1402728 total
- age   6:      67248 bytes,    1469976 total
- age   7:      17080 bytes,    1487056 total
- age   8:      18768 bytes,    1505824 total
: 89193K->1516K(109248K), 0.0271900 secs] 109814K->22144K(502464K), 0.0272780 secs] [Times: user=0.03 sys=0.00, real=0.03 secs] 
Heap after GC invocations=41 (full 0):
 par new generation   total 109248K, used 1516K [0x00000000d5a00000, 0x00000000dda00000, 0x00000000dda00000)
  eden space 87424K,   0% used [0x00000000d5a00000, 0x00000000d5a00000, 0x00000000daf60000)
  from space 21824K,   6% used [0x00000000dc4b0000, 0x00000000dc62b218, 0x00000000dda00000)
  to   space 21824K,   0% used [0x00000000daf60000, 0x00000000daf60000, 0x00000000dc4b0000)
 concurrent mark-sweep generation total 393216K, used 20628K [0x00000000dda00000, 0x00000000f5a00000, 0x00000000f5a00000)
 concurrent-mark-sweep perm gen total 31232K, used 31074K [0x00000000f5a00000, 0x00000000f7880000, 0x0000000100000000)
}
2015-12-17T08:25:04.944+0000: 8168.677: Total time for which application threads were stopped: 0.0274210 seconds, Stopping threads took: 0.0000330 seconds
2015-12-17T08:25:19.531+0000: 8183.263: Total time for which application threads were stopped: 0.0001290 seconds, Stopping threads took: 0.0000240 seconds
2015-12-17T08:25:21.531+0000: 8185.264: Total time for which application threads were stopped: 0.0001190 seconds, Stopping threads took: 0.0000260 seconds
2015-12-17T08:26:21.561+0000: 8245.294: Total time for which application threads were stopped: 0.0002140 seconds, Stopping threads took: 0.0000410 seconds
2015-12-17T08:26:21.764+0000: 8245.497: Total time for which application threads were stopped: 0.0000700 seconds, Stopping threads took: 0.0000230 seconds
2015-12-17T08:26:21.764+0000: 8245.497: Total time for which application threads were stopped: 0.0000270 seconds, Stopping threads took: 0.0000090 seconds
2015-12-17T08:26:21.811+0000: 8245.544: Total time for which application threads were stopped: 0.0000720 seconds, Stopping threads took: 0.0000260 seconds
2015-12-17T08:26:21.811+0000: 8245.544: Total time for which application threads were stopped: 0.0000470 seconds, Stopping threads took: 0.0000100 seconds
2015-12-17T08:26:21.812+0000: 8245.545: Total time for which application threads were stopped: 0.0000710 seconds, Stopping threads took: 0.0000120 seconds
2015-12-17T08:26:21.812+0000: 8245.545: Total time for which application threads were stopped: 0.0000280 seconds, Stopping threads took: 0.0000100 seconds
2015-12-17T08:26:21.817+0000: 8245.549: Total time for which application threads were stopped: 0.0000350 seconds, Stopping threads took: 0.0000120 seconds
2015-12-17T08:26:21.817+0000: 8245.549: Total time for which application threads were stopped: 0.0000270 seconds, Stopping threads took: 0.0000090 seconds
2015-12-17T08:26:22.179+0000: 8245.912: Total time for which application threads were stopped: 0.0001260 seconds, Stopping threads took: 0.0000300 seconds
2015-12-17T08:26:22.179+0000: 8245.912: Total time for which application threads were stopped: 0.0000260 seconds, Stopping threads took: 0.0000090 seconds
2015-12-17T08:26:22.189+0000: 8245.921: Total time for which application threads were stopped: 0.0000420 seconds, Stopping threads took: 0.0000200 seconds
2015-12-17T08:26:22.189+0000: 8245.921: Total time for which application threads were stopped: 0.0000340 seconds, Stopping threads took: 0.0000160 seconds
2015-12-17T08:26:30.190+0000: 8253.923: Total time for which application threads were stopped: 0.0001230 seconds, Stopping threads took: 0.0000250 seconds
{Heap before GC invocations=41 (full 0):
 par new generation   total 109248K, used 88940K [0x00000000d5a00000, 0x00000000dda00000, 0x00000000dda00000)
  eden space 87424K, 100% used [0x00000000d5a00000, 0x00000000daf60000, 0x00000000daf60000)
  from space 21824K,   6% used [0x00000000dc4b0000, 0x00000000dc62b218, 0x00000000dda00000)
  to   space 21824K,   0% used [0x00000000daf60000, 0x00000000daf60000, 0x00000000dc4b0000)
 concurrent mark-sweep generation total 393216K, used 20628K [0x00000000dda00000, 0x00000000f5a00000, 0x00000000f5a00000)
 concurrent-mark-sweep perm gen total 31232K, used 31078K [0x00000000f5a00000, 0x00000000f7880000, 0x0000000100000000)
2015-12-17T08:26:32.229+0000: 8255.962: [GC2015-12-17T08:26:32.232+0000: 8255.964: [ParNew
Desired survivor size 20112992 bytes, new threshold 8 (max 8)
- age   1:    1429200 bytes,    1429200 total
- age   2:       1072 bytes,    1430272 total
- age   3:       2120 bytes,    1432392 total
- age   4:       8040 bytes,    1440432 total
- age   5:      19960 bytes,    1460392 total
- age   6:       5840 bytes,    1466232 total
- age   7:      67248 bytes,    1533480 total
- age   8:      17080 bytes,    1550560 total
: 88940K->2460K(109248K), 0.0204610 secs] 109568K->23107K(502464K), 0.0227890 secs] [Times: user=0.02 sys=0.00, real=0.03 secs] 
Heap after GC invocations=42 (full 0):
 par new generation   total 109248K, used 2460K [0x00000000d5a00000, 0x00000000dda00000, 0x00000000dda00000)
  eden space 87424K,   0% used [0x00000000d5a00000, 0x00000000d5a00000, 0x00000000daf60000)
  from space 21824K,  11% used [0x00000000daf60000, 0x00000000db1c7388, 0x00000000dc4b0000)
  to   space 21824K,   0% used [0x00000000dc4b0000, 0x00000000dc4b0000, 0x00000000dda00000)
 concurrent mark-sweep generation total 393216K, used 20646K [0x00000000dda00000, 0x00000000f5a00000, 0x00000000f5a00000)
 concurrent-mark-sweep perm gen total 31232K, used 31078K [0x00000000f5a00000, 0x00000000f7880000, 0x0000000100000000)
}
2015-12-17T08:26:32.252+0000: 8255.985: Total time for which application threads were stopped: 0.0229940 seconds, Stopping threads took: 0.0000390 seconds
2015-12-17T08:26:34.182+0000: 8257.915: Total time for which application threads were stopped: 0.0001380 seconds, Stopping threads took: 0.0000200 seconds
2015-12-17T08:26:35.285+0000: 8259.018: Total time for which application threads were stopped: 0.0001430 seconds, Stopping threads took: 0.0000230 seconds
2015-12-17T08:27:09.365+0000: 8293.098: Total time for which application threads were stopped: 0.0001460 seconds, Stopping threads took: 0.0000390 seconds
2015-12-17T08:27:09.889+0000: 8293.621: Total time for which application threads were stopped: 0.0001300 seconds, Stopping threads took: 0.0000240 seconds
2015-12-17T08:27:09.889+0000: 8293.622: Total time for which application threads were stopped: 0.0000390 seconds, Stopping threads took: 0.0000160 seconds
2015-12-17T08:27:09.894+0000: 8293.627: Total time for which application threads were stopped: 0.0000350 seconds, Stopping threads took: 0.0000120 seconds
2015-12-17T08:27:09.894+0000: 8293.627: Total time for which application threads were stopped: 0.0000260 seconds, Stopping threads took: 0.0000090 seconds
2015-12-17T08:27:09.929+0000: 8293.662: Total time for which application threads were stopped: 0.0000350 seconds, Stopping threads took: 0.0000120 seconds
2015-12-17T08:27:10.118+0000: 8293.851: Total time for which application threads were stopped: 0.0000640 seconds, Stopping threads took: 0.0000150 seconds
2015-12-17T08:27:10.119+0000: 8293.851: Total time for which application threads were stopped: 0.0000300 seconds, Stopping threads took: 0.0000080 seconds
2015-12-17T08:27:10.121+0000: 8293.854: Total time for which application threads were stopped: 0.0000330 seconds, Stopping threads took: 0.0000110 seconds
2015-12-17T08:27:10.122+0000: 8293.854: Total time for which application threads were stopped: 0.0000250 seconds, Stopping threads took: 0.0000090 seconds
2015-12-17T08:28:10.122+0000: 8353.855: Total time for which application threads were stopped: 0.0001360 seconds, Stopping threads took: 0.0000440 seconds
2015-12-17T08:28:18.739+0000: 8362.472: Total time for which application threads were stopped: 0.0001210 seconds, Stopping threads took: 0.0000220 seconds
2015-12-17T08:28:18.745+0000: 8362.478: Total time for which application threads were stopped: 0.0000350 seconds, Stopping threads took: 0.0000110 seconds
2015-12-17T08:28:18.748+0000: 8362.481: Total time for which application threads were stopped: 0.0009570 seconds, Stopping threads took: 0.0009350 seconds
{Heap before GC invocations=42 (full 0):
 par new generation   total 109248K, used 89884K [0x00000000d5a00000, 0x00000000dda00000, 0x00000000dda00000)
  eden space 87424K, 100% used [0x00000000d5a00000, 0x00000000daf60000, 0x00000000daf60000)
  from space 21824K,  11% used [0x00000000daf60000, 0x00000000db1c7388, 0x00000000dc4b0000)
  to   space 21824K,   0% used [0x00000000dc4b0000, 0x00000000dc4b0000, 0x00000000dda00000)
 concurrent mark-sweep generation total 393216K, used 20646K [0x00000000dda00000, 0x00000000f5a00000, 0x00000000f5a00000)
 concurrent-mark-sweep perm gen total 31232K, used 31090K [0x00000000f5a00000, 0x00000000f7880000, 0x0000000100000000)
2015-12-17T08:28:18.759+0000: 8362.492: [GC2015-12-17T08:28:18.759+0000: 8362.492: [ParNew
Desired survivor size 20112992 bytes, new threshold 8 (max 8)
- age   1:    2029968 bytes,    2029968 total
- age   2:      57432 bytes,    2087400 total
- age   3:       1008 bytes,    2088408 total
- age   4:       2120 bytes,    2090528 total
- age   5:       7136 bytes,    2097664 total
- age   6:      19792 bytes,    2117456 total
- age   7:       5736 bytes,    2123192 total
- age   8:      67248 bytes,    2190440 total
: 89884K->2555K(109248K), 0.0230370 secs] 110531K->23218K(502464K), 0.0230910 secs] [Times: user=0.02 sys=0.00, real=0.02 secs] 
Heap after GC invocations=43 (full 0):
 par new generation   total 109248K, used 2555K [0x00000000d5a00000, 0x00000000dda00000, 0x00000000dda00000)
  eden space 87424K,   0% used [0x00000000d5a00000, 0x00000000d5a00000, 0x00000000daf60000)
  from space 21824K,  11% used [0x00000000dc4b0000, 0x00000000dc72ed50, 0x00000000dda00000)
  to   space 21824K,   0% used [0x00000000daf60000, 0x00000000daf60000, 0x00000000dc4b0000)
 concurrent mark-sweep generation total 393216K, used 20663K [0x00000000dda00000, 0x00000000f5a00000, 0x00000000f5a00000)
 concurrent-mark-sweep perm gen total 31232K, used 31090K [0x00000000f5a00000, 0x00000000f7880000, 0x0000000100000000)
}
2015-12-17T08:28:18.783+0000: 8362.515: Total time for which application threads were stopped: 0.0232160 seconds, Stopping threads took: 0.0000190 seconds
2015-12-17T08:28:40.623+0000: 8384.356: Total time for which application threads were stopped: 0.0001550 seconds, Stopping threads took: 0.0000400 seconds
2015-12-17T08:28:47.300+0000: 8391.033: Total time for which application threads were stopped: 0.0001160 seconds, Stopping threads took: 0.0000220 seconds
2015-12-17T08:28:49.051+0000: 8392.783: Total time for which application threads were stopped: 0.0021270 seconds, Stopping threads took: 0.0020250 seconds
2015-12-17T08:28:50.055+0000: 8393.787: Total time for which application threads were stopped: 0.0001180 seconds, Stopping threads took: 0.0000250 seconds
2015-12-17T08:31:29.529+0000: 8553.261: Total time for which application threads were stopped: 0.0001390 seconds, Stopping threads took: 0.0000370 seconds
{Heap before GC invocations=43 (full 0):
 par new generation   total 109248K, used 89979K [0x00000000d5a00000, 0x00000000dda00000, 0x00000000dda00000)
  eden space 87424K, 100% used [0x00000000d5a00000, 0x00000000daf60000, 0x00000000daf60000)
  from space 21824K,  11% used [0x00000000dc4b0000, 0x00000000dc72ed50, 0x00000000dda00000)
  to   space 21824K,   0% used [0x00000000daf60000, 0x00000000daf60000, 0x00000000dc4b0000)
 concurrent mark-sweep generation total 393216K, used 20663K [0x00000000dda00000, 0x00000000f5a00000, 0x00000000f5a00000)
 concurrent-mark-sweep perm gen total 31232K, used 31092K [0x00000000f5a00000, 0x00000000f7880000, 0x0000000100000000)
2015-12-17T08:31:29.536+0000: 8553.269: [GC2015-12-17T08:31:29.536+0000: 8553.269: [ParNew
Desired survivor size 20112992 bytes, new threshold 8 (max 8)
- age   1:    1222808 bytes,    1222808 total
- age   2:      92408 bytes,    1315216 total
- age   3:      55928 bytes,    1371144 total
- age   4:       1008 bytes,    1372152 total
- age   5:       2120 bytes,    1374272 total
- age   6:       7136 bytes,    1381408 total
- age   7:      19792 bytes,    1401200 total
- age   8:       5736 bytes,    1406936 total
: 89979K->2233K(109248K), 0.0205080 secs] 110642K->22962K(502464K), 0.0205640 secs] [Times: user=0.02 sys=0.00, real=0.02 secs] 
Heap after GC invocations=44 (full 0):
 par new generation   total 109248K, used 2233K [0x00000000d5a00000, 0x00000000dda00000, 0x00000000dda00000)
  eden space 87424K,   0% used [0x00000000d5a00000, 0x00000000d5a00000, 0x00000000daf60000)
  from space 21824K,  10% used [0x00000000daf60000, 0x00000000db18e660, 0x00000000dc4b0000)
  to   space 21824K,   0% used [0x00000000dc4b0000, 0x00000000dc4b0000, 0x00000000dda00000)
 concurrent mark-sweep generation total 393216K, used 20729K [0x00000000dda00000, 0x00000000f5a00000, 0x00000000f5a00000)
 concurrent-mark-sweep perm gen total 31232K, used 31092K [0x00000000f5a00000, 0x00000000f7880000, 0x0000000100000000)
}
2015-12-17T08:31:29.557+0000: 8553.290: Total time for which application threads were stopped: 0.0206740 seconds, Stopping threads took: 0.0000210 seconds
2015-12-17T08:31:37.187+0000: 8560.920: Total time for which application threads were stopped: 0.0001640 seconds, Stopping threads took: 0.0000370 seconds
2015-12-17T08:31:38.187+0000: 8561.920: Total time for which application threads were stopped: 0.0001840 seconds, Stopping threads took: 0.0000390 seconds
2015-12-17T08:32:09.596+0000: 8593.328: Total time for which application threads were stopped: 0.0001220 seconds, Stopping threads took: 0.0000220 seconds
2015-12-17T08:32:14.570+0000: 8598.303: Total time for which application threads were stopped: 0.0001950 seconds, Stopping threads took: 0.0000220 seconds
2015-12-17T08:32:14.579+0000: 8598.311: Total time for which application threads were stopped: 0.0020550 seconds, Stopping threads took: 0.0020230 seconds
2015-12-17T08:32:14.582+0000: 8598.315: Total time for which application threads were stopped: 0.0000340 seconds, Stopping threads took: 0.0000120 seconds
2015-12-17T08:32:14.616+0000: 8598.349: Total time for which application threads were stopped: 0.0000520 seconds, Stopping threads took: 0.0000160 seconds
2015-12-17T08:32:14.618+0000: 8598.351: Total time for which application threads were stopped: 0.0000340 seconds, Stopping threads took: 0.0000120 seconds
2015-12-17T08:32:14.626+0000: 8598.358: Total time for which application threads were stopped: 0.0000710 seconds, Stopping threads took: 0.0000240 seconds
{Heap before GC invocations=44 (full 0):
 par new generation   total 109248K, used 89657K [0x00000000d5a00000, 0x00000000dda00000, 0x00000000dda00000)
  eden space 87424K, 100% used [0x00000000d5a00000, 0x00000000daf60000, 0x00000000daf60000)
  from space 21824K,  10% used [0x00000000daf60000, 0x00000000db18e660, 0x00000000dc4b0000)
  to   space 21824K,   0% used [0x00000000dc4b0000, 0x00000000dc4b0000, 0x00000000dda00000)
 concurrent mark-sweep generation total 393216K, used 20729K [0x00000000dda00000, 0x00000000f5a00000, 0x00000000f5a00000)
 concurrent-mark-sweep perm gen total 31232K, used 31092K [0x00000000f5a00000, 0x00000000f7880000, 0x0000000100000000)
2015-12-17T08:32:14.642+0000: 8598.374: [GC2015-12-17T08:32:14.642+0000: 8598.374: [ParNew
Desired survivor size 20112992 bytes, new threshold 8 (max 8)
- age   1:    1987936 bytes,    1987936 total
- age   2:      16272 bytes,    2004208 total
- age   3:      91848 bytes,    2096056 total
- age   4:      55928 bytes,    2151984 total
- age   5:       1008 bytes,    2152992 total
- age   6:       2120 bytes,    2155112 total
- age   7:       7136 bytes,    2162248 total
- age   8:      19792 bytes,    2182040 total
: 89657K->2173K(109248K), 0.0248730 secs] 110386K->22908K(502464K), 0.0249500 secs] [Times: user=0.02 sys=0.00, real=0.02 secs] 
Heap after GC invocations=45 (full 0):
 par new generation   total 109248K, used 2173K [0x00000000d5a00000, 0x00000000dda00000, 0x00000000dda00000)
  eden space 87424K,   0% used [0x00000000d5a00000, 0x00000000d5a00000, 0x00000000daf60000)
  from space 21824K,   9% used [0x00000000dc4b0000, 0x00000000dc6cf468, 0x00000000dda00000)
  to   space 21824K,   0% used [0x00000000daf60000, 0x00000000daf60000, 0x00000000dc4b0000)
 concurrent mark-sweep generation total 393216K, used 20734K [0x00000000dda00000, 0x00000000f5a00000, 0x00000000f5a00000)
 concurrent-mark-sweep perm gen total 31232K, used 31092K [0x00000000f5a00000, 0x00000000f7880000, 0x0000000100000000)
}
2015-12-17T08:32:14.667+0000: 8598.399: Total time for which application threads were stopped: 0.0251060 seconds, Stopping threads took: 0.0000380 seconds
2015-12-17T08:32:18.876+0000: 8602.608: Total time for which application threads were stopped: 0.0001200 seconds, Stopping threads took: 0.0000210 seconds
2015-12-17T08:32:18.883+0000: 8602.615: Total time for which application threads were stopped: 0.0000360 seconds, Stopping threads took: 0.0000120 seconds
2015-12-17T08:32:18.888+0000: 8602.621: Total time for which application threads were stopped: 0.0000370 seconds, Stopping threads took: 0.0000120 seconds
2015-12-17T08:32:18.895+0000: 8602.627: Total time for which application threads were stopped: 0.0020850 seconds, Stopping threads took: 0.0020260 seconds
{Heap before GC invocations=45 (full 0):
 par new generation   total 109248K, used 89597K [0x00000000d5a00000, 0x00000000dda00000, 0x00000000dda00000)
  eden space 87424K, 100% used [0x00000000d5a00000, 0x00000000daf60000, 0x00000000daf60000)
  from space 21824K,   9% used [0x00000000dc4b0000, 0x00000000dc6cf468, 0x00000000dda00000)
  to   space 21824K,   0% used [0x00000000daf60000, 0x00000000daf60000, 0x00000000dc4b0000)
 concurrent mark-sweep generation total 393216K, used 20734K [0x00000000dda00000, 0x00000000f5a00000, 0x00000000f5a00000)
 concurrent-mark-sweep perm gen total 31232K, used 31092K [0x00000000f5a00000, 0x00000000f7880000, 0x0000000100000000)
2015-12-17T08:32:58.018+0000: 8641.751: [GC2015-12-17T08:32:58.018+0000: 8641.751: [ParNew
Desired survivor size 20112992 bytes, new threshold 8 (max 8)
- age   1:    2063952 bytes,    2063952 total
- age   2:      78480 bytes,    2142432 total
- age   3:      14976 bytes,    2157408 total
- age   4:      90760 bytes,    2248168 total
- age   5:      47656 bytes,    2295824 total
- age   6:       1008 bytes,    2296832 total
- age   7:       2120 bytes,    2298952 total
- age   8:       7136 bytes,    2306088 total
: 89597K->3142K(109248K), 0.0222790 secs] 110332K->23896K(502464K), 0.0223270 secs] [Times: user=0.03 sys=0.00, real=0.03 secs] 
Heap after GC invocations=46 (full 0):
 par new generation   total 109248K, used 3142K [0x00000000d5a00000, 0x00000000dda00000, 0x00000000dda00000)
  eden space 87424K,   0% used [0x00000000d5a00000, 0x00000000d5a00000, 0x00000000daf60000)
  from space 21824K,  14% used [0x00000000daf60000, 0x00000000db271a40, 0x00000000dc4b0000)
  to   space 21824K,   0% used [0x00000000dc4b0000, 0x00000000dc4b0000, 0x00000000dda00000)
 concurrent mark-sweep generation total 393216K, used 20754K [0x00000000dda00000, 0x00000000f5a00000, 0x00000000f5a00000)
 concurrent-mark-sweep perm gen total 31232K, used 31092K [0x00000000f5a00000, 0x00000000f7880000, 0x0000000100000000)
}
2015-12-17T08:32:58.041+0000: 8641.773: Total time for which application threads were stopped: 0.0262130 seconds, Stopping threads took: 0.0037340 seconds
2015-12-17T08:34:16.784+0000: 8720.517: Total time for which application threads were stopped: 0.0021600 seconds, Stopping threads took: 0.0020450 seconds
2015-12-17T08:34:16.852+0000: 8720.585: Total time for which application threads were stopped: 0.0007840 seconds, Stopping threads took: 0.0007420 seconds
2015-12-17T08:34:40.308+0000: 8744.041: Total time for which application threads were stopped: 0.0001150 seconds, Stopping threads took: 0.0000200 seconds
2015-12-17T08:34:40.314+0000: 8744.047: Total time for which application threads were stopped: 0.0000380 seconds, Stopping threads took: 0.0000110 seconds
2015-12-17T08:38:18.200+0000: 8961.933: Total time for which application threads were stopped: 0.0001360 seconds, Stopping threads took: 0.0000360 seconds
2015-12-17T08:38:18.409+0000: 8962.141: Total time for which application threads were stopped: 0.0000720 seconds, Stopping threads took: 0.0000240 seconds
2015-12-17T08:38:18.415+0000: 8962.147: Total time for which application threads were stopped: 0.0000430 seconds, Stopping threads took: 0.0000150 seconds
2015-12-17T08:38:18.415+0000: 8962.148: Total time for which application threads were stopped: 0.0000340 seconds, Stopping threads took: 0.0000110 seconds
2015-12-17T08:38:18.420+0000: 8962.153: Total time for which application threads were stopped: 0.0000340 seconds, Stopping threads took: 0.0000110 seconds
2015-12-17T08:38:18.421+0000: 8962.154: Total time for which application threads were stopped: 0.0000430 seconds, Stopping threads took: 0.0000180 seconds
2015-12-17T08:38:18.422+0000: 8962.154: Total time for which application threads were stopped: 0.0001440 seconds, Stopping threads took: 0.0000180 seconds
2015-12-17T08:38:18.472+0000: 8962.205: Total time for which application threads were stopped: 0.0000720 seconds, Stopping threads took: 0.0000270 seconds
2015-12-17T08:38:18.473+0000: 8962.206: Total time for which application threads were stopped: 0.0000350 seconds, Stopping threads took: 0.0000110 seconds
2015-12-17T08:38:18.476+0000: 8962.208: Total time for which application threads were stopped: 0.0000350 seconds, Stopping threads took: 0.0000120 seconds
2015-12-17T08:38:18.476+0000: 8962.208: Total time for which application threads were stopped: 0.0000250 seconds, Stopping threads took: 0.0000080 seconds
2015-12-17T08:38:18.853+0000: 8962.585: Total time for which application threads were stopped: 0.0001640 seconds, Stopping threads took: 0.0000310 seconds
2015-12-17T08:38:18.853+0000: 8962.586: Total time for which application threads were stopped: 0.0000530 seconds, Stopping threads took: 0.0000320 seconds
2015-12-17T08:38:22.550+0000: 8966.282: Total time for which application threads were stopped: 0.0001740 seconds, Stopping threads took: 0.0000300 seconds
{Heap before GC invocations=46 (full 0):
 par new generation   total 109248K, used 90566K [0x00000000d5a00000, 0x00000000dda00000, 0x00000000dda00000)
  eden space 87424K, 100% used [0x00000000d5a00000, 0x00000000daf60000, 0x00000000daf60000)
  from space 21824K,  14% used [0x00000000daf60000, 0x00000000db271a40, 0x00000000dc4b0000)
  to   space 21824K,   0% used [0x00000000dc4b0000, 0x00000000dc4b0000, 0x00000000dda00000)
 concurrent mark-sweep generation total 393216K, used 20754K [0x00000000dda00000, 0x00000000f5a00000, 0x00000000f5a00000)
 concurrent-mark-sweep perm gen total 31232K, used 31092K [0x00000000f5a00000, 0x00000000f7880000, 0x0000000100000000)
2015-12-17T08:38:29.353+0000: 8973.086: [GC2015-12-17T08:38:29.353+0000: 8973.086: [ParNew
Desired survivor size 20112992 bytes, new threshold 8 (max 8)
- age   1:    1297280 bytes,    1297280 total
- age   2:       6488 bytes,    1303768 total
- age   3:       5640 bytes,    1309408 total
- age   4:        864 bytes,    1310272 total
- age   5:      16040 bytes,    1326312 total
- age   6:      45728 bytes,    1372040 total
- age   7:       1008 bytes,    1373048 total
- age   8:       2120 bytes,    1375168 total
: 90566K->1940K(109248K), 0.0199830 secs] 111320K->22701K(502464K), 0.0200240 secs] [Times: user=0.02 sys=0.00, real=0.02 secs] 
Heap after GC invocations=47 (full 0):
 par new generation   total 109248K, used 1940K [0x00000000d5a00000, 0x00000000dda00000, 0x00000000dda00000)
  eden space 87424K,   0% used [0x00000000d5a00000, 0x00000000d5a00000, 0x00000000daf60000)
  from space 21824K,   8% used [0x00000000dc4b0000, 0x00000000dc6950a0, 0x00000000dda00000)
  to   space 21824K,   0% used [0x00000000daf60000, 0x00000000daf60000, 0x00000000dc4b0000)
 concurrent mark-sweep generation total 393216K, used 20761K [0x00000000dda00000, 0x00000000f5a00000, 0x00000000f5a00000)
 concurrent-mark-sweep perm gen total 31232K, used 31092K [0x00000000f5a00000, 0x00000000f7880000, 0x0000000100000000)
}
2015-12-17T08:38:29.373+0000: 8973.106: Total time for which application threads were stopped: 0.0202310 seconds, Stopping threads took: 0.0000330 seconds
2015-12-17T08:38:31.233+0000: 8974.966: Total time for which application threads were stopped: 0.0001280 seconds, Stopping threads took: 0.0000270 seconds
2015-12-17T08:38:39.234+0000: 8982.967: Total time for which application threads were stopped: 0.0001340 seconds, Stopping threads took: 0.0000260 seconds
{Heap before GC invocations=47 (full 0):
 par new generation   total 109248K, used 89364K [0x00000000d5a00000, 0x00000000dda00000, 0x00000000dda00000)
  eden space 87424K, 100% used [0x00000000d5a00000, 0x00000000daf60000, 0x00000000daf60000)
  from space 21824K,   8% used [0x00000000dc4b0000, 0x00000000dc6950a0, 0x00000000dda00000)
  to   space 21824K,   0% used [0x00000000daf60000, 0x00000000daf60000, 0x00000000dc4b0000)
 concurrent mark-sweep generation total 393216K, used 20761K [0x00000000dda00000, 0x00000000f5a00000, 0x00000000f5a00000)
 concurrent-mark-sweep perm gen total 31232K, used 31093K [0x00000000f5a00000, 0x00000000f7880000, 0x0000000100000000)
2015-12-17T08:39:24.502+0000: 9028.235: [GC2015-12-17T08:39:24.502+0000: 9028.235: [ParNew
Desired survivor size 20112992 bytes, new threshold 8 (max 8)
- age   1:    1200424 bytes,    1200424 total
- age   2:      81480 bytes,    1281904 total
- age   3:       4168 bytes,    1286072 total
- age   4:       5640 bytes,    1291712 total
- age   5:        864 bytes,    1292576 total
- age   6:      13128 bytes,    1305704 total
- age   7:      45728 bytes,    1351432 total
- age   8:       1008 bytes,    1352440 total
: 89364K->1860K(109248K), 0.0221150 secs] 110125K->22623K(502464K), 0.0221910 secs] [Times: user=0.03 sys=0.00, real=0.02 secs] 
Heap after GC invocations=48 (full 0):
 par new generation   total 109248K, used 1860K [0x00000000d5a00000, 0x00000000dda00000, 0x00000000dda00000)
  eden space 87424K,   0% used [0x00000000d5a00000, 0x00000000d5a00000, 0x00000000daf60000)
  from space 21824K,   8% used [0x00000000daf60000, 0x00000000db1312b8, 0x00000000dc4b0000)
  to   space 21824K,   0% used [0x00000000dc4b0000, 0x00000000dc4b0000, 0x00000000dda00000)
 concurrent mark-sweep generation total 393216K, used 20763K [0x00000000dda00000, 0x00000000f5a00000, 0x00000000f5a00000)
 concurrent-mark-sweep perm gen total 31232K, used 31093K [0x00000000f5a00000, 0x00000000f7880000, 0x0000000100000000)
}
2015-12-17T08:39:24.525+0000: 9028.257: Total time for which application threads were stopped: 0.0224020 seconds, Stopping threads took: 0.0000500 seconds
2015-12-17T08:39:25.915+0000: 9029.648: Total time for which application threads were stopped: 0.0001810 seconds, Stopping threads took: 0.0000320 seconds
2015-12-17T08:39:26.375+0000: 9030.108: Total time for which application threads were stopped: 0.0000660 seconds, Stopping threads took: 0.0000220 seconds
2015-12-17T08:40:56.996+0000: 9120.728: Total time for which application threads were stopped: 0.0001410 seconds, Stopping threads took: 0.0000340 seconds
2015-12-17T08:40:57.003+0000: 9120.736: Total time for which application threads were stopped: 0.0000360 seconds, Stopping threads took: 0.0000120 seconds
2015-12-17T08:40:57.005+0000: 9120.738: Total time for which application threads were stopped: 0.0000300 seconds, Stopping threads took: 0.0000100 seconds
2015-12-17T08:40:59.566+0000: 9123.299: Total time for which application threads were stopped: 0.0001310 seconds, Stopping threads took: 0.0000360 seconds
2015-12-17T08:40:59.574+0000: 9123.306: Total time for which application threads were stopped: 0.0000480 seconds, Stopping threads took: 0.0000120 seconds
2015-12-17T08:40:59.579+0000: 9123.312: Total time for which application threads were stopped: 0.0000330 seconds, Stopping threads took: 0.0000110 seconds
2015-12-17T08:40:59.601+0000: 9123.334: Total time for which application threads were stopped: 0.0000480 seconds, Stopping threads took: 0.0000150 seconds
{Heap before GC invocations=48 (full 0):
 par new generation   total 109248K, used 89284K [0x00000000d5a00000, 0x00000000dda00000, 0x00000000dda00000)
  eden space 87424K, 100% used [0x00000000d5a00000, 0x00000000daf60000, 0x00000000daf60000)
  from space 21824K,   8% used [0x00000000daf60000, 0x00000000db1312b8, 0x00000000dc4b0000)
  to   space 21824K,   0% used [0x00000000dc4b0000, 0x00000000dc4b0000, 0x00000000dda00000)
 concurrent mark-sweep generation total 393216K, used 20763K [0x00000000dda00000, 0x00000000f5a00000, 0x00000000f5a00000)
 concurrent-mark-sweep perm gen total 31232K, used 31093K [0x00000000f5a00000, 0x00000000f7880000, 0x0000000100000000)
2015-12-17T08:40:59.621+0000: 9123.354: [GC2015-12-17T08:40:59.621+0000: 9123.354: [ParNew
Desired survivor size 20112992 bytes, new threshold 8 (max 8)
- age   1:    2091232 bytes,    2091232 total
- age   2:      74192 bytes,    2165424 total
- age   3:       8000 bytes,    2173424 total
- age   4:       4168 bytes,    2177592 total
- age   5:       5640 bytes,    2183232 total
- age   6:        864 bytes,    2184096 total
- age   7:      13128 bytes,    2197224 total
- age   8:      45728 bytes,    2242952 total
: 89284K->2539K(109248K), 0.0269280 secs] 110047K->23303K(502464K), 0.0270320 secs] [Times: user=0.03 sys=0.00, real=0.02 secs] 
Heap after GC invocations=49 (full 0):
 par new generation   total 109248K, used 2539K [0x00000000d5a00000, 0x00000000dda00000, 0x00000000dda00000)
  eden space 87424K,   0% used [0x00000000d5a00000, 0x00000000d5a00000, 0x00000000daf60000)
  from space 21824K,  11% used [0x00000000dc4b0000, 0x00000000dc72ad70, 0x00000000dda00000)
  to   space 21824K,   0% used [0x00000000daf60000, 0x00000000daf60000, 0x00000000dc4b0000)
 concurrent mark-sweep generation total 393216K, used 20764K [0x00000000dda00000, 0x00000000f5a00000, 0x00000000f5a00000)
 concurrent-mark-sweep perm gen total 31232K, used 31093K [0x00000000f5a00000, 0x00000000f7880000, 0x0000000100000000)
}
2015-12-17T08:40:59.648+0000: 9123.381: Total time for which application threads were stopped: 0.0271780 seconds, Stopping threads took: 0.0000350 seconds
2015-12-17T08:41:01.282+0000: 9125.015: Total time for which application threads were stopped: 0.0001220 seconds, Stopping threads took: 0.0000230 seconds
2015-12-17T08:41:01.286+0000: 9125.019: Total time for which application threads were stopped: 0.0000500 seconds, Stopping threads took: 0.0000160 seconds
2015-12-17T08:41:01.327+0000: 9125.059: Total time for which application threads were stopped: 0.0000670 seconds, Stopping threads took: 0.0000220 seconds
2015-12-17T08:41:01.328+0000: 9125.060: Total time for which application threads were stopped: 0.0000490 seconds, Stopping threads took: 0.0000220 seconds
2015-12-17T08:41:01.722+0000: 9125.455: Total time for which application threads were stopped: 0.0000790 seconds, Stopping threads took: 0.0000320 seconds
2015-12-17T08:41:05.585+0000: 9129.318: Total time for which application threads were stopped: 0.0001360 seconds, Stopping threads took: 0.0000310 seconds
2015-12-17T08:41:06.174+0000: 9129.907: Total time for which application threads were stopped: 0.0001380 seconds, Stopping threads took: 0.0000320 seconds
2015-12-17T08:41:08.175+0000: 9131.907: Total time for which application threads were stopped: 0.0001430 seconds, Stopping threads took: 0.0000260 seconds
2015-12-17T08:41:21.180+0000: 9144.912: Total time for which application threads were stopped: 0.0032400 seconds, Stopping threads took: 0.0031410 seconds
2015-12-17T08:50:34.107+0000: 9697.840: Total time for which application threads were stopped: 0.0001810 seconds, Stopping threads took: 0.0000360 seconds
2015-12-17T08:50:34.109+0000: 9697.841: Total time for which application threads were stopped: 0.0000440 seconds, Stopping threads took: 0.0000110 seconds
{Heap before GC invocations=49 (full 0):
 par new generation   total 109248K, used 89963K [0x00000000d5a00000, 0x00000000dda00000, 0x00000000dda00000)
  eden space 87424K, 100% used [0x00000000d5a00000, 0x00000000daf60000, 0x00000000daf60000)
  from space 21824K,  11% used [0x00000000dc4b0000, 0x00000000dc72ad70, 0x00000000dda00000)
  to   space 21824K,   0% used [0x00000000daf60000, 0x00000000daf60000, 0x00000000dc4b0000)
 concurrent mark-sweep generation total 393216K, used 20764K [0x00000000dda00000, 0x00000000f5a00000, 0x00000000f5a00000)
 concurrent-mark-sweep perm gen total 31232K, used 31096K [0x00000000f5a00000, 0x00000000f7880000, 0x0000000100000000)
2015-12-17T08:50:34.127+0000: 9697.859: [GC2015-12-17T08:50:34.127+0000: 9697.859: [ParNew
Desired survivor size 20112992 bytes, new threshold 8 (max 8)
- age   1:    1330904 bytes,    1330904 total
- age   2:       6752 bytes,    1337656 total
- age   3:       8728 bytes,    1346384 total
- age   4:       6544 bytes,    1352928 total
- age   5:       4168 bytes,    1357096 total
- age   6:       5640 bytes,    1362736 total
- age   7:        864 bytes,    1363600 total
- age   8:      13128 bytes,    1376728 total
: 89963K->2634K(109248K), 0.0183380 secs] 110727K->23444K(502464K), 0.0183930 secs] [Times: user=0.01 sys=0.00, real=0.02 secs] 
Heap after GC invocations=50 (full 0):
 par new generation   total 109248K, used 2634K [0x00000000d5a00000, 0x00000000dda00000, 0x00000000dda00000)
  eden space 87424K,   0% used [0x00000000d5a00000, 0x00000000d5a00000, 0x00000000daf60000)
  from space 21824K,  12% used [0x00000000daf60000, 0x00000000db1f2b30, 0x00000000dc4b0000)
  to   space 21824K,   0% used [0x00000000dc4b0000, 0x00000000dc4b0000, 0x00000000dda00000)
 concurrent mark-sweep generation total 393216K, used 20809K [0x00000000dda00000, 0x00000000f5a00000, 0x00000000f5a00000)
 concurrent-mark-sweep perm gen total 31232K, used 31096K [0x00000000f5a00000, 0x00000000f7880000, 0x0000000100000000)
}
2015-12-17T08:50:34.145+0000: 9697.878: Total time for which application threads were stopped: 0.0213200 seconds, Stopping threads took: 0.0028320 seconds
2015-12-17T08:50:34.147+0000: 9697.880: Total time for which application threads were stopped: 0.0000970 seconds, Stopping threads took: 0.0000600 seconds
2015-12-17T08:50:35.156+0000: 9698.889: Total time for which application threads were stopped: 0.0001330 seconds, Stopping threads took: 0.0000270 seconds
2015-12-17T08:51:25.164+0000: 9748.897: Total time for which application threads were stopped: 0.0001400 seconds, Stopping threads took: 0.0000450 seconds
2015-12-17T08:57:19.807+0000: 10103.539: Total time for which application threads were stopped: 0.0001130 seconds, Stopping threads took: 0.0000250 seconds
2015-12-17T08:57:19.807+0000: 10103.540: Total time for which application threads were stopped: 0.0000330 seconds, Stopping threads took: 0.0000180 seconds
2015-12-17T08:57:19.807+0000: 10103.540: Total time for which application threads were stopped: 0.0000280 seconds, Stopping threads took: 0.0000150 seconds
2015-12-17T08:57:19.807+0000: 10103.540: Total time for which application threads were stopped: 0.0000320 seconds, Stopping threads took: 0.0000180 seconds
2015-12-17T08:57:19.807+0000: 10103.540: Total time for which application threads were stopped: 0.0000990 seconds, Stopping threads took: 0.0000160 seconds
2015-12-17T08:57:19.847+0000: 10103.580: Total time for which application threads were stopped: 0.0000930 seconds, Stopping threads took: 0.0000400 seconds
2015-12-17T08:57:19.849+0000: 10103.581: Total time for which application threads were stopped: 0.0000390 seconds, Stopping threads took: 0.0000200 seconds
2015-12-17T08:57:19.850+0000: 10103.583: Total time for which application threads were stopped: 0.0000300 seconds, Stopping threads took: 0.0000110 seconds
2015-12-17T08:57:19.850+0000: 10103.583: Total time for which application threads were stopped: 0.0000360 seconds, Stopping threads took: 0.0000190 seconds
2015-12-17T08:57:19.851+0000: 10103.584: Total time for which application threads were stopped: 0.0000360 seconds, Stopping threads took: 0.0000190 seconds
2015-12-17T08:57:19.851+0000: 10103.584: Total time for which application threads were stopped: 0.0000330 seconds, Stopping threads took: 0.0000170 seconds
2015-12-17T08:57:19.851+0000: 10103.584: Total time for which application threads were stopped: 0.0000350 seconds, Stopping threads took: 0.0000180 seconds
2015-12-17T08:57:19.851+0000: 10103.584: Total time for which application threads were stopped: 0.0000290 seconds, Stopping threads took: 0.0000150 seconds
2015-12-17T08:57:19.851+0000: 10103.584: Total time for which application threads were stopped: 0.0000290 seconds, Stopping threads took: 0.0000160 seconds
2015-12-17T08:57:19.851+0000: 10103.584: Total time for which application threads were stopped: 0.0000290 seconds, Stopping threads took: 0.0000150 seconds
2015-12-17T08:57:19.851+0000: 10103.584: Total time for which application threads were stopped: 0.0000300 seconds, Stopping threads took: 0.0000160 seconds
2015-12-17T08:57:19.864+0000: 10103.597: Total time for which application threads were stopped: 0.0000900 seconds, Stopping threads took: 0.0000280 seconds
2015-12-17T08:57:19.865+0000: 10103.597: Total time for which application threads were stopped: 0.0000320 seconds, Stopping threads took: 0.0000170 seconds
2015-12-17T08:57:19.865+0000: 10103.597: Total time for which application threads were stopped: 0.0000530 seconds, Stopping threads took: 0.0000160 seconds
2015-12-17T08:57:19.865+0000: 10103.597: Total time for which application threads were stopped: 0.0000320 seconds, Stopping threads took: 0.0000170 seconds
2015-12-17T08:57:19.865+0000: 10103.598: Total time for which application threads were stopped: 0.0000290 seconds, Stopping threads took: 0.0000160 seconds
2015-12-17T08:57:19.867+0000: 10103.600: Total time for which application threads were stopped: 0.0000380 seconds, Stopping threads took: 0.0000210 seconds
2015-12-17T08:57:19.867+0000: 10103.600: Total time for which application threads were stopped: 0.0000320 seconds, Stopping threads took: 0.0000170 seconds
2015-12-17T08:57:19.867+0000: 10103.600: Total time for which application threads were stopped: 0.0000430 seconds, Stopping threads took: 0.0000280 seconds
2015-12-17T08:57:19.873+0000: 10103.605: Total time for which application threads were stopped: 0.0000420 seconds, Stopping threads took: 0.0000190 seconds
2015-12-17T08:57:19.873+0000: 10103.605: Total time for which application threads were stopped: 0.0000330 seconds, Stopping threads took: 0.0000160 seconds
2015-12-17T08:57:19.875+0000: 10103.608: Total time for which application threads were stopped: 0.0000360 seconds, Stopping threads took: 0.0000190 seconds
2015-12-17T08:57:19.875+0000: 10103.608: Total time for which application threads were stopped: 0.0000290 seconds, Stopping threads took: 0.0000160 seconds
2015-12-17T08:57:19.875+0000: 10103.608: Total time for which application threads were stopped: 0.0000260 seconds, Stopping threads took: 0.0000140 seconds
2015-12-17T08:57:19.875+0000: 10103.608: Total time for which application threads were stopped: 0.0000390 seconds, Stopping threads took: 0.0000140 seconds
2015-12-17T08:57:19.877+0000: 10103.610: Total time for which application threads were stopped: 0.0000430 seconds, Stopping threads took: 0.0000180 seconds
2015-12-17T08:57:19.877+0000: 10103.610: Total time for which application threads were stopped: 0.0000320 seconds, Stopping threads took: 0.0000170 seconds
2015-12-17T08:57:19.877+0000: 10103.610: Total time for which application threads were stopped: 0.0000290 seconds, Stopping threads took: 0.0000160 seconds
2015-12-17T08:57:19.877+0000: 10103.610: Total time for which application threads were stopped: 0.0000280 seconds, Stopping threads took: 0.0000150 seconds
2015-12-17T08:57:19.883+0000: 10103.616: Total time for which application threads were stopped: 0.0000460 seconds, Stopping threads took: 0.0000210 seconds
2015-12-17T08:57:19.883+0000: 10103.616: Total time for which application threads were stopped: 0.0000330 seconds, Stopping threads took: 0.0000170 seconds
2015-12-17T08:57:19.883+0000: 10103.616: Total time for which application threads were stopped: 0.0000300 seconds, Stopping threads took: 0.0000160 seconds
2015-12-17T08:57:19.883+0000: 10103.616: Total time for which application threads were stopped: 0.0000300 seconds, Stopping threads took: 0.0000160 seconds
2015-12-17T08:57:19.888+0000: 10103.621: Total time for which application threads were stopped: 0.0000440 seconds, Stopping threads took: 0.0000200 seconds
2015-12-17T08:57:19.888+0000: 10103.621: Total time for which application threads were stopped: 0.0000320 seconds, Stopping threads took: 0.0000160 seconds
2015-12-17T08:57:19.888+0000: 10103.621: Total time for which application threads were stopped: 0.0000300 seconds, Stopping threads took: 0.0000160 seconds
2015-12-17T08:57:19.888+0000: 10103.621: Total time for which application threads were stopped: 0.0000290 seconds, Stopping threads took: 0.0000160 seconds
2015-12-17T08:57:19.888+0000: 10103.621: Total time for which application threads were stopped: 0.0000340 seconds, Stopping threads took: 0.0000180 seconds
2015-12-17T08:57:19.894+0000: 10103.627: Total time for which application threads were stopped: 0.0000400 seconds, Stopping threads took: 0.0000210 seconds
2015-12-17T08:57:19.897+0000: 10103.630: Total time for which application threads were stopped: 0.0000370 seconds, Stopping threads took: 0.0000190 seconds
Heap
 par new generation   total 109248K, used 59353K [0x00000000d5a00000, 0x00000000dda00000, 0x00000000dda00000)
  eden space 87424K,  64% used [0x00000000d5a00000, 0x00000000d9163a58, 0x00000000daf60000)
  from space 21824K,  12% used [0x00000000daf60000, 0x00000000db1f2b30, 0x00000000dc4b0000)
  to   space 21824K,   0% used [0x00000000dc4b0000, 0x00000000dc4b0000, 0x00000000dda00000)
 concurrent mark-sweep generation total 393216K, used 20809K [0x00000000dda00000, 0x00000000f5a00000, 0x00000000f5a00000)
 concurrent-mark-sweep perm gen total 31232K, used 31188K [0x00000000f5a00000, 0x00000000f7880000, 0x0000000100000000)
