OpenJDK 64-Bit Server VM (24.85-b03) for linux-amd64 JRE (1.7.0_85-b01), built on Oct 22 2015 06:46:50 by "buildd" with gcc 4.8.2
Memory: 4k page, physical 1016280k(499524k free), swap 0k(0k free)
CommandLine flags: -XX:CMSFullGCsBeforeCompaction=1 -XX:CMSInitiatingOccupancyFraction=50 -XX:CMSMaxAbortablePrecleanTime=6000 -XX:+CMSParallelRemarkEnabled -XX:+CMSScavengeBeforeRemark -XX:CMSTriggerPermRatio=80 -XX:ConcGCThreads=4 -XX:InitialHeapSize=536870912 -XX:MaxHeapSize=536870912 -XX:MaxTenuringThreshold=8 -XX:NewRatio=3 -XX:OldPLABSize=16 -XX:ParallelGCThreads=4 -XX:+ParallelRefProcEnabled -XX:PretenureSizeThreshold=67108864 -XX:+PrintGC -XX:+PrintGCApplicationStoppedTime -XX:+PrintGCDateStamps -XX:+PrintGCDetails -XX:+PrintGCTimeStamps -XX:+PrintHeapAtGC -XX:+PrintTenuringDistribution -XX:SurvivorRatio=4 -XX:TargetSurvivorRatio=90 -XX:ThreadStackSize=256 -XX:+UseCMSInitiatingOccupancyOnly -XX:+UseCompressedOops -XX:+UseConcMarkSweepGC -XX:+UseParNewGC 
{Heap before GC invocations=0 (full 0):
 par new generation   total 109248K, used 87424K [0x00000000d5a00000, 0x00000000dda00000, 0x00000000dda00000)
  eden space 87424K, 100% used [0x00000000d5a00000, 0x00000000daf60000, 0x00000000daf60000)
  from space 21824K,   0% used [0x00000000daf60000, 0x00000000daf60000, 0x00000000dc4b0000)
  to   space 21824K,   0% used [0x00000000dc4b0000, 0x00000000dc4b0000, 0x00000000dda00000)
 concurrent mark-sweep generation total 393216K, used 0K [0x00000000dda00000, 0x00000000f5a00000, 0x00000000f5a00000)
 concurrent-mark-sweep perm gen total 21248K, used 10324K [0x00000000f5a00000, 0x00000000f6ec0000, 0x0000000100000000)
2015-12-12T07:31:45.010+0000: 1.550: [GC2015-12-12T07:31:45.010+0000: 1.550: [ParNew
Desired survivor size 20112992 bytes, new threshold 8 (max 8)
- age   1:    5528552 bytes,    5528552 total
: 87424K->5467K(109248K), 0.0268320 secs] 87424K->5467K(502464K), 0.0269080 secs] [Times: user=0.02 sys=0.01, real=0.02 secs] 
Heap after GC invocations=1 (full 0):
 par new generation   total 109248K, used 5467K [0x00000000d5a00000, 0x00000000dda00000, 0x00000000dda00000)
  eden space 87424K,   0% used [0x00000000d5a00000, 0x00000000d5a00000, 0x00000000daf60000)
  from space 21824K,  25% used [0x00000000dc4b0000, 0x00000000dca06df8, 0x00000000dda00000)
  to   space 21824K,   0% used [0x00000000daf60000, 0x00000000daf60000, 0x00000000dc4b0000)
 concurrent mark-sweep generation total 393216K, used 0K [0x00000000dda00000, 0x00000000f5a00000, 0x00000000f5a00000)
 concurrent-mark-sweep perm gen total 21248K, used 10324K [0x00000000f5a00000, 0x00000000f6ec0000, 0x0000000100000000)
}
2015-12-12T07:31:45.037+0000: 1.577: Total time for which application threads were stopped: 0.0270930 seconds, Stopping threads took: 0.0000260 seconds
2015-12-12T07:31:46.025+0000: 2.565: Total time for which application threads were stopped: 0.0001570 seconds, Stopping threads took: 0.0000270 seconds
2015-12-12T07:31:46.364+0000: 2.904: Total time for which application threads were stopped: 0.0001360 seconds, Stopping threads took: 0.0000320 seconds
2015-12-12T07:31:47.365+0000: 3.905: Total time for which application threads were stopped: 0.0002570 seconds, Stopping threads took: 0.0001540 seconds
{Heap before GC invocations=1 (full 0):
 par new generation   total 109248K, used 92891K [0x00000000d5a00000, 0x00000000dda00000, 0x00000000dda00000)
  eden space 87424K, 100% used [0x00000000d5a00000, 0x00000000daf60000, 0x00000000daf60000)
  from space 21824K,  25% used [0x00000000dc4b0000, 0x00000000dca06df8, 0x00000000dda00000)
  to   space 21824K,   0% used [0x00000000daf60000, 0x00000000daf60000, 0x00000000dc4b0000)
 concurrent mark-sweep generation total 393216K, used 0K [0x00000000dda00000, 0x00000000f5a00000, 0x00000000f5a00000)
 concurrent-mark-sweep perm gen total 21248K, used 19739K [0x00000000f5a00000, 0x00000000f6ec0000, 0x0000000100000000)
2015-12-12T07:31:47.379+0000: 3.919: [GC2015-12-12T07:31:47.379+0000: 3.919: [ParNew
Desired survivor size 20112992 bytes, new threshold 8 (max 8)
- age   1:    9009032 bytes,    9009032 total
- age   2:    2202968 bytes,   11212000 total
: 92891K->13213K(109248K), 0.0428650 secs] 92891K->13213K(502464K), 0.0429470 secs] [Times: user=0.04 sys=0.00, real=0.05 secs] 
Heap after GC invocations=2 (full 0):
 par new generation   total 109248K, used 13213K [0x00000000d5a00000, 0x00000000dda00000, 0x00000000dda00000)
  eden space 87424K,   0% used [0x00000000d5a00000, 0x00000000d5a00000, 0x00000000daf60000)
  from space 21824K,  60% used [0x00000000daf60000, 0x00000000dbc474f8, 0x00000000dc4b0000)
  to   space 21824K,   0% used [0x00000000dc4b0000, 0x00000000dc4b0000, 0x00000000dda00000)
 concurrent mark-sweep generation total 393216K, used 0K [0x00000000dda00000, 0x00000000f5a00000, 0x00000000f5a00000)
 concurrent-mark-sweep perm gen total 21248K, used 19739K [0x00000000f5a00000, 0x00000000f6ec0000, 0x0000000100000000)
}
2015-12-12T07:31:47.422+0000: 3.962: Total time for which application threads were stopped: 0.0430740 seconds, Stopping threads took: 0.0000280 seconds
2015-12-12T07:31:47.577+0000: 4.117: Total time for which application threads were stopped: 0.0008250 seconds, Stopping threads took: 0.0004820 seconds
2015-12-12T07:31:47.784+0000: 4.324: Total time for which application threads were stopped: 0.0001090 seconds, Stopping threads took: 0.0000350 seconds
2015-12-12T07:31:47.792+0000: 4.332: Total time for which application threads were stopped: 0.0000520 seconds, Stopping threads took: 0.0000230 seconds
2015-12-12T07:31:47.793+0000: 4.333: Total time for which application threads were stopped: 0.0000530 seconds, Stopping threads took: 0.0000300 seconds
2015-12-12T07:31:47.794+0000: 4.335: Total time for which application threads were stopped: 0.0000400 seconds, Stopping threads took: 0.0000180 seconds
2015-12-12T07:31:47.856+0000: 4.396: Total time for which application threads were stopped: 0.0000610 seconds, Stopping threads took: 0.0000300 seconds
2015-12-12T07:31:47.872+0000: 4.412: Total time for which application threads were stopped: 0.0000950 seconds, Stopping threads took: 0.0000280 seconds
{Heap before GC invocations=2 (full 0):
 par new generation   total 109248K, used 100637K [0x00000000d5a00000, 0x00000000dda00000, 0x00000000dda00000)
  eden space 87424K, 100% used [0x00000000d5a00000, 0x00000000daf60000, 0x00000000daf60000)
  from space 21824K,  60% used [0x00000000daf60000, 0x00000000dbc474f8, 0x00000000dc4b0000)
  to   space 21824K,   0% used [0x00000000dc4b0000, 0x00000000dc4b0000, 0x00000000dda00000)
 concurrent mark-sweep generation total 393216K, used 0K [0x00000000dda00000, 0x00000000f5a00000, 0x00000000f5a00000)
 concurrent-mark-sweep perm gen total 21248K, used 20968K [0x00000000f5a00000, 0x00000000f6ec0000, 0x0000000100000000)
2015-12-12T07:31:48.117+0000: 4.657: [GC2015-12-12T07:31:48.117+0000: 4.657: [ParNew
Desired survivor size 20112992 bytes, new threshold 8 (max 8)
- age   1:    1775800 bytes,    1775800 total
- age   2:    3419216 bytes,    5195016 total
- age   3:    2169608 bytes,    7364624 total
: 100637K->11366K(109248K), 0.0277590 secs] 100637K->11366K(502464K), 0.0278230 secs] [Times: user=0.02 sys=0.00, real=0.03 secs] 
Heap after GC invocations=3 (full 0):
 par new generation   total 109248K, used 11366K [0x00000000d5a00000, 0x00000000dda00000, 0x00000000dda00000)
  eden space 87424K,   0% used [0x00000000d5a00000, 0x00000000d5a00000, 0x00000000daf60000)
  from space 21824K,  52% used [0x00000000dc4b0000, 0x00000000dcfc9838, 0x00000000dda00000)
  to   space 21824K,   0% used [0x00000000daf60000, 0x00000000daf60000, 0x00000000dc4b0000)
 concurrent mark-sweep generation total 393216K, used 0K [0x00000000dda00000, 0x00000000f5a00000, 0x00000000f5a00000)
 concurrent-mark-sweep perm gen total 21248K, used 20968K [0x00000000f5a00000, 0x00000000f6ec0000, 0x0000000100000000)
}
2015-12-12T07:31:48.144+0000: 4.684: Total time for which application threads were stopped: 0.0279700 seconds, Stopping threads took: 0.0000300 seconds
2015-12-12T07:31:48.147+0000: 4.687: Total time for which application threads were stopped: 0.0000380 seconds, Stopping threads took: 0.0000160 seconds
2015-12-12T07:31:48.147+0000: 4.687: Total time for which application threads were stopped: 0.0000190 seconds, Stopping threads took: 0.0000080 seconds
2015-12-12T07:31:48.147+0000: 4.687: Total time for which application threads were stopped: 0.0000170 seconds, Stopping threads took: 0.0000060 seconds
2015-12-12T07:31:48.147+0000: 4.687: Total time for which application threads were stopped: 0.0000170 seconds, Stopping threads took: 0.0000060 seconds
2015-12-12T07:31:48.147+0000: 4.687: Total time for which application threads were stopped: 0.0000170 seconds, Stopping threads took: 0.0000070 seconds
2015-12-12T07:31:48.147+0000: 4.687: Total time for which application threads were stopped: 0.0000160 seconds, Stopping threads took: 0.0000060 seconds
2015-12-12T07:31:48.147+0000: 4.687: Total time for which application threads were stopped: 0.0000150 seconds, Stopping threads took: 0.0000050 seconds
2015-12-12T07:31:48.147+0000: 4.687: Total time for which application threads were stopped: 0.0000170 seconds, Stopping threads took: 0.0000060 seconds
2015-12-12T07:31:48.147+0000: 4.687: Total time for which application threads were stopped: 0.0000170 seconds, Stopping threads took: 0.0000060 seconds
2015-12-12T07:31:48.147+0000: 4.687: Total time for which application threads were stopped: 0.0000160 seconds, Stopping threads took: 0.0000060 seconds
2015-12-12T07:31:48.147+0000: 4.687: Total time for which application threads were stopped: 0.0000160 seconds, Stopping threads took: 0.0000060 seconds
2015-12-12T07:31:48.147+0000: 4.687: Total time for which application threads were stopped: 0.0000170 seconds, Stopping threads took: 0.0000060 seconds
2015-12-12T07:31:48.147+0000: 4.687: Total time for which application threads were stopped: 0.0000170 seconds, Stopping threads took: 0.0000060 seconds
2015-12-12T07:31:48.147+0000: 4.687: Total time for which application threads were stopped: 0.0000170 seconds, Stopping threads took: 0.0000060 seconds
2015-12-12T07:31:48.147+0000: 4.687: Total time for which application threads were stopped: 0.0000170 seconds, Stopping threads took: 0.0000060 seconds
2015-12-12T07:31:48.147+0000: 4.687: Total time for which application threads were stopped: 0.0000300 seconds, Stopping threads took: 0.0000050 seconds
2015-12-12T07:31:48.147+0000: 4.687: Total time for which application threads were stopped: 0.0000160 seconds, Stopping threads took: 0.0000060 seconds
2015-12-12T07:31:48.147+0000: 4.687: Total time for which application threads were stopped: 0.0000150 seconds, Stopping threads took: 0.0000060 seconds
2015-12-12T07:31:48.148+0000: 4.688: Total time for which application threads were stopped: 0.0000290 seconds, Stopping threads took: 0.0000180 seconds
2015-12-12T07:31:48.148+0000: 4.688: Total time for which application threads were stopped: 0.0000170 seconds, Stopping threads took: 0.0000060 seconds
2015-12-12T07:31:48.148+0000: 4.688: Total time for which application threads were stopped: 0.0000590 seconds, Stopping threads took: 0.0000070 seconds
{Heap before GC invocations=3 (full 0):
 par new generation   total 109248K, used 98790K [0x00000000d5a00000, 0x00000000dda00000, 0x00000000dda00000)
  eden space 87424K, 100% used [0x00000000d5a00000, 0x00000000daf60000, 0x00000000daf60000)
  from space 21824K,  52% used [0x00000000dc4b0000, 0x00000000dcfc9838, 0x00000000dda00000)
  to   space 21824K,   0% used [0x00000000daf60000, 0x00000000daf60000, 0x00000000dc4b0000)
 concurrent mark-sweep generation total 393216K, used 0K [0x00000000dda00000, 0x00000000f5a00000, 0x00000000f5a00000)
 concurrent-mark-sweep perm gen total 22016K, used 21914K [0x00000000f5a00000, 0x00000000f6f80000, 0x0000000100000000)
2015-12-12T07:31:48.628+0000: 5.168: [GC2015-12-12T07:31:48.628+0000: 5.168: [ParNew
Desired survivor size 20112992 bytes, new threshold 8 (max 8)
- age   1:     976824 bytes,     976824 total
- age   2:     958168 bytes,    1934992 total
- age   3:    3409192 bytes,    5344184 total
- age   4:    2169560 bytes,    7513744 total
: 98790K->10178K(109248K), 0.0263450 secs] 98790K->10178K(502464K), 0.0263980 secs] [Times: user=0.03 sys=0.00, real=0.02 secs] 
Heap after GC invocations=4 (full 0):
 par new generation   total 109248K, used 10178K [0x00000000d5a00000, 0x00000000dda00000, 0x00000000dda00000)
  eden space 87424K,   0% used [0x00000000d5a00000, 0x00000000d5a00000, 0x00000000daf60000)
  from space 21824K,  46% used [0x00000000daf60000, 0x00000000db950830, 0x00000000dc4b0000)
  to   space 21824K,   0% used [0x00000000dc4b0000, 0x00000000dc4b0000, 0x00000000dda00000)
 concurrent mark-sweep generation total 393216K, used 0K [0x00000000dda00000, 0x00000000f5a00000, 0x00000000f5a00000)
 concurrent-mark-sweep perm gen total 22016K, used 21914K [0x00000000f5a00000, 0x00000000f6f80000, 0x0000000100000000)
}
2015-12-12T07:31:48.654+0000: 5.194: Total time for which application threads were stopped: 0.0266620 seconds, Stopping threads took: 0.0000350 seconds
2015-12-12T07:31:48.668+0000: 5.208: Total time for which application threads were stopped: 0.0082720 seconds, Stopping threads took: 0.0082390 seconds
2015-12-12T07:31:48.668+0000: 5.208: Total time for which application threads were stopped: 0.0000240 seconds, Stopping threads took: 0.0000110 seconds
2015-12-12T07:31:48.668+0000: 5.208: Total time for which application threads were stopped: 0.0000180 seconds, Stopping threads took: 0.0000070 seconds
2015-12-12T07:31:48.668+0000: 5.209: Total time for which application threads were stopped: 0.0000170 seconds, Stopping threads took: 0.0000060 seconds
2015-12-12T07:31:48.669+0000: 5.209: Total time for which application threads were stopped: 0.0000170 seconds, Stopping threads took: 0.0000070 seconds
2015-12-12T07:31:48.669+0000: 5.209: Total time for which application threads were stopped: 0.0000170 seconds, Stopping threads took: 0.0000070 seconds
2015-12-12T07:31:48.669+0000: 5.209: Total time for which application threads were stopped: 0.0000180 seconds, Stopping threads took: 0.0000070 seconds
2015-12-12T07:31:48.669+0000: 5.209: Total time for which application threads were stopped: 0.0000220 seconds, Stopping threads took: 0.0000110 seconds
2015-12-12T07:31:48.669+0000: 5.209: Total time for which application threads were stopped: 0.0000180 seconds, Stopping threads took: 0.0000070 seconds
2015-12-12T07:31:48.669+0000: 5.209: Total time for which application threads were stopped: 0.0000180 seconds, Stopping threads took: 0.0000070 seconds
2015-12-12T07:31:48.669+0000: 5.209: Total time for which application threads were stopped: 0.0000180 seconds, Stopping threads took: 0.0000070 seconds
2015-12-12T07:31:48.669+0000: 5.209: Total time for which application threads were stopped: 0.0000170 seconds, Stopping threads took: 0.0000060 seconds
2015-12-12T07:31:48.669+0000: 5.209: Total time for which application threads were stopped: 0.0000170 seconds, Stopping threads took: 0.0000070 seconds
2015-12-12T07:31:48.669+0000: 5.209: Total time for which application threads were stopped: 0.0000170 seconds, Stopping threads took: 0.0000070 seconds
2015-12-12T07:31:48.669+0000: 5.209: Total time for which application threads were stopped: 0.0000180 seconds, Stopping threads took: 0.0000070 seconds
2015-12-12T07:31:48.669+0000: 5.209: Total time for which application threads were stopped: 0.0000170 seconds, Stopping threads took: 0.0000060 seconds
2015-12-12T07:31:48.669+0000: 5.209: Total time for which application threads were stopped: 0.0000170 seconds, Stopping threads took: 0.0000060 seconds
2015-12-12T07:31:48.669+0000: 5.209: Total time for which application threads were stopped: 0.0000170 seconds, Stopping threads took: 0.0000070 seconds
2015-12-12T07:31:48.669+0000: 5.209: Total time for which application threads were stopped: 0.0000170 seconds, Stopping threads took: 0.0000060 seconds
2015-12-12T07:31:48.669+0000: 5.209: Total time for which application threads were stopped: 0.0000890 seconds, Stopping threads took: 0.0000070 seconds
2015-12-12T07:31:48.759+0000: 5.299: Total time for which application threads were stopped: 0.0001480 seconds, Stopping threads took: 0.0000280 seconds
2015-12-12T07:31:49.344+0000: 5.884: Total time for which application threads were stopped: 0.0001410 seconds, Stopping threads took: 0.0000290 seconds
2015-12-12T07:31:49.858+0000: 6.398: Total time for which application threads were stopped: 0.0001470 seconds, Stopping threads took: 0.0000330 seconds
2015-12-12T07:31:49.858+0000: 6.398: Total time for which application threads were stopped: 0.0000320 seconds, Stopping threads took: 0.0000180 seconds
2015-12-12T07:31:49.859+0000: 6.399: Total time for which application threads were stopped: 0.0000290 seconds, Stopping threads took: 0.0000160 seconds
2015-12-12T07:31:49.900+0000: 6.441: Total time for which application threads were stopped: 0.0000540 seconds, Stopping threads took: 0.0000290 seconds
2015-12-12T07:31:49.901+0000: 6.441: Total time for which application threads were stopped: 0.0000460 seconds, Stopping threads took: 0.0000320 seconds
2015-12-12T07:33:44.512+0000: 121.053: Total time for which application threads were stopped: 0.0001150 seconds, Stopping threads took: 0.0000380 seconds
2015-12-12T07:33:44.528+0000: 121.068: Total time for which application threads were stopped: 0.0000500 seconds, Stopping threads took: 0.0000230 seconds
2015-12-12T07:33:44.543+0000: 121.083: Total time for which application threads were stopped: 0.0000410 seconds, Stopping threads took: 0.0000210 seconds
2015-12-12T07:33:44.543+0000: 121.083: Total time for which application threads were stopped: 0.0000260 seconds, Stopping threads took: 0.0000140 seconds
2015-12-12T07:33:44.617+0000: 121.157: Total time for which application threads were stopped: 0.0000610 seconds, Stopping threads took: 0.0000380 seconds
2015-12-12T07:33:44.636+0000: 121.176: Total time for which application threads were stopped: 0.0000460 seconds, Stopping threads took: 0.0000240 seconds
2015-12-12T07:33:44.667+0000: 121.207: Total time for which application threads were stopped: 0.0001300 seconds, Stopping threads took: 0.0000220 seconds
2015-12-12T07:33:44.668+0000: 121.208: Total time for which application threads were stopped: 0.0000470 seconds, Stopping threads took: 0.0000280 seconds
2015-12-12T07:33:44.732+0000: 121.272: Total time for which application threads were stopped: 0.0000450 seconds, Stopping threads took: 0.0000240 seconds
2015-12-12T07:33:44.732+0000: 121.272: Total time for which application threads were stopped: 0.0000290 seconds, Stopping threads took: 0.0000150 seconds
2015-12-12T07:33:44.732+0000: 121.272: Total time for which application threads were stopped: 0.0000300 seconds, Stopping threads took: 0.0000180 seconds
2015-12-12T07:33:44.732+0000: 121.272: Total time for which application threads were stopped: 0.0000250 seconds, Stopping threads took: 0.0000140 seconds
2015-12-12T07:33:44.734+0000: 121.274: Total time for which application threads were stopped: 0.0000380 seconds, Stopping threads took: 0.0000200 seconds
2015-12-12T07:33:44.734+0000: 121.274: Total time for which application threads were stopped: 0.0000290 seconds, Stopping threads took: 0.0000160 seconds
2015-12-12T07:33:44.734+0000: 121.274: Total time for which application threads were stopped: 0.0000250 seconds, Stopping threads took: 0.0000140 seconds
2015-12-12T07:33:44.734+0000: 121.274: Total time for which application threads were stopped: 0.0000230 seconds, Stopping threads took: 0.0000130 seconds
2015-12-12T07:33:44.734+0000: 121.274: Total time for which application threads were stopped: 0.0000260 seconds, Stopping threads took: 0.0000150 seconds
2015-12-12T07:33:44.737+0000: 121.277: Total time for which application threads were stopped: 0.0000340 seconds, Stopping threads took: 0.0000190 seconds
2015-12-12T07:33:44.739+0000: 121.279: Total time for which application threads were stopped: 0.0000340 seconds, Stopping threads took: 0.0000190 seconds
2015-12-12T07:33:44.739+0000: 121.279: Total time for which application threads were stopped: 0.0000270 seconds, Stopping threads took: 0.0000150 seconds
2015-12-12T07:33:44.740+0000: 121.280: Total time for which application threads were stopped: 0.0000330 seconds, Stopping threads took: 0.0000180 seconds
2015-12-12T07:33:45.079+0000: 121.619: Total time for which application threads were stopped: 0.0021190 seconds, Stopping threads took: 0.0020070 seconds
2015-12-12T07:33:45.079+0000: 121.619: Total time for which application threads were stopped: 0.0000270 seconds, Stopping threads took: 0.0000120 seconds
2015-12-12T07:33:45.079+0000: 121.619: Total time for which application threads were stopped: 0.0000190 seconds, Stopping threads took: 0.0000080 seconds
2015-12-12T07:33:45.220+0000: 121.760: Total time for which application threads were stopped: 0.0000570 seconds, Stopping threads took: 0.0000300 seconds
2015-12-12T07:33:45.220+0000: 121.760: Total time for which application threads were stopped: 0.0000350 seconds, Stopping threads took: 0.0000190 seconds
2015-12-12T07:33:45.223+0000: 121.763: Total time for which application threads were stopped: 0.0000390 seconds, Stopping threads took: 0.0000200 seconds
2015-12-12T07:33:45.223+0000: 121.763: Total time for which application threads were stopped: 0.0000410 seconds, Stopping threads took: 0.0000120 seconds
2015-12-12T07:33:45.223+0000: 121.763: Total time for which application threads were stopped: 0.0000330 seconds, Stopping threads took: 0.0000090 seconds
2015-12-12T07:33:45.223+0000: 121.764: Total time for which application threads were stopped: 0.0000280 seconds, Stopping threads took: 0.0000080 seconds
2015-12-12T07:33:45.224+0000: 121.764: Total time for which application threads were stopped: 0.0000260 seconds, Stopping threads took: 0.0000070 seconds
2015-12-12T07:33:45.224+0000: 121.764: Total time for which application threads were stopped: 0.0000190 seconds, Stopping threads took: 0.0000070 seconds
2015-12-12T07:33:45.224+0000: 121.764: Total time for which application threads were stopped: 0.0000170 seconds, Stopping threads took: 0.0000070 seconds
2015-12-12T07:33:45.224+0000: 121.764: Total time for which application threads were stopped: 0.0000160 seconds, Stopping threads took: 0.0000070 seconds
2015-12-12T07:33:45.224+0000: 121.764: Total time for which application threads were stopped: 0.0000300 seconds, Stopping threads took: 0.0000080 seconds
2015-12-12T07:33:45.226+0000: 121.766: Total time for which application threads were stopped: 0.0000360 seconds, Stopping threads took: 0.0000210 seconds
2015-12-12T07:33:45.235+0000: 121.775: Total time for which application threads were stopped: 0.0000390 seconds, Stopping threads took: 0.0000200 seconds
2015-12-12T07:33:50.323+0000: 126.863: Total time for which application threads were stopped: 0.0001610 seconds, Stopping threads took: 0.0000760 seconds
2015-12-12T07:33:50.323+0000: 126.863: Total time for which application threads were stopped: 0.0000220 seconds, Stopping threads took: 0.0000080 seconds
2015-12-12T07:33:50.343+0000: 126.883: Total time for which application threads were stopped: 0.0000520 seconds, Stopping threads took: 0.0000190 seconds
2015-12-12T07:33:50.347+0000: 126.887: Total time for which application threads were stopped: 0.0000340 seconds, Stopping threads took: 0.0000180 seconds
2015-12-12T07:33:50.347+0000: 126.887: Total time for which application threads were stopped: 0.0000320 seconds, Stopping threads took: 0.0000150 seconds
2015-12-12T07:33:50.366+0000: 126.906: Total time for which application threads were stopped: 0.0000390 seconds, Stopping threads took: 0.0000190 seconds
2015-12-12T07:33:50.373+0000: 126.913: Total time for which application threads were stopped: 0.0000360 seconds, Stopping threads took: 0.0000200 seconds
{Heap before GC invocations=4 (full 0):
 par new generation   total 109248K, used 97602K [0x00000000d5a00000, 0x00000000dda00000, 0x00000000dda00000)
  eden space 87424K, 100% used [0x00000000d5a00000, 0x00000000daf60000, 0x00000000daf60000)
  from space 21824K,  46% used [0x00000000daf60000, 0x00000000db950830, 0x00000000dc4b0000)
  to   space 21824K,   0% used [0x00000000dc4b0000, 0x00000000dc4b0000, 0x00000000dda00000)
 concurrent mark-sweep generation total 393216K, used 0K [0x00000000dda00000, 0x00000000f5a00000, 0x00000000f5a00000)
 concurrent-mark-sweep perm gen total 30272K, used 30090K [0x00000000f5a00000, 0x00000000f7790000, 0x0000000100000000)
2015-12-12T07:33:50.378+0000: 126.918: [GC2015-12-12T07:33:50.378+0000: 126.918: [ParNew
Desired survivor size 20112992 bytes, new threshold 8 (max 8)
- age   1:   14032264 bytes,   14032264 total
- age   2:     176680 bytes,   14208944 total
- age   3:     248704 bytes,   14457648 total
- age   4:    3367304 bytes,   17824952 total
- age   5:    2166920 bytes,   19991872 total
: 97602K->21000K(109248K), 0.0409470 secs] 97602K->21000K(502464K), 0.0410210 secs] [Times: user=0.04 sys=0.01, real=0.04 secs] 
Heap after GC invocations=5 (full 0):
 par new generation   total 109248K, used 21000K [0x00000000d5a00000, 0x00000000dda00000, 0x00000000dda00000)
  eden space 87424K,   0% used [0x00000000d5a00000, 0x00000000d5a00000, 0x00000000daf60000)
  from space 21824K,  96% used [0x00000000dc4b0000, 0x00000000dd932110, 0x00000000dda00000)
  to   space 21824K,   0% used [0x00000000daf60000, 0x00000000daf60000, 0x00000000dc4b0000)
 concurrent mark-sweep generation total 393216K, used 0K [0x00000000dda00000, 0x00000000f5a00000, 0x00000000f5a00000)
 concurrent-mark-sweep perm gen total 30272K, used 30090K [0x00000000f5a00000, 0x00000000f7790000, 0x0000000100000000)
}
2015-12-12T07:33:50.419+0000: 126.959: Total time for which application threads were stopped: 0.0411550 seconds, Stopping threads took: 0.0000180 seconds
2015-12-12T07:33:50.428+0000: 126.968: Total time for which application threads were stopped: 0.0000440 seconds, Stopping threads took: 0.0000140 seconds
2015-12-12T07:33:50.428+0000: 126.968: Total time for which application threads were stopped: 0.0000180 seconds, Stopping threads took: 0.0000080 seconds
2015-12-12T07:33:50.428+0000: 126.968: Total time for which application threads were stopped: 0.0000170 seconds, Stopping threads took: 0.0000070 seconds
2015-12-12T07:33:50.428+0000: 126.968: Total time for which application threads were stopped: 0.0000170 seconds, Stopping threads took: 0.0000070 seconds
2015-12-12T07:33:50.428+0000: 126.968: Total time for which application threads were stopped: 0.0001120 seconds, Stopping threads took: 0.0000070 seconds
2015-12-12T07:33:50.438+0000: 126.978: Total time for which application threads were stopped: 0.0000320 seconds, Stopping threads took: 0.0000180 seconds
2015-12-12T07:33:50.448+0000: 126.988: Total time for which application threads were stopped: 0.0000540 seconds, Stopping threads took: 0.0000350 seconds
2015-12-12T07:33:50.448+0000: 126.988: Total time for which application threads were stopped: 0.0000300 seconds, Stopping threads took: 0.0000160 seconds
2015-12-12T07:33:50.450+0000: 126.990: Total time for which application threads were stopped: 0.0000310 seconds, Stopping threads took: 0.0000170 seconds
2015-12-12T07:33:50.451+0000: 126.991: Total time for which application threads were stopped: 0.0000300 seconds, Stopping threads took: 0.0000170 seconds
2015-12-12T07:33:50.456+0000: 126.996: Total time for which application threads were stopped: 0.0000340 seconds, Stopping threads took: 0.0000200 seconds
2015-12-12T07:33:50.457+0000: 126.997: Total time for which application threads were stopped: 0.0000320 seconds, Stopping threads took: 0.0000180 seconds
2015-12-12T07:33:50.459+0000: 126.999: Total time for which application threads were stopped: 0.0000310 seconds, Stopping threads took: 0.0000170 seconds
2015-12-12T07:33:50.461+0000: 127.001: Total time for which application threads were stopped: 0.0000320 seconds, Stopping threads took: 0.0000180 seconds
2015-12-12T07:33:50.463+0000: 127.003: Total time for which application threads were stopped: 0.0000290 seconds, Stopping threads took: 0.0000170 seconds
2015-12-12T07:33:50.464+0000: 127.004: Total time for which application threads were stopped: 0.0000300 seconds, Stopping threads took: 0.0000170 seconds
2015-12-12T07:33:50.466+0000: 127.006: Total time for which application threads were stopped: 0.0000270 seconds, Stopping threads took: 0.0000150 seconds
2015-12-12T07:33:50.467+0000: 127.007: Total time for which application threads were stopped: 0.0000270 seconds, Stopping threads took: 0.0000150 seconds
2015-12-12T07:33:50.469+0000: 127.009: Total time for which application threads were stopped: 0.0000280 seconds, Stopping threads took: 0.0000150 seconds
2015-12-12T07:33:50.471+0000: 127.011: Total time for which application threads were stopped: 0.0000280 seconds, Stopping threads took: 0.0000150 seconds
2015-12-12T07:33:50.472+0000: 127.012: Total time for which application threads were stopped: 0.0000300 seconds, Stopping threads took: 0.0000170 seconds
2015-12-12T07:33:50.474+0000: 127.014: Total time for which application threads were stopped: 0.0000290 seconds, Stopping threads took: 0.0000160 seconds
2015-12-12T07:33:50.476+0000: 127.016: Total time for which application threads were stopped: 0.0000310 seconds, Stopping threads took: 0.0000170 seconds
2015-12-12T07:33:50.477+0000: 127.017: Total time for which application threads were stopped: 0.0000270 seconds, Stopping threads took: 0.0000150 seconds
2015-12-12T07:33:50.478+0000: 127.018: Total time for which application threads were stopped: 0.0000270 seconds, Stopping threads took: 0.0000150 seconds
2015-12-12T07:33:50.480+0000: 127.020: Total time for which application threads were stopped: 0.0001070 seconds, Stopping threads took: 0.0000150 seconds
2015-12-12T07:33:51.482+0000: 128.022: Total time for which application threads were stopped: 0.0015690 seconds, Stopping threads took: 0.0014170 seconds
2015-12-12T07:33:52.482+0000: 129.022: Total time for which application threads were stopped: 0.0001880 seconds, Stopping threads took: 0.0000460 seconds
2015-12-12T07:33:53.074+0000: 129.614: Total time for which application threads were stopped: 0.0001670 seconds, Stopping threads took: 0.0000350 seconds
2015-12-12T07:33:53.500+0000: 130.040: Total time for which application threads were stopped: 0.0002280 seconds, Stopping threads took: 0.0000450 seconds
2015-12-12T07:33:54.504+0000: 131.044: Total time for which application threads were stopped: 0.0033970 seconds, Stopping threads took: 0.0032540 seconds
{Heap before GC invocations=5 (full 0):
 par new generation   total 109248K, used 108424K [0x00000000d5a00000, 0x00000000dda00000, 0x00000000dda00000)
  eden space 87424K, 100% used [0x00000000d5a00000, 0x00000000daf60000, 0x00000000daf60000)
  from space 21824K,  96% used [0x00000000dc4b0000, 0x00000000dd932110, 0x00000000dda00000)
  to   space 21824K,   0% used [0x00000000daf60000, 0x00000000daf60000, 0x00000000dc4b0000)
 concurrent mark-sweep generation total 393216K, used 0K [0x00000000dda00000, 0x00000000f5a00000, 0x00000000f5a00000)
 concurrent-mark-sweep perm gen total 30848K, used 30712K [0x00000000f5a00000, 0x00000000f7820000, 0x0000000100000000)
2015-12-12T07:33:55.104+0000: 131.644: [GC2015-12-12T07:33:55.104+0000: 131.644: [ParNew
Desired survivor size 20112992 bytes, new threshold 8 (max 8)
- age   1:    8286120 bytes,    8286120 total
- age   2:    5228008 bytes,   13514128 total
- age   3:     169568 bytes,   13683696 total
- age   4:     214880 bytes,   13898576 total
- age   5:    3077472 bytes,   16976048 total
- age   6:    2054720 bytes,   19030768 total
: 108424K->21824K(109248K), 0.0664230 secs] 108424K->26841K(502464K), 0.0665050 secs] [Times: user=0.06 sys=0.00, real=0.07 secs] 
Heap after GC invocations=6 (full 0):
 par new generation   total 109248K, used 21824K [0x00000000d5a00000, 0x00000000dda00000, 0x00000000dda00000)
  eden space 87424K,   0% used [0x00000000d5a00000, 0x00000000d5a00000, 0x00000000daf60000)
  from space 21824K, 100% used [0x00000000daf60000, 0x00000000dc4b0000, 0x00000000dc4b0000)
  to   space 21824K,   0% used [0x00000000dc4b0000, 0x00000000dc4b0000, 0x00000000dda00000)
 concurrent mark-sweep generation total 393216K, used 5017K [0x00000000dda00000, 0x00000000f5a00000, 0x00000000f5a00000)
 concurrent-mark-sweep perm gen total 30848K, used 30712K [0x00000000f5a00000, 0x00000000f7820000, 0x0000000100000000)
}
2015-12-12T07:33:55.171+0000: 131.711: Total time for which application threads were stopped: 0.0667580 seconds, Stopping threads took: 0.0000350 seconds
2015-12-12T07:33:55.416+0000: 131.956: Total time for which application threads were stopped: 0.0000800 seconds, Stopping threads took: 0.0000380 seconds
2015-12-12T07:33:55.669+0000: 132.209: Total time for which application threads were stopped: 0.0001470 seconds, Stopping threads took: 0.0000280 seconds
2015-12-12T07:33:55.669+0000: 132.209: Total time for which application threads were stopped: 0.0000400 seconds, Stopping threads took: 0.0000200 seconds
2015-12-12T07:33:55.669+0000: 132.209: Total time for which application threads were stopped: 0.0000310 seconds, Stopping threads took: 0.0000170 seconds
2015-12-12T07:33:55.669+0000: 132.209: Total time for which application threads were stopped: 0.0000370 seconds, Stopping threads took: 0.0000190 seconds
2015-12-12T07:34:00.695+0000: 137.235: Total time for which application threads were stopped: 0.0001370 seconds, Stopping threads took: 0.0000200 seconds
2015-12-12T07:34:00.695+0000: 137.235: Total time for which application threads were stopped: 0.0000230 seconds, Stopping threads took: 0.0000080 seconds
2015-12-12T07:34:00.695+0000: 137.235: Total time for which application threads were stopped: 0.0000210 seconds, Stopping threads took: 0.0000080 seconds
2015-12-12T07:34:00.696+0000: 137.236: Total time for which application threads were stopped: 0.0000290 seconds, Stopping threads took: 0.0000100 seconds
2015-12-12T07:34:00.700+0000: 137.240: Total time for which application threads were stopped: 0.0000390 seconds, Stopping threads took: 0.0000210 seconds
2015-12-12T07:34:00.726+0000: 137.266: Total time for which application threads were stopped: 0.0000530 seconds, Stopping threads took: 0.0000250 seconds
2015-12-12T07:34:00.749+0000: 137.289: Total time for which application threads were stopped: 0.0000560 seconds, Stopping threads took: 0.0000280 seconds
2015-12-12T07:34:00.776+0000: 137.316: Total time for which application threads were stopped: 0.0000570 seconds, Stopping threads took: 0.0000280 seconds
2015-12-12T07:34:00.798+0000: 137.338: Total time for which application threads were stopped: 0.0000490 seconds, Stopping threads took: 0.0000250 seconds
2015-12-12T07:34:00.800+0000: 137.340: Total time for which application threads were stopped: 0.0000380 seconds, Stopping threads took: 0.0000190 seconds
2015-12-12T07:34:00.809+0000: 137.349: Total time for which application threads were stopped: 0.0000400 seconds, Stopping threads took: 0.0000200 seconds
2015-12-12T07:34:00.810+0000: 137.350: Total time for which application threads were stopped: 0.0000350 seconds, Stopping threads took: 0.0000180 seconds
2015-12-12T07:34:00.814+0000: 137.354: Total time for which application threads were stopped: 0.0000340 seconds, Stopping threads took: 0.0000170 seconds
2015-12-12T07:34:00.821+0000: 137.361: Total time for which application threads were stopped: 0.0000400 seconds, Stopping threads took: 0.0000180 seconds
2015-12-12T07:34:00.826+0000: 137.366: Total time for which application threads were stopped: 0.0000370 seconds, Stopping threads took: 0.0000180 seconds
2015-12-12T07:34:00.833+0000: 137.373: Total time for which application threads were stopped: 0.0000420 seconds, Stopping threads took: 0.0000190 seconds
2015-12-12T07:34:00.835+0000: 137.375: Total time for which application threads were stopped: 0.0000400 seconds, Stopping threads took: 0.0000210 seconds
2015-12-12T07:34:00.835+0000: 137.375: Total time for which application threads were stopped: 0.0000390 seconds, Stopping threads took: 0.0000200 seconds
2015-12-12T07:34:00.836+0000: 137.376: Total time for which application threads were stopped: 0.0000350 seconds, Stopping threads took: 0.0000180 seconds
2015-12-12T07:34:00.860+0000: 137.400: Total time for which application threads were stopped: 0.0000560 seconds, Stopping threads took: 0.0000300 seconds
2015-12-12T07:34:00.865+0000: 137.405: Total time for which application threads were stopped: 0.0000450 seconds, Stopping threads took: 0.0000220 seconds
2015-12-12T07:34:00.872+0000: 137.413: Total time for which application threads were stopped: 0.0000570 seconds, Stopping threads took: 0.0000350 seconds
2015-12-12T07:34:00.883+0000: 137.423: Total time for which application threads were stopped: 0.0000630 seconds, Stopping threads took: 0.0000380 seconds
2015-12-12T07:34:00.888+0000: 137.428: Total time for which application threads were stopped: 0.0000470 seconds, Stopping threads took: 0.0000240 seconds
2015-12-12T07:34:00.895+0000: 137.435: Total time for which application threads were stopped: 0.0000550 seconds, Stopping threads took: 0.0000270 seconds
2015-12-12T07:34:00.914+0000: 137.455: Total time for which application threads were stopped: 0.0001540 seconds, Stopping threads took: 0.0000430 seconds
2015-12-12T07:34:01.917+0000: 138.457: Total time for which application threads were stopped: 0.0022800 seconds, Stopping threads took: 0.0020200 seconds
{Heap before GC invocations=6 (full 0):
 par new generation   total 109248K, used 109248K [0x00000000d5a00000, 0x00000000dda00000, 0x00000000dda00000)
  eden space 87424K, 100% used [0x00000000d5a00000, 0x00000000daf60000, 0x00000000daf60000)
  from space 21824K, 100% used [0x00000000daf60000, 0x00000000dc4b0000, 0x00000000dc4b0000)
  to   space 21824K,   0% used [0x00000000dc4b0000, 0x00000000dc4b0000, 0x00000000dda00000)
 concurrent mark-sweep generation total 393216K, used 5017K [0x00000000dda00000, 0x00000000f5a00000, 0x00000000f5a00000)
 concurrent-mark-sweep perm gen total 30848K, used 30798K [0x00000000f5a00000, 0x00000000f7820000, 0x0000000100000000)
2015-12-12T07:34:02.461+0000: 139.001: [GC2015-12-12T07:34:02.461+0000: 139.001: [ParNew
Desired survivor size 20112992 bytes, new threshold 8 (max 8)
- age   1:    7345672 bytes,    7345672 total
- age   2:     229400 bytes,    7575072 total
- age   3:    4849688 bytes,   12424760 total
- age   4:     169568 bytes,   12594328 total
- age   5:     214880 bytes,   12809208 total
- age   6:    2761072 bytes,   15570280 total
- age   7:    2054680 bytes,   17624960 total
: 109248K->21824K(109248K), 0.0452900 secs] 114265K->27336K(502464K), 0.0453660 secs] [Times: user=0.05 sys=0.00, real=0.04 secs] 
Heap after GC invocations=7 (full 0):
 par new generation   total 109248K, used 21824K [0x00000000d5a00000, 0x00000000dda00000, 0x00000000dda00000)
  eden space 87424K,   0% used [0x00000000d5a00000, 0x00000000d5a00000, 0x00000000daf60000)
  from space 21824K, 100% used [0x00000000dc4b0000, 0x00000000dda00000, 0x00000000dda00000)
  to   space 21824K,   0% used [0x00000000daf60000, 0x00000000daf60000, 0x00000000dc4b0000)
 concurrent mark-sweep generation total 393216K, used 5512K [0x00000000dda00000, 0x00000000f5a00000, 0x00000000f5a00000)
 concurrent-mark-sweep perm gen total 30848K, used 30798K [0x00000000f5a00000, 0x00000000f7820000, 0x0000000100000000)
}
2015-12-12T07:34:02.506+0000: 139.046: Total time for which application threads were stopped: 0.0456000 seconds, Stopping threads took: 0.0000350 seconds
2015-12-12T07:34:02.990+0000: 139.530: Total time for which application threads were stopped: 0.0001660 seconds, Stopping threads took: 0.0000320 seconds
2015-12-12T07:34:02.990+0000: 139.530: Total time for which application threads were stopped: 0.0000310 seconds, Stopping threads took: 0.0000160 seconds
2015-12-12T07:34:03.990+0000: 140.530: Total time for which application threads were stopped: 0.0001870 seconds, Stopping threads took: 0.0000480 seconds
2015-12-12T07:34:04.998+0000: 141.538: Total time for which application threads were stopped: 0.0073940 seconds, Stopping threads took: 0.0072440 seconds
2015-12-12T07:34:05.292+0000: 141.832: Total time for which application threads were stopped: 0.0000740 seconds, Stopping threads took: 0.0000330 seconds
2015-12-12T07:34:05.392+0000: 141.932: Total time for which application threads were stopped: 0.0000970 seconds, Stopping threads took: 0.0000340 seconds
2015-12-12T07:34:05.807+0000: 142.347: Total time for which application threads were stopped: 0.0001200 seconds, Stopping threads took: 0.0000310 seconds
2015-12-12T07:34:05.807+0000: 142.347: Total time for which application threads were stopped: 0.0000280 seconds, Stopping threads took: 0.0000080 seconds
2015-12-12T07:34:05.807+0000: 142.347: Total time for which application threads were stopped: 0.0000200 seconds, Stopping threads took: 0.0000070 seconds
2015-12-12T07:34:05.807+0000: 142.347: Total time for which application threads were stopped: 0.0000180 seconds, Stopping threads took: 0.0000060 seconds
2015-12-12T07:34:05.807+0000: 142.347: Total time for which application threads were stopped: 0.0000350 seconds, Stopping threads took: 0.0000180 seconds
2015-12-12T07:34:05.807+0000: 142.347: Total time for which application threads were stopped: 0.0000300 seconds, Stopping threads took: 0.0000160 seconds
2015-12-12T07:34:05.810+0000: 142.350: Total time for which application threads were stopped: 0.0000430 seconds, Stopping threads took: 0.0000210 seconds
2015-12-12T07:34:10.432+0000: 146.972: Total time for which application threads were stopped: 0.0001110 seconds, Stopping threads took: 0.0000190 seconds
2015-12-12T07:34:10.432+0000: 146.972: Total time for which application threads were stopped: 0.0000200 seconds, Stopping threads took: 0.0000070 seconds
2015-12-12T07:34:10.433+0000: 146.973: Total time for which application threads were stopped: 0.0000300 seconds, Stopping threads took: 0.0000110 seconds
{Heap before GC invocations=7 (full 0):
 par new generation   total 109248K, used 109248K [0x00000000d5a00000, 0x00000000dda00000, 0x00000000dda00000)
  eden space 87424K, 100% used [0x00000000d5a00000, 0x00000000daf60000, 0x00000000daf60000)
  from space 21824K, 100% used [0x00000000dc4b0000, 0x00000000dda00000, 0x00000000dda00000)
  to   space 21824K,   0% used [0x00000000daf60000, 0x00000000daf60000, 0x00000000dc4b0000)
 concurrent mark-sweep generation total 393216K, used 5512K [0x00000000dda00000, 0x00000000f5a00000, 0x00000000f5a00000)
 concurrent-mark-sweep perm gen total 31040K, used 30841K [0x00000000f5a00000, 0x00000000f7850000, 0x0000000100000000)
2015-12-12T07:34:10.584+0000: 147.124: [GC2015-12-12T07:34:10.584+0000: 147.125: [ParNew
Desired survivor size 20112992 bytes, new threshold 8 (max 8)
- age   1:    1431552 bytes,    1431552 total
- age   2:    1148224 bytes,    2579776 total
- age   3:     226744 bytes,    2806520 total
- age   4:    4810376 bytes,    7616896 total
- age   5:     169568 bytes,    7786464 total
- age   6:     214880 bytes,    8001344 total
- age   7:    2761072 bytes,   10762416 total
- age   8:    2054648 bytes,   12817064 total
: 109248K->21018K(109248K), 0.0476310 secs] 114760K->26530K(502464K), 0.0477090 secs] [Times: user=0.04 sys=0.00, real=0.05 secs] 
Heap after GC invocations=8 (full 0):
 par new generation   total 109248K, used 21018K [0x00000000d5a00000, 0x00000000dda00000, 0x00000000dda00000)
  eden space 87424K,   0% used [0x00000000d5a00000, 0x00000000d5a00000, 0x00000000daf60000)
  from space 21824K,  96% used [0x00000000daf60000, 0x00000000dc3e6880, 0x00000000dc4b0000)
  to   space 21824K,   0% used [0x00000000dc4b0000, 0x00000000dc4b0000, 0x00000000dda00000)
 concurrent mark-sweep generation total 393216K, used 5512K [0x00000000dda00000, 0x00000000f5a00000, 0x00000000f5a00000)
 concurrent-mark-sweep perm gen total 31040K, used 30841K [0x00000000f5a00000, 0x00000000f7850000, 0x0000000100000000)
}
2015-12-12T07:34:10.632+0000: 147.172: Total time for which application threads were stopped: 0.0479130 seconds, Stopping threads took: 0.0000340 seconds
2015-12-12T07:34:11.169+0000: 147.709: Total time for which application threads were stopped: 0.0001760 seconds, Stopping threads took: 0.0000320 seconds
2015-12-12T07:34:11.427+0000: 147.967: Total time for which application threads were stopped: 0.0000700 seconds, Stopping threads took: 0.0000310 seconds
2015-12-12T07:34:11.427+0000: 147.967: Total time for which application threads were stopped: 0.0000220 seconds, Stopping threads took: 0.0000080 seconds
2015-12-12T07:34:11.427+0000: 147.968: Total time for which application threads were stopped: 0.0000200 seconds, Stopping threads took: 0.0000070 seconds
2015-12-12T07:34:11.428+0000: 147.968: Total time for which application threads were stopped: 0.0000190 seconds, Stopping threads took: 0.0000070 seconds
2015-12-12T07:34:11.428+0000: 147.968: Total time for which application threads were stopped: 0.0000200 seconds, Stopping threads took: 0.0000070 seconds
2015-12-12T07:34:11.428+0000: 147.968: Total time for which application threads were stopped: 0.0000190 seconds, Stopping threads took: 0.0000070 seconds
2015-12-12T07:34:11.428+0000: 147.968: Total time for which application threads were stopped: 0.0000180 seconds, Stopping threads took: 0.0000070 seconds
2015-12-12T07:34:11.428+0000: 147.968: Total time for which application threads were stopped: 0.0000370 seconds, Stopping threads took: 0.0000190 seconds
2015-12-12T07:34:11.428+0000: 147.968: Total time for which application threads were stopped: 0.0000320 seconds, Stopping threads took: 0.0000180 seconds
2015-12-12T07:34:11.431+0000: 147.971: Total time for which application threads were stopped: 0.0000510 seconds, Stopping threads took: 0.0000280 seconds
2015-12-12T07:34:18.545+0000: 155.085: Total time for which application threads were stopped: 0.0001200 seconds, Stopping threads took: 0.0000190 seconds
2015-12-12T07:34:18.545+0000: 155.086: Total time for which application threads were stopped: 0.0000230 seconds, Stopping threads took: 0.0000080 seconds
2015-12-12T07:34:18.546+0000: 155.087: Total time for which application threads were stopped: 0.0000290 seconds, Stopping threads took: 0.0000100 seconds
2015-12-12T07:34:18.550+0000: 155.090: Total time for which application threads were stopped: 0.0000550 seconds, Stopping threads took: 0.0000210 seconds
{Heap before GC invocations=8 (full 0):
 par new generation   total 109248K, used 108442K [0x00000000d5a00000, 0x00000000dda00000, 0x00000000dda00000)
  eden space 87424K, 100% used [0x00000000d5a00000, 0x00000000daf60000, 0x00000000daf60000)
  from space 21824K,  96% used [0x00000000daf60000, 0x00000000dc3e6880, 0x00000000dc4b0000)
  to   space 21824K,   0% used [0x00000000dc4b0000, 0x00000000dc4b0000, 0x00000000dda00000)
 concurrent mark-sweep generation total 393216K, used 5512K [0x00000000dda00000, 0x00000000f5a00000, 0x00000000f5a00000)
 concurrent-mark-sweep perm gen total 31040K, used 30855K [0x00000000f5a00000, 0x00000000f7850000, 0x0000000100000000)
2015-12-12T07:34:18.632+0000: 155.172: [GC2015-12-12T07:34:18.632+0000: 155.172: [ParNew
Desired survivor size 20112992 bytes, new threshold 8 (max 8)
- age   1:    2799136 bytes,    2799136 total
- age   2:     572520 bytes,    3371656 total
- age   3:    1145928 bytes,    4517584 total
- age   4:     155976 bytes,    4673560 total
- age   5:    4742424 bytes,    9415984 total
- age   6:     169568 bytes,    9585552 total
- age   7:     214880 bytes,    9800432 total
- age   8:    2761072 bytes,   12561504 total
: 108442K->17418K(109248K), 0.0419780 secs] 113954K->25075K(502464K), 0.0420700 secs] [Times: user=0.05 sys=0.00, real=0.04 secs] 
Heap after GC invocations=9 (full 0):
 par new generation   total 109248K, used 17418K [0x00000000d5a00000, 0x00000000dda00000, 0x00000000dda00000)
  eden space 87424K,   0% used [0x00000000d5a00000, 0x00000000d5a00000, 0x00000000daf60000)
  from space 21824K,  79% used [0x00000000dc4b0000, 0x00000000dd5b28b8, 0x00000000dda00000)
  to   space 21824K,   0% used [0x00000000daf60000, 0x00000000daf60000, 0x00000000dc4b0000)
 concurrent mark-sweep generation total 393216K, used 7657K [0x00000000dda00000, 0x00000000f5a00000, 0x00000000f5a00000)
 concurrent-mark-sweep perm gen total 31040K, used 30855K [0x00000000f5a00000, 0x00000000f7850000, 0x0000000100000000)
}
2015-12-12T07:34:18.674+0000: 155.214: Total time for which application threads were stopped: 0.0422600 seconds, Stopping threads took: 0.0000350 seconds
2015-12-12T07:34:18.824+0000: 155.364: Total time for which application threads were stopped: 0.0000750 seconds, Stopping threads took: 0.0000340 seconds
2015-12-12T07:34:19.136+0000: 155.676: Total time for which application threads were stopped: 0.0001610 seconds, Stopping threads took: 0.0000470 seconds
{Heap before GC invocations=9 (full 0):
 par new generation   total 109248K, used 104842K [0x00000000d5a00000, 0x00000000dda00000, 0x00000000dda00000)
  eden space 87424K, 100% used [0x00000000d5a00000, 0x00000000daf60000, 0x00000000daf60000)
  from space 21824K,  79% used [0x00000000dc4b0000, 0x00000000dd5b28b8, 0x00000000dda00000)
  to   space 21824K,   0% used [0x00000000daf60000, 0x00000000daf60000, 0x00000000dc4b0000)
 concurrent mark-sweep generation total 393216K, used 7657K [0x00000000dda00000, 0x00000000f5a00000, 0x00000000f5a00000)
 concurrent-mark-sweep perm gen total 31040K, used 30860K [0x00000000f5a00000, 0x00000000f7850000, 0x0000000100000000)
2015-12-12T07:34:19.254+0000: 155.794: [GC2015-12-12T07:34:19.254+0000: 155.794: [ParNew
Desired survivor size 20112992 bytes, new threshold 8 (max 8)
- age   1:    8618768 bytes,    8618768 total
- age   2:    2468072 bytes,   11086840 total
- age   3:     571312 bytes,   11658152 total
- age   4:    1145280 bytes,   12803432 total
- age   5:     149928 bytes,   12953360 total
- age   6:    4635840 bytes,   17589200 total
- age   7:     169568 bytes,   17758768 total
- age   8:     214880 bytes,   17973648 total
: 104842K->20963K(109248K), 0.0459060 secs] 112499K->31542K(502464K), 0.0459740 secs] [Times: user=0.05 sys=0.00, real=0.04 secs] 
Heap after GC invocations=10 (full 0):
 par new generation   total 109248K, used 20963K [0x00000000d5a00000, 0x00000000dda00000, 0x00000000dda00000)
  eden space 87424K,   0% used [0x00000000d5a00000, 0x00000000d5a00000, 0x00000000daf60000)
  from space 21824K,  96% used [0x00000000daf60000, 0x00000000dc3d8d10, 0x00000000dc4b0000)
  to   space 21824K,   0% used [0x00000000dc4b0000, 0x00000000dc4b0000, 0x00000000dda00000)
 concurrent mark-sweep generation total 393216K, used 10579K [0x00000000dda00000, 0x00000000f5a00000, 0x00000000f5a00000)
 concurrent-mark-sweep perm gen total 31040K, used 30860K [0x00000000f5a00000, 0x00000000f7850000, 0x0000000100000000)
}
2015-12-12T07:34:19.300+0000: 155.840: Total time for which application threads were stopped: 0.0461470 seconds, Stopping threads took: 0.0000330 seconds
2015-12-12T07:34:19.391+0000: 155.931: Total time for which application threads were stopped: 0.0000710 seconds, Stopping threads took: 0.0000350 seconds
{Heap before GC invocations=10 (full 0):
 par new generation   total 109248K, used 108387K [0x00000000d5a00000, 0x00000000dda00000, 0x00000000dda00000)
  eden space 87424K, 100% used [0x00000000d5a00000, 0x00000000daf60000, 0x00000000daf60000)
  from space 21824K,  96% used [0x00000000daf60000, 0x00000000dc3d8d10, 0x00000000dc4b0000)
  to   space 21824K,   0% used [0x00000000dc4b0000, 0x00000000dc4b0000, 0x00000000dda00000)
 concurrent mark-sweep generation total 393216K, used 10579K [0x00000000dda00000, 0x00000000f5a00000, 0x00000000f5a00000)
 concurrent-mark-sweep perm gen total 31040K, used 30879K [0x00000000f5a00000, 0x00000000f7850000, 0x0000000100000000)
2015-12-12T07:34:19.780+0000: 156.320: [GC2015-12-12T07:34:19.780+0000: 156.320: [ParNew
Desired survivor size 20112992 bytes, new threshold 8 (max 8)
- age   1:    6073304 bytes,    6073304 total
- age   2:    5339480 bytes,   11412784 total
- age   3:    2163264 bytes,   13576048 total
- age   4:     571312 bytes,   14147360 total
- age   5:    1076984 bytes,   15224344 total
- age   6:     145704 bytes,   15370048 total
- age   7:    4469008 bytes,   19839056 total
- age   8:     169568 bytes,   20008624 total
: 108387K->21824K(109248K), 0.0345730 secs] 118966K->35489K(502464K), 0.0346350 secs] [Times: user=0.03 sys=0.00, real=0.04 secs] 
Heap after GC invocations=11 (full 0):
 par new generation   total 109248K, used 21824K [0x00000000d5a00000, 0x00000000dda00000, 0x00000000dda00000)
  eden space 87424K,   0% used [0x00000000d5a00000, 0x00000000d5a00000, 0x00000000daf60000)
  from space 21824K, 100% used [0x00000000dc4b0000, 0x00000000dda00000, 0x00000000dda00000)
  to   space 21824K,   0% used [0x00000000daf60000, 0x00000000daf60000, 0x00000000dc4b0000)
 concurrent mark-sweep generation total 393216K, used 13665K [0x00000000dda00000, 0x00000000f5a00000, 0x00000000f5a00000)
 concurrent-mark-sweep perm gen total 31040K, used 30879K [0x00000000f5a00000, 0x00000000f7850000, 0x0000000100000000)
}
2015-12-12T07:34:19.814+0000: 156.354: Total time for which application threads were stopped: 0.0348640 seconds, Stopping threads took: 0.0000330 seconds
2015-12-12T07:34:19.964+0000: 156.504: Total time for which application threads were stopped: 0.0001100 seconds, Stopping threads took: 0.0000340 seconds
2015-12-12T07:34:19.971+0000: 156.511: Total time for which application threads were stopped: 0.0000650 seconds, Stopping threads took: 0.0000360 seconds
2015-12-12T07:34:19.992+0000: 156.532: Total time for which application threads were stopped: 0.0000540 seconds, Stopping threads took: 0.0000260 seconds
2015-12-12T07:34:20.329+0000: 156.869: Total time for which application threads were stopped: 0.0001260 seconds, Stopping threads took: 0.0000310 seconds
2015-12-12T07:34:20.329+0000: 156.869: Total time for which application threads were stopped: 0.0000230 seconds, Stopping threads took: 0.0000090 seconds
2015-12-12T07:34:20.329+0000: 156.869: Total time for which application threads were stopped: 0.0000950 seconds, Stopping threads took: 0.0000070 seconds
2015-12-12T07:34:20.329+0000: 156.869: Total time for which application threads were stopped: 0.0000380 seconds, Stopping threads took: 0.0000200 seconds
2015-12-12T07:34:20.329+0000: 156.869: Total time for which application threads were stopped: 0.0000330 seconds, Stopping threads took: 0.0000180 seconds
2015-12-12T07:34:20.332+0000: 156.872: Total time for which application threads were stopped: 0.0000430 seconds, Stopping threads took: 0.0000220 seconds
2015-12-12T07:34:25.570+0000: 162.110: Total time for which application threads were stopped: 0.0001290 seconds, Stopping threads took: 0.0000240 seconds
2015-12-12T07:34:25.570+0000: 162.110: Total time for which application threads were stopped: 0.0000220 seconds, Stopping threads took: 0.0000080 seconds
2015-12-12T07:34:25.571+0000: 162.111: Total time for which application threads were stopped: 0.0000270 seconds, Stopping threads took: 0.0000100 seconds
2015-12-12T07:34:25.571+0000: 162.111: Total time for which application threads were stopped: 0.0000190 seconds, Stopping threads took: 0.0000070 seconds
2015-12-12T07:34:25.571+0000: 162.111: Total time for which application threads were stopped: 0.0000240 seconds, Stopping threads took: 0.0000100 seconds
2015-12-12T07:34:25.571+0000: 162.111: Total time for which application threads were stopped: 0.0000200 seconds, Stopping threads took: 0.0000070 seconds
2015-12-12T07:34:25.572+0000: 162.112: Total time for which application threads were stopped: 0.0000290 seconds, Stopping threads took: 0.0000100 seconds
2015-12-12T07:34:25.576+0000: 162.116: Total time for which application threads were stopped: 0.0011040 seconds, Stopping threads took: 0.0010870 seconds
2015-12-12T07:34:25.576+0000: 162.116: Total time for which application threads were stopped: 0.0000190 seconds, Stopping threads took: 0.0000070 seconds
2015-12-12T07:34:25.576+0000: 162.116: Total time for which application threads were stopped: 0.0000200 seconds, Stopping threads took: 0.0000070 seconds
2015-12-12T07:34:25.576+0000: 162.116: Total time for which application threads were stopped: 0.0000180 seconds, Stopping threads took: 0.0000070 seconds
2015-12-12T07:34:25.576+0000: 162.116: Total time for which application threads were stopped: 0.0000200 seconds, Stopping threads took: 0.0000070 seconds
2015-12-12T07:34:25.576+0000: 162.116: Total time for which application threads were stopped: 0.0000180 seconds, Stopping threads took: 0.0000070 seconds
2015-12-12T07:34:25.918+0000: 162.458: Total time for which application threads were stopped: 0.0000600 seconds, Stopping threads took: 0.0000250 seconds
2015-12-12T07:34:25.918+0000: 162.458: Total time for which application threads were stopped: 0.0000230 seconds, Stopping threads took: 0.0000080 seconds
2015-12-12T07:34:25.919+0000: 162.459: Total time for which application threads were stopped: 0.0000260 seconds, Stopping threads took: 0.0000100 seconds
{Heap before GC invocations=11 (full 0):
 par new generation   total 109248K, used 109248K [0x00000000d5a00000, 0x00000000dda00000, 0x00000000dda00000)
  eden space 87424K, 100% used [0x00000000d5a00000, 0x00000000daf60000, 0x00000000daf60000)
  from space 21824K, 100% used [0x00000000dc4b0000, 0x00000000dda00000, 0x00000000dda00000)
  to   space 21824K,   0% used [0x00000000daf60000, 0x00000000daf60000, 0x00000000dc4b0000)
 concurrent mark-sweep generation total 393216K, used 13665K [0x00000000dda00000, 0x00000000f5a00000, 0x00000000f5a00000)
 concurrent-mark-sweep perm gen total 31040K, used 30906K [0x00000000f5a00000, 0x00000000f7850000, 0x0000000100000000)
2015-12-12T07:34:25.919+0000: 162.459: [GC2015-12-12T07:34:25.919+0000: 162.459: [ParNew
Desired survivor size 20112992 bytes, new threshold 8 (max 8)
- age   1:     170992 bytes,     170992 total
- age   2:    4096672 bytes,    4267664 total
- age   3:    3866280 bytes,    8133944 total
- age   4:    1985632 bytes,   10119576 total
- age   5:     562688 bytes,   10682264 total
- age   6:    1056328 bytes,   11738592 total
- age   7:     134304 bytes,   11872896 total
- age   8:    4012376 bytes,   15885272 total
: 109248K->21824K(109248K), 0.0250810 secs] 122913K->36863K(502464K), 0.0251640 secs] [Times: user=0.03 sys=0.00, real=0.03 secs] 
Heap after GC invocations=12 (full 0):
 par new generation   total 109248K, used 21824K [0x00000000d5a00000, 0x00000000dda00000, 0x00000000dda00000)
  eden space 87424K,   0% used [0x00000000d5a00000, 0x00000000d5a00000, 0x00000000daf60000)
  from space 21824K, 100% used [0x00000000daf60000, 0x00000000dc4b0000, 0x00000000dc4b0000)
  to   space 21824K,   0% used [0x00000000dc4b0000, 0x00000000dc4b0000, 0x00000000dda00000)
 concurrent mark-sweep generation total 393216K, used 15039K [0x00000000dda00000, 0x00000000f5a00000, 0x00000000f5a00000)
 concurrent-mark-sweep perm gen total 31040K, used 30906K [0x00000000f5a00000, 0x00000000f7850000, 0x0000000100000000)
}
2015-12-12T07:34:25.944+0000: 162.485: Total time for which application threads were stopped: 0.0252960 seconds, Stopping threads took: 0.0000200 seconds
2015-12-12T07:34:25.948+0000: 162.488: Total time for which application threads were stopped: 0.0000550 seconds, Stopping threads took: 0.0000160 seconds
2015-12-12T07:34:26.012+0000: 162.552: Total time for which application threads were stopped: 0.0000560 seconds, Stopping threads took: 0.0000220 seconds
2015-12-12T07:34:26.013+0000: 162.553: Total time for which application threads were stopped: 0.0000270 seconds, Stopping threads took: 0.0000090 seconds
2015-12-12T07:34:26.014+0000: 162.554: Total time for which application threads were stopped: 0.0001060 seconds, Stopping threads took: 0.0000090 seconds
2015-12-12T07:34:29.495+0000: 166.035: Total time for which application threads were stopped: 0.0001710 seconds, Stopping threads took: 0.0000300 seconds
2015-12-12T07:34:30.145+0000: 166.685: Total time for which application threads were stopped: 0.0001520 seconds, Stopping threads took: 0.0000380 seconds
2015-12-12T07:34:30.199+0000: 166.739: Total time for which application threads were stopped: 0.0020470 seconds, Stopping threads took: 0.0020090 seconds
2015-12-12T07:34:30.244+0000: 166.785: Total time for which application threads were stopped: 0.0119580 seconds, Stopping threads took: 0.0119070 seconds
2015-12-12T07:34:30.552+0000: 167.093: Total time for which application threads were stopped: 0.0001080 seconds, Stopping threads took: 0.0000290 seconds
2015-12-12T07:34:30.553+0000: 167.093: Total time for which application threads were stopped: 0.0000240 seconds, Stopping threads took: 0.0000090 seconds
2015-12-12T07:34:30.553+0000: 167.093: Total time for which application threads were stopped: 0.0000250 seconds, Stopping threads took: 0.0000070 seconds
2015-12-12T07:34:30.555+0000: 167.095: Total time for which application threads were stopped: 0.0000400 seconds, Stopping threads took: 0.0000170 seconds
2015-12-12T07:34:30.556+0000: 167.096: Total time for which application threads were stopped: 0.0000320 seconds, Stopping threads took: 0.0000130 seconds
2015-12-12T07:34:30.582+0000: 167.122: Total time for which application threads were stopped: 0.0064270 seconds, Stopping threads took: 0.0063830 seconds
2015-12-12T07:34:30.588+0000: 167.128: Total time for which application threads were stopped: 0.0000470 seconds, Stopping threads took: 0.0000130 seconds
2015-12-12T07:34:30.589+0000: 167.129: Total time for which application threads were stopped: 0.0000330 seconds, Stopping threads took: 0.0000100 seconds
2015-12-12T07:34:30.589+0000: 167.129: Total time for which application threads were stopped: 0.0000270 seconds, Stopping threads took: 0.0000080 seconds
2015-12-12T07:34:30.749+0000: 167.289: Total time for which application threads were stopped: 0.0055610 seconds, Stopping threads took: 0.0054460 seconds
2015-12-12T07:34:30.749+0000: 167.289: Total time for which application threads were stopped: 0.0000190 seconds, Stopping threads took: 0.0000080 seconds
2015-12-12T07:34:30.749+0000: 167.289: Total time for which application threads were stopped: 0.0000160 seconds, Stopping threads took: 0.0000060 seconds
2015-12-12T07:34:30.749+0000: 167.290: Total time for which application threads were stopped: 0.0000150 seconds, Stopping threads took: 0.0000060 seconds
2015-12-12T07:34:30.750+0000: 167.290: Total time for which application threads were stopped: 0.0000280 seconds, Stopping threads took: 0.0000060 seconds
2015-12-12T07:34:30.750+0000: 167.290: Total time for which application threads were stopped: 0.0000230 seconds, Stopping threads took: 0.0000100 seconds
2015-12-12T07:34:30.750+0000: 167.290: Total time for which application threads were stopped: 0.0000170 seconds, Stopping threads took: 0.0000070 seconds
2015-12-12T07:34:30.750+0000: 167.290: Total time for which application threads were stopped: 0.0000170 seconds, Stopping threads took: 0.0000070 seconds
2015-12-12T07:34:30.750+0000: 167.290: Total time for which application threads were stopped: 0.0000170 seconds, Stopping threads took: 0.0000070 seconds
2015-12-12T07:34:30.750+0000: 167.290: Total time for which application threads were stopped: 0.0000170 seconds, Stopping threads took: 0.0000070 seconds
2015-12-12T07:34:31.751+0000: 168.291: Total time for which application threads were stopped: 0.0002100 seconds, Stopping threads took: 0.0000370 seconds
2015-12-12T07:34:33.756+0000: 170.296: Total time for which application threads were stopped: 0.0001760 seconds, Stopping threads took: 0.0000330 seconds
2015-12-12T07:34:34.756+0000: 171.296: Total time for which application threads were stopped: 0.0001590 seconds, Stopping threads took: 0.0000250 seconds
2015-12-12T07:34:36.761+0000: 173.301: Total time for which application threads were stopped: 0.0044780 seconds, Stopping threads took: 0.0043790 seconds
2015-12-12T07:34:37.761+0000: 174.301: Total time for which application threads were stopped: 0.0001970 seconds, Stopping threads took: 0.0000380 seconds
2015-12-12T07:35:11.964+0000: 208.504: Total time for which application threads were stopped: 0.0039010 seconds, Stopping threads took: 0.0037930 seconds
2015-12-12T07:35:11.981+0000: 208.521: Total time for which application threads were stopped: 0.0009030 seconds, Stopping threads took: 0.0008740 seconds
2015-12-12T07:35:12.052+0000: 208.592: Total time for which application threads were stopped: 0.0091190 seconds, Stopping threads took: 0.0090800 seconds
2015-12-12T07:35:12.068+0000: 208.608: Total time for which application threads were stopped: 0.0035720 seconds, Stopping threads took: 0.0035310 seconds
2015-12-12T07:35:12.083+0000: 208.623: Total time for which application threads were stopped: 0.0038790 seconds, Stopping threads took: 0.0038480 seconds
{Heap before GC invocations=12 (full 0):
 par new generation   total 109248K, used 109248K [0x00000000d5a00000, 0x00000000dda00000, 0x00000000dda00000)
  eden space 87424K, 100% used [0x00000000d5a00000, 0x00000000daf60000, 0x00000000daf60000)
  from space 21824K, 100% used [0x00000000daf60000, 0x00000000dc4b0000, 0x00000000dc4b0000)
  to   space 21824K,   0% used [0x00000000dc4b0000, 0x00000000dc4b0000, 0x00000000dda00000)
 concurrent mark-sweep generation total 393216K, used 15039K [0x00000000dda00000, 0x00000000f5a00000, 0x00000000f5a00000)
 concurrent-mark-sweep perm gen total 32000K, used 31839K [0x00000000f5a00000, 0x00000000f7940000, 0x0000000100000000)
2015-12-12T07:35:12.264+0000: 208.804: [GC2015-12-12T07:35:12.264+0000: 208.804: [ParNew
Desired survivor size 20112992 bytes, new threshold 8 (max 8)
- age   1:    4111984 bytes,    4111984 total
- age   2:     158664 bytes,    4270648 total
- age   3:    4096672 bytes,    8367320 total
- age   4:    3866280 bytes,   12233600 total
- age   5:    1983728 bytes,   14217328 total
- age   6:     562432 bytes,   14779760 total
- age   7:    1055976 bytes,   15835736 total
- age   8:     134304 bytes,   15970040 total
: 109248K->21824K(109248K), 0.0445540 secs] 124287K->40989K(502464K), 0.0446350 secs] [Times: user=0.04 sys=0.01, real=0.05 secs] 
Heap after GC invocations=13 (full 0):
 par new generation   total 109248K, used 21824K [0x00000000d5a00000, 0x00000000dda00000, 0x00000000dda00000)
  eden space 87424K,   0% used [0x00000000d5a00000, 0x00000000d5a00000, 0x00000000daf60000)
  from space 21824K, 100% used [0x00000000dc4b0000, 0x00000000dda00000, 0x00000000dda00000)
  to   space 21824K,   0% used [0x00000000daf60000, 0x00000000daf60000, 0x00000000dc4b0000)
 concurrent mark-sweep generation total 393216K, used 19165K [0x00000000dda00000, 0x00000000f5a00000, 0x00000000f5a00000)
 concurrent-mark-sweep perm gen total 32000K, used 31839K [0x00000000f5a00000, 0x00000000f7940000, 0x0000000100000000)
}
2015-12-12T07:35:12.309+0000: 208.849: Total time for which application threads were stopped: 0.0448250 seconds, Stopping threads took: 0.0000460 seconds
2015-12-12T07:35:12.584+0000: 209.124: Total time for which application threads were stopped: 0.0001580 seconds, Stopping threads took: 0.0000330 seconds
2015-12-12T07:35:42.410+0000: 238.950: Total time for which application threads were stopped: 0.0001450 seconds, Stopping threads took: 0.0000350 seconds
2015-12-12T07:35:42.437+0000: 238.977: Total time for which application threads were stopped: 0.0023340 seconds, Stopping threads took: 0.0023010 seconds
2015-12-12T07:35:42.437+0000: 238.978: Total time for which application threads were stopped: 0.0000230 seconds, Stopping threads took: 0.0000080 seconds
2015-12-12T07:35:42.438+0000: 238.978: Total time for which application threads were stopped: 0.0000230 seconds, Stopping threads took: 0.0000080 seconds
2015-12-12T07:35:42.520+0000: 239.061: Total time for which application threads were stopped: 0.0073060 seconds, Stopping threads took: 0.0072570 seconds
2015-12-12T07:35:43.528+0000: 240.068: Total time for which application threads were stopped: 0.0001600 seconds, Stopping threads took: 0.0000280 seconds
2015-12-12T07:35:56.456+0000: 252.996: Total time for which application threads were stopped: 0.0001520 seconds, Stopping threads took: 0.0000330 seconds
2015-12-12T07:35:56.518+0000: 253.058: Total time for which application threads were stopped: 0.0084400 seconds, Stopping threads took: 0.0084000 seconds
2015-12-12T07:35:57.519+0000: 254.059: Total time for which application threads were stopped: 0.0001470 seconds, Stopping threads took: 0.0000270 seconds
2015-12-12T07:36:29.626+0000: 286.166: Total time for which application threads were stopped: 0.0001730 seconds, Stopping threads took: 0.0000520 seconds
{Heap before GC invocations=13 (full 0):
 par new generation   total 109248K, used 109248K [0x00000000d5a00000, 0x00000000dda00000, 0x00000000dda00000)
  eden space 87424K, 100% used [0x00000000d5a00000, 0x00000000daf60000, 0x00000000daf60000)
  from space 21824K, 100% used [0x00000000dc4b0000, 0x00000000dda00000, 0x00000000dda00000)
  to   space 21824K,   0% used [0x00000000daf60000, 0x00000000daf60000, 0x00000000dc4b0000)
 concurrent mark-sweep generation total 393216K, used 19165K [0x00000000dda00000, 0x00000000f5a00000, 0x00000000f5a00000)
 concurrent-mark-sweep perm gen total 32000K, used 31928K [0x00000000f5a00000, 0x00000000f7940000, 0x0000000100000000)
2015-12-12T07:36:29.764+0000: 286.304: [GC2015-12-12T07:36:29.764+0000: 286.304: [ParNew
Desired survivor size 20112992 bytes, new threshold 8 (max 8)
- age   1:    2126072 bytes,    2126072 total
- age   2:    2589680 bytes,    4715752 total
- age   3:     156648 bytes,    4872400 total
- age   4:    4096672 bytes,    8969072 total
- age   5:    3866280 bytes,   12835352 total
- age   6:    1983520 bytes,   14818872 total
- age   7:     562408 bytes,   15381280 total
- age   8:    1055976 bytes,   16437256 total
: 109248K->18977K(109248K), 0.0283710 secs] 128413K->38274K(502464K), 0.0284520 secs] [Times: user=0.03 sys=0.00, real=0.03 secs] 
Heap after GC invocations=14 (full 0):
 par new generation   total 109248K, used 18977K [0x00000000d5a00000, 0x00000000dda00000, 0x00000000dda00000)
  eden space 87424K,   0% used [0x00000000d5a00000, 0x00000000d5a00000, 0x00000000daf60000)
  from space 21824K,  86% used [0x00000000daf60000, 0x00000000dc1e8560, 0x00000000dc4b0000)
  to   space 21824K,   0% used [0x00000000dc4b0000, 0x00000000dc4b0000, 0x00000000dda00000)
 concurrent mark-sweep generation total 393216K, used 19296K [0x00000000dda00000, 0x00000000f5a00000, 0x00000000f5a00000)
 concurrent-mark-sweep perm gen total 32000K, used 31928K [0x00000000f5a00000, 0x00000000f7940000, 0x0000000100000000)
}
2015-12-12T07:36:29.792+0000: 286.332: Total time for which application threads were stopped: 0.0286380 seconds, Stopping threads took: 0.0000340 seconds
2015-12-12T07:36:30.794+0000: 287.334: Total time for which application threads were stopped: 0.0001380 seconds, Stopping threads took: 0.0000270 seconds
2015-12-12T07:36:33.027+0000: 289.567: Total time for which application threads were stopped: 0.0022870 seconds, Stopping threads took: 0.0021860 seconds
2015-12-12T07:36:34.027+0000: 290.567: Total time for which application threads were stopped: 0.0001550 seconds, Stopping threads took: 0.0000260 seconds
2015-12-12T07:36:42.858+0000: 299.398: Total time for which application threads were stopped: 0.0001490 seconds, Stopping threads took: 0.0000350 seconds
2015-12-12T07:36:42.904+0000: 299.444: Total time for which application threads were stopped: 0.0086240 seconds, Stopping threads took: 0.0085760 seconds
2015-12-12T07:36:42.911+0000: 299.451: Total time for which application threads were stopped: 0.0025250 seconds, Stopping threads took: 0.0024900 seconds
2015-12-12T07:36:42.933+0000: 299.473: Total time for which application threads were stopped: 0.0121890 seconds, Stopping threads took: 0.0119220 seconds
2015-12-12T07:36:42.933+0000: 299.473: Total time for which application threads were stopped: 0.0000610 seconds, Stopping threads took: 0.0000100 seconds
2015-12-12T07:36:42.943+0000: 299.483: Total time for which application threads were stopped: 0.0000460 seconds, Stopping threads took: 0.0000110 seconds
2015-12-12T07:36:42.943+0000: 299.483: Total time for which application threads were stopped: 0.0000300 seconds, Stopping threads took: 0.0000090 seconds
2015-12-12T07:36:42.943+0000: 299.483: Total time for which application threads were stopped: 0.0000250 seconds, Stopping threads took: 0.0000070 seconds
{Heap before GC invocations=14 (full 0):
 par new generation   total 109248K, used 106401K [0x00000000d5a00000, 0x00000000dda00000, 0x00000000dda00000)
  eden space 87424K, 100% used [0x00000000d5a00000, 0x00000000daf60000, 0x00000000daf60000)
  from space 21824K,  86% used [0x00000000daf60000, 0x00000000dc1e8560, 0x00000000dc4b0000)
  to   space 21824K,   0% used [0x00000000dc4b0000, 0x00000000dc4b0000, 0x00000000dda00000)
 concurrent mark-sweep generation total 393216K, used 19296K [0x00000000dda00000, 0x00000000f5a00000, 0x00000000f5a00000)
 concurrent-mark-sweep perm gen total 32192K, used 32046K [0x00000000f5a00000, 0x00000000f7970000, 0x0000000100000000)
2015-12-12T07:36:43.097+0000: 299.637: [GC2015-12-12T07:36:43.097+0000: 299.637: [ParNew
Desired survivor size 20112992 bytes, new threshold 8 (max 8)
- age   1:    1288224 bytes,    1288224 total
- age   2:     523560 bytes,    1811784 total
- age   3:    2584048 bytes,    4395832 total
- age   4:     156360 bytes,    4552192 total
- age   5:    4129456 bytes,    8681648 total
- age   6:    3866280 bytes,   12547928 total
- age   7:    1983520 bytes,   14531448 total
- age   8:     562408 bytes,   15093856 total
: 106401K->17684K(109248K), 0.0299760 secs] 125698K->38013K(502464K), 0.0300420 secs] [Times: user=0.02 sys=0.00, real=0.03 secs] 
Heap after GC invocations=15 (full 0):
 par new generation   total 109248K, used 17684K [0x00000000d5a00000, 0x00000000dda00000, 0x00000000dda00000)
  eden space 87424K,   0% used [0x00000000d5a00000, 0x00000000d5a00000, 0x00000000daf60000)
  from space 21824K,  81% used [0x00000000dc4b0000, 0x00000000dd5f5220, 0x00000000dda00000)
  to   space 21824K,   0% used [0x00000000daf60000, 0x00000000daf60000, 0x00000000dc4b0000)
 concurrent mark-sweep generation total 393216K, used 20329K [0x00000000dda00000, 0x00000000f5a00000, 0x00000000f5a00000)
 concurrent-mark-sweep perm gen total 32192K, used 32046K [0x00000000f5a00000, 0x00000000f7970000, 0x0000000100000000)
}
2015-12-12T07:36:43.127+0000: 299.667: Total time for which application threads were stopped: 0.0323650 seconds, Stopping threads took: 0.0022000 seconds
2015-12-12T07:36:44.136+0000: 300.676: Total time for which application threads were stopped: 0.0001540 seconds, Stopping threads took: 0.0000280 seconds
2015-12-12T07:37:33.030+0000: 349.570: Total time for which application threads were stopped: 0.0001120 seconds, Stopping threads took: 0.0000210 seconds
2015-12-12T07:37:43.033+0000: 359.574: Total time for which application threads were stopped: 0.0001670 seconds, Stopping threads took: 0.0000340 seconds
2015-12-12T07:37:43.041+0000: 359.581: Total time for which application threads were stopped: 0.0000320 seconds, Stopping threads took: 0.0000120 seconds
2015-12-12T07:37:43.041+0000: 359.581: Total time for which application threads were stopped: 0.0000230 seconds, Stopping threads took: 0.0000080 seconds
2015-12-12T07:37:43.041+0000: 359.581: Total time for which application threads were stopped: 0.0000200 seconds, Stopping threads took: 0.0000070 seconds
2015-12-12T07:37:55.675+0000: 372.215: Total time for which application threads were stopped: 0.0001530 seconds, Stopping threads took: 0.0000490 seconds
2015-12-12T07:37:55.675+0000: 372.215: Total time for which application threads were stopped: 0.0000240 seconds, Stopping threads took: 0.0000080 seconds
2015-12-12T07:37:55.675+0000: 372.215: Total time for which application threads were stopped: 0.0000220 seconds, Stopping threads took: 0.0000080 seconds
2015-12-12T07:37:55.679+0000: 372.219: Total time for which application threads were stopped: 0.0000330 seconds, Stopping threads took: 0.0000120 seconds
2015-12-12T07:37:55.700+0000: 372.240: Total time for which application threads were stopped: 0.0000290 seconds, Stopping threads took: 0.0000110 seconds
2015-12-12T07:37:55.700+0000: 372.240: Total time for which application threads were stopped: 0.0000220 seconds, Stopping threads took: 0.0000080 seconds
2015-12-12T07:37:55.701+0000: 372.241: Total time for which application threads were stopped: 0.0000280 seconds, Stopping threads took: 0.0000090 seconds
2015-12-12T07:37:55.714+0000: 372.254: Total time for which application threads were stopped: 0.0000410 seconds, Stopping threads took: 0.0000100 seconds
2015-12-12T07:37:55.714+0000: 372.254: Total time for which application threads were stopped: 0.0000640 seconds, Stopping threads took: 0.0000070 seconds
2015-12-12T07:37:55.715+0000: 372.255: Total time for which application threads were stopped: 0.0000240 seconds, Stopping threads took: 0.0000080 seconds
2015-12-12T07:37:55.716+0000: 372.256: Total time for which application threads were stopped: 0.0000420 seconds, Stopping threads took: 0.0000220 seconds
2015-12-12T07:37:55.731+0000: 372.272: Total time for which application threads were stopped: 0.0020410 seconds, Stopping threads took: 0.0020060 seconds
2015-12-12T07:37:55.732+0000: 372.272: Total time for which application threads were stopped: 0.0000230 seconds, Stopping threads took: 0.0000080 seconds
2015-12-12T07:37:55.732+0000: 372.272: Total time for which application threads were stopped: 0.0000280 seconds, Stopping threads took: 0.0000090 seconds
2015-12-12T07:37:55.747+0000: 372.287: Total time for which application threads were stopped: 0.0061960 seconds, Stopping threads took: 0.0061720 seconds
2015-12-12T07:37:55.754+0000: 372.294: Total time for which application threads were stopped: 0.0000330 seconds, Stopping threads took: 0.0000120 seconds
2015-12-12T07:37:55.754+0000: 372.294: Total time for which application threads were stopped: 0.0000280 seconds, Stopping threads took: 0.0000110 seconds
2015-12-12T07:37:55.754+0000: 372.294: Total time for which application threads were stopped: 0.0000200 seconds, Stopping threads took: 0.0000070 seconds
2015-12-12T07:37:55.755+0000: 372.295: Total time for which application threads were stopped: 0.0000320 seconds, Stopping threads took: 0.0000090 seconds
2015-12-12T07:37:55.772+0000: 372.312: Total time for which application threads were stopped: 0.0000570 seconds, Stopping threads took: 0.0000300 seconds
2015-12-12T07:37:55.794+0000: 372.334: Total time for which application threads were stopped: 0.0000540 seconds, Stopping threads took: 0.0000330 seconds
2015-12-12T07:37:55.794+0000: 372.334: Total time for which application threads were stopped: 0.0000230 seconds, Stopping threads took: 0.0000080 seconds
2015-12-12T07:37:55.796+0000: 372.336: Total time for which application threads were stopped: 0.0000410 seconds, Stopping threads took: 0.0000190 seconds
2015-12-12T07:37:55.890+0000: 372.430: Total time for which application threads were stopped: 0.0021620 seconds, Stopping threads took: 0.0020650 seconds
2015-12-12T07:37:56.069+0000: 372.609: Total time for which application threads were stopped: 0.0001130 seconds, Stopping threads took: 0.0000370 seconds
2015-12-12T07:38:19.941+0000: 396.481: Total time for which application threads were stopped: 0.0001430 seconds, Stopping threads took: 0.0000430 seconds
2015-12-12T07:38:19.960+0000: 396.500: Total time for which application threads were stopped: 0.0000630 seconds, Stopping threads took: 0.0000230 seconds
2015-12-12T07:38:19.961+0000: 396.501: Total time for which application threads were stopped: 0.0000240 seconds, Stopping threads took: 0.0000080 seconds
2015-12-12T07:38:19.981+0000: 396.521: Total time for which application threads were stopped: 0.0000340 seconds, Stopping threads took: 0.0000130 seconds
2015-12-12T07:38:19.981+0000: 396.521: Total time for which application threads were stopped: 0.0000240 seconds, Stopping threads took: 0.0000080 seconds
2015-12-12T07:38:20.005+0000: 396.545: Total time for which application threads were stopped: 0.0055480 seconds, Stopping threads took: 0.0054950 seconds
2015-12-12T07:38:20.027+0000: 396.567: Total time for which application threads were stopped: 0.0058500 seconds, Stopping threads took: 0.0058100 seconds
2015-12-12T07:38:20.054+0000: 396.595: Total time for which application threads were stopped: 0.0081840 seconds, Stopping threads took: 0.0081500 seconds
2015-12-12T07:38:20.074+0000: 396.614: Total time for which application threads were stopped: 0.0059060 seconds, Stopping threads took: 0.0058740 seconds
2015-12-12T07:38:20.076+0000: 396.616: Total time for which application threads were stopped: 0.0000350 seconds, Stopping threads took: 0.0000140 seconds
2015-12-12T07:38:20.089+0000: 396.629: Total time for which application threads were stopped: 0.0053910 seconds, Stopping threads took: 0.0053540 seconds
{Heap before GC invocations=15 (full 0):
 par new generation   total 109248K, used 105108K [0x00000000d5a00000, 0x00000000dda00000, 0x00000000dda00000)
  eden space 87424K, 100% used [0x00000000d5a00000, 0x00000000daf60000, 0x00000000daf60000)
  from space 21824K,  81% used [0x00000000dc4b0000, 0x00000000dd5f5220, 0x00000000dda00000)
  to   space 21824K,   0% used [0x00000000daf60000, 0x00000000daf60000, 0x00000000dc4b0000)
 concurrent mark-sweep generation total 393216K, used 20329K [0x00000000dda00000, 0x00000000f5a00000, 0x00000000f5a00000)
 concurrent-mark-sweep perm gen total 32192K, used 32088K [0x00000000f5a00000, 0x00000000f7970000, 0x0000000100000000)
2015-12-12T07:38:20.096+0000: 396.636: [GC2015-12-12T07:38:20.096+0000: 396.636: [ParNew
Desired survivor size 20112992 bytes, new threshold 8 (max 8)
- age   1:    1754368 bytes,    1754368 total
- age   2:     236512 bytes,    1990880 total
- age   3:     519256 bytes,    2510136 total
- age   4:    2522168 bytes,    5032304 total
- age   5:     127328 bytes,    5159632 total
- age   6:    3895592 bytes,    9055224 total
- age   7:    3866280 bytes,   12921504 total
- age   8:    1983432 bytes,   14904936 total
: 105108K->21824K(109248K), 0.0274130 secs] 125437K->43027K(502464K), 0.0274880 secs] [Times: user=0.03 sys=0.00, real=0.03 secs] 
Heap after GC invocations=16 (full 0):
 par new generation   total 109248K, used 21824K [0x00000000d5a00000, 0x00000000dda00000, 0x00000000dda00000)
  eden space 87424K,   0% used [0x00000000d5a00000, 0x00000000d5a00000, 0x00000000daf60000)
  from space 21824K, 100% used [0x00000000daf60000, 0x00000000dc4b0000, 0x00000000dc4b0000)
  to   space 21824K,   0% used [0x00000000dc4b0000, 0x00000000dc4b0000, 0x00000000dda00000)
 concurrent mark-sweep generation total 393216K, used 21203K [0x00000000dda00000, 0x00000000f5a00000, 0x00000000f5a00000)
 concurrent-mark-sweep perm gen total 32192K, used 32088K [0x00000000f5a00000, 0x00000000f7970000, 0x0000000100000000)
}
2015-12-12T07:38:20.124+0000: 396.664: Total time for which application threads were stopped: 0.0275960 seconds, Stopping threads took: 0.0000120 seconds
2015-12-12T07:38:21.133+0000: 397.673: Total time for which application threads were stopped: 0.0001630 seconds, Stopping threads took: 0.0000290 seconds
2015-12-12T07:38:24.133+0000: 400.673: Total time for which application threads were stopped: 0.0001800 seconds, Stopping threads took: 0.0000280 seconds
{Heap before GC invocations=16 (full 0):
 par new generation   total 109248K, used 109248K [0x00000000d5a00000, 0x00000000dda00000, 0x00000000dda00000)
  eden space 87424K, 100% used [0x00000000d5a00000, 0x00000000daf60000, 0x00000000daf60000)
  from space 21824K, 100% used [0x00000000daf60000, 0x00000000dc4b0000, 0x00000000dc4b0000)
  to   space 21824K,   0% used [0x00000000dc4b0000, 0x00000000dc4b0000, 0x00000000dda00000)
 concurrent mark-sweep generation total 393216K, used 21203K [0x00000000dda00000, 0x00000000f5a00000, 0x00000000f5a00000)
 concurrent-mark-sweep perm gen total 32192K, used 32106K [0x00000000f5a00000, 0x00000000f7970000, 0x0000000100000000)
2015-12-12T07:38:28.314+0000: 404.854: [GC2015-12-12T07:38:28.314+0000: 404.854: [ParNew
Desired survivor size 20112992 bytes, new threshold 8 (max 8)
- age   1:     977936 bytes,     977936 total
- age   2:     115104 bytes,    1093040 total
- age   3:     234480 bytes,    1327520 total
- age   4:     519256 bytes,    1846776 total
- age   5:    2521912 bytes,    4368688 total
- age   6:     127328 bytes,    4496016 total
- age   7:    3764504 bytes,    8260520 total
- age   8:    3866280 bytes,   12126800 total
: 109248K->16309K(109248K), 0.0331030 secs] 130451K->39451K(502464K), 0.0331740 secs] [Times: user=0.03 sys=0.00, real=0.03 secs] 
Heap after GC invocations=17 (full 0):
 par new generation   total 109248K, used 16309K [0x00000000d5a00000, 0x00000000dda00000, 0x00000000dda00000)
  eden space 87424K,   0% used [0x00000000d5a00000, 0x00000000d5a00000, 0x00000000daf60000)
  from space 21824K,  74% used [0x00000000dc4b0000, 0x00000000dd49d7e0, 0x00000000dda00000)
  to   space 21824K,   0% used [0x00000000daf60000, 0x00000000daf60000, 0x00000000dc4b0000)
 concurrent mark-sweep generation total 393216K, used 23141K [0x00000000dda00000, 0x00000000f5a00000, 0x00000000f5a00000)
 concurrent-mark-sweep perm gen total 32192K, used 32106K [0x00000000f5a00000, 0x00000000f7970000, 0x0000000100000000)
}
2015-12-12T07:38:28.347+0000: 404.887: Total time for which application threads were stopped: 0.0334080 seconds, Stopping threads took: 0.0000380 seconds
2015-12-12T07:38:29.351+0000: 405.891: Total time for which application threads were stopped: 0.0001620 seconds, Stopping threads took: 0.0000250 seconds
2015-12-12T07:38:32.352+0000: 408.892: Total time for which application threads were stopped: 0.0001990 seconds, Stopping threads took: 0.0000390 seconds
{Heap before GC invocations=17 (full 0):
 par new generation   total 109248K, used 103733K [0x00000000d5a00000, 0x00000000dda00000, 0x00000000dda00000)
  eden space 87424K, 100% used [0x00000000d5a00000, 0x00000000daf60000, 0x00000000daf60000)
  from space 21824K,  74% used [0x00000000dc4b0000, 0x00000000dd49d7e0, 0x00000000dda00000)
  to   space 21824K,   0% used [0x00000000daf60000, 0x00000000daf60000, 0x00000000dc4b0000)
 concurrent mark-sweep generation total 393216K, used 23141K [0x00000000dda00000, 0x00000000f5a00000, 0x00000000f5a00000)
 concurrent-mark-sweep perm gen total 32192K, used 32125K [0x00000000f5a00000, 0x00000000f7970000, 0x0000000100000000)
2015-12-12T07:38:32.696+0000: 409.236: [GC2015-12-12T07:38:32.696+0000: 409.236: [ParNew
Desired survivor size 20112992 bytes, new threshold 8 (max 8)
- age   1:     945824 bytes,     945824 total
- age   2:      14960 bytes,     960784 total
- age   3:     113808 bytes,    1074592 total
- age   4:     234344 bytes,    1308936 total
- age   5:     519256 bytes,    1828192 total
- age   6:    2517752 bytes,    4345944 total
- age   7:     127328 bytes,    4473272 total
- age   8:    3764504 bytes,    8237776 total
: 103733K->12506K(109248K), 0.0231900 secs] 126875K->39423K(502464K), 0.0232730 secs] [Times: user=0.02 sys=0.00, real=0.02 secs] 
Heap after GC invocations=18 (full 0):
 par new generation   total 109248K, used 12506K [0x00000000d5a00000, 0x00000000dda00000, 0x00000000dda00000)
  eden space 87424K,   0% used [0x00000000d5a00000, 0x00000000d5a00000, 0x00000000daf60000)
  from space 21824K,  57% used [0x00000000daf60000, 0x00000000dbb96980, 0x00000000dc4b0000)
  to   space 21824K,   0% used [0x00000000dc4b0000, 0x00000000dc4b0000, 0x00000000dda00000)
 concurrent mark-sweep generation total 393216K, used 26916K [0x00000000dda00000, 0x00000000f5a00000, 0x00000000f5a00000)
 concurrent-mark-sweep perm gen total 32192K, used 32125K [0x00000000f5a00000, 0x00000000f7970000, 0x0000000100000000)
}
2015-12-12T07:38:32.719+0000: 409.259: Total time for which application threads were stopped: 0.0234120 seconds, Stopping threads took: 0.0000300 seconds
2015-12-12T07:38:33.719+0000: 410.259: Total time for which application threads were stopped: 0.0001420 seconds, Stopping threads took: 0.0000400 seconds
2015-12-12T07:38:53.722+0000: 430.262: Total time for which application threads were stopped: 0.0001100 seconds, Stopping threads took: 0.0000230 seconds
2015-12-12T07:39:05.015+0000: 441.555: Total time for which application threads were stopped: 0.0001620 seconds, Stopping threads took: 0.0000320 seconds
{Heap before GC invocations=18 (full 0):
 par new generation   total 109248K, used 99930K [0x00000000d5a00000, 0x00000000dda00000, 0x00000000dda00000)
  eden space 87424K, 100% used [0x00000000d5a00000, 0x00000000daf60000, 0x00000000daf60000)
  from space 21824K,  57% used [0x00000000daf60000, 0x00000000dbb96980, 0x00000000dc4b0000)
  to   space 21824K,   0% used [0x00000000dc4b0000, 0x00000000dc4b0000, 0x00000000dda00000)
 concurrent mark-sweep generation total 393216K, used 26916K [0x00000000dda00000, 0x00000000f5a00000, 0x00000000f5a00000)
 concurrent-mark-sweep perm gen total 32192K, used 32151K [0x00000000f5a00000, 0x00000000f7970000, 0x0000000100000000)
2015-12-12T07:39:05.086+0000: 441.626: [GC2015-12-12T07:39:05.086+0000: 441.626: [ParNew
Desired survivor size 20112992 bytes, new threshold 8 (max 8)
- age   1:    1814680 bytes,    1814680 total
- age   2:      12688 bytes,    1827368 total
- age   3:      14120 bytes,    1841488 total
- age   4:     112840 bytes,    1954328 total
- age   5:     233096 bytes,    2187424 total
- age   6:     519256 bytes,    2706680 total
- age   7:    2517752 bytes,    5224432 total
- age   8:     127328 bytes,    5351760 total
: 99930K->8203K(109248K), 0.0246110 secs] 126847K->38797K(502464K), 0.0246930 secs] [Times: user=0.02 sys=0.00, real=0.03 secs] 
Heap after GC invocations=19 (full 0):
 par new generation   total 109248K, used 8203K [0x00000000d5a00000, 0x00000000dda00000, 0x00000000dda00000)
  eden space 87424K,   0% used [0x00000000d5a00000, 0x00000000d5a00000, 0x00000000daf60000)
  from space 21824K,  37% used [0x00000000dc4b0000, 0x00000000dccb2fa0, 0x00000000dda00000)
  to   space 21824K,   0% used [0x00000000daf60000, 0x00000000daf60000, 0x00000000dc4b0000)
 concurrent mark-sweep generation total 393216K, used 30593K [0x00000000dda00000, 0x00000000f5a00000, 0x00000000f5a00000)
 concurrent-mark-sweep perm gen total 32192K, used 32151K [0x00000000f5a00000, 0x00000000f7970000, 0x0000000100000000)
}
2015-12-12T07:39:05.110+0000: 441.650: Total time for which application threads were stopped: 0.0248460 seconds, Stopping threads took: 0.0000330 seconds
2015-12-12T07:39:06.111+0000: 442.651: Total time for which application threads were stopped: 0.0001300 seconds, Stopping threads took: 0.0000260 seconds
2015-12-12T07:39:12.112+0000: 448.652: Total time for which application threads were stopped: 0.0001240 seconds, Stopping threads took: 0.0000250 seconds
2015-12-12T07:39:22.113+0000: 458.653: Total time for which application threads were stopped: 0.0001550 seconds, Stopping threads took: 0.0000370 seconds
2015-12-12T07:39:47.117+0000: 483.657: Total time for which application threads were stopped: 0.0001210 seconds, Stopping threads took: 0.0000260 seconds
2015-12-12T07:40:36.470+0000: 533.010: Total time for which application threads were stopped: 0.0001480 seconds, Stopping threads took: 0.0000370 seconds
{Heap before GC invocations=19 (full 0):
 par new generation   total 109248K, used 95627K [0x00000000d5a00000, 0x00000000dda00000, 0x00000000dda00000)
  eden space 87424K, 100% used [0x00000000d5a00000, 0x00000000daf60000, 0x00000000daf60000)
  from space 21824K,  37% used [0x00000000dc4b0000, 0x00000000dccb2fa0, 0x00000000dda00000)
  to   space 21824K,   0% used [0x00000000daf60000, 0x00000000daf60000, 0x00000000dc4b0000)
 concurrent mark-sweep generation total 393216K, used 30593K [0x00000000dda00000, 0x00000000f5a00000, 0x00000000f5a00000)
 concurrent-mark-sweep perm gen total 32384K, used 32165K [0x00000000f5a00000, 0x00000000f79a0000, 0x0000000100000000)
2015-12-12T07:40:45.189+0000: 541.729: [GC2015-12-12T07:40:45.189+0000: 541.729: [ParNew
Desired survivor size 20112992 bytes, new threshold 8 (max 8)
- age   1:     880856 bytes,     880856 total
- age   2:     142128 bytes,    1022984 total
- age   3:      10648 bytes,    1033632 total
- age   4:      13328 bytes,    1046960 total
- age   5:      97776 bytes,    1144736 total
- age   6:     222888 bytes,    1367624 total
- age   7:     518752 bytes,    1886376 total
- age   8:    2517472 bytes,    4403848 total
: 95627K->4942K(109248K), 0.0267690 secs] 126221K->35661K(502464K), 0.0268430 secs] [Times: user=0.03 sys=0.00, real=0.02 secs] 
Heap after GC invocations=20 (full 0):
 par new generation   total 109248K, used 4942K [0x00000000d5a00000, 0x00000000dda00000, 0x00000000dda00000)
  eden space 87424K,   0% used [0x00000000d5a00000, 0x00000000d5a00000, 0x00000000daf60000)
  from space 21824K,  22% used [0x00000000daf60000, 0x00000000db433938, 0x00000000dc4b0000)
  to   space 21824K,   0% used [0x00000000dc4b0000, 0x00000000dc4b0000, 0x00000000dda00000)
 concurrent mark-sweep generation total 393216K, used 30719K [0x00000000dda00000, 0x00000000f5a00000, 0x00000000f5a00000)
 concurrent-mark-sweep perm gen total 32384K, used 32165K [0x00000000f5a00000, 0x00000000f79a0000, 0x0000000100000000)
}
2015-12-12T07:40:45.215+0000: 541.756: Total time for which application threads were stopped: 0.0270270 seconds, Stopping threads took: 0.0000240 seconds
2015-12-12T07:40:46.471+0000: 543.011: Total time for which application threads were stopped: 0.0001330 seconds, Stopping threads took: 0.0000210 seconds
2015-12-12T07:40:46.471+0000: 543.011: Total time for which application threads were stopped: 0.0000390 seconds, Stopping threads took: 0.0000090 seconds
2015-12-12T07:41:26.450+0000: 582.990: Total time for which application threads were stopped: 0.0001610 seconds, Stopping threads took: 0.0000510 seconds
2015-12-12T07:41:26.458+0000: 582.998: Total time for which application threads were stopped: 0.0000360 seconds, Stopping threads took: 0.0000120 seconds
2015-12-12T07:44:51.489+0000: 788.029: Total time for which application threads were stopped: 0.0001260 seconds, Stopping threads took: 0.0000390 seconds
2015-12-12T07:47:49.581+0000: 966.121: Total time for which application threads were stopped: 0.0001380 seconds, Stopping threads took: 0.0000370 seconds
2015-12-12T07:47:49.581+0000: 966.121: Total time for which application threads were stopped: 0.0000240 seconds, Stopping threads took: 0.0000090 seconds
2015-12-12T07:47:49.581+0000: 966.121: Total time for which application threads were stopped: 0.0000200 seconds, Stopping threads took: 0.0000070 seconds
2015-12-12T07:47:49.582+0000: 966.122: Total time for which application threads were stopped: 0.0000270 seconds, Stopping threads took: 0.0000090 seconds
2015-12-12T07:47:49.583+0000: 966.123: Total time for which application threads were stopped: 0.0000310 seconds, Stopping threads took: 0.0000110 seconds
2015-12-12T07:47:49.583+0000: 966.123: Total time for which application threads were stopped: 0.0000220 seconds, Stopping threads took: 0.0000080 seconds
2015-12-12T07:47:49.583+0000: 966.123: Total time for which application threads were stopped: 0.0000220 seconds, Stopping threads took: 0.0000080 seconds
2015-12-12T07:47:49.583+0000: 966.124: Total time for which application threads were stopped: 0.0000200 seconds, Stopping threads took: 0.0000070 seconds
2015-12-12T07:47:49.584+0000: 966.124: Total time for which application threads were stopped: 0.0000210 seconds, Stopping threads took: 0.0000070 seconds
2015-12-12T07:47:49.584+0000: 966.124: Total time for which application threads were stopped: 0.0000190 seconds, Stopping threads took: 0.0000060 seconds
2015-12-12T07:47:49.584+0000: 966.124: Total time for which application threads were stopped: 0.0000250 seconds, Stopping threads took: 0.0000080 seconds
2015-12-12T07:47:49.588+0000: 966.128: Total time for which application threads were stopped: 0.0012520 seconds, Stopping threads took: 0.0011300 seconds
2015-12-12T07:47:49.593+0000: 966.133: Total time for which application threads were stopped: 0.0010410 seconds, Stopping threads took: 0.0010090 seconds
2015-12-12T07:47:49.598+0000: 966.138: Total time for which application threads were stopped: 0.0018130 seconds, Stopping threads took: 0.0017940 seconds
2015-12-12T07:47:49.599+0000: 966.139: Total time for which application threads were stopped: 0.0000290 seconds, Stopping threads took: 0.0000100 seconds
2015-12-12T07:47:49.602+0000: 966.142: Total time for which application threads were stopped: 0.0000620 seconds, Stopping threads took: 0.0000210 seconds
2015-12-12T07:47:49.648+0000: 966.188: Total time for which application threads were stopped: 0.0029100 seconds, Stopping threads took: 0.0028390 seconds
2015-12-12T07:47:49.648+0000: 966.188: Total time for which application threads were stopped: 0.0000310 seconds, Stopping threads took: 0.0000120 seconds
2015-12-12T07:47:49.696+0000: 966.236: Total time for which application threads were stopped: 0.0001550 seconds, Stopping threads took: 0.0000330 seconds
2015-12-12T07:47:49.745+0000: 966.285: Total time for which application threads were stopped: 0.0000540 seconds, Stopping threads took: 0.0000180 seconds
2015-12-12T07:47:49.824+0000: 966.364: Total time for which application threads were stopped: 0.0000720 seconds, Stopping threads took: 0.0000250 seconds
2015-12-12T07:47:56.099+0000: 972.639: Total time for which application threads were stopped: 0.0001300 seconds, Stopping threads took: 0.0000380 seconds
2015-12-12T07:47:56.099+0000: 972.639: Total time for which application threads were stopped: 0.0000250 seconds, Stopping threads took: 0.0000090 seconds
2015-12-12T07:47:56.107+0000: 972.647: Total time for which application threads were stopped: 0.0020530 seconds, Stopping threads took: 0.0020310 seconds
2015-12-12T07:47:56.113+0000: 972.653: Total time for which application threads were stopped: 0.0017070 seconds, Stopping threads took: 0.0016860 seconds
2015-12-12T07:47:56.116+0000: 972.656: Total time for which application threads were stopped: 0.0003110 seconds, Stopping threads took: 0.0002520 seconds
2015-12-12T07:47:56.121+0000: 972.661: Total time for which application threads were stopped: 0.0000640 seconds, Stopping threads took: 0.0000240 seconds
{Heap before GC invocations=20 (full 0):
 par new generation   total 109248K, used 92366K [0x00000000d5a00000, 0x00000000dda00000, 0x00000000dda00000)
  eden space 87424K, 100% used [0x00000000d5a00000, 0x00000000daf60000, 0x00000000daf60000)
  from space 21824K,  22% used [0x00000000daf60000, 0x00000000db433938, 0x00000000dc4b0000)
  to   space 21824K,   0% used [0x00000000dc4b0000, 0x00000000dc4b0000, 0x00000000dda00000)
 concurrent mark-sweep generation total 393216K, used 30719K [0x00000000dda00000, 0x00000000f5a00000, 0x00000000f5a00000)
 concurrent-mark-sweep perm gen total 32384K, used 32169K [0x00000000f5a00000, 0x00000000f79a0000, 0x0000000100000000)
2015-12-12T07:47:56.203+0000: 972.743: [GC2015-12-12T07:47:56.203+0000: 972.743: [ParNew
Desired survivor size 20112992 bytes, new threshold 8 (max 8)
- age   1:    1748496 bytes,    1748496 total
- age   2:     228024 bytes,    1976520 total
- age   3:     142096 bytes,    2118616 total
- age   4:      10648 bytes,    2129264 total
- age   5:      12384 bytes,    2141648 total
- age   6:      26384 bytes,    2168032 total
- age   7:     222920 bytes,    2390952 total
- age   8:     518752 bytes,    2909704 total
: 92366K->4629K(109248K), 0.0271960 secs] 123085K->37810K(502464K), 0.0272620 secs] [Times: user=0.03 sys=0.00, real=0.03 secs] 
Heap after GC invocations=21 (full 0):
 par new generation   total 109248K, used 4629K [0x00000000d5a00000, 0x00000000dda00000, 0x00000000dda00000)
  eden space 87424K,   0% used [0x00000000d5a00000, 0x00000000d5a00000, 0x00000000daf60000)
  from space 21824K,  21% used [0x00000000dc4b0000, 0x00000000dc9355a8, 0x00000000dda00000)
  to   space 21824K,   0% used [0x00000000daf60000, 0x00000000daf60000, 0x00000000dc4b0000)
 concurrent mark-sweep generation total 393216K, used 33180K [0x00000000dda00000, 0x00000000f5a00000, 0x00000000f5a00000)
 concurrent-mark-sweep perm gen total 32384K, used 32169K [0x00000000f5a00000, 0x00000000f79a0000, 0x0000000100000000)
}
2015-12-12T07:47:56.230+0000: 972.770: Total time for which application threads were stopped: 0.0274270 seconds, Stopping threads took: 0.0000320 seconds
2015-12-12T07:47:56.262+0000: 972.802: Total time for which application threads were stopped: 0.0000620 seconds, Stopping threads took: 0.0000170 seconds
2015-12-12T07:48:46.210+0000: 1022.750: Total time for which application threads were stopped: 0.0001590 seconds, Stopping threads took: 0.0000650 seconds
2015-12-12T07:48:46.210+0000: 1022.750: Total time for which application threads were stopped: 0.0000250 seconds, Stopping threads took: 0.0000090 seconds
2015-12-12T07:48:46.211+0000: 1022.751: Total time for which application threads were stopped: 0.0000220 seconds, Stopping threads took: 0.0000080 seconds
2015-12-12T07:48:48.524+0000: 1025.064: Total time for which application threads were stopped: 0.0001120 seconds, Stopping threads took: 0.0000230 seconds
2015-12-12T07:48:48.524+0000: 1025.064: Total time for which application threads were stopped: 0.0000270 seconds, Stopping threads took: 0.0000090 seconds
2015-12-12T07:48:48.524+0000: 1025.064: Total time for which application threads were stopped: 0.0000240 seconds, Stopping threads took: 0.0000080 seconds
2015-12-12T07:48:48.525+0000: 1025.065: Total time for which application threads were stopped: 0.0000260 seconds, Stopping threads took: 0.0000090 seconds
2015-12-12T07:48:48.525+0000: 1025.065: Total time for which application threads were stopped: 0.0000200 seconds, Stopping threads took: 0.0000060 seconds
2015-12-12T07:48:48.525+0000: 1025.065: Total time for which application threads were stopped: 0.0000220 seconds, Stopping threads took: 0.0000080 seconds
2015-12-12T07:48:48.589+0000: 1025.129: Total time for which application threads were stopped: 0.0000410 seconds, Stopping threads took: 0.0000140 seconds
2015-12-12T07:48:48.589+0000: 1025.129: Total time for which application threads were stopped: 0.0000220 seconds, Stopping threads took: 0.0000070 seconds
2015-12-12T07:48:48.589+0000: 1025.129: Total time for which application threads were stopped: 0.0000210 seconds, Stopping threads took: 0.0000070 seconds
2015-12-12T07:48:48.589+0000: 1025.129: Total time for which application threads were stopped: 0.0000210 seconds, Stopping threads took: 0.0000070 seconds
2015-12-12T07:48:48.589+0000: 1025.129: Total time for which application threads were stopped: 0.0000320 seconds, Stopping threads took: 0.0000180 seconds
2015-12-12T07:48:48.589+0000: 1025.129: Total time for which application threads were stopped: 0.0000210 seconds, Stopping threads took: 0.0000070 seconds
2015-12-12T07:48:48.589+0000: 1025.129: Total time for which application threads were stopped: 0.0000200 seconds, Stopping threads took: 0.0000060 seconds
2015-12-12T07:48:48.589+0000: 1025.129: Total time for which application threads were stopped: 0.0000210 seconds, Stopping threads took: 0.0000080 seconds
2015-12-12T07:48:48.589+0000: 1025.129: Total time for which application threads were stopped: 0.0000200 seconds, Stopping threads took: 0.0000070 seconds
2015-12-12T07:48:48.590+0000: 1025.130: Total time for which application threads were stopped: 0.0000260 seconds, Stopping threads took: 0.0000080 seconds
2015-12-12T07:48:48.593+0000: 1025.133: Total time for which application threads were stopped: 0.0004500 seconds, Stopping threads took: 0.0004230 seconds
2015-12-12T07:48:48.593+0000: 1025.133: Total time for which application threads were stopped: 0.0000560 seconds, Stopping threads took: 0.0000090 seconds
2015-12-12T07:48:48.604+0000: 1025.144: Total time for which application threads were stopped: 0.0022110 seconds, Stopping threads took: 0.0020520 seconds
2015-12-12T07:48:48.608+0000: 1025.148: Total time for which application threads were stopped: 0.0000360 seconds, Stopping threads took: 0.0000110 seconds
2015-12-12T07:48:48.608+0000: 1025.148: Total time for which application threads were stopped: 0.0000290 seconds, Stopping threads took: 0.0000080 seconds
2015-12-12T07:48:48.612+0000: 1025.152: Total time for which application threads were stopped: 0.0004670 seconds, Stopping threads took: 0.0004470 seconds
2015-12-12T07:48:48.663+0000: 1025.203: Total time for which application threads were stopped: 0.0000570 seconds, Stopping threads took: 0.0000200 seconds
2015-12-12T07:48:48.669+0000: 1025.209: Total time for which application threads were stopped: 0.0000460 seconds, Stopping threads took: 0.0000100 seconds
2015-12-12T07:48:48.669+0000: 1025.209: Total time for which application threads were stopped: 0.0001140 seconds, Stopping threads took: 0.0000090 seconds
2015-12-12T07:48:48.675+0000: 1025.215: Total time for which application threads were stopped: 0.0017400 seconds, Stopping threads took: 0.0017070 seconds
2015-12-12T07:48:48.683+0000: 1025.223: Total time for which application threads were stopped: 0.0000490 seconds, Stopping threads took: 0.0000230 seconds
2015-12-12T07:48:48.788+0000: 1025.328: Total time for which application threads were stopped: 0.0000840 seconds, Stopping threads took: 0.0000220 seconds
2015-12-12T07:49:00.609+0000: 1037.149: Total time for which application threads were stopped: 0.0001410 seconds, Stopping threads took: 0.0000390 seconds
2015-12-12T07:49:00.614+0000: 1037.154: Total time for which application threads were stopped: 0.0000310 seconds, Stopping threads took: 0.0000110 seconds
2015-12-12T07:49:00.627+0000: 1037.167: Total time for which application threads were stopped: 0.0000340 seconds, Stopping threads took: 0.0000120 seconds
2015-12-12T07:49:00.663+0000: 1037.203: Total time for which application threads were stopped: 0.0029740 seconds, Stopping threads took: 0.0029080 seconds
2015-12-12T07:49:00.664+0000: 1037.204: Total time for which application threads were stopped: 0.0000440 seconds, Stopping threads took: 0.0000120 seconds
2015-12-12T07:49:00.667+0000: 1037.207: Total time for which application threads were stopped: 0.0000280 seconds, Stopping threads took: 0.0000090 seconds
2015-12-12T07:49:35.636+0000: 1072.176: Total time for which application threads were stopped: 0.0001710 seconds, Stopping threads took: 0.0000330 seconds
2015-12-12T07:49:35.650+0000: 1072.190: Total time for which application threads were stopped: 0.0020610 seconds, Stopping threads took: 0.0020240 seconds
2015-12-12T07:49:35.650+0000: 1072.190: Total time for which application threads were stopped: 0.0000240 seconds, Stopping threads took: 0.0000080 seconds
2015-12-12T07:49:35.651+0000: 1072.191: Total time for which application threads were stopped: 0.0000310 seconds, Stopping threads took: 0.0000110 seconds
2015-12-12T07:49:35.659+0000: 1072.199: Total time for which application threads were stopped: 0.0034620 seconds, Stopping threads took: 0.0034180 seconds
{Heap before GC invocations=21 (full 0):
 par new generation   total 109248K, used 92053K [0x00000000d5a00000, 0x00000000dda00000, 0x00000000dda00000)
  eden space 87424K, 100% used [0x00000000d5a00000, 0x00000000daf60000, 0x00000000daf60000)
  from space 21824K,  21% used [0x00000000dc4b0000, 0x00000000dc9355a8, 0x00000000dda00000)
  to   space 21824K,   0% used [0x00000000daf60000, 0x00000000daf60000, 0x00000000dc4b0000)
 concurrent mark-sweep generation total 393216K, used 33180K [0x00000000dda00000, 0x00000000f5a00000, 0x00000000f5a00000)
 concurrent-mark-sweep perm gen total 32384K, used 32193K [0x00000000f5a00000, 0x00000000f79a0000, 0x0000000100000000)
2015-12-12T07:49:35.717+0000: 1072.257: [GC2015-12-12T07:49:35.717+0000: 1072.257: [ParNew
Desired survivor size 20112992 bytes, new threshold 8 (max 8)
- age   1:    1257328 bytes,    1257328 total
- age   2:      43992 bytes,    1301320 total
- age   3:     220728 bytes,    1522048 total
- age   4:     142096 bytes,    1664144 total
- age   5:      10648 bytes,    1674792 total
- age   6:      12120 bytes,    1686912 total
- age   7:      26264 bytes,    1713176 total
- age   8:     221592 bytes,    1934768 total
: 92053K->3272K(109248K), 0.0222420 secs] 125234K->36962K(502464K), 0.0223390 secs] [Times: user=0.02 sys=0.00, real=0.02 secs] 
Heap after GC invocations=22 (full 0):
 par new generation   total 109248K, used 3272K [0x00000000d5a00000, 0x00000000dda00000, 0x00000000dda00000)
  eden space 87424K,   0% used [0x00000000d5a00000, 0x00000000d5a00000, 0x00000000daf60000)
  from space 21824K,  14% used [0x00000000daf60000, 0x00000000db292200, 0x00000000dc4b0000)
  to   space 21824K,   0% used [0x00000000dc4b0000, 0x00000000dc4b0000, 0x00000000dda00000)
 concurrent mark-sweep generation total 393216K, used 33690K [0x00000000dda00000, 0x00000000f5a00000, 0x00000000f5a00000)
 concurrent-mark-sweep perm gen total 32384K, used 32193K [0x00000000f5a00000, 0x00000000f79a0000, 0x0000000100000000)
}
2015-12-12T07:49:35.740+0000: 1072.280: Total time for which application threads were stopped: 0.0224820 seconds, Stopping threads took: 0.0000310 seconds
2015-12-12T07:49:39.745+0000: 1076.285: Total time for which application threads were stopped: 0.0001160 seconds, Stopping threads took: 0.0000240 seconds
2015-12-12T07:49:49.043+0000: 1085.583: Total time for which application threads were stopped: 0.0001340 seconds, Stopping threads took: 0.0000300 seconds
{Heap before GC invocations=22 (full 0):
 par new generation   total 109248K, used 90696K [0x00000000d5a00000, 0x00000000dda00000, 0x00000000dda00000)
  eden space 87424K, 100% used [0x00000000d5a00000, 0x00000000daf60000, 0x00000000daf60000)
  from space 21824K,  14% used [0x00000000daf60000, 0x00000000db292200, 0x00000000dc4b0000)
  to   space 21824K,   0% used [0x00000000dc4b0000, 0x00000000dc4b0000, 0x00000000dda00000)
 concurrent mark-sweep generation total 393216K, used 33690K [0x00000000dda00000, 0x00000000f5a00000, 0x00000000f5a00000)
 concurrent-mark-sweep perm gen total 32384K, used 32201K [0x00000000f5a00000, 0x00000000f79a0000, 0x0000000100000000)
2015-12-12T07:49:49.096+0000: 1085.636: [GC2015-12-12T07:49:49.096+0000: 1085.636: [ParNew
Desired survivor size 20112992 bytes, new threshold 8 (max 8)
- age   1:    1796856 bytes,    1796856 total
- age   2:     338992 bytes,    2135848 total
- age   3:      40112 bytes,    2175960 total
- age   4:     220728 bytes,    2396688 total
- age   5:     142096 bytes,    2538784 total
- age   6:      10648 bytes,    2549432 total
- age   7:      11912 bytes,    2561344 total
- age   8:      26264 bytes,    2587608 total
: 90696K->2864K(109248K), 0.0195530 secs] 124386K->36772K(502464K), 0.0196200 secs] [Times: user=0.02 sys=0.00, real=0.02 secs] 
Heap after GC invocations=23 (full 0):
 par new generation   total 109248K, used 2864K [0x00000000d5a00000, 0x00000000dda00000, 0x00000000dda00000)
  eden space 87424K,   0% used [0x00000000d5a00000, 0x00000000d5a00000, 0x00000000daf60000)
  from space 21824K,  13% used [0x00000000dc4b0000, 0x00000000dc77c248, 0x00000000dda00000)
  to   space 21824K,   0% used [0x00000000daf60000, 0x00000000daf60000, 0x00000000dc4b0000)
 concurrent mark-sweep generation total 393216K, used 33907K [0x00000000dda00000, 0x00000000f5a00000, 0x00000000f5a00000)
 concurrent-mark-sweep perm gen total 32384K, used 32201K [0x00000000f5a00000, 0x00000000f79a0000, 0x0000000100000000)
}
2015-12-12T07:49:49.116+0000: 1085.656: Total time for which application threads were stopped: 0.0197680 seconds, Stopping threads took: 0.0000280 seconds
2015-12-12T07:50:33.125+0000: 1129.665: Total time for which application threads were stopped: 0.0001480 seconds, Stopping threads took: 0.0000240 seconds
2015-12-12T07:50:39.156+0000: 1135.696: Total time for which application threads were stopped: 0.0001350 seconds, Stopping threads took: 0.0000210 seconds
2015-12-12T07:50:49.158+0000: 1145.698: Total time for which application threads were stopped: 0.0001280 seconds, Stopping threads took: 0.0000300 seconds
2015-12-12T07:50:49.158+0000: 1145.699: Total time for which application threads were stopped: 0.0000220 seconds, Stopping threads took: 0.0000070 seconds
2015-12-12T07:50:49.159+0000: 1145.699: Total time for which application threads were stopped: 0.0000280 seconds, Stopping threads took: 0.0000100 seconds
2015-12-12T07:50:52.443+0000: 1148.983: Total time for which application threads were stopped: 0.0001540 seconds, Stopping threads took: 0.0000370 seconds
2015-12-12T07:50:52.512+0000: 1149.052: Total time for which application threads were stopped: 0.0000620 seconds, Stopping threads took: 0.0000180 seconds
2015-12-12T07:50:52.512+0000: 1149.052: Total time for which application threads were stopped: 0.0000220 seconds, Stopping threads took: 0.0000080 seconds
2015-12-12T07:50:52.513+0000: 1149.053: Total time for which application threads were stopped: 0.0000270 seconds, Stopping threads took: 0.0000090 seconds
2015-12-12T07:50:52.542+0000: 1149.082: Total time for which application threads were stopped: 0.0040080 seconds, Stopping threads took: 0.0039820 seconds
2015-12-12T07:50:52.542+0000: 1149.082: Total time for which application threads were stopped: 0.0000260 seconds, Stopping threads took: 0.0000090 seconds
2015-12-12T07:50:52.542+0000: 1149.082: Total time for which application threads were stopped: 0.0000230 seconds, Stopping threads took: 0.0000080 seconds
2015-12-12T07:50:52.542+0000: 1149.082: Total time for which application threads were stopped: 0.0000200 seconds, Stopping threads took: 0.0000070 seconds
2015-12-12T07:50:52.542+0000: 1149.083: Total time for which application threads were stopped: 0.0000310 seconds, Stopping threads took: 0.0000090 seconds
2015-12-12T07:50:52.552+0000: 1149.092: Total time for which application threads were stopped: 0.0004000 seconds, Stopping threads took: 0.0003780 seconds
2015-12-12T07:50:52.556+0000: 1149.096: Total time for which application threads were stopped: 0.0000270 seconds, Stopping threads took: 0.0000100 seconds
2015-12-12T07:50:52.556+0000: 1149.096: Total time for which application threads were stopped: 0.0000220 seconds, Stopping threads took: 0.0000070 seconds
2015-12-12T07:50:52.556+0000: 1149.096: Total time for which application threads were stopped: 0.0000200 seconds, Stopping threads took: 0.0000070 seconds
2015-12-12T07:50:52.557+0000: 1149.097: Total time for which application threads were stopped: 0.0000410 seconds, Stopping threads took: 0.0000090 seconds
2015-12-12T07:50:52.614+0000: 1149.154: Total time for which application threads were stopped: 0.0033450 seconds, Stopping threads took: 0.0033070 seconds
2015-12-12T07:50:52.614+0000: 1149.154: Total time for which application threads were stopped: 0.0000390 seconds, Stopping threads took: 0.0000220 seconds
2015-12-12T07:50:52.616+0000: 1149.156: Total time for which application threads were stopped: 0.0000460 seconds, Stopping threads took: 0.0000110 seconds
2015-12-12T07:50:52.710+0000: 1149.250: Total time for which application threads were stopped: 0.0002060 seconds, Stopping threads took: 0.0000220 seconds
2015-12-12T07:50:52.711+0000: 1149.251: Total time for which application threads were stopped: 0.0000290 seconds, Stopping threads took: 0.0000120 seconds
2015-12-12T07:51:15.120+0000: 1171.660: Total time for which application threads were stopped: 0.0001360 seconds, Stopping threads took: 0.0000220 seconds
2015-12-12T07:51:15.120+0000: 1171.660: Total time for which application threads were stopped: 0.0000250 seconds, Stopping threads took: 0.0000090 seconds
2015-12-12T07:51:20.651+0000: 1177.192: Total time for which application threads were stopped: 0.0001290 seconds, Stopping threads took: 0.0000300 seconds
2015-12-12T07:51:20.684+0000: 1177.224: Total time for which application threads were stopped: 0.0020690 seconds, Stopping threads took: 0.0020270 seconds
2015-12-12T07:51:20.744+0000: 1177.284: Total time for which application threads were stopped: 0.0000710 seconds, Stopping threads took: 0.0000210 seconds
2015-12-12T07:51:20.744+0000: 1177.284: Total time for which application threads were stopped: 0.0000240 seconds, Stopping threads took: 0.0000090 seconds
2015-12-12T07:51:20.746+0000: 1177.286: Total time for which application threads were stopped: 0.0000400 seconds, Stopping threads took: 0.0000200 seconds
2015-12-12T07:52:10.757+0000: 1227.297: Total time for which application threads were stopped: 0.0001380 seconds, Stopping threads took: 0.0000430 seconds
2015-12-12T07:52:20.763+0000: 1237.303: Total time for which application threads were stopped: 0.0001540 seconds, Stopping threads took: 0.0000360 seconds
2015-12-12T07:52:20.763+0000: 1237.303: Total time for which application threads were stopped: 0.0000220 seconds, Stopping threads took: 0.0000080 seconds
2015-12-12T07:52:20.763+0000: 1237.303: Total time for which application threads were stopped: 0.0000190 seconds, Stopping threads took: 0.0000060 seconds
2015-12-12T07:52:20.764+0000: 1237.304: Total time for which application threads were stopped: 0.0000230 seconds, Stopping threads took: 0.0000080 seconds
2015-12-12T07:52:20.764+0000: 1237.304: Total time for which application threads were stopped: 0.0000260 seconds, Stopping threads took: 0.0000090 seconds
2015-12-12T07:52:41.031+0000: 1257.571: Total time for which application threads were stopped: 0.0001280 seconds, Stopping threads took: 0.0000320 seconds
2015-12-12T07:52:41.031+0000: 1257.571: Total time for which application threads were stopped: 0.0000230 seconds, Stopping threads took: 0.0000080 seconds
2015-12-12T07:52:41.031+0000: 1257.571: Total time for which application threads were stopped: 0.0000320 seconds, Stopping threads took: 0.0000070 seconds
2015-12-12T07:52:41.032+0000: 1257.572: Total time for which application threads were stopped: 0.0000280 seconds, Stopping threads took: 0.0000090 seconds
2015-12-12T07:52:41.038+0000: 1257.578: Total time for which application threads were stopped: 0.0000420 seconds, Stopping threads took: 0.0000100 seconds
2015-12-12T07:52:41.038+0000: 1257.578: Total time for which application threads were stopped: 0.0000220 seconds, Stopping threads took: 0.0000080 seconds
2015-12-12T07:52:41.039+0000: 1257.579: Total time for which application threads were stopped: 0.0000270 seconds, Stopping threads took: 0.0000090 seconds
2015-12-12T07:52:41.044+0000: 1257.584: Total time for which application threads were stopped: 0.0000280 seconds, Stopping threads took: 0.0000100 seconds
2015-12-12T07:52:41.044+0000: 1257.585: Total time for which application threads were stopped: 0.0000220 seconds, Stopping threads took: 0.0000070 seconds
2015-12-12T07:52:41.045+0000: 1257.585: Total time for which application threads were stopped: 0.0000250 seconds, Stopping threads took: 0.0000080 seconds
2015-12-12T07:52:41.049+0000: 1257.589: Total time for which application threads were stopped: 0.0015500 seconds, Stopping threads took: 0.0015300 seconds
2015-12-12T07:52:41.049+0000: 1257.590: Total time for which application threads were stopped: 0.0000310 seconds, Stopping threads took: 0.0000100 seconds
2015-12-12T07:52:41.050+0000: 1257.590: Total time for which application threads were stopped: 0.0000250 seconds, Stopping threads took: 0.0000090 seconds
2015-12-12T07:52:41.052+0000: 1257.592: Total time for which application threads were stopped: 0.0000530 seconds, Stopping threads took: 0.0000300 seconds
2015-12-12T07:52:41.052+0000: 1257.592: Total time for which application threads were stopped: 0.0000220 seconds, Stopping threads took: 0.0000080 seconds
2015-12-12T07:52:41.052+0000: 1257.592: Total time for which application threads were stopped: 0.0000250 seconds, Stopping threads took: 0.0000080 seconds
2015-12-12T07:52:41.058+0000: 1257.598: Total time for which application threads were stopped: 0.0010550 seconds, Stopping threads took: 0.0009380 seconds
2015-12-12T07:52:41.058+0000: 1257.598: Total time for which application threads were stopped: 0.0000430 seconds, Stopping threads took: 0.0000090 seconds
2015-12-12T07:52:41.058+0000: 1257.598: Total time for which application threads were stopped: 0.0000210 seconds, Stopping threads took: 0.0000070 seconds
2015-12-12T07:52:41.059+0000: 1257.599: Total time for which application threads were stopped: 0.0000230 seconds, Stopping threads took: 0.0000070 seconds
2015-12-12T07:52:41.093+0000: 1257.633: Total time for which application threads were stopped: 0.0000330 seconds, Stopping threads took: 0.0000120 seconds
2015-12-12T07:52:41.099+0000: 1257.639: Total time for which application threads were stopped: 0.0000560 seconds, Stopping threads took: 0.0000120 seconds
{Heap before GC invocations=23 (full 0):
 par new generation   total 109248K, used 90288K [0x00000000d5a00000, 0x00000000dda00000, 0x00000000dda00000)
  eden space 87424K, 100% used [0x00000000d5a00000, 0x00000000daf60000, 0x00000000daf60000)
  from space 21824K,  13% used [0x00000000dc4b0000, 0x00000000dc77c248, 0x00000000dda00000)
  to   space 21824K,   0% used [0x00000000daf60000, 0x00000000daf60000, 0x00000000dc4b0000)
 concurrent mark-sweep generation total 393216K, used 33907K [0x00000000dda00000, 0x00000000f5a00000, 0x00000000f5a00000)
 concurrent-mark-sweep perm gen total 32384K, used 32221K [0x00000000f5a00000, 0x00000000f79a0000, 0x0000000100000000)
2015-12-12T07:52:41.109+0000: 1257.649: [GC2015-12-12T07:52:41.109+0000: 1257.649: [ParNew
Desired survivor size 20112992 bytes, new threshold 8 (max 8)
- age   1:    1151760 bytes,    1151760 total
- age   2:     162944 bytes,    1314704 total
- age   3:     252184 bytes,    1566888 total
- age   4:      40072 bytes,    1606960 total
- age   5:     220728 bytes,    1827688 total
- age   6:     141704 bytes,    1969392 total
- age   7:      10520 bytes,    1979912 total
- age   8:      11912 bytes,    1991824 total
: 90288K->2644K(109248K), 0.0232390 secs] 124196K->36577K(502464K), 0.0232790 secs] [Times: user=0.02 sys=0.00, real=0.02 secs] 
Heap after GC invocations=24 (full 0):
 par new generation   total 109248K, used 2644K [0x00000000d5a00000, 0x00000000dda00000, 0x00000000dda00000)
  eden space 87424K,   0% used [0x00000000d5a00000, 0x00000000d5a00000, 0x00000000daf60000)
  from space 21824K,  12% used [0x00000000daf60000, 0x00000000db1f51f8, 0x00000000dc4b0000)
  to   space 21824K,   0% used [0x00000000dc4b0000, 0x00000000dc4b0000, 0x00000000dda00000)
 concurrent mark-sweep generation total 393216K, used 33933K [0x00000000dda00000, 0x00000000f5a00000, 0x00000000f5a00000)
 concurrent-mark-sweep perm gen total 32384K, used 32221K [0x00000000f5a00000, 0x00000000f79a0000, 0x0000000100000000)
}
2015-12-12T07:52:41.132+0000: 1257.672: Total time for which application threads were stopped: 0.0233840 seconds, Stopping threads took: 0.0000170 seconds
2015-12-12T07:52:41.132+0000: 1257.672: Total time for which application threads were stopped: 0.0000270 seconds, Stopping threads took: 0.0000100 seconds
2015-12-12T07:52:41.312+0000: 1257.852: Total time for which application threads were stopped: 0.0000680 seconds, Stopping threads took: 0.0000200 seconds
2015-12-12T07:53:31.152+0000: 1307.692: Total time for which application threads were stopped: 0.0001380 seconds, Stopping threads took: 0.0000380 seconds
2015-12-12T07:53:31.152+0000: 1307.692: Total time for which application threads were stopped: 0.0000260 seconds, Stopping threads took: 0.0000090 seconds
2015-12-12T07:53:31.152+0000: 1307.692: Total time for which application threads were stopped: 0.0000320 seconds, Stopping threads took: 0.0000100 seconds
2015-12-12T07:53:41.153+0000: 1317.693: Total time for which application threads were stopped: 0.0001240 seconds, Stopping threads took: 0.0000230 seconds
2015-12-12T07:53:41.153+0000: 1317.693: Total time for which application threads were stopped: 0.0000240 seconds, Stopping threads took: 0.0000090 seconds
2015-12-12T07:53:41.153+0000: 1317.693: Total time for which application threads were stopped: 0.0000240 seconds, Stopping threads took: 0.0000090 seconds
2015-12-12T07:53:41.154+0000: 1317.694: Total time for which application threads were stopped: 0.0000250 seconds, Stopping threads took: 0.0000090 seconds
2015-12-12T07:53:41.154+0000: 1317.694: Total time for which application threads were stopped: 0.0000270 seconds, Stopping threads took: 0.0000080 seconds
2015-12-12T07:55:10.637+0000: 1407.177: Total time for which application threads were stopped: 0.0001410 seconds, Stopping threads took: 0.0000390 seconds
2015-12-12T07:55:10.637+0000: 1407.177: Total time for which application threads were stopped: 0.0000230 seconds, Stopping threads took: 0.0000080 seconds
2015-12-12T07:55:10.638+0000: 1407.178: Total time for which application threads were stopped: 0.0000220 seconds, Stopping threads took: 0.0000070 seconds
2015-12-12T07:55:10.638+0000: 1407.178: Total time for which application threads were stopped: 0.0000200 seconds, Stopping threads took: 0.0000060 seconds
2015-12-12T07:55:10.638+0000: 1407.178: Total time for which application threads were stopped: 0.0000210 seconds, Stopping threads took: 0.0000070 seconds
2015-12-12T07:55:10.638+0000: 1407.178: Total time for which application threads were stopped: 0.0000190 seconds, Stopping threads took: 0.0000060 seconds
2015-12-12T07:55:10.638+0000: 1407.178: Total time for which application threads were stopped: 0.0000300 seconds, Stopping threads took: 0.0000090 seconds
2015-12-12T07:55:10.649+0000: 1407.189: Total time for which application threads were stopped: 0.0029720 seconds, Stopping threads took: 0.0029510 seconds
2015-12-12T07:55:10.652+0000: 1407.192: Total time for which application threads were stopped: 0.0000870 seconds, Stopping threads took: 0.0000690 seconds
2015-12-12T07:55:10.652+0000: 1407.192: Total time for which application threads were stopped: 0.0000230 seconds, Stopping threads took: 0.0000080 seconds
2015-12-12T07:55:10.653+0000: 1407.193: Total time for which application threads were stopped: 0.0000970 seconds, Stopping threads took: 0.0000070 seconds
2015-12-12T07:55:10.653+0000: 1407.193: Total time for which application threads were stopped: 0.0001140 seconds, Stopping threads took: 0.0000080 seconds
2015-12-12T07:55:10.660+0000: 1407.200: Total time for which application threads were stopped: 0.0000710 seconds, Stopping threads took: 0.0000450 seconds
2015-12-12T07:55:10.742+0000: 1407.282: Total time for which application threads were stopped: 0.0000530 seconds, Stopping threads took: 0.0000180 seconds
2015-12-12T07:55:10.743+0000: 1407.283: Total time for which application threads were stopped: 0.0000290 seconds, Stopping threads took: 0.0000090 seconds
2015-12-12T07:55:10.743+0000: 1407.283: Total time for which application threads were stopped: 0.0000200 seconds, Stopping threads took: 0.0000070 seconds
2015-12-12T07:55:10.757+0000: 1407.297: Total time for which application threads were stopped: 0.0000570 seconds, Stopping threads took: 0.0000280 seconds
2015-12-12T07:56:00.768+0000: 1457.308: Total time for which application threads were stopped: 0.0001350 seconds, Stopping threads took: 0.0000400 seconds
2015-12-12T07:56:00.768+0000: 1457.309: Total time for which application threads were stopped: 0.0000260 seconds, Stopping threads took: 0.0000090 seconds
2015-12-12T07:56:00.769+0000: 1457.309: Total time for which application threads were stopped: 0.0000220 seconds, Stopping threads took: 0.0000080 seconds
2015-12-12T07:56:00.769+0000: 1457.309: Total time for which application threads were stopped: 0.0000230 seconds, Stopping threads took: 0.0000080 seconds
2015-12-12T07:56:00.769+0000: 1457.309: Total time for which application threads were stopped: 0.0000340 seconds, Stopping threads took: 0.0000070 seconds
2015-12-12T07:56:00.769+0000: 1457.309: Total time for which application threads were stopped: 0.0000220 seconds, Stopping threads took: 0.0000070 seconds
2015-12-12T07:56:01.636+0000: 1458.176: Total time for which application threads were stopped: 0.0001220 seconds, Stopping threads took: 0.0000230 seconds
2015-12-12T07:56:01.636+0000: 1458.176: Total time for which application threads were stopped: 0.0000260 seconds, Stopping threads took: 0.0000090 seconds
2015-12-12T07:56:01.636+0000: 1458.176: Total time for which application threads were stopped: 0.0000240 seconds, Stopping threads took: 0.0000090 seconds
2015-12-12T07:56:01.696+0000: 1458.236: Total time for which application threads were stopped: 0.0000580 seconds, Stopping threads took: 0.0000200 seconds
2015-12-12T07:56:01.696+0000: 1458.236: Total time for which application threads were stopped: 0.0000220 seconds, Stopping threads took: 0.0000080 seconds
2015-12-12T07:56:01.696+0000: 1458.237: Total time for which application threads were stopped: 0.0000220 seconds, Stopping threads took: 0.0000070 seconds
2015-12-12T07:56:01.697+0000: 1458.237: Total time for which application threads were stopped: 0.0000200 seconds, Stopping threads took: 0.0000070 seconds
2015-12-12T07:56:01.697+0000: 1458.237: Total time for which application threads were stopped: 0.0000270 seconds, Stopping threads took: 0.0000080 seconds
2015-12-12T07:56:01.723+0000: 1458.263: Total time for which application threads were stopped: 0.0000630 seconds, Stopping threads took: 0.0000190 seconds
2015-12-12T07:56:01.723+0000: 1458.263: Total time for which application threads were stopped: 0.0000230 seconds, Stopping threads took: 0.0000080 seconds
2015-12-12T07:56:01.723+0000: 1458.263: Total time for which application threads were stopped: 0.0000280 seconds, Stopping threads took: 0.0000090 seconds
2015-12-12T07:56:01.730+0000: 1458.270: Total time for which application threads were stopped: 0.0020500 seconds, Stopping threads took: 0.0020080 seconds
2015-12-12T07:56:01.730+0000: 1458.270: Total time for which application threads were stopped: 0.0000240 seconds, Stopping threads took: 0.0000090 seconds
2015-12-12T07:56:01.731+0000: 1458.271: Total time for which application threads were stopped: 0.0000270 seconds, Stopping threads took: 0.0000080 seconds
2015-12-12T07:56:01.750+0000: 1458.290: Total time for which application threads were stopped: 0.0000580 seconds, Stopping threads took: 0.0000200 seconds
2015-12-12T07:56:01.750+0000: 1458.290: Total time for which application threads were stopped: 0.0000280 seconds, Stopping threads took: 0.0000100 seconds
2015-12-12T07:56:01.750+0000: 1458.290: Total time for which application threads were stopped: 0.0000290 seconds, Stopping threads took: 0.0000100 seconds
2015-12-12T07:56:01.753+0000: 1458.293: Total time for which application threads were stopped: 0.0006220 seconds, Stopping threads took: 0.0005190 seconds
2015-12-12T07:56:01.753+0000: 1458.293: Total time for which application threads were stopped: 0.0000310 seconds, Stopping threads took: 0.0000090 seconds
2015-12-12T07:56:01.753+0000: 1458.293: Total time for which application threads were stopped: 0.0000250 seconds, Stopping threads took: 0.0000080 seconds
2015-12-12T07:56:01.753+0000: 1458.293: Total time for which application threads were stopped: 0.0000280 seconds, Stopping threads took: 0.0000090 seconds
2015-12-12T07:56:01.771+0000: 1458.311: Total time for which application threads were stopped: 0.0020670 seconds, Stopping threads took: 0.0020270 seconds
{Heap before GC invocations=24 (full 0):
 par new generation   total 109248K, used 90068K [0x00000000d5a00000, 0x00000000dda00000, 0x00000000dda00000)
  eden space 87424K, 100% used [0x00000000d5a00000, 0x00000000daf60000, 0x00000000daf60000)
  from space 21824K,  12% used [0x00000000daf60000, 0x00000000db1f51f8, 0x00000000dc4b0000)
  to   space 21824K,   0% used [0x00000000dc4b0000, 0x00000000dc4b0000, 0x00000000dda00000)
 concurrent mark-sweep generation total 393216K, used 33933K [0x00000000dda00000, 0x00000000f5a00000, 0x00000000f5a00000)
 concurrent-mark-sweep perm gen total 32384K, used 32226K [0x00000000f5a00000, 0x00000000f79a0000, 0x0000000100000000)
2015-12-12T07:56:01.788+0000: 1458.328: [GC2015-12-12T07:56:01.788+0000: 1458.328: [ParNew
Desired survivor size 20112992 bytes, new threshold 8 (max 8)
- age   1:    1468152 bytes,    1468152 total
- age   2:     159672 bytes,    1627824 total
- age   3:     162944 bytes,    1790768 total
- age   4:     252184 bytes,    2042952 total
- age   5:      40072 bytes,    2083024 total
- age   6:     220728 bytes,    2303752 total
- age   7:     141704 bytes,    2445456 total
- age   8:      10520 bytes,    2455976 total
: 90068K->3145K(109248K), 0.0232780 secs] 124001K->37090K(502464K), 0.0233710 secs] [Times: user=0.02 sys=0.00, real=0.03 secs] 
Heap after GC invocations=25 (full 0):
 par new generation   total 109248K, used 3145K [0x00000000d5a00000, 0x00000000dda00000, 0x00000000dda00000)
  eden space 87424K,   0% used [0x00000000d5a00000, 0x00000000d5a00000, 0x00000000daf60000)
  from space 21824K,  14% used [0x00000000dc4b0000, 0x00000000dc7c2770, 0x00000000dda00000)
  to   space 21824K,   0% used [0x00000000daf60000, 0x00000000daf60000, 0x00000000dc4b0000)
 concurrent mark-sweep generation total 393216K, used 33945K [0x00000000dda00000, 0x00000000f5a00000, 0x00000000f5a00000)
 concurrent-mark-sweep perm gen total 32384K, used 32226K [0x00000000f5a00000, 0x00000000f79a0000, 0x0000000100000000)
}
2015-12-12T07:56:01.811+0000: 1458.351: Total time for which application threads were stopped: 0.0235160 seconds, Stopping threads took: 0.0000330 seconds
2015-12-12T07:56:01.903+0000: 1458.443: Total time for which application threads were stopped: 0.0001140 seconds, Stopping threads took: 0.0000230 seconds
2015-12-12T07:56:51.803+0000: 1508.343: Total time for which application threads were stopped: 0.0001400 seconds, Stopping threads took: 0.0000370 seconds
2015-12-12T07:57:01.808+0000: 1518.348: Total time for which application threads were stopped: 0.0001490 seconds, Stopping threads took: 0.0000260 seconds
2015-12-12T07:57:01.808+0000: 1518.348: Total time for which application threads were stopped: 0.0000400 seconds, Stopping threads took: 0.0000100 seconds
2015-12-12T07:57:01.808+0000: 1518.348: Total time for which application threads were stopped: 0.0000310 seconds, Stopping threads took: 0.0000090 seconds
2015-12-12T08:22:07.046+0000: 3023.586: Total time for which application threads were stopped: 0.0001570 seconds, Stopping threads took: 0.0000600 seconds
2015-12-12T08:23:07.055+0000: 3083.595: Total time for which application threads were stopped: 0.0001350 seconds, Stopping threads took: 0.0000430 seconds
2015-12-12T08:24:33.211+0000: 3169.751: Total time for which application threads were stopped: 0.0037730 seconds, Stopping threads took: 0.0036870 seconds
2015-12-12T08:24:33.211+0000: 3169.751: Total time for which application threads were stopped: 0.0000220 seconds, Stopping threads took: 0.0000090 seconds
2015-12-12T08:24:33.211+0000: 3169.751: Total time for which application threads were stopped: 0.0000160 seconds, Stopping threads took: 0.0000070 seconds
2015-12-12T08:24:33.211+0000: 3169.751: Total time for which application threads were stopped: 0.0000240 seconds, Stopping threads took: 0.0000120 seconds
2015-12-12T08:24:33.212+0000: 3169.752: Total time for which application threads were stopped: 0.0000160 seconds, Stopping threads took: 0.0000060 seconds
2015-12-12T08:24:33.213+0000: 3169.753: Total time for which application threads were stopped: 0.0000450 seconds, Stopping threads took: 0.0000220 seconds
2015-12-12T08:24:33.213+0000: 3169.753: Total time for which application threads were stopped: 0.0000220 seconds, Stopping threads took: 0.0000070 seconds
2015-12-12T08:24:33.238+0000: 3169.778: Total time for which application threads were stopped: 0.0112960 seconds, Stopping threads took: 0.0112610 seconds
2015-12-12T08:24:33.242+0000: 3169.782: Total time for which application threads were stopped: 0.0000390 seconds, Stopping threads took: 0.0000120 seconds
2015-12-12T08:24:33.243+0000: 3169.783: Total time for which application threads were stopped: 0.0000320 seconds, Stopping threads took: 0.0000110 seconds
2015-12-12T08:24:33.243+0000: 3169.783: Total time for which application threads were stopped: 0.0000270 seconds, Stopping threads took: 0.0000090 seconds
2015-12-12T08:24:33.246+0000: 3169.786: Total time for which application threads were stopped: 0.0000370 seconds, Stopping threads took: 0.0000200 seconds
2015-12-12T08:24:33.247+0000: 3169.787: Total time for which application threads were stopped: 0.0000520 seconds, Stopping threads took: 0.0000330 seconds
2015-12-12T08:24:33.260+0000: 3169.800: Total time for which application threads were stopped: 0.0000470 seconds, Stopping threads took: 0.0000300 seconds
Heap
 par new generation   total 109248K, used 11913K [0x00000000d5a00000, 0x00000000dda00000, 0x00000000dda00000)
  eden space 87424K,  10% used [0x00000000d5a00000, 0x00000000d628fcb0, 0x00000000daf60000)
  from space 21824K,  14% used [0x00000000dc4b0000, 0x00000000dc7c2770, 0x00000000dda00000)
  to   space 21824K,   0% used [0x00000000daf60000, 0x00000000daf60000, 0x00000000dc4b0000)
 concurrent mark-sweep generation total 393216K, used 33945K [0x00000000dda00000, 0x00000000f5a00000, 0x00000000f5a00000)
 concurrent-mark-sweep perm gen total 32384K, used 32283K [0x00000000f5a00000, 0x00000000f79a0000, 0x0000000100000000)
