OpenJDK 64-Bit Server VM (24.85-b03) for linux-amd64 JRE (1.7.0_85-b01), built on Oct 22 2015 06:46:50 by "buildd" with gcc 4.8.2
Memory: 4k page, physical 1016280k(630252k free), swap 0k(0k free)
CommandLine flags: -XX:CMSFullGCsBeforeCompaction=1 -XX:CMSInitiatingOccupancyFraction=50 -XX:CMSMaxAbortablePrecleanTime=6000 -XX:+CMSParallelRemarkEnabled -XX:+CMSScavengeBeforeRemark -XX:CMSTriggerPermRatio=80 -XX:ConcGCThreads=4 -XX:InitialHeapSize=536870912 -XX:MaxHeapSize=536870912 -XX:MaxTenuringThreshold=8 -XX:NewRatio=3 -XX:OldPLABSize=16 -XX:ParallelGCThreads=4 -XX:+ParallelRefProcEnabled -XX:PretenureSizeThreshold=67108864 -XX:+PrintGC -XX:+PrintGCApplicationStoppedTime -XX:+PrintGCDateStamps -XX:+PrintGCDetails -XX:+PrintGCTimeStamps -XX:+PrintHeapAtGC -XX:+PrintTenuringDistribution -XX:SurvivorRatio=4 -XX:TargetSurvivorRatio=90 -XX:ThreadStackSize=256 -XX:+UseCMSInitiatingOccupancyOnly -XX:+UseCompressedOops -XX:+UseConcMarkSweepGC -XX:+UseParNewGC 
2015-12-06T04:09:28.080+0000: 2.042: Total time for which application threads were stopped: 0.0020840 seconds, Stopping threads took: 0.0020030 seconds
{Heap before GC invocations=0 (full 0):
 par new generation   total 109248K, used 87424K [0x00000000d5a00000, 0x00000000dda00000, 0x00000000dda00000)
  eden space 87424K, 100% used [0x00000000d5a00000, 0x00000000daf60000, 0x00000000daf60000)
  from space 21824K,   0% used [0x00000000daf60000, 0x00000000daf60000, 0x00000000dc4b0000)
  to   space 21824K,   0% used [0x00000000dc4b0000, 0x00000000dc4b0000, 0x00000000dda00000)
 concurrent mark-sweep generation total 393216K, used 0K [0x00000000dda00000, 0x00000000f5a00000, 0x00000000f5a00000)
 concurrent-mark-sweep perm gen total 21248K, used 10324K [0x00000000f5a00000, 0x00000000f6ec0000, 0x0000000100000000)
2015-12-06T04:09:28.398+0000: 2.360: [GC2015-12-06T04:09:28.398+0000: 2.360: [ParNew
Desired survivor size 20112992 bytes, new threshold 8 (max 8)
- age   1:    5528560 bytes,    5528560 total
: 87424K->5459K(109248K), 0.0228860 secs] 87424K->5459K(502464K), 0.0229580 secs] [Times: user=0.02 sys=0.01, real=0.02 secs] 
Heap after GC invocations=1 (full 0):
 par new generation   total 109248K, used 5459K [0x00000000d5a00000, 0x00000000dda00000, 0x00000000dda00000)
  eden space 87424K,   0% used [0x00000000d5a00000, 0x00000000d5a00000, 0x00000000daf60000)
  from space 21824K,  25% used [0x00000000dc4b0000, 0x00000000dca04dc8, 0x00000000dda00000)
  to   space 21824K,   0% used [0x00000000daf60000, 0x00000000daf60000, 0x00000000dc4b0000)
 concurrent mark-sweep generation total 393216K, used 0K [0x00000000dda00000, 0x00000000f5a00000, 0x00000000f5a00000)
 concurrent-mark-sweep perm gen total 21248K, used 10324K [0x00000000f5a00000, 0x00000000f6ec0000, 0x0000000100000000)
}
2015-12-06T04:09:28.421+0000: 2.383: Total time for which application threads were stopped: 0.0231080 seconds, Stopping threads took: 0.0000270 seconds
2015-12-06T04:09:30.123+0000: 4.085: Total time for which application threads were stopped: 0.0002320 seconds, Stopping threads took: 0.0000180 seconds
2015-12-06T04:09:31.124+0000: 5.086: Total time for which application threads were stopped: 0.0001180 seconds, Stopping threads took: 0.0000180 seconds
2015-12-06T04:09:31.125+0000: 5.087: Total time for which application threads were stopped: 0.0000800 seconds, Stopping threads took: 0.0000120 seconds
2015-12-06T04:09:31.606+0000: 5.568: Total time for which application threads were stopped: 0.0001290 seconds, Stopping threads took: 0.0000320 seconds
2015-12-06T04:09:31.812+0000: 5.774: Total time for which application threads were stopped: 0.0021030 seconds, Stopping threads took: 0.0020290 seconds
2015-12-06T04:09:31.814+0000: 5.776: Total time for which application threads were stopped: 0.0014940 seconds, Stopping threads took: 0.0014450 seconds
2015-12-06T04:09:31.814+0000: 5.776: Total time for which application threads were stopped: 0.0000390 seconds, Stopping threads took: 0.0000110 seconds
2015-12-06T04:09:31.818+0000: 5.780: Total time for which application threads were stopped: 0.0000490 seconds, Stopping threads took: 0.0000180 seconds
2015-12-06T04:09:31.819+0000: 5.781: Total time for which application threads were stopped: 0.0000680 seconds, Stopping threads took: 0.0000110 seconds
2015-12-06T04:09:31.819+0000: 5.781: Total time for which application threads were stopped: 0.0000390 seconds, Stopping threads took: 0.0000100 seconds
2015-12-06T04:09:31.819+0000: 5.781: Total time for which application threads were stopped: 0.0000380 seconds, Stopping threads took: 0.0000100 seconds
2015-12-06T04:09:31.819+0000: 5.781: Total time for which application threads were stopped: 0.0000380 seconds, Stopping threads took: 0.0000100 seconds
2015-12-06T04:09:31.819+0000: 5.781: Total time for which application threads were stopped: 0.0000370 seconds, Stopping threads took: 0.0000100 seconds
2015-12-06T04:09:31.819+0000: 5.781: Total time for which application threads were stopped: 0.0000380 seconds, Stopping threads took: 0.0000100 seconds
2015-12-06T04:09:31.819+0000: 5.781: Total time for which application threads were stopped: 0.0000370 seconds, Stopping threads took: 0.0000100 seconds
2015-12-06T04:09:31.819+0000: 5.781: Total time for which application threads were stopped: 0.0000370 seconds, Stopping threads took: 0.0000100 seconds
2015-12-06T04:09:31.820+0000: 5.782: Total time for which application threads were stopped: 0.0000370 seconds, Stopping threads took: 0.0000110 seconds
2015-12-06T04:09:31.820+0000: 5.782: Total time for which application threads were stopped: 0.0000380 seconds, Stopping threads took: 0.0000100 seconds
2015-12-06T04:09:31.824+0000: 5.787: Total time for which application threads were stopped: 0.0000740 seconds, Stopping threads took: 0.0000400 seconds
2015-12-06T04:09:31.826+0000: 5.788: Total time for which application threads were stopped: 0.0000560 seconds, Stopping threads took: 0.0000110 seconds
2015-12-06T04:09:31.826+0000: 5.788: Total time for which application threads were stopped: 0.0000420 seconds, Stopping threads took: 0.0000100 seconds
2015-12-06T04:09:31.826+0000: 5.788: Total time for which application threads were stopped: 0.0000670 seconds, Stopping threads took: 0.0000100 seconds
2015-12-06T04:09:31.827+0000: 5.789: Total time for which application threads were stopped: 0.0000420 seconds, Stopping threads took: 0.0000110 seconds
2015-12-06T04:09:31.827+0000: 5.789: Total time for which application threads were stopped: 0.0000400 seconds, Stopping threads took: 0.0000110 seconds
2015-12-06T04:09:31.827+0000: 5.789: Total time for which application threads were stopped: 0.0000370 seconds, Stopping threads took: 0.0000100 seconds
2015-12-06T04:09:31.827+0000: 5.789: Total time for which application threads were stopped: 0.0000350 seconds, Stopping threads took: 0.0000090 seconds
2015-12-06T04:09:31.827+0000: 5.789: Total time for which application threads were stopped: 0.0000330 seconds, Stopping threads took: 0.0000080 seconds
2015-12-06T04:09:31.827+0000: 5.790: Total time for which application threads were stopped: 0.0000410 seconds, Stopping threads took: 0.0000110 seconds
2015-12-06T04:09:31.828+0000: 5.790: Total time for which application threads were stopped: 0.0000400 seconds, Stopping threads took: 0.0000110 seconds
2015-12-06T04:09:31.828+0000: 5.790: Total time for which application threads were stopped: 0.0000380 seconds, Stopping threads took: 0.0000100 seconds
2015-12-06T04:09:31.828+0000: 5.790: Total time for which application threads were stopped: 0.0000410 seconds, Stopping threads took: 0.0000100 seconds
2015-12-06T04:09:31.832+0000: 5.794: Total time for which application threads were stopped: 0.0000750 seconds, Stopping threads took: 0.0000120 seconds
2015-12-06T04:09:31.832+0000: 5.794: Total time for which application threads were stopped: 0.0001150 seconds, Stopping threads took: 0.0000150 seconds
2015-12-06T04:09:31.834+0000: 5.796: Total time for which application threads were stopped: 0.0000570 seconds, Stopping threads took: 0.0000200 seconds
2015-12-06T04:09:31.835+0000: 5.797: Total time for which application threads were stopped: 0.0000590 seconds, Stopping threads took: 0.0000260 seconds
2015-12-06T04:09:31.838+0000: 5.800: Total time for which application threads were stopped: 0.0000650 seconds, Stopping threads took: 0.0000310 seconds
2015-12-06T04:09:31.838+0000: 5.800: Total time for which application threads were stopped: 0.0000510 seconds, Stopping threads took: 0.0000200 seconds
2015-12-06T04:09:31.846+0000: 5.808: Total time for which application threads were stopped: 0.0000570 seconds, Stopping threads took: 0.0000330 seconds
2015-12-06T04:09:31.858+0000: 5.820: Total time for which application threads were stopped: 0.0000470 seconds, Stopping threads took: 0.0000220 seconds
2015-12-06T04:09:31.892+0000: 5.854: Total time for which application threads were stopped: 0.0000710 seconds, Stopping threads took: 0.0000320 seconds
2015-12-06T04:09:31.894+0000: 5.856: Total time for which application threads were stopped: 0.0000400 seconds, Stopping threads took: 0.0000130 seconds
2015-12-06T04:09:31.910+0000: 5.872: Total time for which application threads were stopped: 0.0000610 seconds, Stopping threads took: 0.0000190 seconds
2015-12-06T04:09:31.910+0000: 5.872: Total time for which application threads were stopped: 0.0000450 seconds, Stopping threads took: 0.0000180 seconds
2015-12-06T04:09:31.911+0000: 5.873: Total time for which application threads were stopped: 0.0000340 seconds, Stopping threads took: 0.0000190 seconds
2015-12-06T04:09:31.911+0000: 5.873: Total time for which application threads were stopped: 0.0000300 seconds, Stopping threads took: 0.0000170 seconds
2015-12-06T04:09:31.911+0000: 5.873: Total time for which application threads were stopped: 0.0000280 seconds, Stopping threads took: 0.0000160 seconds
2015-12-06T04:09:31.945+0000: 5.907: Total time for which application threads were stopped: 0.0000440 seconds, Stopping threads took: 0.0000250 seconds
2015-12-06T04:09:31.948+0000: 5.910: Total time for which application threads were stopped: 0.0000340 seconds, Stopping threads took: 0.0000190 seconds
2015-12-06T04:09:32.089+0000: 6.051: Total time for which application threads were stopped: 0.0000910 seconds, Stopping threads took: 0.0000300 seconds
{Heap before GC invocations=1 (full 0):
 par new generation   total 109248K, used 92883K [0x00000000d5a00000, 0x00000000dda00000, 0x00000000dda00000)
  eden space 87424K, 100% used [0x00000000d5a00000, 0x00000000daf60000, 0x00000000daf60000)
  from space 21824K,  25% used [0x00000000dc4b0000, 0x00000000dca04dc8, 0x00000000dda00000)
  to   space 21824K,   0% used [0x00000000daf60000, 0x00000000daf60000, 0x00000000dc4b0000)
 concurrent mark-sweep generation total 393216K, used 0K [0x00000000dda00000, 0x00000000f5a00000, 0x00000000f5a00000)
 concurrent-mark-sweep perm gen total 21248K, used 19721K [0x00000000f5a00000, 0x00000000f6ec0000, 0x0000000100000000)
2015-12-06T04:09:33.079+0000: 7.041: [GC2015-12-06T04:09:33.079+0000: 7.041: [ParNew
Desired survivor size 20112992 bytes, new threshold 8 (max 8)
- age   1:    9058360 bytes,    9058360 total
- age   2:    2202712 bytes,   11261072 total
: 92883K->13303K(109248K), 0.0332930 secs] 92883K->13303K(502464K), 0.0333620 secs] [Times: user=0.03 sys=0.01, real=0.03 secs] 
Heap after GC invocations=2 (full 0):
 par new generation   total 109248K, used 13303K [0x00000000d5a00000, 0x00000000dda00000, 0x00000000dda00000)
  eden space 87424K,   0% used [0x00000000d5a00000, 0x00000000d5a00000, 0x00000000daf60000)
  from space 21824K,  60% used [0x00000000daf60000, 0x00000000dbc5dde8, 0x00000000dc4b0000)
  to   space 21824K,   0% used [0x00000000dc4b0000, 0x00000000dc4b0000, 0x00000000dda00000)
 concurrent mark-sweep generation total 393216K, used 0K [0x00000000dda00000, 0x00000000f5a00000, 0x00000000f5a00000)
 concurrent-mark-sweep perm gen total 21248K, used 19721K [0x00000000f5a00000, 0x00000000f6ec0000, 0x0000000100000000)
}
2015-12-06T04:09:33.112+0000: 7.074: Total time for which application threads were stopped: 0.0335850 seconds, Stopping threads took: 0.0000310 seconds
2015-12-06T04:09:33.128+0000: 7.090: Total time for which application threads were stopped: 0.0033990 seconds, Stopping threads took: 0.0033740 seconds
2015-12-06T04:09:33.128+0000: 7.090: Total time for which application threads were stopped: 0.0000250 seconds, Stopping threads took: 0.0000110 seconds
2015-12-06T04:09:33.128+0000: 7.090: Total time for which application threads were stopped: 0.0000250 seconds, Stopping threads took: 0.0000090 seconds
2015-12-06T04:09:33.128+0000: 7.090: Total time for which application threads were stopped: 0.0000220 seconds, Stopping threads took: 0.0000090 seconds
2015-12-06T04:09:33.128+0000: 7.090: Total time for which application threads were stopped: 0.0000210 seconds, Stopping threads took: 0.0000090 seconds
2015-12-06T04:09:33.128+0000: 7.090: Total time for which application threads were stopped: 0.0000210 seconds, Stopping threads took: 0.0000080 seconds
2015-12-06T04:09:33.128+0000: 7.090: Total time for which application threads were stopped: 0.0000210 seconds, Stopping threads took: 0.0000080 seconds
2015-12-06T04:09:33.128+0000: 7.090: Total time for which application threads were stopped: 0.0000210 seconds, Stopping threads took: 0.0000080 seconds
2015-12-06T04:09:33.128+0000: 7.090: Total time for which application threads were stopped: 0.0000210 seconds, Stopping threads took: 0.0000080 seconds
2015-12-06T04:09:33.128+0000: 7.090: Total time for which application threads were stopped: 0.0000220 seconds, Stopping threads took: 0.0000090 seconds
2015-12-06T04:09:33.128+0000: 7.090: Total time for which application threads were stopped: 0.0000210 seconds, Stopping threads took: 0.0000090 seconds
2015-12-06T04:09:33.128+0000: 7.090: Total time for which application threads were stopped: 0.0000210 seconds, Stopping threads took: 0.0000090 seconds
2015-12-06T04:09:33.128+0000: 7.090: Total time for which application threads were stopped: 0.0000210 seconds, Stopping threads took: 0.0000080 seconds
2015-12-06T04:09:33.128+0000: 7.090: Total time for which application threads were stopped: 0.0000200 seconds, Stopping threads took: 0.0000080 seconds
2015-12-06T04:09:33.128+0000: 7.090: Total time for which application threads were stopped: 0.0000210 seconds, Stopping threads took: 0.0000090 seconds
2015-12-06T04:09:33.129+0000: 7.091: Total time for which application threads were stopped: 0.0000210 seconds, Stopping threads took: 0.0000080 seconds
2015-12-06T04:09:33.129+0000: 7.091: Total time for which application threads were stopped: 0.0000210 seconds, Stopping threads took: 0.0000080 seconds
2015-12-06T04:09:33.129+0000: 7.091: Total time for which application threads were stopped: 0.0000210 seconds, Stopping threads took: 0.0000090 seconds
2015-12-06T04:09:33.129+0000: 7.091: Total time for which application threads were stopped: 0.0000210 seconds, Stopping threads took: 0.0000090 seconds
2015-12-06T04:09:33.129+0000: 7.091: Total time for which application threads were stopped: 0.0001070 seconds, Stopping threads took: 0.0000080 seconds
2015-12-06T04:09:33.131+0000: 7.093: Total time for which application threads were stopped: 0.0000390 seconds, Stopping threads took: 0.0000100 seconds
2015-12-06T04:09:33.131+0000: 7.093: Total time for which application threads were stopped: 0.0000360 seconds, Stopping threads took: 0.0000090 seconds
2015-12-06T04:09:33.131+0000: 7.093: Total time for which application threads were stopped: 0.0000470 seconds, Stopping threads took: 0.0000100 seconds
2015-12-06T04:09:33.302+0000: 7.264: Total time for which application threads were stopped: 0.0000690 seconds, Stopping threads took: 0.0000310 seconds
2015-12-06T04:09:33.441+0000: 7.403: Total time for which application threads were stopped: 0.0001000 seconds, Stopping threads took: 0.0000290 seconds
2015-12-06T04:09:33.441+0000: 7.403: Total time for which application threads were stopped: 0.0000330 seconds, Stopping threads took: 0.0000180 seconds
2015-12-06T04:09:33.441+0000: 7.403: Total time for which application threads were stopped: 0.0000330 seconds, Stopping threads took: 0.0000180 seconds
2015-12-06T04:09:33.473+0000: 7.435: Total time for which application threads were stopped: 0.0000560 seconds, Stopping threads took: 0.0000240 seconds
2015-12-06T04:09:33.474+0000: 7.436: Total time for which application threads were stopped: 0.0000470 seconds, Stopping threads took: 0.0000210 seconds
2015-12-06T04:09:33.482+0000: 7.444: Total time for which application threads were stopped: 0.0000470 seconds, Stopping threads took: 0.0000210 seconds
2015-12-06T04:09:33.483+0000: 7.445: Total time for which application threads were stopped: 0.0000430 seconds, Stopping threads took: 0.0000200 seconds
2015-12-06T04:09:33.562+0000: 7.524: Total time for which application threads were stopped: 0.0000620 seconds, Stopping threads took: 0.0000290 seconds
2015-12-06T04:09:33.570+0000: 7.532: Total time for which application threads were stopped: 0.0000590 seconds, Stopping threads took: 0.0000240 seconds
2015-12-06T04:09:33.581+0000: 7.543: Total time for which application threads were stopped: 0.0000840 seconds, Stopping threads took: 0.0000210 seconds
2015-12-06T04:09:33.634+0000: 7.596: Total time for which application threads were stopped: 0.0000650 seconds, Stopping threads took: 0.0000270 seconds
{Heap before GC invocations=2 (full 0):
 par new generation   total 109248K, used 100727K [0x00000000d5a00000, 0x00000000dda00000, 0x00000000dda00000)
  eden space 87424K, 100% used [0x00000000d5a00000, 0x00000000daf60000, 0x00000000daf60000)
  from space 21824K,  60% used [0x00000000daf60000, 0x00000000dbc5dde8, 0x00000000dc4b0000)
  to   space 21824K,   0% used [0x00000000dc4b0000, 0x00000000dc4b0000, 0x00000000dda00000)
 concurrent mark-sweep generation total 393216K, used 0K [0x00000000dda00000, 0x00000000f5a00000, 0x00000000f5a00000)
 concurrent-mark-sweep perm gen total 21248K, used 21141K [0x00000000f5a00000, 0x00000000f6ec0000, 0x0000000100000000)
2015-12-06T04:09:33.778+0000: 7.740: [GC2015-12-06T04:09:33.778+0000: 7.740: [ParNew
Desired survivor size 20112992 bytes, new threshold 8 (max 8)
- age   1:    2007856 bytes,    2007856 total
- age   2:    3419256 bytes,    5427112 total
- age   3:    2169352 bytes,    7596464 total
: 100727K->13702K(109248K), 0.0290670 secs] 100727K->13702K(502464K), 0.0291300 secs] [Times: user=0.02 sys=0.00, real=0.02 secs] 
Heap after GC invocations=3 (full 0):
 par new generation   total 109248K, used 13702K [0x00000000d5a00000, 0x00000000dda00000, 0x00000000dda00000)
  eden space 87424K,   0% used [0x00000000d5a00000, 0x00000000d5a00000, 0x00000000daf60000)
  from space 21824K,  62% used [0x00000000dc4b0000, 0x00000000dd2118b0, 0x00000000dda00000)
  to   space 21824K,   0% used [0x00000000daf60000, 0x00000000daf60000, 0x00000000dc4b0000)
 concurrent mark-sweep generation total 393216K, used 0K [0x00000000dda00000, 0x00000000f5a00000, 0x00000000f5a00000)
 concurrent-mark-sweep perm gen total 21248K, used 21141K [0x00000000f5a00000, 0x00000000f6ec0000, 0x0000000100000000)
}
2015-12-06T04:09:33.807+0000: 7.769: Total time for which application threads were stopped: 0.0293230 seconds, Stopping threads took: 0.0000270 seconds
2015-12-06T04:09:33.810+0000: 7.772: Total time for which application threads were stopped: 0.0000420 seconds, Stopping threads took: 0.0000150 seconds
2015-12-06T04:09:33.810+0000: 7.772: Total time for which application threads were stopped: 0.0000470 seconds, Stopping threads took: 0.0000100 seconds
2015-12-06T04:09:33.810+0000: 7.772: Total time for which application threads were stopped: 0.0000240 seconds, Stopping threads took: 0.0000100 seconds
2015-12-06T04:09:33.810+0000: 7.772: Total time for which application threads were stopped: 0.0000220 seconds, Stopping threads took: 0.0000090 seconds
2015-12-06T04:09:33.810+0000: 7.772: Total time for which application threads were stopped: 0.0000220 seconds, Stopping threads took: 0.0000090 seconds
2015-12-06T04:09:33.810+0000: 7.772: Total time for which application threads were stopped: 0.0000210 seconds, Stopping threads took: 0.0000080 seconds
2015-12-06T04:09:33.810+0000: 7.772: Total time for which application threads were stopped: 0.0000200 seconds, Stopping threads took: 0.0000080 seconds
2015-12-06T04:09:33.810+0000: 7.772: Total time for which application threads were stopped: 0.0000200 seconds, Stopping threads took: 0.0000080 seconds
2015-12-06T04:09:33.810+0000: 7.772: Total time for which application threads were stopped: 0.0000190 seconds, Stopping threads took: 0.0000080 seconds
2015-12-06T04:09:33.810+0000: 7.773: Total time for which application threads were stopped: 0.0000200 seconds, Stopping threads took: 0.0000090 seconds
2015-12-06T04:09:33.811+0000: 7.773: Total time for which application threads were stopped: 0.0000200 seconds, Stopping threads took: 0.0000080 seconds
2015-12-06T04:09:33.811+0000: 7.773: Total time for which application threads were stopped: 0.0000320 seconds, Stopping threads took: 0.0000090 seconds
2015-12-06T04:09:33.811+0000: 7.773: Total time for which application threads were stopped: 0.0000230 seconds, Stopping threads took: 0.0000100 seconds
2015-12-06T04:09:33.811+0000: 7.773: Total time for which application threads were stopped: 0.0000210 seconds, Stopping threads took: 0.0000090 seconds
2015-12-06T04:09:33.811+0000: 7.773: Total time for which application threads were stopped: 0.0000220 seconds, Stopping threads took: 0.0000090 seconds
2015-12-06T04:09:33.811+0000: 7.773: Total time for which application threads were stopped: 0.0000210 seconds, Stopping threads took: 0.0000090 seconds
2015-12-06T04:09:33.811+0000: 7.773: Total time for which application threads were stopped: 0.0000210 seconds, Stopping threads took: 0.0000090 seconds
2015-12-06T04:09:33.811+0000: 7.773: Total time for which application threads were stopped: 0.0000220 seconds, Stopping threads took: 0.0000090 seconds
2015-12-06T04:09:33.811+0000: 7.773: Total time for which application threads were stopped: 0.0000340 seconds, Stopping threads took: 0.0000090 seconds
2015-12-06T04:09:33.811+0000: 7.773: Total time for which application threads were stopped: 0.0001000 seconds, Stopping threads took: 0.0000090 seconds
2015-12-06T04:09:33.811+0000: 7.773: Total time for which application threads were stopped: 0.0000340 seconds, Stopping threads took: 0.0000090 seconds
2015-12-06T04:09:33.811+0000: 7.773: Total time for which application threads were stopped: 0.0000300 seconds, Stopping threads took: 0.0000090 seconds
{Heap before GC invocations=3 (full 0):
 par new generation   total 109248K, used 101126K [0x00000000d5a00000, 0x00000000dda00000, 0x00000000dda00000)
  eden space 87424K, 100% used [0x00000000d5a00000, 0x00000000daf60000, 0x00000000daf60000)
  from space 21824K,  62% used [0x00000000dc4b0000, 0x00000000dd2118b0, 0x00000000dda00000)
  to   space 21824K,   0% used [0x00000000daf60000, 0x00000000daf60000, 0x00000000dc4b0000)
 concurrent mark-sweep generation total 393216K, used 0K [0x00000000dda00000, 0x00000000f5a00000, 0x00000000f5a00000)
 concurrent-mark-sweep perm gen total 22016K, used 21909K [0x00000000f5a00000, 0x00000000f6f80000, 0x0000000100000000)
2015-12-06T04:09:34.123+0000: 8.085: [GC2015-12-06T04:09:34.123+0000: 8.085: [ParNew
Desired survivor size 20112992 bytes, new threshold 8 (max 8)
- age   1:     534144 bytes,     534144 total
- age   2:     897552 bytes,    1431696 total
- age   3:    3409232 bytes,    4840928 total
- age   4:    2169304 bytes,    7010232 total
: 101126K->8267K(109248K), 0.0241600 secs] 101126K->8267K(502464K), 0.0242300 secs] [Times: user=0.02 sys=0.00, real=0.02 secs] 
Heap after GC invocations=4 (full 0):
 par new generation   total 109248K, used 8267K [0x00000000d5a00000, 0x00000000dda00000, 0x00000000dda00000)
  eden space 87424K,   0% used [0x00000000d5a00000, 0x00000000d5a00000, 0x00000000daf60000)
  from space 21824K,  37% used [0x00000000daf60000, 0x00000000db772fa0, 0x00000000dc4b0000)
  to   space 21824K,   0% used [0x00000000dc4b0000, 0x00000000dc4b0000, 0x00000000dda00000)
 concurrent mark-sweep generation total 393216K, used 0K [0x00000000dda00000, 0x00000000f5a00000, 0x00000000f5a00000)
 concurrent-mark-sweep perm gen total 22016K, used 21909K [0x00000000f5a00000, 0x00000000f6f80000, 0x0000000100000000)
}
2015-12-06T04:09:34.147+0000: 8.109: Total time for which application threads were stopped: 0.0244420 seconds, Stopping threads took: 0.0000330 seconds
2015-12-06T04:09:34.194+0000: 8.156: Total time for which application threads were stopped: 0.0001370 seconds, Stopping threads took: 0.0000280 seconds
2015-12-06T04:09:34.210+0000: 8.172: Total time for which application threads were stopped: 0.0000660 seconds, Stopping threads took: 0.0000400 seconds
2015-12-06T04:09:34.270+0000: 8.232: Total time for which application threads were stopped: 0.0000790 seconds, Stopping threads took: 0.0000310 seconds
2015-12-06T04:09:34.718+0000: 8.680: Total time for which application threads were stopped: 0.0001730 seconds, Stopping threads took: 0.0000300 seconds
2015-12-06T04:09:34.719+0000: 8.681: Total time for which application threads were stopped: 0.0000350 seconds, Stopping threads took: 0.0000190 seconds
2015-12-06T04:09:34.788+0000: 8.750: Total time for which application threads were stopped: 0.0000630 seconds, Stopping threads took: 0.0000250 seconds
2015-12-06T04:09:34.881+0000: 8.843: Total time for which application threads were stopped: 0.0000530 seconds, Stopping threads took: 0.0000280 seconds
2015-12-06T04:09:34.881+0000: 8.843: Total time for which application threads were stopped: 0.0000420 seconds, Stopping threads took: 0.0000170 seconds
2015-12-06T04:09:34.956+0000: 8.918: Total time for which application threads were stopped: 0.0000670 seconds, Stopping threads took: 0.0000390 seconds
2015-12-06T04:09:34.985+0000: 8.947: Total time for which application threads were stopped: 0.0000490 seconds, Stopping threads took: 0.0000220 seconds
2015-12-06T04:09:35.426+0000: 9.388: Total time for which application threads were stopped: 0.0066220 seconds, Stopping threads took: 0.0064790 seconds
2015-12-06T04:09:35.431+0000: 9.393: Total time for which application threads were stopped: 0.0000360 seconds, Stopping threads took: 0.0000200 seconds
2015-12-06T04:09:35.431+0000: 9.393: Total time for which application threads were stopped: 0.0000350 seconds, Stopping threads took: 0.0000190 seconds
2015-12-06T04:09:35.433+0000: 9.395: Total time for which application threads were stopped: 0.0000470 seconds, Stopping threads took: 0.0000300 seconds
2015-12-06T04:09:35.551+0000: 9.513: Total time for which application threads were stopped: 0.0000540 seconds, Stopping threads took: 0.0000280 seconds
2015-12-06T04:09:35.552+0000: 9.514: Total time for which application threads were stopped: 0.0000320 seconds, Stopping threads took: 0.0000180 seconds
2015-12-06T04:10:35.427+0000: 69.389: Total time for which application threads were stopped: 0.0001280 seconds, Stopping threads took: 0.0000440 seconds
2015-12-06T04:16:46.082+0000: 440.044: Total time for which application threads were stopped: 0.0000940 seconds, Stopping threads took: 0.0000160 seconds
2015-12-06T04:16:46.082+0000: 440.045: Total time for which application threads were stopped: 0.0000360 seconds, Stopping threads took: 0.0000180 seconds
2015-12-06T04:16:46.087+0000: 440.049: Total time for which application threads were stopped: 0.0000490 seconds, Stopping threads took: 0.0000180 seconds
2015-12-06T04:16:46.100+0000: 440.062: Total time for which application threads were stopped: 0.0000370 seconds, Stopping threads took: 0.0000210 seconds
2015-12-06T04:16:46.100+0000: 440.062: Total time for which application threads were stopped: 0.0000300 seconds, Stopping threads took: 0.0000170 seconds
2015-12-06T04:16:46.117+0000: 440.079: Total time for which application threads were stopped: 0.0000450 seconds, Stopping threads took: 0.0000230 seconds
2015-12-06T04:16:46.117+0000: 440.079: Total time for which application threads were stopped: 0.0000330 seconds, Stopping threads took: 0.0000170 seconds
2015-12-06T04:16:46.118+0000: 440.080: Total time for which application threads were stopped: 0.0000340 seconds, Stopping threads took: 0.0000170 seconds
2015-12-06T04:16:46.118+0000: 440.080: Total time for which application threads were stopped: 0.0000360 seconds, Stopping threads took: 0.0000170 seconds
2015-12-06T04:16:46.118+0000: 440.080: Total time for which application threads were stopped: 0.0000370 seconds, Stopping threads took: 0.0000180 seconds
2015-12-06T04:16:46.118+0000: 440.080: Total time for which application threads were stopped: 0.0000310 seconds, Stopping threads took: 0.0000160 seconds
2015-12-06T04:16:46.118+0000: 440.080: Total time for which application threads were stopped: 0.0000320 seconds, Stopping threads took: 0.0000170 seconds
2015-12-06T04:16:46.118+0000: 440.080: Total time for which application threads were stopped: 0.0000300 seconds, Stopping threads took: 0.0000160 seconds
2015-12-06T04:16:46.118+0000: 440.080: Total time for which application threads were stopped: 0.0000320 seconds, Stopping threads took: 0.0000170 seconds
2015-12-06T04:16:46.118+0000: 440.080: Total time for which application threads were stopped: 0.0000310 seconds, Stopping threads took: 0.0000170 seconds
2015-12-06T04:16:46.397+0000: 440.359: Total time for which application threads were stopped: 0.0000610 seconds, Stopping threads took: 0.0000290 seconds
2015-12-06T04:16:46.470+0000: 440.432: Total time for which application threads were stopped: 0.0000560 seconds, Stopping threads took: 0.0000300 seconds
2015-12-06T04:16:46.470+0000: 440.432: Total time for which application threads were stopped: 0.0000300 seconds, Stopping threads took: 0.0000170 seconds
2015-12-06T04:16:46.470+0000: 440.432: Total time for which application threads were stopped: 0.0000310 seconds, Stopping threads took: 0.0000170 seconds
2015-12-06T04:16:46.470+0000: 440.432: Total time for which application threads were stopped: 0.0000260 seconds, Stopping threads took: 0.0000150 seconds
2015-12-06T04:16:46.470+0000: 440.432: Total time for which application threads were stopped: 0.0000740 seconds, Stopping threads took: 0.0000160 seconds
2015-12-06T04:16:46.470+0000: 440.432: Total time for which application threads were stopped: 0.0000280 seconds, Stopping threads took: 0.0000160 seconds
2015-12-06T04:16:46.624+0000: 440.586: Total time for which application threads were stopped: 0.0001240 seconds, Stopping threads took: 0.0000230 seconds
2015-12-06T04:16:46.625+0000: 440.587: Total time for which application threads were stopped: 0.0000290 seconds, Stopping threads took: 0.0000110 seconds
2015-12-06T04:16:46.626+0000: 440.588: Total time for which application threads were stopped: 0.0000520 seconds, Stopping threads took: 0.0000200 seconds
2015-12-06T04:16:46.641+0000: 440.603: Total time for which application threads were stopped: 0.0000340 seconds, Stopping threads took: 0.0000120 seconds
2015-12-06T04:16:46.646+0000: 440.608: Total time for which application threads were stopped: 0.0000330 seconds, Stopping threads took: 0.0000120 seconds
2015-12-06T04:16:46.656+0000: 440.618: Total time for which application threads were stopped: 0.0000370 seconds, Stopping threads took: 0.0000130 seconds
2015-12-06T04:16:46.667+0000: 440.629: Total time for which application threads were stopped: 0.0000360 seconds, Stopping threads took: 0.0000120 seconds
2015-12-06T04:16:46.679+0000: 440.641: Total time for which application threads were stopped: 0.0000360 seconds, Stopping threads took: 0.0000130 seconds
2015-12-06T04:16:46.696+0000: 440.658: Total time for which application threads were stopped: 0.0000510 seconds, Stopping threads took: 0.0000250 seconds
2015-12-06T04:16:46.696+0000: 440.658: Total time for which application threads were stopped: 0.0000620 seconds, Stopping threads took: 0.0000100 seconds
2015-12-06T04:16:46.697+0000: 440.659: Total time for which application threads were stopped: 0.0000300 seconds, Stopping threads took: 0.0000110 seconds
2015-12-06T04:16:46.700+0000: 440.662: Total time for which application threads were stopped: 0.0000390 seconds, Stopping threads took: 0.0000190 seconds
2015-12-06T04:16:46.701+0000: 440.663: Total time for which application threads were stopped: 0.0000340 seconds, Stopping threads took: 0.0000170 seconds
2015-12-06T04:16:46.702+0000: 440.664: Total time for which application threads were stopped: 0.0000380 seconds, Stopping threads took: 0.0000190 seconds
2015-12-06T04:16:46.739+0000: 440.701: Total time for which application threads were stopped: 0.0000440 seconds, Stopping threads took: 0.0000160 seconds
2015-12-06T04:16:46.740+0000: 440.702: Total time for which application threads were stopped: 0.0000280 seconds, Stopping threads took: 0.0000100 seconds
2015-12-06T04:16:46.741+0000: 440.703: Total time for which application threads were stopped: 0.0000390 seconds, Stopping threads took: 0.0000190 seconds
2015-12-06T04:16:46.787+0000: 440.749: Total time for which application threads were stopped: 0.0000500 seconds, Stopping threads took: 0.0000150 seconds
2015-12-06T04:16:47.107+0000: 441.069: Total time for which application threads were stopped: 0.0000510 seconds, Stopping threads took: 0.0000190 seconds
2015-12-06T04:16:47.107+0000: 441.069: Total time for which application threads were stopped: 0.0000290 seconds, Stopping threads took: 0.0000110 seconds
2015-12-06T04:16:47.135+0000: 441.097: Total time for which application threads were stopped: 0.0000940 seconds, Stopping threads took: 0.0000210 seconds
2015-12-06T04:16:47.135+0000: 441.097: Total time for which application threads were stopped: 0.0000280 seconds, Stopping threads took: 0.0000100 seconds
2015-12-06T04:16:47.136+0000: 441.098: Total time for which application threads were stopped: 0.0000370 seconds, Stopping threads took: 0.0000180 seconds
2015-12-06T04:16:49.045+0000: 443.007: Total time for which application threads were stopped: 0.0001290 seconds, Stopping threads took: 0.0000260 seconds
2015-12-06T04:16:49.047+0000: 443.009: Total time for which application threads were stopped: 0.0000380 seconds, Stopping threads took: 0.0000210 seconds
2015-12-06T04:16:49.172+0000: 443.134: Total time for which application threads were stopped: 0.0000560 seconds, Stopping threads took: 0.0000260 seconds
2015-12-06T04:16:50.172+0000: 444.134: Total time for which application threads were stopped: 0.0001510 seconds, Stopping threads took: 0.0000380 seconds
2015-12-06T04:16:52.287+0000: 446.249: Total time for which application threads were stopped: 0.0001010 seconds, Stopping threads took: 0.0000260 seconds
2015-12-06T04:16:52.299+0000: 446.261: Total time for which application threads were stopped: 0.0000410 seconds, Stopping threads took: 0.0000220 seconds
2015-12-06T04:16:52.737+0000: 446.699: Total time for which application threads were stopped: 0.0000910 seconds, Stopping threads took: 0.0000280 seconds
{Heap before GC invocations=4 (full 0):
 par new generation   total 109248K, used 95691K [0x00000000d5a00000, 0x00000000dda00000, 0x00000000dda00000)
  eden space 87424K, 100% used [0x00000000d5a00000, 0x00000000daf60000, 0x00000000daf60000)
  from space 21824K,  37% used [0x00000000daf60000, 0x00000000db772fa0, 0x00000000dc4b0000)
  to   space 21824K,   0% used [0x00000000dc4b0000, 0x00000000dc4b0000, 0x00000000dda00000)
 concurrent mark-sweep generation total 393216K, used 0K [0x00000000dda00000, 0x00000000f5a00000, 0x00000000f5a00000)
 concurrent-mark-sweep perm gen total 29120K, used 29062K [0x00000000f5a00000, 0x00000000f7670000, 0x0000000100000000)
2015-12-06T04:16:52.882+0000: 446.844: [GC2015-12-06T04:16:52.882+0000: 446.844: [ParNew
Desired survivor size 20112992 bytes, new threshold 8 (max 8)
- age   1:   13560128 bytes,   13560128 total
- age   2:     171624 bytes,   13731752 total
- age   3:     249072 bytes,   13980824 total
- age   4:    3363288 bytes,   17344112 total
- age   5:    2141264 bytes,   19485376 total
: 95691K->21254K(109248K), 0.0424000 secs] 95691K->21254K(502464K), 0.0424800 secs] [Times: user=0.04 sys=0.00, real=0.04 secs] 
Heap after GC invocations=5 (full 0):
 par new generation   total 109248K, used 21254K [0x00000000d5a00000, 0x00000000dda00000, 0x00000000dda00000)
  eden space 87424K,   0% used [0x00000000d5a00000, 0x00000000d5a00000, 0x00000000daf60000)
  from space 21824K,  97% used [0x00000000dc4b0000, 0x00000000dd971b40, 0x00000000dda00000)
  to   space 21824K,   0% used [0x00000000daf60000, 0x00000000daf60000, 0x00000000dc4b0000)
 concurrent mark-sweep generation total 393216K, used 0K [0x00000000dda00000, 0x00000000f5a00000, 0x00000000f5a00000)
 concurrent-mark-sweep perm gen total 29120K, used 29062K [0x00000000f5a00000, 0x00000000f7670000, 0x0000000100000000)
}
2015-12-06T04:16:52.924+0000: 446.887: Total time for which application threads were stopped: 0.0427150 seconds, Stopping threads took: 0.0000350 seconds
2015-12-06T04:16:53.183+0000: 447.145: Total time for which application threads were stopped: 0.0048480 seconds, Stopping threads took: 0.0047470 seconds
2015-12-06T04:16:53.514+0000: 447.476: Total time for which application threads were stopped: 0.0001810 seconds, Stopping threads took: 0.0000270 seconds
2015-12-06T04:16:53.514+0000: 447.476: Total time for which application threads were stopped: 0.0000350 seconds, Stopping threads took: 0.0000110 seconds
2015-12-06T04:16:53.535+0000: 447.497: Total time for which application threads were stopped: 0.0094690 seconds, Stopping threads took: 0.0094180 seconds
2015-12-06T04:16:53.535+0000: 447.497: Total time for which application threads were stopped: 0.0000360 seconds, Stopping threads took: 0.0000130 seconds
2015-12-06T04:16:53.543+0000: 447.505: Total time for which application threads were stopped: 0.0029180 seconds, Stopping threads took: 0.0028900 seconds
2015-12-06T04:16:53.546+0000: 447.508: Total time for which application threads were stopped: 0.0000520 seconds, Stopping threads took: 0.0000220 seconds
2015-12-06T04:16:53.661+0000: 447.623: Total time for which application threads were stopped: 0.0031930 seconds, Stopping threads took: 0.0031630 seconds
2015-12-06T04:16:53.661+0000: 447.623: Total time for which application threads were stopped: 0.0000250 seconds, Stopping threads took: 0.0000110 seconds
2015-12-06T04:16:53.661+0000: 447.623: Total time for which application threads were stopped: 0.0000210 seconds, Stopping threads took: 0.0000090 seconds
2015-12-06T04:16:53.661+0000: 447.623: Total time for which application threads were stopped: 0.0000200 seconds, Stopping threads took: 0.0000090 seconds
2015-12-06T04:16:53.661+0000: 447.623: Total time for which application threads were stopped: 0.0000200 seconds, Stopping threads took: 0.0000080 seconds
2015-12-06T04:16:53.661+0000: 447.623: Total time for which application threads were stopped: 0.0000320 seconds, Stopping threads took: 0.0000080 seconds
2015-12-06T04:16:53.661+0000: 447.623: Total time for which application threads were stopped: 0.0000200 seconds, Stopping threads took: 0.0000080 seconds
2015-12-06T04:16:53.662+0000: 447.624: Total time for which application threads were stopped: 0.0000190 seconds, Stopping threads took: 0.0000080 seconds
2015-12-06T04:16:53.662+0000: 447.624: Total time for which application threads were stopped: 0.0000200 seconds, Stopping threads took: 0.0000090 seconds
2015-12-06T04:16:53.662+0000: 447.624: Total time for which application threads were stopped: 0.0000200 seconds, Stopping threads took: 0.0000090 seconds
2015-12-06T04:16:53.746+0000: 447.708: Total time for which application threads were stopped: 0.0000600 seconds, Stopping threads took: 0.0000290 seconds
2015-12-06T04:16:53.854+0000: 447.816: Total time for which application threads were stopped: 0.0000960 seconds, Stopping threads took: 0.0000300 seconds
2015-12-06T04:16:53.855+0000: 447.817: Total time for which application threads were stopped: 0.0000420 seconds, Stopping threads took: 0.0000200 seconds
2015-12-06T04:16:53.882+0000: 447.844: Total time for which application threads were stopped: 0.0000530 seconds, Stopping threads took: 0.0000270 seconds
2015-12-06T04:16:54.882+0000: 448.844: Total time for which application threads were stopped: 0.0001500 seconds, Stopping threads took: 0.0000230 seconds
2015-12-06T04:16:56.310+0000: 450.272: Total time for which application threads were stopped: 0.0069490 seconds, Stopping threads took: 0.0068640 seconds
2015-12-06T04:16:57.314+0000: 451.276: Total time for which application threads were stopped: 0.0001400 seconds, Stopping threads took: 0.0000230 seconds
2015-12-06T04:16:59.315+0000: 453.277: Total time for which application threads were stopped: 0.0001800 seconds, Stopping threads took: 0.0000260 seconds
2015-12-06T04:17:00.315+0000: 454.277: Total time for which application threads were stopped: 0.0001380 seconds, Stopping threads took: 0.0000410 seconds
2015-12-06T04:17:54.765+0000: 508.727: Total time for which application threads were stopped: 0.0001160 seconds, Stopping threads took: 0.0000220 seconds
2015-12-06T04:17:54.765+0000: 508.727: Total time for which application threads were stopped: 0.0000290 seconds, Stopping threads took: 0.0000110 seconds
2015-12-06T04:18:15.601+0000: 529.563: Total time for which application threads were stopped: 0.0001360 seconds, Stopping threads took: 0.0000410 seconds
2015-12-06T04:18:15.601+0000: 529.563: Total time for which application threads were stopped: 0.0000260 seconds, Stopping threads took: 0.0000100 seconds
2015-12-06T04:18:15.601+0000: 529.563: Total time for which application threads were stopped: 0.0000250 seconds, Stopping threads took: 0.0000090 seconds
2015-12-06T04:18:15.601+0000: 529.563: Total time for which application threads were stopped: 0.0000220 seconds, Stopping threads took: 0.0000080 seconds
2015-12-06T04:18:15.601+0000: 529.563: Total time for which application threads were stopped: 0.0000230 seconds, Stopping threads took: 0.0000090 seconds
2015-12-06T04:18:15.601+0000: 529.563: Total time for which application threads were stopped: 0.0000250 seconds, Stopping threads took: 0.0000090 seconds
2015-12-06T04:18:15.601+0000: 529.563: Total time for which application threads were stopped: 0.0000230 seconds, Stopping threads took: 0.0000090 seconds
2015-12-06T04:18:15.605+0000: 529.567: Total time for which application threads were stopped: 0.0000340 seconds, Stopping threads took: 0.0000120 seconds
2015-12-06T04:18:15.625+0000: 529.588: Total time for which application threads were stopped: 0.0000460 seconds, Stopping threads took: 0.0000160 seconds
2015-12-06T04:18:15.626+0000: 529.588: Total time for which application threads were stopped: 0.0000250 seconds, Stopping threads took: 0.0000100 seconds
2015-12-06T04:18:15.635+0000: 529.597: Total time for which application threads were stopped: 0.0000340 seconds, Stopping threads took: 0.0000120 seconds
2015-12-06T04:18:15.642+0000: 529.604: Total time for which application threads were stopped: 0.0029510 seconds, Stopping threads took: 0.0029310 seconds
2015-12-06T04:18:15.650+0000: 529.612: Total time for which application threads were stopped: 0.0000340 seconds, Stopping threads took: 0.0000130 seconds
2015-12-06T04:18:15.650+0000: 529.612: Total time for which application threads were stopped: 0.0000410 seconds, Stopping threads took: 0.0000240 seconds
2015-12-06T04:18:15.650+0000: 529.612: Total time for which application threads were stopped: 0.0000250 seconds, Stopping threads took: 0.0000100 seconds
2015-12-06T04:18:15.651+0000: 529.613: Total time for which application threads were stopped: 0.0000380 seconds, Stopping threads took: 0.0000110 seconds
2015-12-06T04:18:15.658+0000: 529.620: Total time for which application threads were stopped: 0.0001710 seconds, Stopping threads took: 0.0001430 seconds
2015-12-06T04:18:15.659+0000: 529.621: Total time for which application threads were stopped: 0.0000450 seconds, Stopping threads took: 0.0000250 seconds
2015-12-06T04:18:15.660+0000: 529.622: Total time for which application threads were stopped: 0.0000240 seconds, Stopping threads took: 0.0000090 seconds
2015-12-06T04:18:15.662+0000: 529.624: Total time for which application threads were stopped: 0.0000480 seconds, Stopping threads took: 0.0000120 seconds
2015-12-06T04:18:15.681+0000: 529.643: Total time for which application threads were stopped: 0.0074110 seconds, Stopping threads took: 0.0073820 seconds
2015-12-06T04:18:15.695+0000: 529.657: Total time for which application threads were stopped: 0.0056130 seconds, Stopping threads took: 0.0055890 seconds
2015-12-06T04:18:15.696+0000: 529.658: Total time for which application threads were stopped: 0.0000310 seconds, Stopping threads took: 0.0000120 seconds
2015-12-06T04:18:15.728+0000: 529.690: Total time for which application threads were stopped: 0.0026310 seconds, Stopping threads took: 0.0025320 seconds
2015-12-06T04:18:15.747+0000: 529.709: Total time for which application threads were stopped: 0.0042740 seconds, Stopping threads took: 0.0042440 seconds
2015-12-06T04:18:15.791+0000: 529.753: Total time for which application threads were stopped: 0.0055290 seconds, Stopping threads took: 0.0054960 seconds
2015-12-06T04:18:15.796+0000: 529.758: Total time for which application threads were stopped: 0.0019590 seconds, Stopping threads took: 0.0019370 seconds
2015-12-06T04:18:15.797+0000: 529.759: Total time for which application threads were stopped: 0.0000400 seconds, Stopping threads took: 0.0000120 seconds
2015-12-06T04:18:15.797+0000: 529.759: Total time for which application threads were stopped: 0.0000340 seconds, Stopping threads took: 0.0000090 seconds
2015-12-06T04:18:15.797+0000: 529.759: Total time for which application threads were stopped: 0.0000360 seconds, Stopping threads took: 0.0000100 seconds
2015-12-06T04:18:15.802+0000: 529.764: Total time for which application threads were stopped: 0.0000410 seconds, Stopping threads took: 0.0000110 seconds
2015-12-06T04:18:15.803+0000: 529.765: Total time for which application threads were stopped: 0.0000400 seconds, Stopping threads took: 0.0000110 seconds
2015-12-06T04:18:15.803+0000: 529.765: Total time for which application threads were stopped: 0.0000360 seconds, Stopping threads took: 0.0000100 seconds
2015-12-06T04:18:15.809+0000: 529.771: Total time for which application threads were stopped: 0.0021130 seconds, Stopping threads took: 0.0020830 seconds
2015-12-06T04:18:15.823+0000: 529.785: Total time for which application threads were stopped: 0.0047900 seconds, Stopping threads took: 0.0047510 seconds
2015-12-06T04:18:15.825+0000: 529.787: Total time for which application threads were stopped: 0.0000440 seconds, Stopping threads took: 0.0000120 seconds
2015-12-06T04:18:15.826+0000: 529.788: Total time for which application threads were stopped: 0.0000430 seconds, Stopping threads took: 0.0000110 seconds
2015-12-06T04:18:15.826+0000: 529.788: Total time for which application threads were stopped: 0.0000400 seconds, Stopping threads took: 0.0000100 seconds
2015-12-06T04:18:15.827+0000: 529.789: Total time for which application threads were stopped: 0.0000410 seconds, Stopping threads took: 0.0000110 seconds
2015-12-06T04:18:15.827+0000: 529.789: Total time for which application threads were stopped: 0.0000390 seconds, Stopping threads took: 0.0000100 seconds
2015-12-06T04:18:15.828+0000: 529.790: Total time for which application threads were stopped: 0.0000370 seconds, Stopping threads took: 0.0000090 seconds
2015-12-06T04:18:15.838+0000: 529.800: Total time for which application threads were stopped: 0.0044640 seconds, Stopping threads took: 0.0044360 seconds
2015-12-06T04:18:15.839+0000: 529.801: Total time for which application threads were stopped: 0.0000360 seconds, Stopping threads took: 0.0000110 seconds
2015-12-06T04:18:15.846+0000: 529.808: Total time for which application threads were stopped: 0.0044080 seconds, Stopping threads took: 0.0043800 seconds
2015-12-06T04:18:15.847+0000: 529.809: Total time for which application threads were stopped: 0.0000360 seconds, Stopping threads took: 0.0000120 seconds
2015-12-06T04:18:15.847+0000: 529.809: Total time for which application threads were stopped: 0.0000440 seconds, Stopping threads took: 0.0000100 seconds
2015-12-06T04:18:15.848+0000: 529.810: Total time for which application threads were stopped: 0.0000330 seconds, Stopping threads took: 0.0000110 seconds
2015-12-06T04:18:15.849+0000: 529.811: Total time for which application threads were stopped: 0.0000920 seconds, Stopping threads took: 0.0000090 seconds
2015-12-06T04:18:16.047+0000: 530.009: Total time for which application threads were stopped: 0.0001000 seconds, Stopping threads took: 0.0000200 seconds
2015-12-06T04:18:17.047+0000: 531.009: Total time for which application threads were stopped: 0.0001140 seconds, Stopping threads took: 0.0000250 seconds
2015-12-06T04:18:20.336+0000: 534.298: Total time for which application threads were stopped: 0.0001240 seconds, Stopping threads took: 0.0000240 seconds
2015-12-06T04:18:20.336+0000: 534.298: Total time for which application threads were stopped: 0.0000270 seconds, Stopping threads took: 0.0000100 seconds
2015-12-06T04:18:20.344+0000: 534.306: Total time for which application threads were stopped: 0.0000450 seconds, Stopping threads took: 0.0000120 seconds
2015-12-06T04:18:20.344+0000: 534.307: Total time for which application threads were stopped: 0.0000270 seconds, Stopping threads took: 0.0000100 seconds
2015-12-06T04:18:20.346+0000: 534.308: Total time for which application threads were stopped: 0.0000370 seconds, Stopping threads took: 0.0000190 seconds
2015-12-06T04:18:20.354+0000: 534.316: Total time for which application threads were stopped: 0.0000510 seconds, Stopping threads took: 0.0000120 seconds
2015-12-06T04:18:20.354+0000: 534.316: Total time for which application threads were stopped: 0.0000400 seconds, Stopping threads took: 0.0000220 seconds
2015-12-06T04:18:20.364+0000: 534.326: Total time for which application threads were stopped: 0.0020690 seconds, Stopping threads took: 0.0020400 seconds
2015-12-06T04:18:20.369+0000: 534.331: Total time for which application threads were stopped: 0.0000770 seconds, Stopping threads took: 0.0000250 seconds
2015-12-06T04:18:20.420+0000: 534.382: Total time for which application threads were stopped: 0.0060870 seconds, Stopping threads took: 0.0060180 seconds
2015-12-06T04:18:20.438+0000: 534.400: Total time for which application threads were stopped: 0.0077900 seconds, Stopping threads took: 0.0077470 seconds
2015-12-06T04:18:20.439+0000: 534.401: Total time for which application threads were stopped: 0.0000420 seconds, Stopping threads took: 0.0000120 seconds
2015-12-06T04:18:20.439+0000: 534.401: Total time for which application threads were stopped: 0.0000370 seconds, Stopping threads took: 0.0000100 seconds
2015-12-06T04:18:20.440+0000: 534.402: Total time for which application threads were stopped: 0.0000500 seconds, Stopping threads took: 0.0000220 seconds
2015-12-06T04:18:20.440+0000: 534.402: Total time for which application threads were stopped: 0.0000520 seconds, Stopping threads took: 0.0000110 seconds
2015-12-06T04:18:20.441+0000: 534.403: Total time for which application threads were stopped: 0.0000390 seconds, Stopping threads took: 0.0000100 seconds
2015-12-06T04:18:20.442+0000: 534.404: Total time for which application threads were stopped: 0.0000360 seconds, Stopping threads took: 0.0000090 seconds
2015-12-06T04:18:20.460+0000: 534.423: Total time for which application threads were stopped: 0.0067400 seconds, Stopping threads took: 0.0066960 seconds
2015-12-06T04:18:20.461+0000: 534.424: Total time for which application threads were stopped: 0.0000470 seconds, Stopping threads took: 0.0000110 seconds
2015-12-06T04:18:20.477+0000: 534.439: Total time for which application threads were stopped: 0.0027850 seconds, Stopping threads took: 0.0027440 seconds
2015-12-06T04:18:20.478+0000: 534.440: Total time for which application threads were stopped: 0.0000450 seconds, Stopping threads took: 0.0000110 seconds
2015-12-06T04:18:20.478+0000: 534.440: Total time for which application threads were stopped: 0.0000400 seconds, Stopping threads took: 0.0000100 seconds
2015-12-06T04:18:20.479+0000: 534.441: Total time for which application threads were stopped: 0.0000390 seconds, Stopping threads took: 0.0000090 seconds
2015-12-06T04:18:20.479+0000: 534.441: Total time for which application threads were stopped: 0.0000640 seconds, Stopping threads took: 0.0000090 seconds
2015-12-06T04:18:20.480+0000: 534.442: Total time for which application threads were stopped: 0.0000400 seconds, Stopping threads took: 0.0000100 seconds
2015-12-06T04:18:20.480+0000: 534.442: Total time for which application threads were stopped: 0.0000430 seconds, Stopping threads took: 0.0000100 seconds
2015-12-06T04:18:20.481+0000: 534.443: Total time for which application threads were stopped: 0.0000510 seconds, Stopping threads took: 0.0000210 seconds
2015-12-06T04:18:20.504+0000: 534.466: Total time for which application threads were stopped: 0.0025170 seconds, Stopping threads took: 0.0024810 seconds
2015-12-06T04:18:20.505+0000: 534.467: Total time for which application threads were stopped: 0.0000420 seconds, Stopping threads took: 0.0000170 seconds
2015-12-06T04:18:20.506+0000: 534.468: Total time for which application threads were stopped: 0.0001620 seconds, Stopping threads took: 0.0000110 seconds
2015-12-06T04:18:20.526+0000: 534.488: Total time for which application threads were stopped: 0.0021400 seconds, Stopping threads took: 0.0021180 seconds
2015-12-06T04:18:21.526+0000: 535.488: Total time for which application threads were stopped: 0.0001870 seconds, Stopping threads took: 0.0000380 seconds
2015-12-06T04:18:30.232+0000: 544.194: Total time for which application threads were stopped: 0.0096680 seconds, Stopping threads took: 0.0095770 seconds
2015-12-06T04:18:30.237+0000: 544.200: Total time for which application threads were stopped: 0.0005260 seconds, Stopping threads took: 0.0004960 seconds
2015-12-06T04:18:31.242+0000: 545.204: Total time for which application threads were stopped: 0.0001390 seconds, Stopping threads took: 0.0000260 seconds
2015-12-06T04:19:25.798+0000: 599.760: Total time for which application threads were stopped: 0.0001860 seconds, Stopping threads took: 0.0000390 seconds
2015-12-06T04:19:42.776+0000: 616.738: Total time for which application threads were stopped: 0.0001240 seconds, Stopping threads took: 0.0000350 seconds
2015-12-06T04:19:42.776+0000: 616.738: Total time for which application threads were stopped: 0.0000250 seconds, Stopping threads took: 0.0000100 seconds
2015-12-06T04:19:42.776+0000: 616.738: Total time for which application threads were stopped: 0.0000230 seconds, Stopping threads took: 0.0000090 seconds
2015-12-06T04:19:42.776+0000: 616.738: Total time for which application threads were stopped: 0.0000210 seconds, Stopping threads took: 0.0000080 seconds
2015-12-06T04:19:42.776+0000: 616.738: Total time for which application threads were stopped: 0.0000220 seconds, Stopping threads took: 0.0000090 seconds
2015-12-06T04:19:42.777+0000: 616.739: Total time for which application threads were stopped: 0.0000240 seconds, Stopping threads took: 0.0000090 seconds
2015-12-06T04:19:42.777+0000: 616.739: Total time for which application threads were stopped: 0.0000260 seconds, Stopping threads took: 0.0000090 seconds
2015-12-06T04:19:42.777+0000: 616.739: Total time for which application threads were stopped: 0.0000330 seconds, Stopping threads took: 0.0000100 seconds
2015-12-06T04:19:42.778+0000: 616.740: Total time for which application threads were stopped: 0.0000400 seconds, Stopping threads took: 0.0000220 seconds
2015-12-06T04:19:42.778+0000: 616.740: Total time for which application threads were stopped: 0.0000240 seconds, Stopping threads took: 0.0000100 seconds
2015-12-06T04:19:42.782+0000: 616.744: Total time for which application threads were stopped: 0.0000530 seconds, Stopping threads took: 0.0000280 seconds
2015-12-06T04:19:42.786+0000: 616.748: Total time for which application threads were stopped: 0.0000680 seconds, Stopping threads took: 0.0000230 seconds
2015-12-06T04:19:42.786+0000: 616.748: Total time for which application threads were stopped: 0.0000260 seconds, Stopping threads took: 0.0000100 seconds
2015-12-06T04:19:42.786+0000: 616.748: Total time for which application threads were stopped: 0.0000300 seconds, Stopping threads took: 0.0000100 seconds
2015-12-06T04:19:42.792+0000: 616.754: Total time for which application threads were stopped: 0.0000590 seconds, Stopping threads took: 0.0000320 seconds
2015-12-06T04:19:42.793+0000: 616.755: Total time for which application threads were stopped: 0.0000310 seconds, Stopping threads took: 0.0000100 seconds
2015-12-06T04:19:42.793+0000: 616.755: Total time for which application threads were stopped: 0.0000240 seconds, Stopping threads took: 0.0000090 seconds
2015-12-06T04:19:42.793+0000: 616.755: Total time for which application threads were stopped: 0.0000210 seconds, Stopping threads took: 0.0000080 seconds
2015-12-06T04:19:42.793+0000: 616.755: Total time for which application threads were stopped: 0.0000380 seconds, Stopping threads took: 0.0000220 seconds
2015-12-06T04:19:42.793+0000: 616.755: Total time for which application threads were stopped: 0.0000230 seconds, Stopping threads took: 0.0000080 seconds
2015-12-06T04:19:42.794+0000: 616.756: Total time for which application threads were stopped: 0.0000380 seconds, Stopping threads took: 0.0000110 seconds
2015-12-06T04:19:42.822+0000: 616.784: Total time for which application threads were stopped: 0.0049590 seconds, Stopping threads took: 0.0049270 seconds
2015-12-06T04:19:42.835+0000: 616.797: Total time for which application threads were stopped: 0.0050450 seconds, Stopping threads took: 0.0048980 seconds
2015-12-06T04:19:42.843+0000: 616.805: Total time for which application threads were stopped: 0.0010740 seconds, Stopping threads took: 0.0010510 seconds
2015-12-06T04:19:42.981+0000: 616.943: Total time for which application threads were stopped: 0.0001020 seconds, Stopping threads took: 0.0000200 seconds
2015-12-06T04:19:46.734+0000: 620.696: Total time for which application threads were stopped: 0.0001060 seconds, Stopping threads took: 0.0000200 seconds
2015-12-06T04:19:46.735+0000: 620.697: Total time for which application threads were stopped: 0.0000290 seconds, Stopping threads took: 0.0000110 seconds
2015-12-06T04:19:46.738+0000: 620.700: Total time for which application threads were stopped: 0.0000410 seconds, Stopping threads took: 0.0000200 seconds
2015-12-06T04:19:46.747+0000: 620.709: Total time for which application threads were stopped: 0.0000320 seconds, Stopping threads took: 0.0000120 seconds
2015-12-06T04:19:46.747+0000: 620.709: Total time for which application threads were stopped: 0.0000270 seconds, Stopping threads took: 0.0000100 seconds
2015-12-06T04:19:46.823+0000: 620.785: Total time for which application threads were stopped: 0.0084010 seconds, Stopping threads took: 0.0083330 seconds
2015-12-06T04:19:46.850+0000: 620.812: Total time for which application threads were stopped: 0.0033420 seconds, Stopping threads took: 0.0033100 seconds
2015-12-06T04:20:03.602+0000: 637.564: Total time for which application threads were stopped: 0.0001820 seconds, Stopping threads took: 0.0000380 seconds
2015-12-06T04:20:03.658+0000: 637.620: Total time for which application threads were stopped: 0.0000850 seconds, Stopping threads took: 0.0000440 seconds
2015-12-06T04:20:41.067+0000: 675.029: Total time for which application threads were stopped: 0.0001380 seconds, Stopping threads took: 0.0000500 seconds
2015-12-06T04:20:41.068+0000: 675.030: Total time for which application threads were stopped: 0.0000280 seconds, Stopping threads took: 0.0000110 seconds
2015-12-06T04:20:41.068+0000: 675.030: Total time for which application threads were stopped: 0.0000230 seconds, Stopping threads took: 0.0000080 seconds
2015-12-06T04:20:41.068+0000: 675.030: Total time for which application threads were stopped: 0.0000220 seconds, Stopping threads took: 0.0000080 seconds
2015-12-06T04:20:41.068+0000: 675.030: Total time for which application threads were stopped: 0.0000280 seconds, Stopping threads took: 0.0000100 seconds
2015-12-06T04:21:01.081+0000: 695.043: Total time for which application threads were stopped: 0.0001380 seconds, Stopping threads took: 0.0000380 seconds
2015-12-06T04:21:01.081+0000: 695.044: Total time for which application threads were stopped: 0.0000270 seconds, Stopping threads took: 0.0000100 seconds
2015-12-06T04:21:01.128+0000: 695.090: Total time for which application threads were stopped: 0.0000770 seconds, Stopping threads took: 0.0000220 seconds
2015-12-06T04:21:01.128+0000: 695.090: Total time for which application threads were stopped: 0.0000280 seconds, Stopping threads took: 0.0000100 seconds
2015-12-06T04:21:01.128+0000: 695.090: Total time for which application threads were stopped: 0.0000240 seconds, Stopping threads took: 0.0000090 seconds
2015-12-06T04:21:01.129+0000: 695.091: Total time for which application threads were stopped: 0.0000250 seconds, Stopping threads took: 0.0000090 seconds
2015-12-06T04:21:01.129+0000: 695.091: Total time for which application threads were stopped: 0.0000230 seconds, Stopping threads took: 0.0000090 seconds
2015-12-06T04:21:01.129+0000: 695.092: Total time for which application threads were stopped: 0.0000290 seconds, Stopping threads took: 0.0000110 seconds
2015-12-06T04:21:01.130+0000: 695.092: Total time for which application threads were stopped: 0.0000230 seconds, Stopping threads took: 0.0000090 seconds
2015-12-06T04:21:01.130+0000: 695.092: Total time for which application threads were stopped: 0.0000250 seconds, Stopping threads took: 0.0000100 seconds
2015-12-06T04:21:01.130+0000: 695.092: Total time for which application threads were stopped: 0.0000230 seconds, Stopping threads took: 0.0000090 seconds
2015-12-06T04:21:01.137+0000: 695.099: Total time for which application threads were stopped: 0.0000600 seconds, Stopping threads took: 0.0000220 seconds
2015-12-06T04:21:01.144+0000: 695.106: Total time for which application threads were stopped: 0.0001330 seconds, Stopping threads took: 0.0000300 seconds
2015-12-06T04:21:01.148+0000: 695.110: Total time for which application threads were stopped: 0.0000840 seconds, Stopping threads took: 0.0000490 seconds
2015-12-06T04:21:01.148+0000: 695.110: Total time for which application threads were stopped: 0.0000250 seconds, Stopping threads took: 0.0000090 seconds
2015-12-06T04:21:01.148+0000: 695.110: Total time for which application threads were stopped: 0.0000250 seconds, Stopping threads took: 0.0000090 seconds
2015-12-06T04:21:01.149+0000: 695.111: Total time for which application threads were stopped: 0.0001380 seconds, Stopping threads took: 0.0000080 seconds
2015-12-06T04:21:01.150+0000: 695.112: Total time for which application threads were stopped: 0.0003070 seconds, Stopping threads took: 0.0002670 seconds
2015-12-06T04:21:01.150+0000: 695.112: Total time for which application threads were stopped: 0.0000300 seconds, Stopping threads took: 0.0000100 seconds
2015-12-06T04:21:01.153+0000: 695.115: Total time for which application threads were stopped: 0.0000670 seconds, Stopping threads took: 0.0000380 seconds
2015-12-06T04:21:01.188+0000: 695.150: Total time for which application threads were stopped: 0.0024340 seconds, Stopping threads took: 0.0023850 seconds
2015-12-06T04:21:01.204+0000: 695.166: Total time for which application threads were stopped: 0.0020610 seconds, Stopping threads took: 0.0020210 seconds
2015-12-06T04:21:01.205+0000: 695.167: Total time for which application threads were stopped: 0.0001310 seconds, Stopping threads took: 0.0000150 seconds
2015-12-06T04:21:01.328+0000: 695.290: Total time for which application threads were stopped: 0.0000840 seconds, Stopping threads took: 0.0000240 seconds
2015-12-06T04:21:30.600+0000: 724.562: Total time for which application threads were stopped: 0.0001300 seconds, Stopping threads took: 0.0000370 seconds
2015-12-06T04:21:31.600+0000: 725.562: Total time for which application threads were stopped: 0.0001460 seconds, Stopping threads took: 0.0000240 seconds
2015-12-06T04:21:57.551+0000: 751.513: Total time for which application threads were stopped: 0.0001190 seconds, Stopping threads took: 0.0000220 seconds
2015-12-06T04:21:57.552+0000: 751.514: Total time for which application threads were stopped: 0.0000300 seconds, Stopping threads took: 0.0000110 seconds
2015-12-06T04:21:57.552+0000: 751.514: Total time for which application threads were stopped: 0.0000280 seconds, Stopping threads took: 0.0000110 seconds
2015-12-06T04:21:57.553+0000: 751.515: Total time for which application threads were stopped: 0.0000330 seconds, Stopping threads took: 0.0000110 seconds
2015-12-06T04:21:57.553+0000: 751.515: Total time for which application threads were stopped: 0.0000270 seconds, Stopping threads took: 0.0000100 seconds
2015-12-06T04:21:57.553+0000: 751.515: Total time for which application threads were stopped: 0.0000240 seconds, Stopping threads took: 0.0000090 seconds
2015-12-06T04:21:57.553+0000: 751.515: Total time for which application threads were stopped: 0.0000240 seconds, Stopping threads took: 0.0000090 seconds
2015-12-06T04:21:58.553+0000: 752.515: Total time for which application threads were stopped: 0.0001660 seconds, Stopping threads took: 0.0000370 seconds
2015-12-06T04:22:55.700+0000: 809.662: Total time for which application threads were stopped: 0.0001210 seconds, Stopping threads took: 0.0000350 seconds
2015-12-06T04:22:55.700+0000: 809.662: Total time for which application threads were stopped: 0.0000260 seconds, Stopping threads took: 0.0000100 seconds
2015-12-06T04:22:55.701+0000: 809.663: Total time for which application threads were stopped: 0.0000230 seconds, Stopping threads took: 0.0000080 seconds
2015-12-06T04:22:55.701+0000: 809.663: Total time for which application threads were stopped: 0.0000320 seconds, Stopping threads took: 0.0000110 seconds
2015-12-06T04:22:55.821+0000: 809.783: Total time for which application threads were stopped: 0.0000590 seconds, Stopping threads took: 0.0000220 seconds
2015-12-06T04:22:55.821+0000: 809.783: Total time for which application threads were stopped: 0.0000270 seconds, Stopping threads took: 0.0000100 seconds
2015-12-06T04:22:55.823+0000: 809.785: Total time for which application threads were stopped: 0.0000390 seconds, Stopping threads took: 0.0000180 seconds
2015-12-06T04:23:51.134+0000: 865.096: Total time for which application threads were stopped: 0.0001310 seconds, Stopping threads took: 0.0000390 seconds
2015-12-06T04:24:12.978+0000: 886.940: Total time for which application threads were stopped: 0.0001520 seconds, Stopping threads took: 0.0000370 seconds
2015-12-06T04:24:12.978+0000: 886.940: Total time for which application threads were stopped: 0.0000250 seconds, Stopping threads took: 0.0000100 seconds
2015-12-06T04:24:12.980+0000: 886.942: Total time for which application threads were stopped: 0.0000380 seconds, Stopping threads took: 0.0000100 seconds
2015-12-06T04:24:12.981+0000: 886.943: Total time for which application threads were stopped: 0.0000300 seconds, Stopping threads took: 0.0000110 seconds
2015-12-06T04:24:12.981+0000: 886.944: Total time for which application threads were stopped: 0.0000820 seconds, Stopping threads took: 0.0000090 seconds
2015-12-06T04:24:12.984+0000: 886.946: Total time for which application threads were stopped: 0.0000310 seconds, Stopping threads took: 0.0000110 seconds
2015-12-06T04:24:12.984+0000: 886.946: Total time for which application threads were stopped: 0.0000270 seconds, Stopping threads took: 0.0000090 seconds
2015-12-06T04:24:13.423+0000: 887.385: Total time for which application threads were stopped: 0.0000630 seconds, Stopping threads took: 0.0000250 seconds
2015-12-06T04:24:13.423+0000: 887.385: Total time for which application threads were stopped: 0.0000280 seconds, Stopping threads took: 0.0000110 seconds
2015-12-06T04:24:13.424+0000: 887.386: Total time for which application threads were stopped: 0.0000310 seconds, Stopping threads took: 0.0000110 seconds
2015-12-06T04:24:13.431+0000: 887.393: Total time for which application threads were stopped: 0.0000340 seconds, Stopping threads took: 0.0000140 seconds
2015-12-06T04:24:13.470+0000: 887.432: Total time for which application threads were stopped: 0.0000550 seconds, Stopping threads took: 0.0000210 seconds
2015-12-06T04:24:13.471+0000: 887.433: Total time for which application threads were stopped: 0.0000310 seconds, Stopping threads took: 0.0000110 seconds
2015-12-06T04:24:13.484+0000: 887.446: Total time for which application threads were stopped: 0.0000960 seconds, Stopping threads took: 0.0000120 seconds
2015-12-06T04:24:13.484+0000: 887.446: Total time for which application threads were stopped: 0.0000260 seconds, Stopping threads took: 0.0000090 seconds
2015-12-06T04:24:13.492+0000: 887.454: Total time for which application threads were stopped: 0.0000340 seconds, Stopping threads took: 0.0000110 seconds
2015-12-06T04:24:13.493+0000: 887.455: Total time for which application threads were stopped: 0.0000380 seconds, Stopping threads took: 0.0000180 seconds
2015-12-06T04:24:31.151+0000: 905.113: Total time for which application threads were stopped: 0.0001440 seconds, Stopping threads took: 0.0000360 seconds
2015-12-06T04:25:11.169+0000: 945.131: Total time for which application threads were stopped: 0.0001380 seconds, Stopping threads took: 0.0000500 seconds
2015-12-06T04:25:11.169+0000: 945.131: Total time for which application threads were stopped: 0.0000300 seconds, Stopping threads took: 0.0000110 seconds
2015-12-06T04:25:11.170+0000: 945.132: Total time for which application threads were stopped: 0.0000290 seconds, Stopping threads took: 0.0000100 seconds
2015-12-06T04:25:14.665+0000: 948.627: Total time for which application threads were stopped: 0.0001340 seconds, Stopping threads took: 0.0000440 seconds
2015-12-06T04:25:14.665+0000: 948.627: Total time for which application threads were stopped: 0.0000260 seconds, Stopping threads took: 0.0000090 seconds
2015-12-06T04:25:14.665+0000: 948.627: Total time for which application threads were stopped: 0.0000240 seconds, Stopping threads took: 0.0000090 seconds
2015-12-06T04:25:14.678+0000: 948.640: Total time for which application threads were stopped: 0.0000370 seconds, Stopping threads took: 0.0000130 seconds
2015-12-06T04:25:14.679+0000: 948.641: Total time for which application threads were stopped: 0.0000360 seconds, Stopping threads took: 0.0000160 seconds
2015-12-06T04:25:14.682+0000: 948.644: Total time for which application threads were stopped: 0.0000380 seconds, Stopping threads took: 0.0000120 seconds
2015-12-06T04:26:11.197+0000: 1005.159: Total time for which application threads were stopped: 0.0001690 seconds, Stopping threads took: 0.0000500 seconds
2015-12-06T04:26:11.197+0000: 1005.159: Total time for which application threads were stopped: 0.0000340 seconds, Stopping threads took: 0.0000110 seconds
2015-12-06T04:26:21.424+0000: 1015.386: Total time for which application threads were stopped: 0.0001110 seconds, Stopping threads took: 0.0000220 seconds
2015-12-06T04:26:21.424+0000: 1015.386: Total time for which application threads were stopped: 0.0000260 seconds, Stopping threads took: 0.0000100 seconds
2015-12-06T04:26:21.424+0000: 1015.386: Total time for which application threads were stopped: 0.0000310 seconds, Stopping threads took: 0.0000100 seconds
2015-12-06T04:26:21.551+0000: 1015.513: Total time for which application threads were stopped: 0.0000380 seconds, Stopping threads took: 0.0000140 seconds
2015-12-06T04:26:21.551+0000: 1015.513: Total time for which application threads were stopped: 0.0000250 seconds, Stopping threads took: 0.0000090 seconds
2015-12-06T04:26:21.578+0000: 1015.540: Total time for which application threads were stopped: 0.0001570 seconds, Stopping threads took: 0.0000220 seconds
2015-12-06T04:26:21.822+0000: 1015.784: Total time for which application threads were stopped: 0.0001080 seconds, Stopping threads took: 0.0000290 seconds
{Heap before GC invocations=5 (full 0):
 par new generation   total 109248K, used 108678K [0x00000000d5a00000, 0x00000000dda00000, 0x00000000dda00000)
  eden space 87424K, 100% used [0x00000000d5a00000, 0x00000000daf60000, 0x00000000daf60000)
  from space 21824K,  97% used [0x00000000dc4b0000, 0x00000000dd971b40, 0x00000000dda00000)
  to   space 21824K,   0% used [0x00000000daf60000, 0x00000000daf60000, 0x00000000dc4b0000)
 concurrent mark-sweep generation total 393216K, used 0K [0x00000000dda00000, 0x00000000f5a00000, 0x00000000f5a00000)
 concurrent-mark-sweep perm gen total 30464K, used 30285K [0x00000000f5a00000, 0x00000000f77c0000, 0x0000000100000000)
2015-12-06T04:26:21.935+0000: 1015.897: [GC2015-12-06T04:26:21.935+0000: 1015.897: [ParNew
Desired survivor size 20112992 bytes, new threshold 8 (max 8)
- age   1:    3689952 bytes,    3689952 total
- age   2:    7418664 bytes,   11108616 total
- age   3:     171624 bytes,   11280240 total
- age   4:     248752 bytes,   11528992 total
- age   5:    3360256 bytes,   14889248 total
- age   6:    2141040 bytes,   17030288 total
: 108678K->21824K(109248K), 0.0435970 secs] 108678K->22851K(502464K), 0.0436580 secs] [Times: user=0.04 sys=0.01, real=0.05 secs] 
Heap after GC invocations=6 (full 0):
 par new generation   total 109248K, used 21824K [0x00000000d5a00000, 0x00000000dda00000, 0x00000000dda00000)
  eden space 87424K,   0% used [0x00000000d5a00000, 0x00000000d5a00000, 0x00000000daf60000)
  from space 21824K, 100% used [0x00000000daf60000, 0x00000000dc4b0000, 0x00000000dc4b0000)
  to   space 21824K,   0% used [0x00000000dc4b0000, 0x00000000dc4b0000, 0x00000000dda00000)
 concurrent mark-sweep generation total 393216K, used 1027K [0x00000000dda00000, 0x00000000f5a00000, 0x00000000f5a00000)
 concurrent-mark-sweep perm gen total 30464K, used 30285K [0x00000000f5a00000, 0x00000000f77c0000, 0x0000000100000000)
}
2015-12-06T04:26:21.979+0000: 1015.941: Total time for which application threads were stopped: 0.0438510 seconds, Stopping threads took: 0.0000240 seconds
2015-12-06T04:26:22.979+0000: 1016.941: Total time for which application threads were stopped: 0.0001620 seconds, Stopping threads took: 0.0000250 seconds
2015-12-06T04:26:38.549+0000: 1032.511: Total time for which application threads were stopped: 0.0001550 seconds, Stopping threads took: 0.0000480 seconds
2015-12-06T04:26:38.549+0000: 1032.511: Total time for which application threads were stopped: 0.0000280 seconds, Stopping threads took: 0.0000110 seconds
2015-12-06T04:26:38.549+0000: 1032.511: Total time for which application threads were stopped: 0.0000260 seconds, Stopping threads took: 0.0000120 seconds
2015-12-06T04:26:38.550+0000: 1032.512: Total time for which application threads were stopped: 0.0001000 seconds, Stopping threads took: 0.0000090 seconds
2015-12-06T04:26:38.555+0000: 1032.517: Total time for which application threads were stopped: 0.0000370 seconds, Stopping threads took: 0.0000140 seconds
2015-12-06T04:26:38.555+0000: 1032.517: Total time for which application threads were stopped: 0.0000380 seconds, Stopping threads took: 0.0000100 seconds
2015-12-06T04:26:38.555+0000: 1032.517: Total time for which application threads were stopped: 0.0000250 seconds, Stopping threads took: 0.0000090 seconds
2015-12-06T04:26:38.555+0000: 1032.517: Total time for which application threads were stopped: 0.0000240 seconds, Stopping threads took: 0.0000090 seconds
2015-12-06T04:26:38.555+0000: 1032.517: Total time for which application threads were stopped: 0.0000250 seconds, Stopping threads took: 0.0000090 seconds
2015-12-06T04:26:38.555+0000: 1032.517: Total time for which application threads were stopped: 0.0000240 seconds, Stopping threads took: 0.0000090 seconds
2015-12-06T04:26:40.555+0000: 1034.517: Total time for which application threads were stopped: 0.0001240 seconds, Stopping threads took: 0.0000250 seconds
2015-12-06T04:26:42.751+0000: 1036.713: Total time for which application threads were stopped: 0.0001170 seconds, Stopping threads took: 0.0000210 seconds
2015-12-06T04:26:42.985+0000: 1036.947: Total time for which application threads were stopped: 0.0000700 seconds, Stopping threads took: 0.0000330 seconds
2015-12-06T04:26:42.985+0000: 1036.947: Total time for which application threads were stopped: 0.0000370 seconds, Stopping threads took: 0.0000190 seconds
2015-12-06T04:26:43.018+0000: 1036.980: Total time for which application threads were stopped: 0.0000920 seconds, Stopping threads took: 0.0000450 seconds
2015-12-06T04:26:48.019+0000: 1041.981: Total time for which application threads were stopped: 0.0001530 seconds, Stopping threads took: 0.0000490 seconds
2015-12-06T04:26:51.200+0000: 1045.162: Total time for which application threads were stopped: 0.0001140 seconds, Stopping threads took: 0.0000210 seconds
2015-12-06T04:26:51.200+0000: 1045.162: Total time for which application threads were stopped: 0.0000280 seconds, Stopping threads took: 0.0000110 seconds
2015-12-06T04:26:51.201+0000: 1045.163: Total time for which application threads were stopped: 0.0000350 seconds, Stopping threads took: 0.0000100 seconds
2015-12-06T04:27:41.232+0000: 1095.194: Total time for which application threads were stopped: 0.0001480 seconds, Stopping threads took: 0.0000520 seconds
2015-12-06T04:27:50.342+0000: 1104.304: Total time for which application threads were stopped: 0.0001330 seconds, Stopping threads took: 0.0000200 seconds
2015-12-06T04:27:50.343+0000: 1104.305: Total time for which application threads were stopped: 0.0000270 seconds, Stopping threads took: 0.0000100 seconds
2015-12-06T04:27:50.343+0000: 1104.305: Total time for which application threads were stopped: 0.0000220 seconds, Stopping threads took: 0.0000080 seconds
2015-12-06T04:27:50.355+0000: 1104.317: Total time for which application threads were stopped: 0.0000350 seconds, Stopping threads took: 0.0000120 seconds
2015-12-06T04:28:41.253+0000: 1155.215: Total time for which application threads were stopped: 0.0001310 seconds, Stopping threads took: 0.0000390 seconds
2015-12-06T04:28:54.911+0000: 1168.873: Total time for which application threads were stopped: 0.0001190 seconds, Stopping threads took: 0.0000210 seconds
2015-12-06T04:28:54.911+0000: 1168.873: Total time for which application threads were stopped: 0.0000260 seconds, Stopping threads took: 0.0000100 seconds
2015-12-06T04:28:54.912+0000: 1168.874: Total time for which application threads were stopped: 0.0000320 seconds, Stopping threads took: 0.0000110 seconds
2015-12-06T04:29:32.281+0000: 1206.243: Total time for which application threads were stopped: 0.0001320 seconds, Stopping threads took: 0.0000220 seconds
2015-12-06T04:29:58.871+0000: 1232.833: Total time for which application threads were stopped: 0.0001340 seconds, Stopping threads took: 0.0000340 seconds
2015-12-06T04:29:58.871+0000: 1232.833: Total time for which application threads were stopped: 0.0000270 seconds, Stopping threads took: 0.0000100 seconds
2015-12-06T04:29:59.871+0000: 1233.833: Total time for which application threads were stopped: 0.0001440 seconds, Stopping threads took: 0.0000240 seconds
2015-12-06T04:30:51.722+0000: 1285.684: Total time for which application threads were stopped: 0.0001410 seconds, Stopping threads took: 0.0000360 seconds
2015-12-06T04:31:10.881+0000: 1304.843: Total time for which application threads were stopped: 0.0001280 seconds, Stopping threads took: 0.0000360 seconds
2015-12-06T04:31:10.881+0000: 1304.843: Total time for which application threads were stopped: 0.0000260 seconds, Stopping threads took: 0.0000100 seconds
2015-12-06T04:31:10.882+0000: 1304.844: Total time for which application threads were stopped: 0.0000340 seconds, Stopping threads took: 0.0000110 seconds
2015-12-06T04:31:10.883+0000: 1304.845: Total time for which application threads were stopped: 0.0000320 seconds, Stopping threads took: 0.0000120 seconds
2015-12-06T04:31:10.883+0000: 1304.845: Total time for which application threads were stopped: 0.0000250 seconds, Stopping threads took: 0.0000100 seconds
2015-12-06T04:31:10.884+0000: 1304.846: Total time for which application threads were stopped: 0.0000290 seconds, Stopping threads took: 0.0000100 seconds
2015-12-06T04:31:48.679+0000: 1342.641: Total time for which application threads were stopped: 0.0001320 seconds, Stopping threads took: 0.0000390 seconds
2015-12-06T04:31:48.679+0000: 1342.641: Total time for which application threads were stopped: 0.0000280 seconds, Stopping threads took: 0.0000100 seconds
2015-12-06T04:31:48.680+0000: 1342.642: Total time for which application threads were stopped: 0.0000310 seconds, Stopping threads took: 0.0000110 seconds
2015-12-06T04:31:49.681+0000: 1343.643: Total time for which application threads were stopped: 0.0001690 seconds, Stopping threads took: 0.0000360 seconds
2015-12-06T04:32:00.947+0000: 1354.909: Total time for which application threads were stopped: 0.0001110 seconds, Stopping threads took: 0.0000230 seconds
2015-12-06T04:32:00.947+0000: 1354.909: Total time for which application threads were stopped: 0.0000390 seconds, Stopping threads took: 0.0000210 seconds
2015-12-06T04:32:05.258+0000: 1359.220: Total time for which application threads were stopped: 0.0001350 seconds, Stopping threads took: 0.0000480 seconds
{Heap before GC invocations=6 (full 0):
 par new generation   total 109248K, used 109248K [0x00000000d5a00000, 0x00000000dda00000, 0x00000000dda00000)
  eden space 87424K, 100% used [0x00000000d5a00000, 0x00000000daf60000, 0x00000000daf60000)
  from space 21824K, 100% used [0x00000000daf60000, 0x00000000dc4b0000, 0x00000000dc4b0000)
  to   space 21824K,   0% used [0x00000000dc4b0000, 0x00000000dc4b0000, 0x00000000dda00000)
 concurrent mark-sweep generation total 393216K, used 1027K [0x00000000dda00000, 0x00000000f5a00000, 0x00000000f5a00000)
 concurrent-mark-sweep perm gen total 30464K, used 30373K [0x00000000f5a00000, 0x00000000f77c0000, 0x0000000100000000)
2015-12-06T04:32:05.613+0000: 1359.575: [GC2015-12-06T04:32:05.613+0000: 1359.575: [ParNew
Desired survivor size 20112992 bytes, new threshold 8 (max 8)
- age   1:    2759512 bytes,    2759512 total
- age   2:    1506456 bytes,    4265968 total
- age   3:    7332056 bytes,   11598024 total
- age   4:     145024 bytes,   11743048 total
- age   5:     224152 bytes,   11967200 total
- age   6:    3273848 bytes,   15241048 total
- age   7:    1810640 bytes,   17051688 total
: 109248K->20691K(109248K), 0.0403240 secs] 110275K->21719K(502464K), 0.0403810 secs] [Times: user=0.04 sys=0.00, real=0.04 secs] 
Heap after GC invocations=7 (full 0):
 par new generation   total 109248K, used 20691K [0x00000000d5a00000, 0x00000000dda00000, 0x00000000dda00000)
  eden space 87424K,   0% used [0x00000000d5a00000, 0x00000000d5a00000, 0x00000000daf60000)
  from space 21824K,  94% used [0x00000000dc4b0000, 0x00000000dd8e4dd0, 0x00000000dda00000)
  to   space 21824K,   0% used [0x00000000daf60000, 0x00000000daf60000, 0x00000000dc4b0000)
 concurrent mark-sweep generation total 393216K, used 1027K [0x00000000dda00000, 0x00000000f5a00000, 0x00000000f5a00000)
 concurrent-mark-sweep perm gen total 30464K, used 30373K [0x00000000f5a00000, 0x00000000f77c0000, 0x0000000100000000)
}
2015-12-06T04:32:05.653+0000: 1359.615: Total time for which application threads were stopped: 0.0405840 seconds, Stopping threads took: 0.0000280 seconds
{Heap before GC invocations=7 (full 0):
 par new generation   total 109248K, used 108115K [0x00000000d5a00000, 0x00000000dda00000, 0x00000000dda00000)
  eden space 87424K, 100% used [0x00000000d5a00000, 0x00000000daf60000, 0x00000000daf60000)
  from space 21824K,  94% used [0x00000000dc4b0000, 0x00000000dd8e4dd0, 0x00000000dda00000)
  to   space 21824K,   0% used [0x00000000daf60000, 0x00000000daf60000, 0x00000000dc4b0000)
 concurrent mark-sweep generation total 393216K, used 1027K [0x00000000dda00000, 0x00000000f5a00000, 0x00000000f5a00000)
 concurrent-mark-sweep perm gen total 30464K, used 30413K [0x00000000f5a00000, 0x00000000f77c0000, 0x0000000100000000)
2015-12-06T04:32:06.090+0000: 1360.052: [GC2015-12-06T04:32:06.090+0000: 1360.052: [ParNew
Desired survivor size 20112992 bytes, new threshold 8 (max 8)
- age   1:    2612424 bytes,    2612424 total
- age   2:    2097088 bytes,    4709512 total
- age   3:    1505576 bytes,    6215088 total
- age   4:    7332056 bytes,   13547144 total
- age   5:     145024 bytes,   13692168 total
- age   6:     224152 bytes,   13916320 total
- age   7:    3273848 bytes,   17190168 total
- age   8:    1810640 bytes,   19000808 total
: 108115K->21824K(109248K), 0.0554840 secs] 109143K->22969K(502464K), 0.0555670 secs] [Times: user=0.05 sys=0.00, real=0.05 secs] 
Heap after GC invocations=8 (full 0):
 par new generation   total 109248K, used 21824K [0x00000000d5a00000, 0x00000000dda00000, 0x00000000dda00000)
  eden space 87424K,   0% used [0x00000000d5a00000, 0x00000000d5a00000, 0x00000000daf60000)
  from space 21824K, 100% used [0x00000000daf60000, 0x00000000dc4b0000, 0x00000000dc4b0000)
  to   space 21824K,   0% used [0x00000000dc4b0000, 0x00000000dc4b0000, 0x00000000dda00000)
 concurrent mark-sweep generation total 393216K, used 1145K [0x00000000dda00000, 0x00000000f5a00000, 0x00000000f5a00000)
 concurrent-mark-sweep perm gen total 30464K, used 30413K [0x00000000f5a00000, 0x00000000f77c0000, 0x0000000100000000)
}
2015-12-06T04:32:06.146+0000: 1360.108: Total time for which application threads were stopped: 0.0558100 seconds, Stopping threads took: 0.0000340 seconds
{Heap before GC invocations=8 (full 0):
 par new generation   total 109248K, used 109248K [0x00000000d5a00000, 0x00000000dda00000, 0x00000000dda00000)
  eden space 87424K, 100% used [0x00000000d5a00000, 0x00000000daf60000, 0x00000000daf60000)
  from space 21824K, 100% used [0x00000000daf60000, 0x00000000dc4b0000, 0x00000000dc4b0000)
  to   space 21824K,   0% used [0x00000000dc4b0000, 0x00000000dc4b0000, 0x00000000dda00000)
 concurrent mark-sweep generation total 393216K, used 1145K [0x00000000dda00000, 0x00000000f5a00000, 0x00000000f5a00000)
 concurrent-mark-sweep perm gen total 30464K, used 30419K [0x00000000f5a00000, 0x00000000f77c0000, 0x0000000100000000)
2015-12-06T04:32:06.438+0000: 1360.400: [GC2015-12-06T04:32:06.453+0000: 1360.415: [ParNew
Desired survivor size 20112992 bytes, new threshold 8 (max 8)
- age   1:    2662984 bytes,    2662984 total
- age   2:    1639488 bytes,    4302472 total
- age   3:    2096736 bytes,    6399208 total
- age   4:    1505576 bytes,    7904784 total
- age   5:    7332056 bytes,   15236840 total
- age   6:     145024 bytes,   15381864 total
- age   7:     224152 bytes,   15606016 total
- age   8:    3273848 bytes,   18879864 total
: 109248K->21824K(109248K), 0.0593110 secs] 110393K->25395K(502464K), 0.0745260 secs] [Times: user=0.07 sys=0.00, real=0.08 secs] 
Heap after GC invocations=9 (full 0):
 par new generation   total 109248K, used 21824K [0x00000000d5a00000, 0x00000000dda00000, 0x00000000dda00000)
  eden space 87424K,   0% used [0x00000000d5a00000, 0x00000000d5a00000, 0x00000000daf60000)
  from space 21824K, 100% used [0x00000000dc4b0000, 0x00000000dda00000, 0x00000000dda00000)
  to   space 21824K,   0% used [0x00000000daf60000, 0x00000000daf60000, 0x00000000dc4b0000)
 concurrent mark-sweep generation total 393216K, used 3571K [0x00000000dda00000, 0x00000000f5a00000, 0x00000000f5a00000)
 concurrent-mark-sweep perm gen total 30464K, used 30419K [0x00000000f5a00000, 0x00000000f77c0000, 0x0000000100000000)
}
2015-12-06T04:32:06.512+0000: 1360.474: Total time for which application threads were stopped: 0.0746990 seconds, Stopping threads took: 0.0000280 seconds
{Heap before GC invocations=9 (full 0):
 par new generation   total 109248K, used 109248K [0x00000000d5a00000, 0x00000000dda00000, 0x00000000dda00000)
  eden space 87424K, 100% used [0x00000000d5a00000, 0x00000000daf60000, 0x00000000daf60000)
  from space 21824K, 100% used [0x00000000dc4b0000, 0x00000000dda00000, 0x00000000dda00000)
  to   space 21824K,   0% used [0x00000000daf60000, 0x00000000daf60000, 0x00000000dc4b0000)
 concurrent mark-sweep generation total 393216K, used 3571K [0x00000000dda00000, 0x00000000f5a00000, 0x00000000f5a00000)
 concurrent-mark-sweep perm gen total 30464K, used 30427K [0x00000000f5a00000, 0x00000000f77c0000, 0x0000000100000000)
2015-12-06T04:32:06.762+0000: 1360.724: [GC2015-12-06T04:32:06.762+0000: 1360.724: [ParNew
Desired survivor size 20112992 bytes, new threshold 6 (max 8)
- age   1:    4007536 bytes,    4007536 total
- age   2:    1725728 bytes,    5733264 total
- age   3:    1638224 bytes,    7371488 total
- age   4:    2096368 bytes,    9467856 total
- age   5:    1505576 bytes,   10973432 total
- age   6:    9560296 bytes,   20533728 total
- age   7:     145024 bytes,   20678752 total
- age   8:     224152 bytes,   20902904 total
: 109248K->21824K(109248K), 0.0760940 secs] 112819K->28764K(502464K), 0.0761670 secs] [Times: user=0.07 sys=0.01, real=0.08 secs] 
Heap after GC invocations=10 (full 0):
 par new generation   total 109248K, used 21824K [0x00000000d5a00000, 0x00000000dda00000, 0x00000000dda00000)
  eden space 87424K,   0% used [0x00000000d5a00000, 0x00000000d5a00000, 0x00000000daf60000)
  from space 21824K, 100% used [0x00000000daf60000, 0x00000000dc4b0000, 0x00000000dc4b0000)
  to   space 21824K,   0% used [0x00000000dc4b0000, 0x00000000dc4b0000, 0x00000000dda00000)
 concurrent mark-sweep generation total 393216K, used 6940K [0x00000000dda00000, 0x00000000f5a00000, 0x00000000f5a00000)
 concurrent-mark-sweep perm gen total 30464K, used 30427K [0x00000000f5a00000, 0x00000000f77c0000, 0x0000000100000000)
}
2015-12-06T04:32:06.838+0000: 1360.800: Total time for which application threads were stopped: 0.0764060 seconds, Stopping threads took: 0.0000270 seconds
2015-12-06T04:32:06.887+0000: 1360.849: Total time for which application threads were stopped: 0.0000830 seconds, Stopping threads took: 0.0000280 seconds
{Heap before GC invocations=10 (full 0):
 par new generation   total 109248K, used 109248K [0x00000000d5a00000, 0x00000000dda00000, 0x00000000dda00000)
  eden space 87424K, 100% used [0x00000000d5a00000, 0x00000000daf60000, 0x00000000daf60000)
  from space 21824K, 100% used [0x00000000daf60000, 0x00000000dc4b0000, 0x00000000dc4b0000)
  to   space 21824K,   0% used [0x00000000dc4b0000, 0x00000000dc4b0000, 0x00000000dda00000)
 concurrent mark-sweep generation total 393216K, used 6940K [0x00000000dda00000, 0x00000000f5a00000, 0x00000000f5a00000)
 concurrent-mark-sweep perm gen total 30464K, used 30428K [0x00000000f5a00000, 0x00000000f77c0000, 0x0000000100000000)
2015-12-06T04:32:07.082+0000: 1361.044: [GC2015-12-06T04:32:07.082+0000: 1361.044: [ParNew
Desired survivor size 20112992 bytes, new threshold 8 (max 8)
- age   1:    4477160 bytes,    4477160 total
- age   2:    3097000 bytes,    7574160 total
- age   3:    1725584 bytes,    9299744 total
- age   4:    1637936 bytes,   10937680 total
- age   5:    2096080 bytes,   13033760 total
- age   6:    1505576 bytes,   14539336 total
: 109248K->21824K(109248K), 0.0739990 secs] 116188K->36762K(502464K), 0.0740800 secs] [Times: user=0.08 sys=0.00, real=0.07 secs] 
Heap after GC invocations=11 (full 0):
 par new generation   total 109248K, used 21824K [0x00000000d5a00000, 0x00000000dda00000, 0x00000000dda00000)
  eden space 87424K,   0% used [0x00000000d5a00000, 0x00000000d5a00000, 0x00000000daf60000)
  from space 21824K, 100% used [0x00000000dc4b0000, 0x00000000dda00000, 0x00000000dda00000)
  to   space 21824K,   0% used [0x00000000daf60000, 0x00000000daf60000, 0x00000000dc4b0000)
 concurrent mark-sweep generation total 393216K, used 14938K [0x00000000dda00000, 0x00000000f5a00000, 0x00000000f5a00000)
 concurrent-mark-sweep perm gen total 30464K, used 30428K [0x00000000f5a00000, 0x00000000f77c0000, 0x0000000100000000)
}
2015-12-06T04:32:07.156+0000: 1361.118: Total time for which application threads were stopped: 0.0742080 seconds, Stopping threads took: 0.0000300 seconds
2015-12-06T04:32:07.266+0000: 1361.228: Total time for which application threads were stopped: 0.0001290 seconds, Stopping threads took: 0.0000390 seconds
2015-12-06T04:33:06.281+0000: 1420.243: Total time for which application threads were stopped: 0.0001490 seconds, Stopping threads took: 0.0000370 seconds
2015-12-06T04:33:28.068+0000: 1442.030: Total time for which application threads were stopped: 0.0001700 seconds, Stopping threads took: 0.0000210 seconds
2015-12-06T04:33:28.068+0000: 1442.030: Total time for which application threads were stopped: 0.0000330 seconds, Stopping threads took: 0.0000110 seconds
2015-12-06T04:33:28.068+0000: 1442.030: Total time for which application threads were stopped: 0.0000360 seconds, Stopping threads took: 0.0000090 seconds
2015-12-06T04:33:28.068+0000: 1442.030: Total time for which application threads were stopped: 0.0000270 seconds, Stopping threads took: 0.0000090 seconds
2015-12-06T04:33:29.069+0000: 1443.031: Total time for which application threads were stopped: 0.0001320 seconds, Stopping threads took: 0.0000240 seconds
2015-12-06T04:33:40.521+0000: 1454.483: Total time for which application threads were stopped: 0.0001300 seconds, Stopping threads took: 0.0000400 seconds
2015-12-06T04:33:40.521+0000: 1454.483: Total time for which application threads were stopped: 0.0000290 seconds, Stopping threads took: 0.0000110 seconds
2015-12-06T04:33:40.563+0000: 1454.525: Total time for which application threads were stopped: 0.0000520 seconds, Stopping threads took: 0.0000230 seconds
{Heap before GC invocations=11 (full 0):
 par new generation   total 109248K, used 109248K [0x00000000d5a00000, 0x00000000dda00000, 0x00000000dda00000)
  eden space 87424K, 100% used [0x00000000d5a00000, 0x00000000daf60000, 0x00000000daf60000)
  from space 21824K, 100% used [0x00000000dc4b0000, 0x00000000dda00000, 0x00000000dda00000)
  to   space 21824K,   0% used [0x00000000daf60000, 0x00000000daf60000, 0x00000000dc4b0000)
 concurrent mark-sweep generation total 393216K, used 14938K [0x00000000dda00000, 0x00000000f5a00000, 0x00000000f5a00000)
 concurrent-mark-sweep perm gen total 30656K, used 30448K [0x00000000f5a00000, 0x00000000f77f0000, 0x0000000100000000)
2015-12-06T04:34:21.583+0000: 1495.545: [GC2015-12-06T04:34:21.583+0000: 1495.545: [ParNew
Desired survivor size 20112992 bytes, new threshold 8 (max 8)
- age   1:    1082464 bytes,    1082464 total
- age   2:       1488 bytes,    1083952 total
- age   3:      38280 bytes,    1122232 total
- age   4:      12488 bytes,    1134720 total
- age   5:     107944 bytes,    1242664 total
- age   6:    1645144 bytes,    2887808 total
- age   7:    1505576 bytes,    4393384 total
: 109248K->8076K(109248K), 0.0194420 secs] 124186K->23015K(502464K), 0.0195120 secs] [Times: user=0.02 sys=0.00, real=0.02 secs] 
Heap after GC invocations=12 (full 0):
 par new generation   total 109248K, used 8076K [0x00000000d5a00000, 0x00000000dda00000, 0x00000000dda00000)
  eden space 87424K,   0% used [0x00000000d5a00000, 0x00000000d5a00000, 0x00000000daf60000)
  from space 21824K,  37% used [0x00000000daf60000, 0x00000000db7432e0, 0x00000000dc4b0000)
  to   space 21824K,   0% used [0x00000000dc4b0000, 0x00000000dc4b0000, 0x00000000dda00000)
 concurrent mark-sweep generation total 393216K, used 14938K [0x00000000dda00000, 0x00000000f5a00000, 0x00000000f5a00000)
 concurrent-mark-sweep perm gen total 30656K, used 30448K [0x00000000f5a00000, 0x00000000f77f0000, 0x0000000100000000)
}
2015-12-06T04:34:21.602+0000: 1495.564: Total time for which application threads were stopped: 0.0197240 seconds, Stopping threads took: 0.0000500 seconds
2015-12-06T04:34:22.603+0000: 1496.565: Total time for which application threads were stopped: 0.0001220 seconds, Stopping threads took: 0.0000270 seconds
2015-12-06T04:34:50.607+0000: 1524.569: Total time for which application threads were stopped: 0.0001610 seconds, Stopping threads took: 0.0000250 seconds
2015-12-06T04:35:46.184+0000: 1580.146: Total time for which application threads were stopped: 0.0001430 seconds, Stopping threads took: 0.0000380 seconds
2015-12-06T04:37:07.774+0000: 1661.736: Total time for which application threads were stopped: 0.0001310 seconds, Stopping threads took: 0.0000430 seconds
2015-12-06T04:37:07.774+0000: 1661.736: Total time for which application threads were stopped: 0.0000270 seconds, Stopping threads took: 0.0000100 seconds
2015-12-06T04:37:07.781+0000: 1661.743: Total time for which application threads were stopped: 0.0000330 seconds, Stopping threads took: 0.0000110 seconds
2015-12-06T04:37:07.784+0000: 1661.746: Total time for which application threads were stopped: 0.0000420 seconds, Stopping threads took: 0.0000190 seconds
2015-12-06T04:37:07.784+0000: 1661.746: Total time for which application threads were stopped: 0.0000380 seconds, Stopping threads took: 0.0000220 seconds
2015-12-06T04:37:07.786+0000: 1661.748: Total time for which application threads were stopped: 0.0000310 seconds, Stopping threads took: 0.0000110 seconds
2015-12-06T04:37:07.786+0000: 1661.748: Total time for which application threads were stopped: 0.0000250 seconds, Stopping threads took: 0.0000090 seconds
2015-12-06T04:37:07.786+0000: 1661.748: Total time for which application threads were stopped: 0.0000300 seconds, Stopping threads took: 0.0000100 seconds
2015-12-06T04:37:07.788+0000: 1661.750: Total time for which application threads were stopped: 0.0000390 seconds, Stopping threads took: 0.0000200 seconds
2015-12-06T04:37:07.788+0000: 1661.750: Total time for which application threads were stopped: 0.0000310 seconds, Stopping threads took: 0.0000160 seconds
2015-12-06T04:37:07.788+0000: 1661.750: Total time for which application threads were stopped: 0.0000340 seconds, Stopping threads took: 0.0000170 seconds
2015-12-06T04:37:07.788+0000: 1661.750: Total time for which application threads were stopped: 0.0000360 seconds, Stopping threads took: 0.0000200 seconds
2015-12-06T04:37:07.795+0000: 1661.757: Total time for which application threads were stopped: 0.0000420 seconds, Stopping threads took: 0.0000180 seconds
2015-12-06T04:37:07.809+0000: 1661.771: Total time for which application threads were stopped: 0.0048540 seconds, Stopping threads took: 0.0048310 seconds
2015-12-06T04:37:07.814+0000: 1661.776: Total time for which application threads were stopped: 0.0000320 seconds, Stopping threads took: 0.0000120 seconds
2015-12-06T04:37:07.814+0000: 1661.776: Total time for which application threads were stopped: 0.0000370 seconds, Stopping threads took: 0.0000090 seconds
2015-12-06T04:37:07.814+0000: 1661.776: Total time for which application threads were stopped: 0.0000230 seconds, Stopping threads took: 0.0000090 seconds
2015-12-06T04:37:07.814+0000: 1661.776: Total time for which application threads were stopped: 0.0000240 seconds, Stopping threads took: 0.0000090 seconds
2015-12-06T04:37:07.814+0000: 1661.776: Total time for which application threads were stopped: 0.0000470 seconds, Stopping threads took: 0.0000090 seconds
2015-12-06T04:37:07.814+0000: 1661.776: Total time for which application threads were stopped: 0.0000260 seconds, Stopping threads took: 0.0000090 seconds
2015-12-06T04:37:07.814+0000: 1661.777: Total time for which application threads were stopped: 0.0000240 seconds, Stopping threads took: 0.0000090 seconds
2015-12-06T04:37:07.815+0000: 1661.777: Total time for which application threads were stopped: 0.0000410 seconds, Stopping threads took: 0.0000110 seconds
2015-12-06T04:37:07.828+0000: 1661.790: Total time for which application threads were stopped: 0.0016010 seconds, Stopping threads took: 0.0015760 seconds
2015-12-06T04:37:07.845+0000: 1661.807: Total time for which application threads were stopped: 0.0068820 seconds, Stopping threads took: 0.0068460 seconds
2015-12-06T04:37:07.923+0000: 1661.885: Total time for which application threads were stopped: 0.0090800 seconds, Stopping threads took: 0.0090380 seconds
2015-12-06T04:37:07.950+0000: 1661.912: Total time for which application threads were stopped: 0.0052710 seconds, Stopping threads took: 0.0051970 seconds
2015-12-06T04:38:06.263+0000: 1720.225: Total time for which application threads were stopped: 0.0001820 seconds, Stopping threads took: 0.0000360 seconds
2015-12-06T04:38:06.263+0000: 1720.225: Total time for which application threads were stopped: 0.0000290 seconds, Stopping threads took: 0.0000100 seconds
2015-12-06T04:38:06.265+0000: 1720.227: Total time for which application threads were stopped: 0.0001050 seconds, Stopping threads took: 0.0000110 seconds
2015-12-06T04:38:06.266+0000: 1720.228: Total time for which application threads were stopped: 0.0000290 seconds, Stopping threads took: 0.0000110 seconds
2015-12-06T04:38:06.266+0000: 1720.228: Total time for which application threads were stopped: 0.0000240 seconds, Stopping threads took: 0.0000090 seconds
2015-12-06T04:38:06.266+0000: 1720.228: Total time for which application threads were stopped: 0.0000240 seconds, Stopping threads took: 0.0000090 seconds
2015-12-06T04:38:06.266+0000: 1720.228: Total time for which application threads were stopped: 0.0000230 seconds, Stopping threads took: 0.0000090 seconds
2015-12-06T04:38:06.266+0000: 1720.228: Total time for which application threads were stopped: 0.0000280 seconds, Stopping threads took: 0.0000110 seconds
2015-12-06T04:52:35.857+0000: 2589.819: Total time for which application threads were stopped: 0.0001240 seconds, Stopping threads took: 0.0000370 seconds
2015-12-06T04:52:35.857+0000: 2589.819: Total time for which application threads were stopped: 0.0000260 seconds, Stopping threads took: 0.0000100 seconds
2015-12-06T04:52:35.858+0000: 2589.820: Total time for which application threads were stopped: 0.0000930 seconds, Stopping threads took: 0.0000120 seconds
2015-12-06T04:52:35.859+0000: 2589.821: Total time for which application threads were stopped: 0.0000320 seconds, Stopping threads took: 0.0000110 seconds
2015-12-06T04:52:35.859+0000: 2589.821: Total time for which application threads were stopped: 0.0000250 seconds, Stopping threads took: 0.0000090 seconds
2015-12-06T04:52:35.863+0000: 2589.825: Total time for which application threads were stopped: 0.0000350 seconds, Stopping threads took: 0.0000120 seconds
2015-12-06T04:52:35.867+0000: 2589.829: Total time for which application threads were stopped: 0.0006140 seconds, Stopping threads took: 0.0005900 seconds
2015-12-06T04:52:35.867+0000: 2589.829: Total time for which application threads were stopped: 0.0000270 seconds, Stopping threads took: 0.0000100 seconds
2015-12-06T04:52:35.867+0000: 2589.829: Total time for which application threads were stopped: 0.0000240 seconds, Stopping threads took: 0.0000090 seconds
2015-12-06T04:52:35.867+0000: 2589.829: Total time for which application threads were stopped: 0.0000250 seconds, Stopping threads took: 0.0000090 seconds
2015-12-06T04:52:35.867+0000: 2589.829: Total time for which application threads were stopped: 0.0000240 seconds, Stopping threads took: 0.0000090 seconds
2015-12-06T04:52:35.868+0000: 2589.830: Total time for which application threads were stopped: 0.0000260 seconds, Stopping threads took: 0.0000100 seconds
2015-12-06T04:52:35.868+0000: 2589.830: Total time for which application threads were stopped: 0.0000230 seconds, Stopping threads took: 0.0000090 seconds
2015-12-06T04:52:35.868+0000: 2589.830: Total time for which application threads were stopped: 0.0000400 seconds, Stopping threads took: 0.0000110 seconds
2015-12-06T04:52:35.899+0000: 2589.861: Total time for which application threads were stopped: 0.0023940 seconds, Stopping threads took: 0.0022940 seconds
2015-12-06T04:52:35.899+0000: 2589.861: Total time for which application threads were stopped: 0.0000280 seconds, Stopping threads took: 0.0000100 seconds
2015-12-06T04:52:35.899+0000: 2589.861: Total time for which application threads were stopped: 0.0000230 seconds, Stopping threads took: 0.0000090 seconds
2015-12-06T04:52:35.950+0000: 2589.912: Total time for which application threads were stopped: 0.0002970 seconds, Stopping threads took: 0.0002600 seconds
{Heap before GC invocations=12 (full 0):
 par new generation   total 109248K, used 95500K [0x00000000d5a00000, 0x00000000dda00000, 0x00000000dda00000)
  eden space 87424K, 100% used [0x00000000d5a00000, 0x00000000daf60000, 0x00000000daf60000)
  from space 21824K,  37% used [0x00000000daf60000, 0x00000000db7432e0, 0x00000000dc4b0000)
  to   space 21824K,   0% used [0x00000000dc4b0000, 0x00000000dc4b0000, 0x00000000dda00000)
 concurrent mark-sweep generation total 393216K, used 14938K [0x00000000dda00000, 0x00000000f5a00000, 0x00000000f5a00000)
 concurrent-mark-sweep perm gen total 30656K, used 30571K [0x00000000f5a00000, 0x00000000f77f0000, 0x0000000100000000)
2015-12-06T04:52:35.966+0000: 2589.928: [GC2015-12-06T04:52:35.966+0000: 2589.928: [ParNew
Desired survivor size 20112992 bytes, new threshold 8 (max 8)
- age   1:    1691176 bytes,    1691176 total
- age   2:      33928 bytes,    1725104 total
- age   3:       1360 bytes,    1726464 total
- age   4:      38008 bytes,    1764472 total
- age   5:      12488 bytes,    1776960 total
- age   6:     104392 bytes,    1881352 total
- age   7:    1493352 bytes,    3374704 total
- age   8:    1505192 bytes,    4879896 total
: 95500K->6353K(109248K), 0.0241840 secs] 110439K->21291K(502464K), 0.0242610 secs] [Times: user=0.03 sys=0.01, real=0.03 secs] 
Heap after GC invocations=13 (full 0):
 par new generation   total 109248K, used 6353K [0x00000000d5a00000, 0x00000000dda00000, 0x00000000dda00000)
  eden space 87424K,   0% used [0x00000000d5a00000, 0x00000000d5a00000, 0x00000000daf60000)
  from space 21824K,  29% used [0x00000000dc4b0000, 0x00000000dcae44a0, 0x00000000dda00000)
  to   space 21824K,   0% used [0x00000000daf60000, 0x00000000daf60000, 0x00000000dc4b0000)
 concurrent mark-sweep generation total 393216K, used 14938K [0x00000000dda00000, 0x00000000f5a00000, 0x00000000f5a00000)
 concurrent-mark-sweep perm gen total 30656K, used 30571K [0x00000000f5a00000, 0x00000000f77f0000, 0x0000000100000000)
}
2015-12-06T04:52:35.990+0000: 2589.952: Total time for which application threads were stopped: 0.0243830 seconds, Stopping threads took: 0.0000220 seconds
2015-12-06T04:52:36.094+0000: 2590.056: Total time for which application threads were stopped: 0.0000680 seconds, Stopping threads took: 0.0000210 seconds
2015-12-06T04:53:31.678+0000: 2645.640: Total time for which application threads were stopped: 0.0001500 seconds, Stopping threads took: 0.0000370 seconds
2015-12-06T04:53:31.678+0000: 2645.640: Total time for which application threads were stopped: 0.0000370 seconds, Stopping threads took: 0.0000110 seconds
2015-12-06T04:53:31.679+0000: 2645.641: Total time for which application threads were stopped: 0.0000280 seconds, Stopping threads took: 0.0000100 seconds
2015-12-06T04:53:31.679+0000: 2645.641: Total time for which application threads were stopped: 0.0000230 seconds, Stopping threads took: 0.0000090 seconds
2015-12-06T04:53:31.679+0000: 2645.641: Total time for which application threads were stopped: 0.0000230 seconds, Stopping threads took: 0.0000090 seconds
2015-12-06T04:59:29.329+0000: 3003.291: Total time for which application threads were stopped: 0.0038410 seconds, Stopping threads took: 0.0037590 seconds
2015-12-06T04:59:29.329+0000: 3003.291: Total time for which application threads were stopped: 0.0000240 seconds, Stopping threads took: 0.0000110 seconds
2015-12-06T04:59:29.329+0000: 3003.291: Total time for which application threads were stopped: 0.0000240 seconds, Stopping threads took: 0.0000090 seconds
2015-12-06T04:59:29.329+0000: 3003.291: Total time for which application threads were stopped: 0.0000230 seconds, Stopping threads took: 0.0000100 seconds
2015-12-06T04:59:29.329+0000: 3003.291: Total time for which application threads were stopped: 0.0000200 seconds, Stopping threads took: 0.0000090 seconds
2015-12-06T04:59:29.331+0000: 3003.293: Total time for which application threads were stopped: 0.0000320 seconds, Stopping threads took: 0.0000120 seconds
2015-12-06T04:59:29.331+0000: 3003.293: Total time for which application threads were stopped: 0.0000250 seconds, Stopping threads took: 0.0000090 seconds
2015-12-06T04:59:29.347+0000: 3003.309: Total time for which application threads were stopped: 0.0061210 seconds, Stopping threads took: 0.0060930 seconds
2015-12-06T04:59:29.348+0000: 3003.310: Total time for which application threads were stopped: 0.0000340 seconds, Stopping threads took: 0.0000170 seconds
2015-12-06T04:59:29.349+0000: 3003.311: Total time for which application threads were stopped: 0.0000370 seconds, Stopping threads took: 0.0000210 seconds
2015-12-06T04:59:29.349+0000: 3003.311: Total time for which application threads were stopped: 0.0000330 seconds, Stopping threads took: 0.0000180 seconds
2015-12-06T04:59:29.351+0000: 3003.313: Total time for which application threads were stopped: 0.0000370 seconds, Stopping threads took: 0.0000210 seconds
2015-12-06T04:59:29.351+0000: 3003.313: Total time for which application threads were stopped: 0.0000310 seconds, Stopping threads took: 0.0000180 seconds
2015-12-06T04:59:29.351+0000: 3003.313: Total time for which application threads were stopped: 0.0000310 seconds, Stopping threads took: 0.0000180 seconds
2015-12-06T04:59:29.351+0000: 3003.313: Total time for which application threads were stopped: 0.0000270 seconds, Stopping threads took: 0.0000160 seconds
2015-12-06T04:59:29.351+0000: 3003.314: Total time for which application threads were stopped: 0.0000430 seconds, Stopping threads took: 0.0000160 seconds
2015-12-06T04:59:29.352+0000: 3003.314: Total time for which application threads were stopped: 0.0000300 seconds, Stopping threads took: 0.0000170 seconds
2015-12-06T04:59:29.352+0000: 3003.314: Total time for which application threads were stopped: 0.0000270 seconds, Stopping threads took: 0.0000150 seconds
2015-12-06T04:59:29.352+0000: 3003.314: Total time for which application threads were stopped: 0.0000350 seconds, Stopping threads took: 0.0000180 seconds
2015-12-06T04:59:29.373+0000: 3003.335: Total time for which application threads were stopped: 0.0000510 seconds, Stopping threads took: 0.0000250 seconds
2015-12-06T04:59:29.373+0000: 3003.336: Total time for which application threads were stopped: 0.0000430 seconds, Stopping threads took: 0.0000170 seconds
2015-12-06T04:59:29.374+0000: 3003.336: Total time for which application threads were stopped: 0.0000400 seconds, Stopping threads took: 0.0000160 seconds
2015-12-06T04:59:29.374+0000: 3003.336: Total time for which application threads were stopped: 0.0000270 seconds, Stopping threads took: 0.0000160 seconds
2015-12-06T04:59:29.375+0000: 3003.337: Total time for which application threads were stopped: 0.0000340 seconds, Stopping threads took: 0.0000190 seconds
2015-12-06T04:59:29.375+0000: 3003.337: Total time for which application threads were stopped: 0.0000420 seconds, Stopping threads took: 0.0000280 seconds
2015-12-06T04:59:29.375+0000: 3003.337: Total time for which application threads were stopped: 0.0000300 seconds, Stopping threads took: 0.0000170 seconds
2015-12-06T04:59:29.381+0000: 3003.343: Total time for which application threads were stopped: 0.0000430 seconds, Stopping threads took: 0.0000200 seconds
2015-12-06T04:59:29.381+0000: 3003.343: Total time for which application threads were stopped: 0.0000340 seconds, Stopping threads took: 0.0000180 seconds
2015-12-06T04:59:29.381+0000: 3003.343: Total time for which application threads were stopped: 0.0000310 seconds, Stopping threads took: 0.0000160 seconds
2015-12-06T04:59:29.381+0000: 3003.343: Total time for which application threads were stopped: 0.0000290 seconds, Stopping threads took: 0.0000160 seconds
2015-12-06T04:59:29.381+0000: 3003.343: Total time for which application threads were stopped: 0.0000280 seconds, Stopping threads took: 0.0000160 seconds
2015-12-06T04:59:29.381+0000: 3003.343: Total time for which application threads were stopped: 0.0000280 seconds, Stopping threads took: 0.0000160 seconds
2015-12-06T04:59:29.381+0000: 3003.343: Total time for which application threads were stopped: 0.0000270 seconds, Stopping threads took: 0.0000150 seconds
2015-12-06T04:59:29.382+0000: 3003.344: Total time for which application threads were stopped: 0.0000330 seconds, Stopping threads took: 0.0000180 seconds
2015-12-06T04:59:29.382+0000: 3003.344: Total time for which application threads were stopped: 0.0000280 seconds, Stopping threads took: 0.0000160 seconds
2015-12-06T04:59:29.382+0000: 3003.344: Total time for which application threads were stopped: 0.0000270 seconds, Stopping threads took: 0.0000150 seconds
2015-12-06T04:59:29.383+0000: 3003.345: Total time for which application threads were stopped: 0.0000300 seconds, Stopping threads took: 0.0000170 seconds
2015-12-06T04:59:29.383+0000: 3003.345: Total time for which application threads were stopped: 0.0000270 seconds, Stopping threads took: 0.0000150 seconds
2015-12-06T04:59:29.383+0000: 3003.346: Total time for which application threads were stopped: 0.0000260 seconds, Stopping threads took: 0.0000150 seconds
2015-12-06T04:59:29.384+0000: 3003.346: Total time for which application threads were stopped: 0.0000360 seconds, Stopping threads took: 0.0000180 seconds
2015-12-06T04:59:29.385+0000: 3003.347: Total time for which application threads were stopped: 0.0000350 seconds, Stopping threads took: 0.0000190 seconds
2015-12-06T04:59:29.385+0000: 3003.347: Total time for which application threads were stopped: 0.0000330 seconds, Stopping threads took: 0.0000190 seconds
Heap
 par new generation   total 109248K, used 17653K [0x00000000d5a00000, 0x00000000dda00000, 0x00000000dda00000)
  eden space 87424K,  12% used [0x00000000d5a00000, 0x00000000d6509090, 0x00000000daf60000)
  from space 21824K,  29% used [0x00000000dc4b0000, 0x00000000dcae44a0, 0x00000000dda00000)
  to   space 21824K,   0% used [0x00000000daf60000, 0x00000000daf60000, 0x00000000dc4b0000)
 concurrent mark-sweep generation total 393216K, used 14938K [0x00000000dda00000, 0x00000000f5a00000, 0x00000000f5a00000)
 concurrent-mark-sweep perm gen total 30848K, used 30658K [0x00000000f5a00000, 0x00000000f7820000, 0x0000000100000000)
