OpenJDK 64-Bit Server VM (24.85-b03) for linux-amd64 JRE (1.7.0_85-b01), built on Oct 22 2015 06:46:50 by "buildd" with gcc 4.8.2
Memory: 4k page, physical 1016280k(847872k free), swap 0k(0k free)
CommandLine flags: -XX:CMSFullGCsBeforeCompaction=1 -XX:CMSInitiatingOccupancyFraction=50 -XX:CMSMaxAbortablePrecleanTime=6000 -XX:+CMSParallelRemarkEnabled -XX:+CMSScavengeBeforeRemark -XX:CMSTriggerPermRatio=80 -XX:ConcGCThreads=4 -XX:InitialHeapSize=536870912 -XX:MaxHeapSize=536870912 -XX:MaxTenuringThreshold=8 -XX:NewRatio=3 -XX:OldPLABSize=16 -XX:ParallelGCThreads=4 -XX:+ParallelRefProcEnabled -XX:PretenureSizeThreshold=67108864 -XX:+PrintGC -XX:+PrintGCApplicationStoppedTime -XX:+PrintGCDateStamps -XX:+PrintGCDetails -XX:+PrintGCTimeStamps -XX:+PrintHeapAtGC -XX:+PrintTenuringDistribution -XX:SurvivorRatio=4 -XX:TargetSurvivorRatio=90 -XX:ThreadStackSize=256 -XX:+UseCMSInitiatingOccupancyOnly -XX:+UseCompressedOops -XX:+UseConcMarkSweepGC -XX:+UseParNewGC 
{Heap before GC invocations=0 (full 0):
 par new generation   total 109248K, used 87424K [0x00000000d5a00000, 0x00000000dda00000, 0x00000000dda00000)
  eden space 87424K, 100% used [0x00000000d5a00000, 0x00000000daf60000, 0x00000000daf60000)
  from space 21824K,   0% used [0x00000000daf60000, 0x00000000daf60000, 0x00000000dc4b0000)
  to   space 21824K,   0% used [0x00000000dc4b0000, 0x00000000dc4b0000, 0x00000000dda00000)
 concurrent mark-sweep generation total 393216K, used 0K [0x00000000dda00000, 0x00000000f5a00000, 0x00000000f5a00000)
 concurrent-mark-sweep perm gen total 21248K, used 10324K [0x00000000f5a00000, 0x00000000f6ec0000, 0x0000000100000000)
2015-12-17T10:38:25.991+0000: 2.724: [GC2015-12-17T10:38:25.991+0000: 2.724: [ParNew
Desired survivor size 20112992 bytes, new threshold 8 (max 8)
- age   1:    5528736 bytes,    5528736 total
: 87424K->5455K(109248K), 0.0273180 secs] 87424K->5455K(502464K), 0.0274110 secs] [Times: user=0.03 sys=0.01, real=0.03 secs] 
Heap after GC invocations=1 (full 0):
 par new generation   total 109248K, used 5455K [0x00000000d5a00000, 0x00000000dda00000, 0x00000000dda00000)
  eden space 87424K,   0% used [0x00000000d5a00000, 0x00000000d5a00000, 0x00000000daf60000)
  from space 21824K,  24% used [0x00000000dc4b0000, 0x00000000dca03e50, 0x00000000dda00000)
  to   space 21824K,   0% used [0x00000000daf60000, 0x00000000daf60000, 0x00000000dc4b0000)
 concurrent mark-sweep generation total 393216K, used 0K [0x00000000dda00000, 0x00000000f5a00000, 0x00000000f5a00000)
 concurrent-mark-sweep perm gen total 21248K, used 10324K [0x00000000f5a00000, 0x00000000f6ec0000, 0x0000000100000000)
}
2015-12-17T10:38:26.019+0000: 2.751: Total time for which application threads were stopped: 0.0276140 seconds, Stopping threads took: 0.0000260 seconds
2015-12-17T10:38:27.019+0000: 3.751: Total time for which application threads were stopped: 0.0001120 seconds, Stopping threads took: 0.0000210 seconds
2015-12-17T10:38:27.222+0000: 3.954: Total time for which application threads were stopped: 0.0001360 seconds, Stopping threads took: 0.0000280 seconds
2015-12-17T10:38:27.394+0000: 4.126: Total time for which application threads were stopped: 0.0003170 seconds, Stopping threads took: 0.0000150 seconds
2015-12-17T10:38:27.696+0000: 4.428: Total time for which application threads were stopped: 0.0001760 seconds, Stopping threads took: 0.0000300 seconds
2015-12-17T10:38:27.884+0000: 4.617: Total time for which application threads were stopped: 0.0020750 seconds, Stopping threads took: 0.0020280 seconds
2015-12-17T10:38:27.886+0000: 4.619: Total time for which application threads were stopped: 0.0008190 seconds, Stopping threads took: 0.0007930 seconds
2015-12-17T10:38:27.971+0000: 4.703: Total time for which application threads were stopped: 0.0000700 seconds, Stopping threads took: 0.0000340 seconds
2015-12-17T10:38:27.971+0000: 4.703: Total time for which application threads were stopped: 0.0000270 seconds, Stopping threads took: 0.0000080 seconds
2015-12-17T10:38:28.040+0000: 4.772: Total time for which application threads were stopped: 0.0000690 seconds, Stopping threads took: 0.0000240 seconds
2015-12-17T10:38:28.255+0000: 4.988: Total time for which application threads were stopped: 0.0001590 seconds, Stopping threads took: 0.0000270 seconds
2015-12-17T10:38:29.261+0000: 5.994: Total time for which application threads were stopped: 0.0055870 seconds, Stopping threads took: 0.0054680 seconds
{Heap before GC invocations=1 (full 0):
 par new generation   total 109248K, used 92879K [0x00000000d5a00000, 0x00000000dda00000, 0x00000000dda00000)
  eden space 87424K, 100% used [0x00000000d5a00000, 0x00000000daf60000, 0x00000000daf60000)
  from space 21824K,  24% used [0x00000000dc4b0000, 0x00000000dca03e50, 0x00000000dda00000)
  to   space 21824K,   0% used [0x00000000daf60000, 0x00000000daf60000, 0x00000000dc4b0000)
 concurrent mark-sweep generation total 393216K, used 0K [0x00000000dda00000, 0x00000000f5a00000, 0x00000000f5a00000)
 concurrent-mark-sweep perm gen total 21248K, used 19722K [0x00000000f5a00000, 0x00000000f6ec0000, 0x0000000100000000)
2015-12-17T10:38:29.604+0000: 6.336: [GC2015-12-17T10:38:29.604+0000: 6.336: [ParNew
Desired survivor size 20112992 bytes, new threshold 8 (max 8)
- age   1:    9058104 bytes,    9058104 total
- age   2:    2203080 bytes,   11261184 total
: 92879K->13258K(109248K), 0.0388750 secs] 92879K->13258K(502464K), 0.0389660 secs] [Times: user=0.03 sys=0.00, real=0.04 secs] 
Heap after GC invocations=2 (full 0):
 par new generation   total 109248K, used 13258K [0x00000000d5a00000, 0x00000000dda00000, 0x00000000dda00000)
  eden space 87424K,   0% used [0x00000000d5a00000, 0x00000000d5a00000, 0x00000000daf60000)
  from space 21824K,  60% used [0x00000000daf60000, 0x00000000dbc52a60, 0x00000000dc4b0000)
  to   space 21824K,   0% used [0x00000000dc4b0000, 0x00000000dc4b0000, 0x00000000dda00000)
 concurrent mark-sweep generation total 393216K, used 0K [0x00000000dda00000, 0x00000000f5a00000, 0x00000000f5a00000)
 concurrent-mark-sweep perm gen total 21248K, used 19722K [0x00000000f5a00000, 0x00000000f6ec0000, 0x0000000100000000)
}
2015-12-17T10:38:29.643+0000: 6.375: Total time for which application threads were stopped: 0.0391300 seconds, Stopping threads took: 0.0000380 seconds
2015-12-17T10:38:29.656+0000: 6.388: Total time for which application threads were stopped: 0.0010440 seconds, Stopping threads took: 0.0010210 seconds
2015-12-17T10:38:29.662+0000: 6.395: Total time for which application threads were stopped: 0.0038720 seconds, Stopping threads took: 0.0038540 seconds
2015-12-17T10:38:29.666+0000: 6.399: Total time for which application threads were stopped: 0.0000260 seconds, Stopping threads took: 0.0000110 seconds
2015-12-17T10:38:29.666+0000: 6.399: Total time for which application threads were stopped: 0.0000200 seconds, Stopping threads took: 0.0000080 seconds
2015-12-17T10:38:29.666+0000: 6.399: Total time for which application threads were stopped: 0.0000190 seconds, Stopping threads took: 0.0000070 seconds
2015-12-17T10:38:29.667+0000: 6.399: Total time for which application threads were stopped: 0.0000180 seconds, Stopping threads took: 0.0000060 seconds
2015-12-17T10:38:29.667+0000: 6.399: Total time for which application threads were stopped: 0.0000180 seconds, Stopping threads took: 0.0000070 seconds
2015-12-17T10:38:29.667+0000: 6.399: Total time for which application threads were stopped: 0.0000180 seconds, Stopping threads took: 0.0000070 seconds
2015-12-17T10:38:29.667+0000: 6.399: Total time for which application threads were stopped: 0.0000180 seconds, Stopping threads took: 0.0000070 seconds
2015-12-17T10:38:29.667+0000: 6.399: Total time for which application threads were stopped: 0.0000200 seconds, Stopping threads took: 0.0000070 seconds
2015-12-17T10:38:29.667+0000: 6.399: Total time for which application threads were stopped: 0.0000200 seconds, Stopping threads took: 0.0000070 seconds
2015-12-17T10:38:29.667+0000: 6.399: Total time for which application threads were stopped: 0.0000190 seconds, Stopping threads took: 0.0000070 seconds
2015-12-17T10:38:29.667+0000: 6.399: Total time for which application threads were stopped: 0.0000190 seconds, Stopping threads took: 0.0000070 seconds
2015-12-17T10:38:29.667+0000: 6.400: Total time for which application threads were stopped: 0.0000200 seconds, Stopping threads took: 0.0000070 seconds
2015-12-17T10:38:29.667+0000: 6.400: Total time for which application threads were stopped: 0.0000200 seconds, Stopping threads took: 0.0000070 seconds
2015-12-17T10:38:29.667+0000: 6.400: Total time for which application threads were stopped: 0.0000200 seconds, Stopping threads took: 0.0000070 seconds
2015-12-17T10:38:29.667+0000: 6.400: Total time for which application threads were stopped: 0.0000190 seconds, Stopping threads took: 0.0000070 seconds
2015-12-17T10:38:29.667+0000: 6.400: Total time for which application threads were stopped: 0.0000190 seconds, Stopping threads took: 0.0000070 seconds
2015-12-17T10:38:29.667+0000: 6.400: Total time for which application threads were stopped: 0.0000190 seconds, Stopping threads took: 0.0000070 seconds
2015-12-17T10:38:29.667+0000: 6.400: Total time for which application threads were stopped: 0.0000560 seconds, Stopping threads took: 0.0000070 seconds
2015-12-17T10:38:29.668+0000: 6.400: Total time for which application threads were stopped: 0.0000280 seconds, Stopping threads took: 0.0000070 seconds
2015-12-17T10:38:29.668+0000: 6.400: Total time for which application threads were stopped: 0.0000260 seconds, Stopping threads took: 0.0000070 seconds
2015-12-17T10:38:29.668+0000: 6.401: Total time for which application threads were stopped: 0.0000420 seconds, Stopping threads took: 0.0000080 seconds
2015-12-17T10:38:29.668+0000: 6.401: Total time for which application threads were stopped: 0.0000190 seconds, Stopping threads took: 0.0000080 seconds
2015-12-17T10:38:29.981+0000: 6.714: Total time for which application threads were stopped: 0.0001290 seconds, Stopping threads took: 0.0000260 seconds
2015-12-17T10:38:29.990+0000: 6.723: Total time for which application threads were stopped: 0.0000490 seconds, Stopping threads took: 0.0000200 seconds
2015-12-17T10:38:29.992+0000: 6.725: Total time for which application threads were stopped: 0.0000550 seconds, Stopping threads took: 0.0000320 seconds
2015-12-17T10:38:29.994+0000: 6.726: Total time for which application threads were stopped: 0.0000410 seconds, Stopping threads took: 0.0000190 seconds
2015-12-17T10:38:30.086+0000: 6.819: Total time for which application threads were stopped: 0.0000780 seconds, Stopping threads took: 0.0000440 seconds
2015-12-17T10:38:30.098+0000: 6.831: Total time for which application threads were stopped: 0.0000460 seconds, Stopping threads took: 0.0000220 seconds
{Heap before GC invocations=2 (full 0):
 par new generation   total 109248K, used 100682K [0x00000000d5a00000, 0x00000000dda00000, 0x00000000dda00000)
  eden space 87424K, 100% used [0x00000000d5a00000, 0x00000000daf60000, 0x00000000daf60000)
  from space 21824K,  60% used [0x00000000daf60000, 0x00000000dbc52a60, 0x00000000dc4b0000)
  to   space 21824K,   0% used [0x00000000dc4b0000, 0x00000000dc4b0000, 0x00000000dda00000)
 concurrent mark-sweep generation total 393216K, used 0K [0x00000000dda00000, 0x00000000f5a00000, 0x00000000f5a00000)
 concurrent-mark-sweep perm gen total 21248K, used 20967K [0x00000000f5a00000, 0x00000000f6ec0000, 0x0000000100000000)
2015-12-17T10:38:30.322+0000: 7.055: [GC2015-12-17T10:38:30.322+0000: 7.055: [ParNew
Desired survivor size 20112992 bytes, new threshold 8 (max 8)
- age   1:    1778992 bytes,    1778992 total
- age   2:    3419104 bytes,    5198096 total
- age   3:    2169464 bytes,    7367560 total
: 100682K->11414K(109248K), 0.0277430 secs] 100682K->11414K(502464K), 0.0278090 secs] [Times: user=0.02 sys=0.00, real=0.02 secs] 
Heap after GC invocations=3 (full 0):
 par new generation   total 109248K, used 11414K [0x00000000d5a00000, 0x00000000dda00000, 0x00000000dda00000)
  eden space 87424K,   0% used [0x00000000d5a00000, 0x00000000d5a00000, 0x00000000daf60000)
  from space 21824K,  52% used [0x00000000dc4b0000, 0x00000000dcfd5b60, 0x00000000dda00000)
  to   space 21824K,   0% used [0x00000000daf60000, 0x00000000daf60000, 0x00000000dc4b0000)
 concurrent mark-sweep generation total 393216K, used 0K [0x00000000dda00000, 0x00000000f5a00000, 0x00000000f5a00000)
 concurrent-mark-sweep perm gen total 21248K, used 20967K [0x00000000f5a00000, 0x00000000f6ec0000, 0x0000000100000000)
}
2015-12-17T10:38:30.350+0000: 7.082: Total time for which application threads were stopped: 0.0279780 seconds, Stopping threads took: 0.0000270 seconds
2015-12-17T10:38:30.351+0000: 7.083: Total time for which application threads were stopped: 0.0000350 seconds, Stopping threads took: 0.0000140 seconds
2015-12-17T10:38:30.351+0000: 7.083: Total time for which application threads were stopped: 0.0000210 seconds, Stopping threads took: 0.0000080 seconds
2015-12-17T10:38:30.351+0000: 7.084: Total time for which application threads were stopped: 0.0000200 seconds, Stopping threads took: 0.0000070 seconds
2015-12-17T10:38:30.351+0000: 7.084: Total time for which application threads were stopped: 0.0000320 seconds, Stopping threads took: 0.0000070 seconds
2015-12-17T10:38:30.351+0000: 7.084: Total time for which application threads were stopped: 0.0000200 seconds, Stopping threads took: 0.0000070 seconds
2015-12-17T10:38:30.351+0000: 7.084: Total time for which application threads were stopped: 0.0000180 seconds, Stopping threads took: 0.0000070 seconds
2015-12-17T10:38:30.351+0000: 7.084: Total time for which application threads were stopped: 0.0000180 seconds, Stopping threads took: 0.0000070 seconds
2015-12-17T10:38:30.351+0000: 7.084: Total time for which application threads were stopped: 0.0000200 seconds, Stopping threads took: 0.0000070 seconds
2015-12-17T10:38:30.351+0000: 7.084: Total time for which application threads were stopped: 0.0000190 seconds, Stopping threads took: 0.0000070 seconds
2015-12-17T10:38:30.351+0000: 7.084: Total time for which application threads were stopped: 0.0000190 seconds, Stopping threads took: 0.0000070 seconds
2015-12-17T10:38:30.351+0000: 7.084: Total time for which application threads were stopped: 0.0000190 seconds, Stopping threads took: 0.0000070 seconds
2015-12-17T10:38:30.351+0000: 7.084: Total time for which application threads were stopped: 0.0000190 seconds, Stopping threads took: 0.0000070 seconds
2015-12-17T10:38:30.351+0000: 7.084: Total time for which application threads were stopped: 0.0000190 seconds, Stopping threads took: 0.0000070 seconds
2015-12-17T10:38:30.351+0000: 7.084: Total time for which application threads were stopped: 0.0000320 seconds, Stopping threads took: 0.0000060 seconds
2015-12-17T10:38:30.352+0000: 7.084: Total time for which application threads were stopped: 0.0000190 seconds, Stopping threads took: 0.0000070 seconds
2015-12-17T10:38:30.352+0000: 7.084: Total time for which application threads were stopped: 0.0000180 seconds, Stopping threads took: 0.0000060 seconds
2015-12-17T10:38:30.352+0000: 7.084: Total time for which application threads were stopped: 0.0000180 seconds, Stopping threads took: 0.0000060 seconds
2015-12-17T10:38:30.352+0000: 7.084: Total time for which application threads were stopped: 0.0000530 seconds, Stopping threads took: 0.0000070 seconds
2015-12-17T10:38:30.352+0000: 7.084: Total time for which application threads were stopped: 0.0000200 seconds, Stopping threads took: 0.0000070 seconds
2015-12-17T10:38:30.352+0000: 7.084: Total time for which application threads were stopped: 0.0000200 seconds, Stopping threads took: 0.0000070 seconds
2015-12-17T10:38:30.352+0000: 7.084: Total time for which application threads were stopped: 0.0000860 seconds, Stopping threads took: 0.0000070 seconds
2015-12-17T10:38:30.354+0000: 7.087: Total time for which application threads were stopped: 0.0000640 seconds, Stopping threads took: 0.0000150 seconds
2015-12-17T10:38:30.369+0000: 7.102: Total time for which application threads were stopped: 0.0000380 seconds, Stopping threads took: 0.0000220 seconds
{Heap before GC invocations=3 (full 0):
 par new generation   total 109248K, used 98838K [0x00000000d5a00000, 0x00000000dda00000, 0x00000000dda00000)
  eden space 87424K, 100% used [0x00000000d5a00000, 0x00000000daf60000, 0x00000000daf60000)
  from space 21824K,  52% used [0x00000000dc4b0000, 0x00000000dcfd5b60, 0x00000000dda00000)
  to   space 21824K,   0% used [0x00000000daf60000, 0x00000000daf60000, 0x00000000dc4b0000)
 concurrent mark-sweep generation total 393216K, used 0K [0x00000000dda00000, 0x00000000f5a00000, 0x00000000f5a00000)
 concurrent-mark-sweep perm gen total 22016K, used 21912K [0x00000000f5a00000, 0x00000000f6f80000, 0x0000000100000000)
2015-12-17T10:38:30.699+0000: 7.432: [GC2015-12-17T10:38:30.699+0000: 7.432: [ParNew
Desired survivor size 20112992 bytes, new threshold 8 (max 8)
- age   1:    1007440 bytes,    1007440 total
- age   2:     958624 bytes,    1966064 total
- age   3:    3409080 bytes,    5375144 total
- age   4:    2169416 bytes,    7544560 total
: 98838K->9183K(109248K), 0.0249330 secs] 98838K->9183K(502464K), 0.0250160 secs] [Times: user=0.03 sys=0.00, real=0.02 secs] 
Heap after GC invocations=4 (full 0):
 par new generation   total 109248K, used 9183K [0x00000000d5a00000, 0x00000000dda00000, 0x00000000dda00000)
  eden space 87424K,   0% used [0x00000000d5a00000, 0x00000000d5a00000, 0x00000000daf60000)
  from space 21824K,  42% used [0x00000000daf60000, 0x00000000db857f30, 0x00000000dc4b0000)
  to   space 21824K,   0% used [0x00000000dc4b0000, 0x00000000dc4b0000, 0x00000000dda00000)
 concurrent mark-sweep generation total 393216K, used 0K [0x00000000dda00000, 0x00000000f5a00000, 0x00000000f5a00000)
 concurrent-mark-sweep perm gen total 22016K, used 21912K [0x00000000f5a00000, 0x00000000f6f80000, 0x0000000100000000)
}
2015-12-17T10:38:30.724+0000: 7.457: Total time for which application threads were stopped: 0.0252450 seconds, Stopping threads took: 0.0000300 seconds
2015-12-17T10:38:30.787+0000: 7.519: Total time for which application threads were stopped: 0.0001170 seconds, Stopping threads took: 0.0000260 seconds
2015-12-17T10:38:30.807+0000: 7.539: Total time for which application threads were stopped: 0.0000350 seconds, Stopping threads took: 0.0000190 seconds
2015-12-17T10:38:30.881+0000: 7.613: Total time for which application threads were stopped: 0.0000440 seconds, Stopping threads took: 0.0000150 seconds
2015-12-17T10:38:31.356+0000: 8.089: Total time for which application threads were stopped: 0.0001410 seconds, Stopping threads took: 0.0000250 seconds
2015-12-17T10:38:31.423+0000: 8.155: Total time for which application threads were stopped: 0.0000750 seconds, Stopping threads took: 0.0000260 seconds
2015-12-17T10:38:31.424+0000: 8.156: Total time for which application threads were stopped: 0.0000350 seconds, Stopping threads took: 0.0000200 seconds
2015-12-17T10:38:31.610+0000: 8.343: Total time for which application threads were stopped: 0.0000560 seconds, Stopping threads took: 0.0000260 seconds
2015-12-17T10:38:31.641+0000: 8.374: Total time for which application threads were stopped: 0.0000420 seconds, Stopping threads took: 0.0000200 seconds
2015-12-17T10:38:31.769+0000: 8.502: Total time for which application threads were stopped: 0.0000550 seconds, Stopping threads took: 0.0000250 seconds
2015-12-17T10:38:32.197+0000: 8.929: Total time for which application threads were stopped: 0.0079690 seconds, Stopping threads took: 0.0078280 seconds
2015-12-17T10:38:32.204+0000: 8.937: Total time for which application threads were stopped: 0.0014640 seconds, Stopping threads took: 0.0014410 seconds
2015-12-17T10:38:32.205+0000: 8.937: Total time for which application threads were stopped: 0.0000290 seconds, Stopping threads took: 0.0000100 seconds
2015-12-17T10:38:32.224+0000: 8.957: Total time for which application threads were stopped: 0.0001030 seconds, Stopping threads took: 0.0000810 seconds
2015-12-17T10:38:32.309+0000: 9.041: Total time for which application threads were stopped: 0.0000600 seconds, Stopping threads took: 0.0000290 seconds
2015-12-17T10:38:32.309+0000: 9.042: Total time for which application threads were stopped: 0.0000340 seconds, Stopping threads took: 0.0000180 seconds
2015-12-17T10:38:35.889+0000: 12.621: Total time for which application threads were stopped: 0.0000910 seconds, Stopping threads took: 0.0000180 seconds
2015-12-17T10:38:35.889+0000: 12.621: Total time for which application threads were stopped: 0.0000860 seconds, Stopping threads took: 0.0000590 seconds
2015-12-17T10:38:35.893+0000: 12.626: Total time for which application threads were stopped: 0.0000380 seconds, Stopping threads took: 0.0000200 seconds
2015-12-17T10:38:35.909+0000: 12.641: Total time for which application threads were stopped: 0.0000400 seconds, Stopping threads took: 0.0000230 seconds
2015-12-17T10:38:35.909+0000: 12.641: Total time for which application threads were stopped: 0.0000310 seconds, Stopping threads took: 0.0000170 seconds
2015-12-17T10:38:35.927+0000: 12.660: Total time for which application threads were stopped: 0.0000420 seconds, Stopping threads took: 0.0000210 seconds
2015-12-17T10:38:35.927+0000: 12.660: Total time for which application threads were stopped: 0.0000470 seconds, Stopping threads took: 0.0000170 seconds
2015-12-17T10:38:35.928+0000: 12.660: Total time for which application threads were stopped: 0.0000670 seconds, Stopping threads took: 0.0000170 seconds
2015-12-17T10:38:35.932+0000: 12.665: Total time for which application threads were stopped: 0.0000410 seconds, Stopping threads took: 0.0000190 seconds
2015-12-17T10:38:37.862+0000: 14.595: Total time for which application threads were stopped: 0.0001500 seconds, Stopping threads took: 0.0000260 seconds
2015-12-17T10:38:37.863+0000: 14.595: Total time for which application threads were stopped: 0.0000320 seconds, Stopping threads took: 0.0000090 seconds
2015-12-17T10:38:37.867+0000: 14.600: Total time for which application threads were stopped: 0.0000480 seconds, Stopping threads took: 0.0000320 seconds
2015-12-17T10:38:37.868+0000: 14.601: Total time for which application threads were stopped: 0.0000370 seconds, Stopping threads took: 0.0000190 seconds
2015-12-17T10:38:38.082+0000: 14.815: Total time for which application threads were stopped: 0.0000540 seconds, Stopping threads took: 0.0000240 seconds
2015-12-17T10:38:38.085+0000: 14.817: Total time for which application threads were stopped: 0.0000360 seconds, Stopping threads took: 0.0000200 seconds
2015-12-17T10:38:38.094+0000: 14.827: Total time for which application threads were stopped: 0.0000430 seconds, Stopping threads took: 0.0000210 seconds
2015-12-17T10:38:38.225+0000: 14.958: Total time for which application threads were stopped: 0.0000370 seconds, Stopping threads took: 0.0000130 seconds
2015-12-17T10:38:38.619+0000: 15.351: Total time for which application threads were stopped: 0.0001160 seconds, Stopping threads took: 0.0000170 seconds
2015-12-17T10:38:38.619+0000: 15.351: Total time for which application threads were stopped: 0.0000250 seconds, Stopping threads took: 0.0000090 seconds
2015-12-17T10:38:38.626+0000: 15.359: Total time for which application threads were stopped: 0.0000350 seconds, Stopping threads took: 0.0000190 seconds
2015-12-17T10:38:38.629+0000: 15.361: Total time for which application threads were stopped: 0.0000520 seconds, Stopping threads took: 0.0000320 seconds
2015-12-17T10:38:38.634+0000: 15.367: Total time for which application threads were stopped: 0.0000420 seconds, Stopping threads took: 0.0000220 seconds
2015-12-17T10:38:38.634+0000: 15.367: Total time for which application threads were stopped: 0.0000490 seconds, Stopping threads took: 0.0000310 seconds
2015-12-17T10:38:38.663+0000: 15.395: Total time for which application threads were stopped: 0.0000520 seconds, Stopping threads took: 0.0000280 seconds
2015-12-17T10:38:38.663+0000: 15.396: Total time for which application threads were stopped: 0.0000300 seconds, Stopping threads took: 0.0000170 seconds
2015-12-17T10:38:38.670+0000: 15.403: Total time for which application threads were stopped: 0.0000360 seconds, Stopping threads took: 0.0000200 seconds
2015-12-17T10:38:38.670+0000: 15.403: Total time for which application threads were stopped: 0.0000300 seconds, Stopping threads took: 0.0000170 seconds
2015-12-17T10:38:38.672+0000: 15.405: Total time for which application threads were stopped: 0.0000350 seconds, Stopping threads took: 0.0000200 seconds
2015-12-17T10:38:38.688+0000: 15.421: Total time for which application threads were stopped: 0.0020330 seconds, Stopping threads took: 0.0020130 seconds
2015-12-17T10:38:38.690+0000: 15.422: Total time for which application threads were stopped: 0.0000240 seconds, Stopping threads took: 0.0000100 seconds
2015-12-17T10:38:38.692+0000: 15.424: Total time for which application threads were stopped: 0.0000320 seconds, Stopping threads took: 0.0000180 seconds
2015-12-17T10:38:38.693+0000: 15.426: Total time for which application threads were stopped: 0.0000340 seconds, Stopping threads took: 0.0000180 seconds
2015-12-17T10:38:38.695+0000: 15.427: Total time for which application threads were stopped: 0.0000320 seconds, Stopping threads took: 0.0000180 seconds
2015-12-17T10:38:38.697+0000: 15.429: Total time for which application threads were stopped: 0.0000350 seconds, Stopping threads took: 0.0000200 seconds
2015-12-17T10:38:38.698+0000: 15.431: Total time for which application threads were stopped: 0.0000330 seconds, Stopping threads took: 0.0000190 seconds
2015-12-17T10:38:38.700+0000: 15.433: Total time for which application threads were stopped: 0.0000330 seconds, Stopping threads took: 0.0000180 seconds
2015-12-17T10:38:38.702+0000: 15.435: Total time for which application threads were stopped: 0.0000310 seconds, Stopping threads took: 0.0000170 seconds
2015-12-17T10:38:38.704+0000: 15.436: Total time for which application threads were stopped: 0.0000340 seconds, Stopping threads took: 0.0000190 seconds
2015-12-17T10:38:38.706+0000: 15.438: Total time for which application threads were stopped: 0.0000360 seconds, Stopping threads took: 0.0000220 seconds
2015-12-17T10:38:38.708+0000: 15.440: Total time for which application threads were stopped: 0.0000450 seconds, Stopping threads took: 0.0000310 seconds
2015-12-17T10:38:38.709+0000: 15.442: Total time for which application threads were stopped: 0.0000450 seconds, Stopping threads took: 0.0000310 seconds
2015-12-17T10:38:38.712+0000: 15.444: Total time for which application threads were stopped: 0.0000350 seconds, Stopping threads took: 0.0000180 seconds
2015-12-17T10:38:38.714+0000: 15.446: Total time for which application threads were stopped: 0.0000320 seconds, Stopping threads took: 0.0000180 seconds
2015-12-17T10:38:38.715+0000: 15.448: Total time for which application threads were stopped: 0.0000310 seconds, Stopping threads took: 0.0000170 seconds
2015-12-17T10:38:38.717+0000: 15.450: Total time for which application threads were stopped: 0.0000320 seconds, Stopping threads took: 0.0000180 seconds
2015-12-17T10:38:38.719+0000: 15.451: Total time for which application threads were stopped: 0.0000520 seconds, Stopping threads took: 0.0000230 seconds
2015-12-17T10:38:38.721+0000: 15.453: Total time for which application threads were stopped: 0.0000970 seconds, Stopping threads took: 0.0000180 seconds
{Heap before GC invocations=4 (full 0):
 par new generation   total 109248K, used 96607K [0x00000000d5a00000, 0x00000000dda00000, 0x00000000dda00000)
  eden space 87424K, 100% used [0x00000000d5a00000, 0x00000000daf60000, 0x00000000daf60000)
  from space 21824K,  42% used [0x00000000daf60000, 0x00000000db857f30, 0x00000000dc4b0000)
  to   space 21824K,   0% used [0x00000000dc4b0000, 0x00000000dc4b0000, 0x00000000dda00000)
 concurrent mark-sweep generation total 393216K, used 0K [0x00000000dda00000, 0x00000000f5a00000, 0x00000000f5a00000)
 concurrent-mark-sweep perm gen total 29504K, used 29352K [0x00000000f5a00000, 0x00000000f76d0000, 0x0000000100000000)
2015-12-17T10:38:38.914+0000: 15.647: [GC2015-12-17T10:38:38.914+0000: 15.647: [ParNew
Desired survivor size 20112992 bytes, new threshold 8 (max 8)
- age   1:   14096680 bytes,   14096680 total
- age   2:     176592 bytes,   14273272 total
- age   3:     248904 bytes,   14522176 total
- age   4:    3368080 bytes,   17890256 total
- age   5:    2167032 bytes,   20057288 total
: 96607K->21824K(109248K), 0.0473680 secs] 96607K->21824K(502464K), 0.0474600 secs] [Times: user=0.05 sys=0.00, real=0.05 secs] 
Heap after GC invocations=5 (full 0):
 par new generation   total 109248K, used 21824K [0x00000000d5a00000, 0x00000000dda00000, 0x00000000dda00000)
  eden space 87424K,   0% used [0x00000000d5a00000, 0x00000000d5a00000, 0x00000000daf60000)
  from space 21824K, 100% used [0x00000000dc4b0000, 0x00000000dda00000, 0x00000000dda00000)
  to   space 21824K,   0% used [0x00000000daf60000, 0x00000000daf60000, 0x00000000dc4b0000)
 concurrent mark-sweep generation total 393216K, used 0K [0x00000000dda00000, 0x00000000f5a00000, 0x00000000f5a00000)
 concurrent-mark-sweep perm gen total 29504K, used 29352K [0x00000000f5a00000, 0x00000000f76d0000, 0x0000000100000000)
}
2015-12-17T10:38:38.962+0000: 15.694: Total time for which application threads were stopped: 0.0476390 seconds, Stopping threads took: 0.0000310 seconds
2015-12-17T10:38:39.975+0000: 16.708: Total time for which application threads were stopped: 0.0137160 seconds, Stopping threads took: 0.0135690 seconds
2015-12-17T10:38:40.370+0000: 17.103: Total time for which application threads were stopped: 0.0020660 seconds, Stopping threads took: 0.0019940 seconds
2015-12-17T10:38:40.373+0000: 17.106: Total time for which application threads were stopped: 0.0000570 seconds, Stopping threads took: 0.0000240 seconds
2015-12-17T10:38:40.374+0000: 17.107: Total time for which application threads were stopped: 0.0000470 seconds, Stopping threads took: 0.0000180 seconds
2015-12-17T10:38:40.392+0000: 17.125: Total time for which application threads were stopped: 0.0007710 seconds, Stopping threads took: 0.0007410 seconds
2015-12-17T10:38:40.392+0000: 17.125: Total time for which application threads were stopped: 0.0000260 seconds, Stopping threads took: 0.0000090 seconds
2015-12-17T10:38:40.393+0000: 17.125: Total time for which application threads were stopped: 0.0000400 seconds, Stopping threads took: 0.0000090 seconds
2015-12-17T10:38:40.736+0000: 17.468: Total time for which application threads were stopped: 0.0021540 seconds, Stopping threads took: 0.0020310 seconds
2015-12-17T10:38:40.736+0000: 17.469: Total time for which application threads were stopped: 0.0000390 seconds, Stopping threads took: 0.0000100 seconds
2015-12-17T10:38:40.740+0000: 17.473: Total time for which application threads were stopped: 0.0000440 seconds, Stopping threads took: 0.0000250 seconds
2015-12-17T10:38:40.796+0000: 17.528: Total time for which application threads were stopped: 0.0021930 seconds, Stopping threads took: 0.0021660 seconds
2015-12-17T10:38:40.796+0000: 17.528: Total time for which application threads were stopped: 0.0000300 seconds, Stopping threads took: 0.0000160 seconds
2015-12-17T10:38:40.796+0000: 17.528: Total time for which application threads were stopped: 0.0000410 seconds, Stopping threads took: 0.0000150 seconds
2015-12-17T10:38:40.796+0000: 17.528: Total time for which application threads were stopped: 0.0000190 seconds, Stopping threads took: 0.0000080 seconds
2015-12-17T10:38:40.796+0000: 17.528: Total time for which application threads were stopped: 0.0000210 seconds, Stopping threads took: 0.0000090 seconds
2015-12-17T10:38:40.796+0000: 17.529: Total time for which application threads were stopped: 0.0000330 seconds, Stopping threads took: 0.0000080 seconds
2015-12-17T10:38:40.796+0000: 17.529: Total time for which application threads were stopped: 0.0000190 seconds, Stopping threads took: 0.0000070 seconds
2015-12-17T10:38:40.796+0000: 17.529: Total time for which application threads were stopped: 0.0000190 seconds, Stopping threads took: 0.0000080 seconds
2015-12-17T10:38:40.796+0000: 17.529: Total time for which application threads were stopped: 0.0000180 seconds, Stopping threads took: 0.0000070 seconds
2015-12-17T10:38:40.796+0000: 17.529: Total time for which application threads were stopped: 0.0000180 seconds, Stopping threads took: 0.0000070 seconds
2015-12-17T10:38:40.797+0000: 17.529: Total time for which application threads were stopped: 0.0000310 seconds, Stopping threads took: 0.0000100 seconds
2015-12-17T10:38:41.804+0000: 18.536: Total time for which application threads were stopped: 0.0068300 seconds, Stopping threads took: 0.0066880 seconds
2015-12-17T10:38:42.136+0000: 18.868: Total time for which application threads were stopped: 0.0000970 seconds, Stopping threads took: 0.0000310 seconds
{Heap before GC invocations=5 (full 0):
 par new generation   total 109248K, used 109248K [0x00000000d5a00000, 0x00000000dda00000, 0x00000000dda00000)
  eden space 87424K, 100% used [0x00000000d5a00000, 0x00000000daf60000, 0x00000000daf60000)
  from space 21824K, 100% used [0x00000000dc4b0000, 0x00000000dda00000, 0x00000000dda00000)
  to   space 21824K,   0% used [0x00000000daf60000, 0x00000000daf60000, 0x00000000dc4b0000)
 concurrent mark-sweep generation total 393216K, used 0K [0x00000000dda00000, 0x00000000f5a00000, 0x00000000f5a00000)
 concurrent-mark-sweep perm gen total 30272K, used 30224K [0x00000000f5a00000, 0x00000000f7790000, 0x0000000100000000)
2015-12-17T10:38:42.587+0000: 19.319: [GC2015-12-17T10:38:42.587+0000: 19.319: [ParNew
Desired survivor size 20112992 bytes, new threshold 6 (max 8)
- age   1:    8660560 bytes,    8660560 total
- age   2:    7473432 bytes,   16133992 total
- age   3:     173016 bytes,   16307008 total
- age   4:     218808 bytes,   16525816 total
- age   5:    3063400 bytes,   19589216 total
- age   6:    1949400 bytes,   21538616 total
: 109248K->21824K(109248K), 0.0498960 secs] 109248K->25080K(502464K), 0.0499780 secs] [Times: user=0.04 sys=0.00, real=0.05 secs] 
Heap after GC invocations=6 (full 0):
 par new generation   total 109248K, used 21824K [0x00000000d5a00000, 0x00000000dda00000, 0x00000000dda00000)
  eden space 87424K,   0% used [0x00000000d5a00000, 0x00000000d5a00000, 0x00000000daf60000)
  from space 21824K, 100% used [0x00000000daf60000, 0x00000000dc4b0000, 0x00000000dc4b0000)
  to   space 21824K,   0% used [0x00000000dc4b0000, 0x00000000dc4b0000, 0x00000000dda00000)
 concurrent mark-sweep generation total 393216K, used 3256K [0x00000000dda00000, 0x00000000f5a00000, 0x00000000f5a00000)
 concurrent-mark-sweep perm gen total 30272K, used 30224K [0x00000000f5a00000, 0x00000000f7790000, 0x0000000100000000)
}
2015-12-17T10:38:42.637+0000: 19.369: Total time for which application threads were stopped: 0.0503200 seconds, Stopping threads took: 0.0000320 seconds
2015-12-17T10:38:43.259+0000: 19.992: Total time for which application threads were stopped: 0.0021620 seconds, Stopping threads took: 0.0020190 seconds
2015-12-17T10:38:43.260+0000: 19.992: Total time for which application threads were stopped: 0.0000470 seconds, Stopping threads took: 0.0000110 seconds
2015-12-17T10:38:43.260+0000: 19.993: Total time for which application threads were stopped: 0.0000600 seconds, Stopping threads took: 0.0000280 seconds
2015-12-17T10:38:43.260+0000: 19.993: Total time for which application threads were stopped: 0.0001010 seconds, Stopping threads took: 0.0000140 seconds
2015-12-17T10:38:43.522+0000: 20.255: Total time for which application threads were stopped: 0.0014700 seconds, Stopping threads took: 0.0014260 seconds
{Heap before GC invocations=6 (full 0):
 par new generation   total 109248K, used 109248K [0x00000000d5a00000, 0x00000000dda00000, 0x00000000dda00000)
  eden space 87424K, 100% used [0x00000000d5a00000, 0x00000000daf60000, 0x00000000daf60000)
  from space 21824K, 100% used [0x00000000daf60000, 0x00000000dc4b0000, 0x00000000dc4b0000)
  to   space 21824K,   0% used [0x00000000dc4b0000, 0x00000000dc4b0000, 0x00000000dda00000)
 concurrent mark-sweep generation total 393216K, used 3256K [0x00000000dda00000, 0x00000000f5a00000, 0x00000000f5a00000)
 concurrent-mark-sweep perm gen total 30464K, used 30414K [0x00000000f5a00000, 0x00000000f77c0000, 0x0000000100000000)
2015-12-17T10:38:44.335+0000: 21.067: [GC2015-12-17T10:38:44.335+0000: 21.067: [ParNew
Desired survivor size 20112992 bytes, new threshold 6 (max 8)
- age   1:    5218800 bytes,    5218800 total
- age   2:    5679592 bytes,   10898392 total
- age   3:    8084888 bytes,   18983280 total
- age   4:     171832 bytes,   19155112 total
- age   5:     217896 bytes,   19373008 total
- age   6:    3060176 bytes,   22433184 total
: 109248K->21824K(109248K), 0.0707180 secs] 112504K->34473K(502464K), 0.0708120 secs] [Times: user=0.07 sys=0.01, real=0.07 secs] 
Heap after GC invocations=7 (full 0):
 par new generation   total 109248K, used 21824K [0x00000000d5a00000, 0x00000000dda00000, 0x00000000dda00000)
  eden space 87424K,   0% used [0x00000000d5a00000, 0x00000000d5a00000, 0x00000000daf60000)
  from space 21824K, 100% used [0x00000000dc4b0000, 0x00000000dda00000, 0x00000000dda00000)
  to   space 21824K,   0% used [0x00000000daf60000, 0x00000000daf60000, 0x00000000dc4b0000)
 concurrent mark-sweep generation total 393216K, used 12649K [0x00000000dda00000, 0x00000000f5a00000, 0x00000000f5a00000)
 concurrent-mark-sweep perm gen total 30464K, used 30414K [0x00000000f5a00000, 0x00000000f77c0000, 0x0000000100000000)
}
2015-12-17T10:38:44.405+0000: 21.138: Total time for which application threads were stopped: 0.0710650 seconds, Stopping threads took: 0.0000330 seconds
2015-12-17T10:38:45.413+0000: 22.145: Total time for which application threads were stopped: 0.0021630 seconds, Stopping threads took: 0.0020230 seconds
2015-12-17T10:38:45.693+0000: 22.426: Total time for which application threads were stopped: 0.0000890 seconds, Stopping threads took: 0.0000330 seconds
2015-12-17T10:38:45.694+0000: 22.426: Total time for which application threads were stopped: 0.0000350 seconds, Stopping threads took: 0.0000190 seconds
2015-12-17T10:38:45.694+0000: 22.427: Total time for which application threads were stopped: 0.0000340 seconds, Stopping threads took: 0.0000190 seconds
2015-12-17T10:38:46.703+0000: 23.435: Total time for which application threads were stopped: 0.0087070 seconds, Stopping threads took: 0.0085790 seconds
2015-12-17T10:38:46.843+0000: 23.576: Total time for which application threads were stopped: 0.0001850 seconds, Stopping threads took: 0.0000310 seconds
2015-12-17T10:38:47.235+0000: 23.968: Total time for which application threads were stopped: 0.0037450 seconds, Stopping threads took: 0.0036220 seconds
{Heap before GC invocations=7 (full 0):
 par new generation   total 109248K, used 109248K [0x00000000d5a00000, 0x00000000dda00000, 0x00000000dda00000)
  eden space 87424K, 100% used [0x00000000d5a00000, 0x00000000daf60000, 0x00000000daf60000)
  from space 21824K, 100% used [0x00000000dc4b0000, 0x00000000dda00000, 0x00000000dda00000)
  to   space 21824K,   0% used [0x00000000daf60000, 0x00000000daf60000, 0x00000000dc4b0000)
 concurrent mark-sweep generation total 393216K, used 12649K [0x00000000dda00000, 0x00000000f5a00000, 0x00000000f5a00000)
 concurrent-mark-sweep perm gen total 30848K, used 30688K [0x00000000f5a00000, 0x00000000f7820000, 0x0000000100000000)
2015-12-17T10:38:47.851+0000: 24.583: [GC2015-12-17T10:38:47.851+0000: 24.583: [ParNew
Desired survivor size 20112992 bytes, new threshold 4 (max 8)
- age   1:    6930696 bytes,    6930696 total
- age   2:    3486264 bytes,   10416960 total
- age   3:    5301712 bytes,   15718672 total
- age   4:    5539936 bytes,   21258608 total
- age   5:     171776 bytes,   21430384 total
- age   6:     215792 bytes,   21646176 total
: 109248K->21824K(109248K), 0.0661670 secs] 121897K->40008K(502464K), 0.0662360 secs] [Times: user=0.06 sys=0.00, real=0.06 secs] 
Heap after GC invocations=8 (full 0):
 par new generation   total 109248K, used 21824K [0x00000000d5a00000, 0x00000000dda00000, 0x00000000dda00000)
  eden space 87424K,   0% used [0x00000000d5a00000, 0x00000000d5a00000, 0x00000000daf60000)
  from space 21824K, 100% used [0x00000000daf60000, 0x00000000dc4b0000, 0x00000000dc4b0000)
  to   space 21824K,   0% used [0x00000000dc4b0000, 0x00000000dc4b0000, 0x00000000dda00000)
 concurrent mark-sweep generation total 393216K, used 18184K [0x00000000dda00000, 0x00000000f5a00000, 0x00000000f5a00000)
 concurrent-mark-sweep perm gen total 30848K, used 30688K [0x00000000f5a00000, 0x00000000f7820000, 0x0000000100000000)
}
2015-12-17T10:38:47.917+0000: 24.649: Total time for which application threads were stopped: 0.0664940 seconds, Stopping threads took: 0.0000420 seconds
2015-12-17T10:38:48.915+0000: 25.647: Total time for which application threads were stopped: 0.0002130 seconds, Stopping threads took: 0.0000300 seconds
{Heap before GC invocations=8 (full 0):
 par new generation   total 109248K, used 109248K [0x00000000d5a00000, 0x00000000dda00000, 0x00000000dda00000)
  eden space 87424K, 100% used [0x00000000d5a00000, 0x00000000daf60000, 0x00000000daf60000)
  from space 21824K, 100% used [0x00000000daf60000, 0x00000000dc4b0000, 0x00000000dc4b0000)
  to   space 21824K,   0% used [0x00000000dc4b0000, 0x00000000dc4b0000, 0x00000000dda00000)
 concurrent mark-sweep generation total 393216K, used 18184K [0x00000000dda00000, 0x00000000f5a00000, 0x00000000f5a00000)
 concurrent-mark-sweep perm gen total 30848K, used 30714K [0x00000000f5a00000, 0x00000000f7820000, 0x0000000100000000)
2015-12-17T10:38:49.455+0000: 26.187: [GC2015-12-17T10:38:49.455+0000: 26.188: [ParNew
Desired survivor size 20112992 bytes, new threshold 8 (max 8)
- age   1:      44184 bytes,      44184 total
- age   2:    4940632 bytes,    4984816 total
- age   3:    2774336 bytes,    7759152 total
- age   4:    7526968 bytes,   15286120 total
: 109248K->21824K(109248K), 0.0542250 secs] 127432K->48388K(502464K), 0.0543250 secs] [Times: user=0.05 sys=0.00, real=0.05 secs] 
Heap after GC invocations=9 (full 0):
 par new generation   total 109248K, used 21824K [0x00000000d5a00000, 0x00000000dda00000, 0x00000000dda00000)
  eden space 87424K,   0% used [0x00000000d5a00000, 0x00000000d5a00000, 0x00000000daf60000)
  from space 21824K, 100% used [0x00000000dc4b0000, 0x00000000dda00000, 0x00000000dda00000)
  to   space 21824K,   0% used [0x00000000daf60000, 0x00000000daf60000, 0x00000000dc4b0000)
 concurrent mark-sweep generation total 393216K, used 26564K [0x00000000dda00000, 0x00000000f5a00000, 0x00000000f5a00000)
 concurrent-mark-sweep perm gen total 30848K, used 30714K [0x00000000f5a00000, 0x00000000f7820000, 0x0000000100000000)
}
2015-12-17T10:38:49.509+0000: 26.242: Total time for which application threads were stopped: 0.0545630 seconds, Stopping threads took: 0.0000320 seconds
2015-12-17T10:38:49.569+0000: 26.301: Total time for which application threads were stopped: 0.0000960 seconds, Stopping threads took: 0.0000340 seconds
2015-12-17T10:38:49.580+0000: 26.312: Total time for which application threads were stopped: 0.0000440 seconds, Stopping threads took: 0.0000240 seconds
2015-12-17T10:38:49.580+0000: 26.312: Total time for which application threads were stopped: 0.0000300 seconds, Stopping threads took: 0.0000170 seconds
2015-12-17T10:38:49.580+0000: 26.313: Total time for which application threads were stopped: 0.0000290 seconds, Stopping threads took: 0.0000160 seconds
2015-12-17T10:38:50.302+0000: 27.035: Total time for which application threads were stopped: 0.0002020 seconds, Stopping threads took: 0.0000750 seconds
2015-12-17T10:38:50.303+0000: 27.036: Total time for which application threads were stopped: 0.0000340 seconds, Stopping threads took: 0.0000190 seconds
2015-12-17T10:38:50.305+0000: 27.038: Total time for which application threads were stopped: 0.0000400 seconds, Stopping threads took: 0.0000200 seconds
2015-12-17T10:38:50.314+0000: 27.047: Total time for which application threads were stopped: 0.0000400 seconds, Stopping threads took: 0.0000210 seconds
2015-12-17T10:38:50.314+0000: 27.047: Total time for which application threads were stopped: 0.0000350 seconds, Stopping threads took: 0.0000090 seconds
2015-12-17T10:38:50.314+0000: 27.047: Total time for which application threads were stopped: 0.0000190 seconds, Stopping threads took: 0.0000080 seconds
2015-12-17T10:38:50.314+0000: 27.047: Total time for which application threads were stopped: 0.0000310 seconds, Stopping threads took: 0.0000070 seconds
2015-12-17T10:38:50.314+0000: 27.047: Total time for which application threads were stopped: 0.0000190 seconds, Stopping threads took: 0.0000080 seconds
2015-12-17T10:38:50.314+0000: 27.047: Total time for which application threads were stopped: 0.0000170 seconds, Stopping threads took: 0.0000060 seconds
2015-12-17T10:38:50.314+0000: 27.047: Total time for which application threads were stopped: 0.0000170 seconds, Stopping threads took: 0.0000070 seconds
2015-12-17T10:38:50.315+0000: 27.048: Total time for which application threads were stopped: 0.0000300 seconds, Stopping threads took: 0.0000170 seconds
2015-12-17T10:38:50.315+0000: 27.048: Total time for which application threads were stopped: 0.0000270 seconds, Stopping threads took: 0.0000150 seconds
2015-12-17T10:38:54.670+0000: 31.402: Total time for which application threads were stopped: 0.0001340 seconds, Stopping threads took: 0.0000350 seconds
2015-12-17T10:38:55.545+0000: 32.278: Total time for which application threads were stopped: 0.0001340 seconds, Stopping threads took: 0.0000220 seconds
2015-12-17T10:38:55.579+0000: 32.312: Total time for which application threads were stopped: 0.0000450 seconds, Stopping threads took: 0.0000170 seconds
2015-12-17T10:38:55.584+0000: 32.317: Total time for which application threads were stopped: 0.0000400 seconds, Stopping threads took: 0.0000180 seconds
2015-12-17T10:38:55.587+0000: 32.319: Total time for which application threads were stopped: 0.0000550 seconds, Stopping threads took: 0.0000190 seconds
2015-12-17T10:38:56.657+0000: 33.389: Total time for which application threads were stopped: 0.0001480 seconds, Stopping threads took: 0.0000470 seconds
2015-12-17T10:38:56.702+0000: 33.434: Total time for which application threads were stopped: 0.0000650 seconds, Stopping threads took: 0.0000290 seconds
2015-12-17T10:38:57.195+0000: 33.927: Total time for which application threads were stopped: 0.0042160 seconds, Stopping threads took: 0.0040770 seconds
2015-12-17T10:38:57.567+0000: 34.300: Total time for which application threads were stopped: 0.0082370 seconds, Stopping threads took: 0.0081660 seconds
2015-12-17T10:38:57.687+0000: 34.420: Total time for which application threads were stopped: 0.0063320 seconds, Stopping threads took: 0.0062750 seconds
2015-12-17T10:38:57.707+0000: 34.440: Total time for which application threads were stopped: 0.0110770 seconds, Stopping threads took: 0.0109790 seconds
2015-12-17T10:38:57.712+0000: 34.445: Total time for which application threads were stopped: 0.0009270 seconds, Stopping threads took: 0.0008990 seconds
2015-12-17T10:38:57.712+0000: 34.445: Total time for which application threads were stopped: 0.0000340 seconds, Stopping threads took: 0.0000100 seconds
2015-12-17T10:38:57.713+0000: 34.446: Total time for which application threads were stopped: 0.0000380 seconds, Stopping threads took: 0.0000110 seconds
2015-12-17T10:38:57.723+0000: 34.455: Total time for which application threads were stopped: 0.0045370 seconds, Stopping threads took: 0.0045030 seconds
2015-12-17T10:38:57.731+0000: 34.464: Total time for which application threads were stopped: 0.0000740 seconds, Stopping threads took: 0.0000290 seconds
2015-12-17T10:38:57.738+0000: 34.471: Total time for which application threads were stopped: 0.0041210 seconds, Stopping threads took: 0.0040910 seconds
2015-12-17T10:38:57.739+0000: 34.472: Total time for which application threads were stopped: 0.0000360 seconds, Stopping threads took: 0.0000110 seconds
2015-12-17T10:38:57.740+0000: 34.472: Total time for which application threads were stopped: 0.0000390 seconds, Stopping threads took: 0.0000100 seconds
2015-12-17T10:38:57.740+0000: 34.472: Total time for which application threads were stopped: 0.0000350 seconds, Stopping threads took: 0.0000100 seconds
2015-12-17T10:38:57.761+0000: 34.494: Total time for which application threads were stopped: 0.0069870 seconds, Stopping threads took: 0.0069600 seconds
2015-12-17T10:38:57.762+0000: 34.495: Total time for which application threads were stopped: 0.0000350 seconds, Stopping threads took: 0.0000100 seconds
2015-12-17T10:38:57.763+0000: 34.495: Total time for which application threads were stopped: 0.0000350 seconds, Stopping threads took: 0.0000110 seconds
2015-12-17T10:38:57.763+0000: 34.496: Total time for which application threads were stopped: 0.0000350 seconds, Stopping threads took: 0.0000110 seconds
2015-12-17T10:38:57.772+0000: 34.505: Total time for which application threads were stopped: 0.0058320 seconds, Stopping threads took: 0.0058000 seconds
2015-12-17T10:38:57.780+0000: 34.513: Total time for which application threads were stopped: 0.0000620 seconds, Stopping threads took: 0.0000280 seconds
2015-12-17T10:38:57.781+0000: 34.513: Total time for which application threads were stopped: 0.0000370 seconds, Stopping threads took: 0.0000110 seconds
2015-12-17T10:38:57.781+0000: 34.513: Total time for which application threads were stopped: 0.0000340 seconds, Stopping threads took: 0.0000100 seconds
2015-12-17T10:38:57.798+0000: 34.531: Total time for which application threads were stopped: 0.0040730 seconds, Stopping threads took: 0.0040360 seconds
2015-12-17T10:38:57.799+0000: 34.531: Total time for which application threads were stopped: 0.0000490 seconds, Stopping threads took: 0.0000100 seconds
2015-12-17T10:38:57.799+0000: 34.532: Total time for which application threads were stopped: 0.0000480 seconds, Stopping threads took: 0.0000100 seconds
2015-12-17T10:38:57.799+0000: 34.532: Total time for which application threads were stopped: 0.0000340 seconds, Stopping threads took: 0.0000100 seconds
2015-12-17T10:38:57.800+0000: 34.532: Total time for which application threads were stopped: 0.0000680 seconds, Stopping threads took: 0.0000090 seconds
2015-12-17T10:38:57.800+0000: 34.533: Total time for which application threads were stopped: 0.0001160 seconds, Stopping threads took: 0.0000100 seconds
2015-12-17T10:38:58.802+0000: 35.535: Total time for which application threads were stopped: 0.0021630 seconds, Stopping threads took: 0.0020210 seconds
{Heap before GC invocations=9 (full 0):
 par new generation   total 109248K, used 109218K [0x00000000d5a00000, 0x00000000dda00000, 0x00000000dda00000)
  eden space 87424K,  99% used [0x00000000d5a00000, 0x00000000daf58858, 0x00000000daf60000)
  from space 21824K, 100% used [0x00000000dc4b0000, 0x00000000dda00000, 0x00000000dda00000)
  to   space 21824K,   0% used [0x00000000daf60000, 0x00000000daf60000, 0x00000000dc4b0000)
 concurrent mark-sweep generation total 393216K, used 26564K [0x00000000dda00000, 0x00000000f5a00000, 0x00000000f5a00000)
 concurrent-mark-sweep perm gen total 31232K, used 31059K [0x00000000f5a00000, 0x00000000f7880000, 0x0000000100000000)
2015-12-17T10:38:59.002+0000: 35.735: [GC2015-12-17T10:38:59.002+0000: 35.735: [ParNew
Desired survivor size 20112992 bytes, new threshold 8 (max 8)
- age   1:    5613896 bytes,    5613896 total
- age   2:       1040 bytes,    5614936 total
- age   3:    4405904 bytes,   10020840 total
- age   4:    2375368 bytes,   12396208 total
- age   5:    4919016 bytes,   17315224 total
: 109218K->20489K(109248K), 0.0333290 secs] 135782K->47054K(502464K), 0.0334260 secs] [Times: user=0.03 sys=0.00, real=0.03 secs] 
Heap after GC invocations=10 (full 0):
 par new generation   total 109248K, used 20489K [0x00000000d5a00000, 0x00000000dda00000, 0x00000000dda00000)
  eden space 87424K,   0% used [0x00000000d5a00000, 0x00000000d5a00000, 0x00000000daf60000)
  from space 21824K,  93% used [0x00000000daf60000, 0x00000000dc362550, 0x00000000dc4b0000)
  to   space 21824K,   0% used [0x00000000dc4b0000, 0x00000000dc4b0000, 0x00000000dda00000)
 concurrent mark-sweep generation total 393216K, used 26564K [0x00000000dda00000, 0x00000000f5a00000, 0x00000000f5a00000)
 concurrent-mark-sweep perm gen total 31232K, used 31059K [0x00000000f5a00000, 0x00000000f7880000, 0x0000000100000000)
}
2015-12-17T10:38:59.036+0000: 35.768: Total time for which application threads were stopped: 0.0373190 seconds, Stopping threads took: 0.0037390 seconds
2015-12-17T10:38:59.190+0000: 35.923: Total time for which application threads were stopped: 0.0021230 seconds, Stopping threads took: 0.0020390 seconds
2015-12-17T10:38:59.211+0000: 35.944: Total time for which application threads were stopped: 0.0086330 seconds, Stopping threads took: 0.0086060 seconds
2015-12-17T10:38:59.599+0000: 36.331: Total time for which application threads were stopped: 0.0001530 seconds, Stopping threads took: 0.0000330 seconds
{Heap before GC invocations=10 (full 0):
 par new generation   total 109248K, used 107913K [0x00000000d5a00000, 0x00000000dda00000, 0x00000000dda00000)
  eden space 87424K, 100% used [0x00000000d5a00000, 0x00000000daf60000, 0x00000000daf60000)
  from space 21824K,  93% used [0x00000000daf60000, 0x00000000dc362550, 0x00000000dc4b0000)
  to   space 21824K,   0% used [0x00000000dc4b0000, 0x00000000dc4b0000, 0x00000000dda00000)
 concurrent mark-sweep generation total 393216K, used 26564K [0x00000000dda00000, 0x00000000f5a00000, 0x00000000f5a00000)
 concurrent-mark-sweep perm gen total 31232K, used 31070K [0x00000000f5a00000, 0x00000000f7880000, 0x0000000100000000)
2015-12-17T10:38:59.778+0000: 36.511: [GC2015-12-17T10:38:59.778+0000: 36.511: [ParNew
Desired survivor size 20112992 bytes, new threshold 8 (max 8)
- age   1:    3180744 bytes,    3180744 total
- age   2:    3339456 bytes,    6520200 total
- age   3:       1040 bytes,    6521240 total
- age   4:    4372456 bytes,   10893696 total
- age   5:    2373888 bytes,   13267584 total
- age   6:    4918056 bytes,   18185640 total
: 107913K->21824K(109248K), 0.0451160 secs] 134478K->52389K(502464K), 0.0451940 secs] [Times: user=0.04 sys=0.00, real=0.04 secs] 
Heap after GC invocations=11 (full 0):
 par new generation   total 109248K, used 21824K [0x00000000d5a00000, 0x00000000dda00000, 0x00000000dda00000)
  eden space 87424K,   0% used [0x00000000d5a00000, 0x00000000d5a00000, 0x00000000daf60000)
  from space 21824K, 100% used [0x00000000dc4b0000, 0x00000000dda00000, 0x00000000dda00000)
  to   space 21824K,   0% used [0x00000000daf60000, 0x00000000daf60000, 0x00000000dc4b0000)
 concurrent mark-sweep generation total 393216K, used 30565K [0x00000000dda00000, 0x00000000f5a00000, 0x00000000f5a00000)
 concurrent-mark-sweep perm gen total 31232K, used 31070K [0x00000000f5a00000, 0x00000000f7880000, 0x0000000100000000)
}
2015-12-17T10:38:59.824+0000: 36.556: Total time for which application threads were stopped: 0.0453490 seconds, Stopping threads took: 0.0000340 seconds
2015-12-17T10:38:59.935+0000: 36.668: Total time for which application threads were stopped: 0.0000980 seconds, Stopping threads took: 0.0000330 seconds
2015-12-17T10:39:00.007+0000: 36.740: Total time for which application threads were stopped: 0.0000870 seconds, Stopping threads took: 0.0000340 seconds
2015-12-17T10:39:00.325+0000: 37.057: Total time for which application threads were stopped: 0.0001300 seconds, Stopping threads took: 0.0000290 seconds
2015-12-17T10:39:00.325+0000: 37.057: Total time for which application threads were stopped: 0.0000240 seconds, Stopping threads took: 0.0000080 seconds
2015-12-17T10:39:00.325+0000: 37.057: Total time for which application threads were stopped: 0.0000220 seconds, Stopping threads took: 0.0000070 seconds
2015-12-17T10:39:00.325+0000: 37.057: Total time for which application threads were stopped: 0.0000210 seconds, Stopping threads took: 0.0000070 seconds
2015-12-17T10:39:00.325+0000: 37.058: Total time for which application threads were stopped: 0.0000230 seconds, Stopping threads took: 0.0000080 seconds
2015-12-17T10:39:00.325+0000: 37.058: Total time for which application threads were stopped: 0.0000230 seconds, Stopping threads took: 0.0000080 seconds
2015-12-17T10:39:00.325+0000: 37.058: Total time for which application threads were stopped: 0.0000220 seconds, Stopping threads took: 0.0000070 seconds
2015-12-17T10:39:00.325+0000: 37.058: Total time for which application threads were stopped: 0.0000220 seconds, Stopping threads took: 0.0000070 seconds
2015-12-17T10:39:00.325+0000: 37.058: Total time for which application threads were stopped: 0.0000230 seconds, Stopping threads took: 0.0000080 seconds
2015-12-17T10:39:00.325+0000: 37.058: Total time for which application threads were stopped: 0.0000220 seconds, Stopping threads took: 0.0000070 seconds
2015-12-17T10:39:00.325+0000: 37.058: Total time for which application threads were stopped: 0.0000220 seconds, Stopping threads took: 0.0000080 seconds
2015-12-17T10:39:00.326+0000: 37.058: Total time for which application threads were stopped: 0.0000370 seconds, Stopping threads took: 0.0000190 seconds
2015-12-17T10:39:00.326+0000: 37.058: Total time for which application threads were stopped: 0.0000320 seconds, Stopping threads took: 0.0000170 seconds
2015-12-17T10:39:00.327+0000: 37.059: Total time for which application threads were stopped: 0.0000370 seconds, Stopping threads took: 0.0000190 seconds
2015-12-17T10:39:01.329+0000: 38.061: Total time for which application threads were stopped: 0.0001500 seconds, Stopping threads took: 0.0000400 seconds
2015-12-17T10:39:02.354+0000: 39.086: Total time for which application threads were stopped: 0.0239690 seconds, Stopping threads took: 0.0238060 seconds
2015-12-17T10:39:02.921+0000: 39.654: Total time for which application threads were stopped: 0.0001540 seconds, Stopping threads took: 0.0000320 seconds
2015-12-17T10:39:02.926+0000: 39.659: Total time for which application threads were stopped: 0.0000440 seconds, Stopping threads took: 0.0000220 seconds
2015-12-17T10:39:02.926+0000: 39.659: Total time for which application threads were stopped: 0.0000340 seconds, Stopping threads took: 0.0000170 seconds
2015-12-17T10:39:02.930+0000: 39.663: Total time for which application threads were stopped: 0.0000430 seconds, Stopping threads took: 0.0000200 seconds
2015-12-17T10:39:02.935+0000: 39.668: Total time for which application threads were stopped: 0.0000410 seconds, Stopping threads took: 0.0000210 seconds
2015-12-17T10:39:02.936+0000: 39.668: Total time for which application threads were stopped: 0.0000360 seconds, Stopping threads took: 0.0000190 seconds
2015-12-17T10:39:02.966+0000: 39.698: Total time for which application threads were stopped: 0.0002340 seconds, Stopping threads took: 0.0001380 seconds
2015-12-17T10:39:03.125+0000: 39.858: Total time for which application threads were stopped: 0.0020590 seconds, Stopping threads took: 0.0020070 seconds
{Heap before GC invocations=11 (full 0):
 par new generation   total 109248K, used 109248K [0x00000000d5a00000, 0x00000000dda00000, 0x00000000dda00000)
  eden space 87424K, 100% used [0x00000000d5a00000, 0x00000000daf60000, 0x00000000daf60000)
  from space 21824K, 100% used [0x00000000dc4b0000, 0x00000000dda00000, 0x00000000dda00000)
  to   space 21824K,   0% used [0x00000000daf60000, 0x00000000daf60000, 0x00000000dc4b0000)
 concurrent mark-sweep generation total 393216K, used 30565K [0x00000000dda00000, 0x00000000f5a00000, 0x00000000f5a00000)
 concurrent-mark-sweep perm gen total 31424K, used 31338K [0x00000000f5a00000, 0x00000000f78b0000, 0x0000000100000000)
2015-12-17T10:39:03.891+0000: 40.623: [GC2015-12-17T10:39:03.891+0000: 40.623: [ParNew
Desired survivor size 20112992 bytes, new threshold 8 (max 8)
- age   1:    1844976 bytes,    1844976 total
- age   2:    2318544 bytes,    4163520 total
- age   3:    2699336 bytes,    6862856 total
- age   4:       1040 bytes,    6863896 total
- age   5:    4372336 bytes,   11236232 total
- age   6:    2373888 bytes,   13610120 total
- age   7:    4918056 bytes,   18528176 total
: 109248K->21824K(109248K), 0.0276320 secs] 139813K->52389K(502464K), 0.0277260 secs] [Times: user=0.02 sys=0.00, real=0.02 secs] 
Heap after GC invocations=12 (full 0):
 par new generation   total 109248K, used 21824K [0x00000000d5a00000, 0x00000000dda00000, 0x00000000dda00000)
  eden space 87424K,   0% used [0x00000000d5a00000, 0x00000000d5a00000, 0x00000000daf60000)
  from space 21824K, 100% used [0x00000000daf60000, 0x00000000dc4b0000, 0x00000000dc4b0000)
  to   space 21824K,   0% used [0x00000000dc4b0000, 0x00000000dc4b0000, 0x00000000dda00000)
 concurrent mark-sweep generation total 393216K, used 30565K [0x00000000dda00000, 0x00000000f5a00000, 0x00000000f5a00000)
 concurrent-mark-sweep perm gen total 31424K, used 31338K [0x00000000f5a00000, 0x00000000f78b0000, 0x0000000100000000)
}
2015-12-17T10:39:03.918+0000: 40.651: Total time for which application threads were stopped: 0.0280100 seconds, Stopping threads took: 0.0000410 seconds
2015-12-17T10:39:04.923+0000: 41.655: Total time for which application threads were stopped: 0.0001830 seconds, Stopping threads took: 0.0000310 seconds
2015-12-17T10:39:29.079+0000: 65.812: Total time for which application threads were stopped: 0.0001630 seconds, Stopping threads took: 0.0000470 seconds
2015-12-17T10:39:29.087+0000: 65.820: Total time for which application threads were stopped: 0.0000440 seconds, Stopping threads took: 0.0000190 seconds
2015-12-17T10:39:29.107+0000: 65.839: Total time for which application threads were stopped: 0.0000530 seconds, Stopping threads took: 0.0000330 seconds
2015-12-17T10:39:30.107+0000: 66.840: Total time for which application threads were stopped: 0.0001320 seconds, Stopping threads took: 0.0000300 seconds
2015-12-17T10:39:31.409+0000: 68.142: Total time for which application threads were stopped: 0.0001190 seconds, Stopping threads took: 0.0000290 seconds
2015-12-17T10:39:31.426+0000: 68.159: Total time for which application threads were stopped: 0.0000550 seconds, Stopping threads took: 0.0000340 seconds
2015-12-17T10:39:31.452+0000: 68.185: Total time for which application threads were stopped: 0.0044440 seconds, Stopping threads took: 0.0043980 seconds
2015-12-17T10:39:31.482+0000: 68.215: Total time for which application threads were stopped: 0.0042450 seconds, Stopping threads took: 0.0042130 seconds
2015-12-17T10:39:31.487+0000: 68.220: Total time for which application threads were stopped: 0.0000290 seconds, Stopping threads took: 0.0000100 seconds
2015-12-17T10:39:31.548+0000: 68.281: Total time for which application threads were stopped: 0.0030410 seconds, Stopping threads took: 0.0030080 seconds
2015-12-17T10:39:32.225+0000: 68.958: Total time for which application threads were stopped: 0.0001770 seconds, Stopping threads took: 0.0000390 seconds
2015-12-17T10:39:32.490+0000: 69.223: Total time for which application threads were stopped: 0.0000850 seconds, Stopping threads took: 0.0000390 seconds
2015-12-17T10:39:34.437+0000: 71.169: Total time for which application threads were stopped: 0.0001620 seconds, Stopping threads took: 0.0000280 seconds
2015-12-17T10:39:35.140+0000: 71.872: Total time for which application threads were stopped: 0.0001530 seconds, Stopping threads took: 0.0000430 seconds
2015-12-17T10:39:35.140+0000: 71.873: Total time for which application threads were stopped: 0.0000340 seconds, Stopping threads took: 0.0000170 seconds
2015-12-17T10:39:35.140+0000: 71.873: Total time for which application threads were stopped: 0.0001420 seconds, Stopping threads took: 0.0000160 seconds
2015-12-17T10:39:35.178+0000: 71.911: Total time for which application threads were stopped: 0.0000910 seconds, Stopping threads took: 0.0000480 seconds
2015-12-17T10:39:35.180+0000: 71.913: Total time for which application threads were stopped: 0.0000390 seconds, Stopping threads took: 0.0000190 seconds
2015-12-17T10:39:36.180+0000: 72.913: Total time for which application threads were stopped: 0.0001800 seconds, Stopping threads took: 0.0000340 seconds
2015-12-17T10:40:04.689+0000: 101.422: Total time for which application threads were stopped: 0.0001760 seconds, Stopping threads took: 0.0000660 seconds
2015-12-17T10:40:04.691+0000: 101.424: Total time for which application threads were stopped: 0.0000370 seconds, Stopping threads took: 0.0000180 seconds
2015-12-17T10:40:05.430+0000: 102.163: Total time for which application threads were stopped: 0.0030760 seconds, Stopping threads took: 0.0029660 seconds
{Heap before GC invocations=12 (full 0):
 par new generation   total 109248K, used 109248K [0x00000000d5a00000, 0x00000000dda00000, 0x00000000dda00000)
  eden space 87424K, 100% used [0x00000000d5a00000, 0x00000000daf60000, 0x00000000daf60000)
  from space 21824K, 100% used [0x00000000daf60000, 0x00000000dc4b0000, 0x00000000dc4b0000)
  to   space 21824K,   0% used [0x00000000dc4b0000, 0x00000000dc4b0000, 0x00000000dda00000)
 concurrent mark-sweep generation total 393216K, used 30565K [0x00000000dda00000, 0x00000000f5a00000, 0x00000000f5a00000)
 concurrent-mark-sweep perm gen total 31616K, used 31553K [0x00000000f5a00000, 0x00000000f78e0000, 0x0000000100000000)
2015-12-17T10:40:05.455+0000: 102.187: [GC2015-12-17T10:40:05.455+0000: 102.187: [ParNew
Desired survivor size 20112992 bytes, new threshold 8 (max 8)
- age   1:    5185720 bytes,    5185720 total
- age   2:     760248 bytes,    5945968 total
- age   3:    2250688 bytes,    8196656 total
- age   4:    2426648 bytes,   10623304 total
- age   5:       1040 bytes,   10624344 total
- age   6:    3139736 bytes,   13764080 total
- age   7:    1913864 bytes,   15677944 total
- age   8:    4484080 bytes,   20162024 total
: 109248K->21824K(109248K), 0.0348320 secs] 139813K->55864K(502464K), 0.0349040 secs] [Times: user=0.03 sys=0.01, real=0.03 secs] 
Heap after GC invocations=13 (full 0):
 par new generation   total 109248K, used 21824K [0x00000000d5a00000, 0x00000000dda00000, 0x00000000dda00000)
  eden space 87424K,   0% used [0x00000000d5a00000, 0x00000000d5a00000, 0x00000000daf60000)
  from space 21824K, 100% used [0x00000000dc4b0000, 0x00000000dda00000, 0x00000000dda00000)
  to   space 21824K,   0% used [0x00000000daf60000, 0x00000000daf60000, 0x00000000dc4b0000)
 concurrent mark-sweep generation total 393216K, used 34040K [0x00000000dda00000, 0x00000000f5a00000, 0x00000000f5a00000)
 concurrent-mark-sweep perm gen total 31616K, used 31553K [0x00000000f5a00000, 0x00000000f78e0000, 0x0000000100000000)
}
2015-12-17T10:40:05.490+0000: 102.222: Total time for which application threads were stopped: 0.0390830 seconds, Stopping threads took: 0.0040680 seconds
2015-12-17T10:40:06.492+0000: 103.224: Total time for which application threads were stopped: 0.0001830 seconds, Stopping threads took: 0.0000320 seconds
2015-12-17T10:40:32.501+0000: 129.234: Total time for which application threads were stopped: 0.0001730 seconds, Stopping threads took: 0.0000560 seconds
2015-12-17T10:40:32.516+0000: 129.248: Total time for which application threads were stopped: 0.0000320 seconds, Stopping threads took: 0.0000110 seconds
2015-12-17T10:40:32.828+0000: 129.561: Total time for which application threads were stopped: 0.0000720 seconds, Stopping threads took: 0.0000270 seconds
2015-12-17T10:40:32.872+0000: 129.604: Total time for which application threads were stopped: 0.0000360 seconds, Stopping threads took: 0.0000130 seconds
2015-12-17T10:40:33.872+0000: 130.605: Total time for which application threads were stopped: 0.0001390 seconds, Stopping threads took: 0.0000270 seconds
{Heap before GC invocations=13 (full 0):
 par new generation   total 109248K, used 109248K [0x00000000d5a00000, 0x00000000dda00000, 0x00000000dda00000)
  eden space 87424K, 100% used [0x00000000d5a00000, 0x00000000daf60000, 0x00000000daf60000)
  from space 21824K, 100% used [0x00000000dc4b0000, 0x00000000dda00000, 0x00000000dda00000)
  to   space 21824K,   0% used [0x00000000daf60000, 0x00000000daf60000, 0x00000000dc4b0000)
 concurrent mark-sweep generation total 393216K, used 34040K [0x00000000dda00000, 0x00000000f5a00000, 0x00000000f5a00000)
 concurrent-mark-sweep perm gen total 31808K, used 31593K [0x00000000f5a00000, 0x00000000f7910000, 0x0000000100000000)
2015-12-17T10:40:35.988+0000: 132.720: [GC2015-12-17T10:40:35.988+0000: 132.720: [ParNew
Desired survivor size 20112992 bytes, new threshold 8 (max 8)
- age   1:    1893288 bytes,    1893288 total
- age   2:    4180704 bytes,    6073992 total
- age   3:     727264 bytes,    6801256 total
- age   4:    2250064 bytes,    9051320 total
- age   5:    2426528 bytes,   11477848 total
- age   6:       1040 bytes,   11478888 total
- age   7:    3139736 bytes,   14618624 total
- age   8:    1913864 bytes,   16532488 total
: 109248K->21824K(109248K), 0.0270720 secs] 143288K->60243K(502464K), 0.0271650 secs] [Times: user=0.02 sys=0.00, real=0.03 secs] 
Heap after GC invocations=14 (full 0):
 par new generation   total 109248K, used 21824K [0x00000000d5a00000, 0x00000000dda00000, 0x00000000dda00000)
  eden space 87424K,   0% used [0x00000000d5a00000, 0x00000000d5a00000, 0x00000000daf60000)
  from space 21824K, 100% used [0x00000000daf60000, 0x00000000dc4b0000, 0x00000000dc4b0000)
  to   space 21824K,   0% used [0x00000000dc4b0000, 0x00000000dc4b0000, 0x00000000dda00000)
 concurrent mark-sweep generation total 393216K, used 38419K [0x00000000dda00000, 0x00000000f5a00000, 0x00000000f5a00000)
 concurrent-mark-sweep perm gen total 31808K, used 31593K [0x00000000f5a00000, 0x00000000f7910000, 0x0000000100000000)
}
2015-12-17T10:40:36.015+0000: 132.747: Total time for which application threads were stopped: 0.0273950 seconds, Stopping threads took: 0.0000330 seconds
2015-12-17T10:40:37.016+0000: 133.749: Total time for which application threads were stopped: 0.0001450 seconds, Stopping threads took: 0.0000230 seconds
2015-12-17T10:41:01.396+0000: 158.128: Total time for which application threads were stopped: 0.0001520 seconds, Stopping threads took: 0.0000410 seconds
2015-12-17T10:41:01.407+0000: 158.139: Total time for which application threads were stopped: 0.0000840 seconds, Stopping threads took: 0.0000260 seconds
2015-12-17T10:41:02.113+0000: 158.846: Total time for which application threads were stopped: 0.0001390 seconds, Stopping threads took: 0.0000250 seconds
2015-12-17T10:41:02.125+0000: 158.858: Total time for which application threads were stopped: 0.0001170 seconds, Stopping threads took: 0.0000680 seconds
2015-12-17T10:41:02.193+0000: 158.926: Total time for which application threads were stopped: 0.0020820 seconds, Stopping threads took: 0.0020190 seconds
2015-12-17T10:41:02.212+0000: 158.944: Total time for which application threads were stopped: 0.0072760 seconds, Stopping threads took: 0.0071970 seconds
2015-12-17T10:41:02.261+0000: 158.994: Total time for which application threads were stopped: 0.0105470 seconds, Stopping threads took: 0.0104810 seconds
2015-12-17T10:41:02.335+0000: 159.068: Total time for which application threads were stopped: 0.0036090 seconds, Stopping threads took: 0.0035410 seconds
2015-12-17T10:41:02.388+0000: 159.121: Total time for which application threads were stopped: 0.0021180 seconds, Stopping threads took: 0.0020620 seconds
2015-12-17T10:41:03.389+0000: 160.121: Total time for which application threads were stopped: 0.0001710 seconds, Stopping threads took: 0.0000300 seconds
2015-12-17T10:41:14.318+0000: 171.051: Total time for which application threads were stopped: 0.0001320 seconds, Stopping threads took: 0.0000240 seconds
2015-12-17T10:41:15.015+0000: 171.747: Total time for which application threads were stopped: 0.0001450 seconds, Stopping threads took: 0.0000260 seconds
2015-12-17T10:41:15.099+0000: 171.831: Total time for which application threads were stopped: 0.0000770 seconds, Stopping threads took: 0.0000230 seconds
2015-12-17T10:41:15.149+0000: 171.882: Total time for which application threads were stopped: 0.0020720 seconds, Stopping threads took: 0.0020310 seconds
{Heap before GC invocations=14 (full 0):
 par new generation   total 109248K, used 109248K [0x00000000d5a00000, 0x00000000dda00000, 0x00000000dda00000)
  eden space 87424K, 100% used [0x00000000d5a00000, 0x00000000daf60000, 0x00000000daf60000)
  from space 21824K, 100% used [0x00000000daf60000, 0x00000000dc4b0000, 0x00000000dc4b0000)
  to   space 21824K,   0% used [0x00000000dc4b0000, 0x00000000dc4b0000, 0x00000000dda00000)
 concurrent mark-sweep generation total 393216K, used 38419K [0x00000000dda00000, 0x00000000f5a00000, 0x00000000f5a00000)
 concurrent-mark-sweep perm gen total 31808K, used 31633K [0x00000000f5a00000, 0x00000000f7910000, 0x0000000100000000)
2015-12-17T10:41:15.183+0000: 171.915: [GC2015-12-17T10:41:15.183+0000: 171.915: [ParNew
Desired survivor size 20112992 bytes, new threshold 8 (max 8)
- age   1:    2140000 bytes,    2140000 total
- age   2:     639352 bytes,    2779352 total
- age   3:    4179552 bytes,    6958904 total
- age   4:     725064 bytes,    7683968 total
- age   5:    2250064 bytes,    9934032 total
- age   6:    2426160 bytes,   12360192 total
- age   7:       1040 bytes,   12361232 total
- age   8:    3139736 bytes,   15500968 total
: 109248K->19569K(109248K), 0.0302250 secs] 147667K->59860K(502464K), 0.0303380 secs] [Times: user=0.03 sys=0.01, real=0.03 secs] 
Heap after GC invocations=15 (full 0):
 par new generation   total 109248K, used 19569K [0x00000000d5a00000, 0x00000000dda00000, 0x00000000dda00000)
  eden space 87424K,   0% used [0x00000000d5a00000, 0x00000000d5a00000, 0x00000000daf60000)
  from space 21824K,  89% used [0x00000000dc4b0000, 0x00000000dd7cc788, 0x00000000dda00000)
  to   space 21824K,   0% used [0x00000000daf60000, 0x00000000daf60000, 0x00000000dc4b0000)
 concurrent mark-sweep generation total 393216K, used 40290K [0x00000000dda00000, 0x00000000f5a00000, 0x00000000f5a00000)
 concurrent-mark-sweep perm gen total 31808K, used 31633K [0x00000000f5a00000, 0x00000000f7910000, 0x0000000100000000)
}
2015-12-17T10:41:15.213+0000: 171.946: Total time for which application threads were stopped: 0.0373940 seconds, Stopping threads took: 0.0069300 seconds
2015-12-17T10:41:16.216+0000: 172.949: Total time for which application threads were stopped: 0.0001620 seconds, Stopping threads took: 0.0000310 seconds
2015-12-17T10:41:23.640+0000: 180.373: Total time for which application threads were stopped: 0.0023870 seconds, Stopping threads took: 0.0022550 seconds
2015-12-17T10:41:23.690+0000: 180.422: Total time for which application threads were stopped: 0.0033090 seconds, Stopping threads took: 0.0032530 seconds
2015-12-17T10:41:24.695+0000: 181.427: Total time for which application threads were stopped: 0.0001710 seconds, Stopping threads took: 0.0000300 seconds
{Heap before GC invocations=15 (full 0):
 par new generation   total 109248K, used 106993K [0x00000000d5a00000, 0x00000000dda00000, 0x00000000dda00000)
  eden space 87424K, 100% used [0x00000000d5a00000, 0x00000000daf60000, 0x00000000daf60000)
  from space 21824K,  89% used [0x00000000dc4b0000, 0x00000000dd7cc788, 0x00000000dda00000)
  to   space 21824K,   0% used [0x00000000daf60000, 0x00000000daf60000, 0x00000000dc4b0000)
 concurrent mark-sweep generation total 393216K, used 40290K [0x00000000dda00000, 0x00000000f5a00000, 0x00000000f5a00000)
 concurrent-mark-sweep perm gen total 31808K, used 31647K [0x00000000f5a00000, 0x00000000f7910000, 0x0000000100000000)
2015-12-17T10:41:35.943+0000: 192.676: [GC2015-12-17T10:41:35.943+0000: 192.676: [ParNew
Desired survivor size 20112992 bytes, new threshold 8 (max 8)
- age   1:    1294464 bytes,    1294464 total
- age   2:     264872 bytes,    1559336 total
- age   3:     635088 bytes,    2194424 total
- age   4:    4177472 bytes,    6371896 total
- age   5:     725064 bytes,    7096960 total
- age   6:    2250064 bytes,    9347024 total
- age   7:    2425920 bytes,   11772944 total
- age   8:       1040 bytes,   11773984 total
: 106993K->16924K(109248K), 0.0216220 secs] 147284K->60280K(502464K), 0.0217040 secs] [Times: user=0.02 sys=0.00, real=0.02 secs] 
Heap after GC invocations=16 (full 0):
 par new generation   total 109248K, used 16924K [0x00000000d5a00000, 0x00000000dda00000, 0x00000000dda00000)
  eden space 87424K,   0% used [0x00000000d5a00000, 0x00000000d5a00000, 0x00000000daf60000)
  from space 21824K,  77% used [0x00000000daf60000, 0x00000000dbfe7040, 0x00000000dc4b0000)
  to   space 21824K,   0% used [0x00000000dc4b0000, 0x00000000dc4b0000, 0x00000000dda00000)
 concurrent mark-sweep generation total 393216K, used 43356K [0x00000000dda00000, 0x00000000f5a00000, 0x00000000f5a00000)
 concurrent-mark-sweep perm gen total 31808K, used 31647K [0x00000000f5a00000, 0x00000000f7910000, 0x0000000100000000)
}
2015-12-17T10:41:35.965+0000: 192.698: Total time for which application threads were stopped: 0.0219170 seconds, Stopping threads took: 0.0000310 seconds
2015-12-17T10:41:36.967+0000: 193.699: Total time for which application threads were stopped: 0.0001820 seconds, Stopping threads took: 0.0000290 seconds
{Heap before GC invocations=16 (full 0):
 par new generation   total 109248K, used 104348K [0x00000000d5a00000, 0x00000000dda00000, 0x00000000dda00000)
  eden space 87424K, 100% used [0x00000000d5a00000, 0x00000000daf60000, 0x00000000daf60000)
  from space 21824K,  77% used [0x00000000daf60000, 0x00000000dbfe7040, 0x00000000dc4b0000)
  to   space 21824K,   0% used [0x00000000dc4b0000, 0x00000000dc4b0000, 0x00000000dda00000)
 concurrent mark-sweep generation total 393216K, used 43356K [0x00000000dda00000, 0x00000000f5a00000, 0x00000000f5a00000)
 concurrent-mark-sweep perm gen total 31808K, used 31685K [0x00000000f5a00000, 0x00000000f7910000, 0x0000000100000000)
2015-12-17T10:41:43.674+0000: 200.406: [GC2015-12-17T10:41:43.674+0000: 200.407: [ParNew
Desired survivor size 20112992 bytes, new threshold 8 (max 8)
- age   1:    1244272 bytes,    1244272 total
- age   2:      75224 bytes,    1319496 total
- age   3:     264664 bytes,    1584160 total
- age   4:     620856 bytes,    2205016 total
- age   5:    4177432 bytes,    6382448 total
- age   6:     725064 bytes,    7107512 total
- age   7:    2250064 bytes,    9357576 total
- age   8:    2425920 bytes,   11783496 total
: 104348K->14159K(109248K), 0.0237130 secs] 147704K->57517K(502464K), 0.0238080 secs] [Times: user=0.02 sys=0.00, real=0.02 secs] 
Heap after GC invocations=17 (full 0):
 par new generation   total 109248K, used 14159K [0x00000000d5a00000, 0x00000000dda00000, 0x00000000dda00000)
  eden space 87424K,   0% used [0x00000000d5a00000, 0x00000000d5a00000, 0x00000000daf60000)
  from space 21824K,  64% used [0x00000000dc4b0000, 0x00000000dd283fd8, 0x00000000dda00000)
  to   space 21824K,   0% used [0x00000000daf60000, 0x00000000daf60000, 0x00000000dc4b0000)
 concurrent mark-sweep generation total 393216K, used 43357K [0x00000000dda00000, 0x00000000f5a00000, 0x00000000f5a00000)
 concurrent-mark-sweep perm gen total 31808K, used 31685K [0x00000000f5a00000, 0x00000000f7910000, 0x0000000100000000)
}
2015-12-17T10:41:43.698+0000: 200.430: Total time for which application threads were stopped: 0.0262010 seconds, Stopping threads took: 0.0022040 seconds
2015-12-17T10:41:52.699+0000: 209.432: Total time for which application threads were stopped: 0.0001500 seconds, Stopping threads took: 0.0000290 seconds
2015-12-17T10:41:53.700+0000: 210.432: Total time for which application threads were stopped: 0.0001940 seconds, Stopping threads took: 0.0000400 seconds
2015-12-17T10:42:09.703+0000: 226.436: Total time for which application threads were stopped: 0.0001440 seconds, Stopping threads took: 0.0000380 seconds
{Heap before GC invocations=17 (full 0):
 par new generation   total 109248K, used 101583K [0x00000000d5a00000, 0x00000000dda00000, 0x00000000dda00000)
  eden space 87424K, 100% used [0x00000000d5a00000, 0x00000000daf60000, 0x00000000daf60000)
  from space 21824K,  64% used [0x00000000dc4b0000, 0x00000000dd283fd8, 0x00000000dda00000)
  to   space 21824K,   0% used [0x00000000daf60000, 0x00000000daf60000, 0x00000000dc4b0000)
 concurrent mark-sweep generation total 393216K, used 43357K [0x00000000dda00000, 0x00000000f5a00000, 0x00000000f5a00000)
 concurrent-mark-sweep perm gen total 31808K, used 31708K [0x00000000f5a00000, 0x00000000f7910000, 0x0000000100000000)
2015-12-17T10:42:10.298+0000: 227.030: [GC2015-12-17T10:42:10.298+0000: 227.030: [ParNew
Desired survivor size 20112992 bytes, new threshold 8 (max 8)
- age   1:    1798656 bytes,    1798656 total
- age   2:      46304 bytes,    1844960 total
- age   3:      68056 bytes,    1913016 total
- age   4:     263176 bytes,    2176192 total
- age   5:     620832 bytes,    2797024 total
- age   6:    4175272 bytes,    6972296 total
- age   7:     725064 bytes,    7697360 total
- age   8:    2250064 bytes,    9947424 total
: 101583K->15433K(109248K), 0.0237310 secs] 144941K->61162K(502464K), 0.0238090 secs] [Times: user=0.02 sys=0.00, real=0.03 secs] 
Heap after GC invocations=18 (full 0):
 par new generation   total 109248K, used 15433K [0x00000000d5a00000, 0x00000000dda00000, 0x00000000dda00000)
  eden space 87424K,   0% used [0x00000000d5a00000, 0x00000000d5a00000, 0x00000000daf60000)
  from space 21824K,  70% used [0x00000000daf60000, 0x00000000dbe727d0, 0x00000000dc4b0000)
  to   space 21824K,   0% used [0x00000000dc4b0000, 0x00000000dc4b0000, 0x00000000dda00000)
 concurrent mark-sweep generation total 393216K, used 45728K [0x00000000dda00000, 0x00000000f5a00000, 0x00000000f5a00000)
 concurrent-mark-sweep perm gen total 31808K, used 31708K [0x00000000f5a00000, 0x00000000f7910000, 0x0000000100000000)
}
2015-12-17T10:42:10.322+0000: 227.054: Total time for which application threads were stopped: 0.0272640 seconds, Stopping threads took: 0.0032760 seconds
2015-12-17T10:42:11.323+0000: 228.055: Total time for which application threads were stopped: 0.0001250 seconds, Stopping threads took: 0.0000280 seconds
2015-12-17T10:43:03.730+0000: 280.463: Total time for which application threads were stopped: 0.0001560 seconds, Stopping threads took: 0.0000390 seconds
2015-12-17T10:43:04.461+0000: 281.194: Total time for which application threads were stopped: 0.0001250 seconds, Stopping threads took: 0.0000260 seconds
2015-12-17T10:43:04.478+0000: 281.211: Total time for which application threads were stopped: 0.0001000 seconds, Stopping threads took: 0.0000120 seconds
2015-12-17T10:43:04.551+0000: 281.283: Total time for which application threads were stopped: 0.0000920 seconds, Stopping threads took: 0.0000400 seconds
2015-12-17T10:43:04.551+0000: 281.284: Total time for which application threads were stopped: 0.0000260 seconds, Stopping threads took: 0.0000090 seconds
2015-12-17T10:43:04.570+0000: 281.303: Total time for which application threads were stopped: 0.0002960 seconds, Stopping threads took: 0.0000180 seconds
2015-12-17T10:43:04.572+0000: 281.304: Total time for which application threads were stopped: 0.0000520 seconds, Stopping threads took: 0.0000190 seconds
2015-12-17T10:43:04.572+0000: 281.305: Total time for which application threads were stopped: 0.0000390 seconds, Stopping threads took: 0.0000160 seconds
2015-12-17T10:43:04.583+0000: 281.315: Total time for which application threads were stopped: 0.0000480 seconds, Stopping threads took: 0.0000170 seconds
2015-12-17T10:43:04.583+0000: 281.315: Total time for which application threads were stopped: 0.0000240 seconds, Stopping threads took: 0.0000090 seconds
2015-12-17T10:43:04.849+0000: 281.581: Total time for which application threads were stopped: 0.0000890 seconds, Stopping threads took: 0.0000330 seconds
2015-12-17T10:43:04.849+0000: 281.582: Total time for which application threads were stopped: 0.0000360 seconds, Stopping threads took: 0.0000180 seconds
2015-12-17T10:43:07.703+0000: 284.436: Total time for which application threads were stopped: 0.0001390 seconds, Stopping threads took: 0.0000310 seconds
2015-12-17T10:43:07.704+0000: 284.437: Total time for which application threads were stopped: 0.0002370 seconds, Stopping threads took: 0.0000210 seconds
2015-12-17T10:43:07.717+0000: 284.450: Total time for which application threads were stopped: 0.0000330 seconds, Stopping threads took: 0.0000120 seconds
2015-12-17T10:43:07.820+0000: 284.552: Total time for which application threads were stopped: 0.0000730 seconds, Stopping threads took: 0.0000160 seconds
2015-12-17T10:43:07.820+0000: 284.552: Total time for which application threads were stopped: 0.0000320 seconds, Stopping threads took: 0.0000080 seconds
2015-12-17T10:43:07.822+0000: 284.555: Total time for which application threads were stopped: 0.0000320 seconds, Stopping threads took: 0.0000120 seconds
2015-12-17T10:43:07.823+0000: 284.555: Total time for which application threads were stopped: 0.0000920 seconds, Stopping threads took: 0.0000150 seconds
2015-12-17T10:43:07.826+0000: 284.558: Total time for which application threads were stopped: 0.0000320 seconds, Stopping threads took: 0.0000120 seconds
2015-12-17T10:43:07.826+0000: 284.558: Total time for which application threads were stopped: 0.0000260 seconds, Stopping threads took: 0.0000090 seconds
2015-12-17T10:43:09.358+0000: 286.091: Total time for which application threads were stopped: 0.0001330 seconds, Stopping threads took: 0.0000330 seconds
2015-12-17T10:43:09.367+0000: 286.099: Total time for which application threads were stopped: 0.0000520 seconds, Stopping threads took: 0.0000180 seconds
2015-12-17T10:43:10.369+0000: 287.101: Total time for which application threads were stopped: 0.0021670 seconds, Stopping threads took: 0.0020200 seconds
{Heap before GC invocations=18 (full 0):
 par new generation   total 109248K, used 102857K [0x00000000d5a00000, 0x00000000dda00000, 0x00000000dda00000)
  eden space 87424K, 100% used [0x00000000d5a00000, 0x00000000daf60000, 0x00000000daf60000)
  from space 21824K,  70% used [0x00000000daf60000, 0x00000000dbe727d0, 0x00000000dc4b0000)
  to   space 21824K,   0% used [0x00000000dc4b0000, 0x00000000dc4b0000, 0x00000000dda00000)
 concurrent mark-sweep generation total 393216K, used 45728K [0x00000000dda00000, 0x00000000f5a00000, 0x00000000f5a00000)
 concurrent-mark-sweep perm gen total 32192K, used 32080K [0x00000000f5a00000, 0x00000000f7970000, 0x0000000100000000)
2015-12-17T10:43:10.775+0000: 287.507: [GC2015-12-17T10:43:10.775+0000: 287.507: [ParNew
Desired survivor size 20112992 bytes, new threshold 8 (max 8)
- age   1:     914416 bytes,     914416 total
- age   2:      27280 bytes,     941696 total
- age   3:      44120 bytes,     985816 total
- age   4:      66720 bytes,    1052536 total
- age   5:     192520 bytes,    1245056 total
- age   6:     620712 bytes,    1865768 total
- age   7:    4175136 bytes,    6040904 total
- age   8:     724872 bytes,    6765776 total
: 102857K->8729K(109248K), 0.0204440 secs] 148586K->56655K(502464K), 0.0205270 secs] [Times: user=0.02 sys=0.00, real=0.02 secs] 
Heap after GC invocations=19 (full 0):
 par new generation   total 109248K, used 8729K [0x00000000d5a00000, 0x00000000dda00000, 0x00000000dda00000)
  eden space 87424K,   0% used [0x00000000d5a00000, 0x00000000d5a00000, 0x00000000daf60000)
  from space 21824K,  40% used [0x00000000dc4b0000, 0x00000000dcd36690, 0x00000000dda00000)
  to   space 21824K,   0% used [0x00000000daf60000, 0x00000000daf60000, 0x00000000dc4b0000)
 concurrent mark-sweep generation total 393216K, used 47925K [0x00000000dda00000, 0x00000000f5a00000, 0x00000000f5a00000)
 concurrent-mark-sweep perm gen total 32192K, used 32080K [0x00000000f5a00000, 0x00000000f7970000, 0x0000000100000000)
}
2015-12-17T10:43:10.795+0000: 287.528: Total time for which application threads were stopped: 0.0206800 seconds, Stopping threads took: 0.0000330 seconds
{Heap before GC invocations=19 (full 0):
 par new generation   total 109248K, used 96153K [0x00000000d5a00000, 0x00000000dda00000, 0x00000000dda00000)
  eden space 87424K, 100% used [0x00000000d5a00000, 0x00000000daf60000, 0x00000000daf60000)
  from space 21824K,  40% used [0x00000000dc4b0000, 0x00000000dcd36690, 0x00000000dda00000)
  to   space 21824K,   0% used [0x00000000daf60000, 0x00000000daf60000, 0x00000000dc4b0000)
 concurrent mark-sweep generation total 393216K, used 47925K [0x00000000dda00000, 0x00000000f5a00000, 0x00000000f5a00000)
 concurrent-mark-sweep perm gen total 32192K, used 32100K [0x00000000f5a00000, 0x00000000f7970000, 0x0000000100000000)
2015-12-17T10:43:11.235+0000: 287.968: [GC2015-12-17T10:43:11.235+0000: 287.968: [ParNew
Desired survivor size 20112992 bytes, new threshold 8 (max 8)
- age   1:     109568 bytes,     109568 total
- age   2:     431880 bytes,     541448 total
- age   3:      27216 bytes,     568664 total
- age   4:      44120 bytes,     612784 total
- age   5:      66720 bytes,     679504 total
- age   6:     192520 bytes,     872024 total
- age   7:     620712 bytes,    1492736 total
- age   8:    4175136 bytes,    5667872 total
: 96153K->7380K(109248K), 0.0192710 secs] 144079K->56015K(502464K), 0.0193260 secs] [Times: user=0.02 sys=0.00, real=0.02 secs] 
Heap after GC invocations=20 (full 0):
 par new generation   total 109248K, used 7380K [0x00000000d5a00000, 0x00000000dda00000, 0x00000000dda00000)
  eden space 87424K,   0% used [0x00000000d5a00000, 0x00000000d5a00000, 0x00000000daf60000)
  from space 21824K,  33% used [0x00000000daf60000, 0x00000000db6950b8, 0x00000000dc4b0000)
  to   space 21824K,   0% used [0x00000000dc4b0000, 0x00000000dc4b0000, 0x00000000dda00000)
 concurrent mark-sweep generation total 393216K, used 48635K [0x00000000dda00000, 0x00000000f5a00000, 0x00000000f5a00000)
 concurrent-mark-sweep perm gen total 32192K, used 32100K [0x00000000f5a00000, 0x00000000f7970000, 0x0000000100000000)
}
2015-12-17T10:43:11.254+0000: 287.987: Total time for which application threads were stopped: 0.0195790 seconds, Stopping threads took: 0.0000330 seconds
{Heap before GC invocations=20 (full 0):
 par new generation   total 109248K, used 94804K [0x00000000d5a00000, 0x00000000dda00000, 0x00000000dda00000)
  eden space 87424K, 100% used [0x00000000d5a00000, 0x00000000daf60000, 0x00000000daf60000)
  from space 21824K,  33% used [0x00000000daf60000, 0x00000000db6950b8, 0x00000000dc4b0000)
  to   space 21824K,   0% used [0x00000000dc4b0000, 0x00000000dc4b0000, 0x00000000dda00000)
 concurrent mark-sweep generation total 393216K, used 48635K [0x00000000dda00000, 0x00000000f5a00000, 0x00000000f5a00000)
 concurrent-mark-sweep perm gen total 32192K, used 32101K [0x00000000f5a00000, 0x00000000f7970000, 0x0000000100000000)
2015-12-17T10:43:11.528+0000: 288.261: [GC2015-12-17T10:43:11.528+0000: 288.261: [ParNew
Desired survivor size 20112992 bytes, new threshold 8 (max 8)
- age   1:     128016 bytes,     128016 total
- age   2:       6872 bytes,     134888 total
- age   3:     431352 bytes,     566240 total
- age   4:      27216 bytes,     593456 total
- age   5:      44120 bytes,     637576 total
- age   6:      66720 bytes,     704296 total
- age   7:     192520 bytes,     896816 total
- age   8:     620712 bytes,    1517528 total
: 94804K->2826K(109248K), 0.0192880 secs] 143439K->55540K(502464K), 0.0193450 secs] [Times: user=0.02 sys=0.00, real=0.02 secs] 
Heap after GC invocations=21 (full 0):
 par new generation   total 109248K, used 2826K [0x00000000d5a00000, 0x00000000dda00000, 0x00000000dda00000)
  eden space 87424K,   0% used [0x00000000d5a00000, 0x00000000d5a00000, 0x00000000daf60000)
  from space 21824K,  12% used [0x00000000dc4b0000, 0x00000000dc772a60, 0x00000000dda00000)
  to   space 21824K,   0% used [0x00000000daf60000, 0x00000000daf60000, 0x00000000dc4b0000)
 concurrent mark-sweep generation total 393216K, used 52714K [0x00000000dda00000, 0x00000000f5a00000, 0x00000000f5a00000)
 concurrent-mark-sweep perm gen total 32192K, used 32101K [0x00000000f5a00000, 0x00000000f7970000, 0x0000000100000000)
}
2015-12-17T10:43:11.548+0000: 288.280: Total time for which application threads were stopped: 0.0194960 seconds, Stopping threads took: 0.0000340 seconds
2015-12-17T10:43:12.211+0000: 288.943: Total time for which application threads were stopped: 0.0001570 seconds, Stopping threads took: 0.0000320 seconds
2015-12-17T10:43:12.211+0000: 288.944: Total time for which application threads were stopped: 0.0000430 seconds, Stopping threads took: 0.0000170 seconds
2015-12-17T10:43:12.212+0000: 288.944: Total time for which application threads were stopped: 0.0000370 seconds, Stopping threads took: 0.0000180 seconds
2015-12-17T10:43:12.212+0000: 288.945: Total time for which application threads were stopped: 0.0000540 seconds, Stopping threads took: 0.0000310 seconds
2015-12-17T10:43:12.213+0000: 288.945: Total time for which application threads were stopped: 0.0000390 seconds, Stopping threads took: 0.0000190 seconds
2015-12-17T10:43:28.296+0000: 305.029: Total time for which application threads were stopped: 0.0001610 seconds, Stopping threads took: 0.0000520 seconds
2015-12-17T10:43:28.303+0000: 305.036: Total time for which application threads were stopped: 0.0020400 seconds, Stopping threads took: 0.0020170 seconds
2015-12-17T10:43:28.303+0000: 305.036: Total time for which application threads were stopped: 0.0000450 seconds, Stopping threads took: 0.0000100 seconds
2015-12-17T10:43:28.326+0000: 305.058: Total time for which application threads were stopped: 0.0040010 seconds, Stopping threads took: 0.0039690 seconds
2015-12-17T10:43:28.341+0000: 305.074: Total time for which application threads were stopped: 0.0042130 seconds, Stopping threads took: 0.0041880 seconds
2015-12-17T10:43:28.350+0000: 305.083: Total time for which application threads were stopped: 0.0000590 seconds, Stopping threads took: 0.0000320 seconds
2015-12-17T10:43:28.382+0000: 305.115: Total time for which application threads were stopped: 0.0055710 seconds, Stopping threads took: 0.0055430 seconds
2015-12-17T10:43:28.466+0000: 305.198: Total time for which application threads were stopped: 0.0032800 seconds, Stopping threads took: 0.0032320 seconds
2015-12-17T10:43:28.466+0000: 305.198: Total time for which application threads were stopped: 0.0000480 seconds, Stopping threads took: 0.0000100 seconds
2015-12-17T10:43:28.466+0000: 305.198: Total time for which application threads were stopped: 0.0000310 seconds, Stopping threads took: 0.0000080 seconds
2015-12-17T10:43:28.529+0000: 305.262: Total time for which application threads were stopped: 0.0094220 seconds, Stopping threads took: 0.0093760 seconds
2015-12-17T10:43:29.535+0000: 306.267: Total time for which application threads were stopped: 0.0001760 seconds, Stopping threads took: 0.0000420 seconds
2015-12-17T10:43:31.679+0000: 308.412: Total time for which application threads were stopped: 0.0003200 seconds, Stopping threads took: 0.0000260 seconds
2015-12-17T10:43:31.680+0000: 308.412: Total time for which application threads were stopped: 0.0000390 seconds, Stopping threads took: 0.0000180 seconds
2015-12-17T10:43:31.782+0000: 308.515: Total time for which application threads were stopped: 0.0000640 seconds, Stopping threads took: 0.0000330 seconds
2015-12-17T10:43:31.784+0000: 308.516: Total time for which application threads were stopped: 0.0000510 seconds, Stopping threads took: 0.0000200 seconds
2015-12-17T10:43:31.784+0000: 308.517: Total time for which application threads were stopped: 0.0000370 seconds, Stopping threads took: 0.0000180 seconds
2015-12-17T10:43:31.785+0000: 308.518: Total time for which application threads were stopped: 0.0000430 seconds, Stopping threads took: 0.0000230 seconds
2015-12-17T10:43:31.838+0000: 308.571: Total time for which application threads were stopped: 0.0000690 seconds, Stopping threads took: 0.0000410 seconds
2015-12-17T10:43:31.982+0000: 308.715: Total time for which application threads were stopped: 0.0001400 seconds, Stopping threads took: 0.0000290 seconds
2015-12-17T10:43:31.983+0000: 308.715: Total time for which application threads were stopped: 0.0000360 seconds, Stopping threads took: 0.0000180 seconds
2015-12-17T10:43:31.983+0000: 308.715: Total time for which application threads were stopped: 0.0000470 seconds, Stopping threads took: 0.0000290 seconds
2015-12-17T10:43:31.983+0000: 308.715: Total time for which application threads were stopped: 0.0000320 seconds, Stopping threads took: 0.0000160 seconds
2015-12-17T10:43:32.983+0000: 309.716: Total time for which application threads were stopped: 0.0001410 seconds, Stopping threads took: 0.0000290 seconds
2015-12-17T10:43:35.739+0000: 312.472: Total time for which application threads were stopped: 0.0001250 seconds, Stopping threads took: 0.0000240 seconds
2015-12-17T10:43:35.753+0000: 312.486: Total time for which application threads were stopped: 0.0000330 seconds, Stopping threads took: 0.0000120 seconds
2015-12-17T10:43:35.762+0000: 312.494: Total time for which application threads were stopped: 0.0000440 seconds, Stopping threads took: 0.0000230 seconds
2015-12-17T10:43:35.810+0000: 312.543: Total time for which application threads were stopped: 0.0000520 seconds, Stopping threads took: 0.0000190 seconds
2015-12-17T10:43:35.824+0000: 312.557: Total time for which application threads were stopped: 0.0000320 seconds, Stopping threads took: 0.0000110 seconds
2015-12-17T10:43:35.833+0000: 312.566: Total time for which application threads were stopped: 0.0000320 seconds, Stopping threads took: 0.0000120 seconds
2015-12-17T10:43:36.833+0000: 313.566: Total time for which application threads were stopped: 0.0001490 seconds, Stopping threads took: 0.0000400 seconds
2015-12-17T10:43:41.522+0000: 318.255: Total time for which application threads were stopped: 0.0001190 seconds, Stopping threads took: 0.0000170 seconds
{Heap before GC invocations=21 (full 0):
 par new generation   total 109248K, used 90250K [0x00000000d5a00000, 0x00000000dda00000, 0x00000000dda00000)
  eden space 87424K, 100% used [0x00000000d5a00000, 0x00000000daf60000, 0x00000000daf60000)
  from space 21824K,  12% used [0x00000000dc4b0000, 0x00000000dc772a60, 0x00000000dda00000)
  to   space 21824K,   0% used [0x00000000daf60000, 0x00000000daf60000, 0x00000000dc4b0000)
 concurrent mark-sweep generation total 393216K, used 52714K [0x00000000dda00000, 0x00000000f5a00000, 0x00000000f5a00000)
 concurrent-mark-sweep perm gen total 32960K, used 32805K [0x00000000f5a00000, 0x00000000f7a30000, 0x0000000100000000)
2015-12-17T10:43:41.859+0000: 318.592: [GC2015-12-17T10:43:41.859+0000: 318.592: [ParNew
Desired survivor size 20112992 bytes, new threshold 8 (max 8)
- age   1:    4376360 bytes,    4376360 total
- age   2:       1808 bytes,    4378168 total
- age   3:        736 bytes,    4378904 total
- age   4:     264248 bytes,    4643152 total
- age   5:      26888 bytes,    4670040 total
- age   6:      43648 bytes,    4713688 total
- age   7:      65288 bytes,    4778976 total
- age   8:     177792 bytes,    4956768 total
: 90250K->5305K(109248K), 0.0249140 secs] 142964K->58618K(502464K), 0.0249810 secs] [Times: user=0.02 sys=0.00, real=0.02 secs] 
Heap after GC invocations=22 (full 0):
 par new generation   total 109248K, used 5305K [0x00000000d5a00000, 0x00000000dda00000, 0x00000000dda00000)
  eden space 87424K,   0% used [0x00000000d5a00000, 0x00000000d5a00000, 0x00000000daf60000)
  from space 21824K,  24% used [0x00000000daf60000, 0x00000000db48e650, 0x00000000dc4b0000)
  to   space 21824K,   0% used [0x00000000dc4b0000, 0x00000000dc4b0000, 0x00000000dda00000)
 concurrent mark-sweep generation total 393216K, used 53312K [0x00000000dda00000, 0x00000000f5a00000, 0x00000000f5a00000)
 concurrent-mark-sweep perm gen total 32960K, used 32805K [0x00000000f5a00000, 0x00000000f7a30000, 0x0000000100000000)
}
2015-12-17T10:43:41.884+0000: 318.617: Total time for which application threads were stopped: 0.0251290 seconds, Stopping threads took: 0.0000330 seconds
2015-12-17T10:43:41.890+0000: 318.623: Total time for which application threads were stopped: 0.0001280 seconds, Stopping threads took: 0.0000320 seconds
{Heap before GC invocations=22 (full 0):
 par new generation   total 109248K, used 92729K [0x00000000d5a00000, 0x00000000dda00000, 0x00000000dda00000)
  eden space 87424K, 100% used [0x00000000d5a00000, 0x00000000daf60000, 0x00000000daf60000)
  from space 21824K,  24% used [0x00000000daf60000, 0x00000000db48e650, 0x00000000dc4b0000)
  to   space 21824K,   0% used [0x00000000dc4b0000, 0x00000000dc4b0000, 0x00000000dda00000)
 concurrent mark-sweep generation total 393216K, used 53312K [0x00000000dda00000, 0x00000000f5a00000, 0x00000000f5a00000)
 concurrent-mark-sweep perm gen total 32960K, used 32809K [0x00000000f5a00000, 0x00000000f7a30000, 0x0000000100000000)
2015-12-17T10:43:42.774+0000: 319.506: [GC2015-12-17T10:43:42.774+0000: 319.506: [ParNew
Desired survivor size 20112992 bytes, new threshold 8 (max 8)
- age   1:    7312592 bytes,    7312592 total
- age   2:    2431360 bytes,    9743952 total
- age   3:       1808 bytes,    9745760 total
- age   4:        736 bytes,    9746496 total
- age   5:     264112 bytes,   10010608 total
- age   6:      26888 bytes,   10037496 total
- age   7:      43648 bytes,   10081144 total
- age   8:      65288 bytes,   10146432 total
: 92729K->11383K(109248K), 0.0261290 secs] 146042K->64870K(502464K), 0.0262090 secs] [Times: user=0.02 sys=0.00, real=0.03 secs] 
Heap after GC invocations=23 (full 0):
 par new generation   total 109248K, used 11383K [0x00000000d5a00000, 0x00000000dda00000, 0x00000000dda00000)
  eden space 87424K,   0% used [0x00000000d5a00000, 0x00000000d5a00000, 0x00000000daf60000)
  from space 21824K,  52% used [0x00000000dc4b0000, 0x00000000dcfcdc80, 0x00000000dda00000)
  to   space 21824K,   0% used [0x00000000daf60000, 0x00000000daf60000, 0x00000000dc4b0000)
 concurrent mark-sweep generation total 393216K, used 53487K [0x00000000dda00000, 0x00000000f5a00000, 0x00000000f5a00000)
 concurrent-mark-sweep perm gen total 32960K, used 32809K [0x00000000f5a00000, 0x00000000f7a30000, 0x0000000100000000)
}
2015-12-17T10:43:42.800+0000: 319.532: Total time for which application threads were stopped: 0.0264810 seconds, Stopping threads took: 0.0000330 seconds
2015-12-17T10:43:43.152+0000: 319.884: Total time for which application threads were stopped: 0.0000740 seconds, Stopping threads took: 0.0000310 seconds
2015-12-17T10:43:43.152+0000: 319.884: Total time for which application threads were stopped: 0.0000360 seconds, Stopping threads took: 0.0000180 seconds
2015-12-17T10:43:47.178+0000: 323.911: Total time for which application threads were stopped: 0.0001600 seconds, Stopping threads took: 0.0000210 seconds
2015-12-17T10:43:47.199+0000: 323.932: Total time for which application threads were stopped: 0.0000560 seconds, Stopping threads took: 0.0000200 seconds
2015-12-17T10:43:47.216+0000: 323.948: Total time for which application threads were stopped: 0.0000340 seconds, Stopping threads took: 0.0000120 seconds
2015-12-17T10:43:47.216+0000: 323.948: Total time for which application threads were stopped: 0.0000250 seconds, Stopping threads took: 0.0000090 seconds
2015-12-17T10:43:47.216+0000: 323.948: Total time for which application threads were stopped: 0.0000230 seconds, Stopping threads took: 0.0000070 seconds
2015-12-17T10:43:48.216+0000: 324.949: Total time for which application threads were stopped: 0.0001320 seconds, Stopping threads took: 0.0000270 seconds
2015-12-17T10:43:51.527+0000: 328.260: Total time for which application threads were stopped: 0.0001220 seconds, Stopping threads took: 0.0000180 seconds
{Heap before GC invocations=23 (full 0):
 par new generation   total 109248K, used 98807K [0x00000000d5a00000, 0x00000000dda00000, 0x00000000dda00000)
  eden space 87424K, 100% used [0x00000000d5a00000, 0x00000000daf60000, 0x00000000daf60000)
  from space 21824K,  52% used [0x00000000dc4b0000, 0x00000000dcfcdc80, 0x00000000dda00000)
  to   space 21824K,   0% used [0x00000000daf60000, 0x00000000daf60000, 0x00000000dc4b0000)
 concurrent mark-sweep generation total 393216K, used 53487K [0x00000000dda00000, 0x00000000f5a00000, 0x00000000f5a00000)
 concurrent-mark-sweep perm gen total 32960K, used 32816K [0x00000000f5a00000, 0x00000000f7a30000, 0x0000000100000000)
2015-12-17T10:43:51.684+0000: 328.417: [GC2015-12-17T10:43:51.684+0000: 328.417: [ParNew
Desired survivor size 20112992 bytes, new threshold 8 (max 8)
- age   1:    3542912 bytes,    3542912 total
- age   2:        304 bytes,    3543216 total
- age   3:     294504 bytes,    3837720 total
- age   4:       1808 bytes,    3839528 total
- age   5:        736 bytes,    3840264 total
- age   6:     263160 bytes,    4103424 total
- age   7:      26888 bytes,    4130312 total
- age   8:      43648 bytes,    4173960 total
: 98807K->10237K(109248K), 0.0262080 secs] 152294K->63788K(502464K), 0.0262810 secs] [Times: user=0.03 sys=0.00, real=0.03 secs] 
Heap after GC invocations=24 (full 0):
 par new generation   total 109248K, used 10237K [0x00000000d5a00000, 0x00000000dda00000, 0x00000000dda00000)
  eden space 87424K,   0% used [0x00000000d5a00000, 0x00000000d5a00000, 0x00000000daf60000)
  from space 21824K,  46% used [0x00000000daf60000, 0x00000000db95f7b8, 0x00000000dc4b0000)
  to   space 21824K,   0% used [0x00000000dc4b0000, 0x00000000dc4b0000, 0x00000000dda00000)
 concurrent mark-sweep generation total 393216K, used 53550K [0x00000000dda00000, 0x00000000f5a00000, 0x00000000f5a00000)
 concurrent-mark-sweep perm gen total 32960K, used 32816K [0x00000000f5a00000, 0x00000000f7a30000, 0x0000000100000000)
}
2015-12-17T10:43:51.711+0000: 328.443: Total time for which application threads were stopped: 0.0265030 seconds, Stopping threads took: 0.0000470 seconds
{Heap before GC invocations=24 (full 0):
 par new generation   total 109248K, used 97661K [0x00000000d5a00000, 0x00000000dda00000, 0x00000000dda00000)
  eden space 87424K, 100% used [0x00000000d5a00000, 0x00000000daf60000, 0x00000000daf60000)
  from space 21824K,  46% used [0x00000000daf60000, 0x00000000db95f7b8, 0x00000000dc4b0000)
  to   space 21824K,   0% used [0x00000000dc4b0000, 0x00000000dc4b0000, 0x00000000dda00000)
 concurrent mark-sweep generation total 393216K, used 53550K [0x00000000dda00000, 0x00000000f5a00000, 0x00000000f5a00000)
 concurrent-mark-sweep perm gen total 32960K, used 32827K [0x00000000f5a00000, 0x00000000f7a30000, 0x0000000100000000)
2015-12-17T10:43:52.225+0000: 328.958: [GC2015-12-17T10:43:52.225+0000: 328.958: [ParNew
Desired survivor size 20112992 bytes, new threshold 8 (max 8)
- age   1:    8927704 bytes,    8927704 total
- age   2:    2585224 bytes,   11512928 total
- age   3:        304 bytes,   11513232 total
- age   4:     258880 bytes,   11772112 total
- age   5:       1808 bytes,   11773920 total
- age   6:        736 bytes,   11774656 total
- age   7:     263160 bytes,   12037816 total
- age   8:      26888 bytes,   12064704 total
: 97661K->13551K(109248K), 0.0286890 secs] 151212K->67145K(502464K), 0.0287880 secs] [Times: user=0.03 sys=0.00, real=0.03 secs] 
Heap after GC invocations=25 (full 0):
 par new generation   total 109248K, used 13551K [0x00000000d5a00000, 0x00000000dda00000, 0x00000000dda00000)
  eden space 87424K,   0% used [0x00000000d5a00000, 0x00000000d5a00000, 0x00000000daf60000)
  from space 21824K,  62% used [0x00000000dc4b0000, 0x00000000dd1ebf00, 0x00000000dda00000)
  to   space 21824K,   0% used [0x00000000daf60000, 0x00000000daf60000, 0x00000000dc4b0000)
 concurrent mark-sweep generation total 393216K, used 53593K [0x00000000dda00000, 0x00000000f5a00000, 0x00000000f5a00000)
 concurrent-mark-sweep perm gen total 32960K, used 32827K [0x00000000f5a00000, 0x00000000f7a30000, 0x0000000100000000)
}
2015-12-17T10:43:52.254+0000: 328.987: Total time for which application threads were stopped: 0.0310080 seconds, Stopping threads took: 0.0020360 seconds
{Heap before GC invocations=25 (full 0):
 par new generation   total 109248K, used 100975K [0x00000000d5a00000, 0x00000000dda00000, 0x00000000dda00000)
  eden space 87424K, 100% used [0x00000000d5a00000, 0x00000000daf60000, 0x00000000daf60000)
  from space 21824K,  62% used [0x00000000dc4b0000, 0x00000000dd1ebf00, 0x00000000dda00000)
  to   space 21824K,   0% used [0x00000000daf60000, 0x00000000daf60000, 0x00000000dc4b0000)
 concurrent mark-sweep generation total 393216K, used 53593K [0x00000000dda00000, 0x00000000f5a00000, 0x00000000f5a00000)
 concurrent-mark-sweep perm gen total 32960K, used 32828K [0x00000000f5a00000, 0x00000000f7a30000, 0x0000000100000000)
2015-12-17T10:43:52.760+0000: 329.493: [GC2015-12-17T10:43:52.760+0000: 329.493: [ParNew
Desired survivor size 20112992 bytes, new threshold 8 (max 8)
- age   1:   10997880 bytes,   10997880 total
- age   2:    6030400 bytes,   17028280 total
- age   3:    2581928 bytes,   19610208 total
- age   4:        280 bytes,   19610488 total
- age   5:     258880 bytes,   19869368 total
- age   6:       1808 bytes,   19871176 total
- age   7:        736 bytes,   19871912 total
- age   8:     263160 bytes,   20135072 total
: 100975K->21824K(109248K), 0.0268510 secs] 154569K->75444K(502464K), 0.0269160 secs] [Times: user=0.03 sys=0.00, real=0.02 secs] 
Heap after GC invocations=26 (full 0):
 par new generation   total 109248K, used 21824K [0x00000000d5a00000, 0x00000000dda00000, 0x00000000dda00000)
  eden space 87424K,   0% used [0x00000000d5a00000, 0x00000000d5a00000, 0x00000000daf60000)
  from space 21824K, 100% used [0x00000000daf60000, 0x00000000dc4b0000, 0x00000000dc4b0000)
  to   space 21824K,   0% used [0x00000000dc4b0000, 0x00000000dc4b0000, 0x00000000dda00000)
 concurrent mark-sweep generation total 393216K, used 53620K [0x00000000dda00000, 0x00000000f5a00000, 0x00000000f5a00000)
 concurrent-mark-sweep perm gen total 32960K, used 32828K [0x00000000f5a00000, 0x00000000f7a30000, 0x0000000100000000)
}
2015-12-17T10:43:52.787+0000: 329.520: Total time for which application threads were stopped: 0.0271530 seconds, Stopping threads took: 0.0000360 seconds
{Heap before GC invocations=26 (full 0):
 par new generation   total 109248K, used 109248K [0x00000000d5a00000, 0x00000000dda00000, 0x00000000dda00000)
  eden space 87424K, 100% used [0x00000000d5a00000, 0x00000000daf60000, 0x00000000daf60000)
  from space 21824K, 100% used [0x00000000daf60000, 0x00000000dc4b0000, 0x00000000dc4b0000)
  to   space 21824K,   0% used [0x00000000dc4b0000, 0x00000000dc4b0000, 0x00000000dda00000)
 concurrent mark-sweep generation total 393216K, used 53620K [0x00000000dda00000, 0x00000000f5a00000, 0x00000000f5a00000)
 concurrent-mark-sweep perm gen total 32960K, used 32829K [0x00000000f5a00000, 0x00000000f7a30000, 0x0000000100000000)
2015-12-17T10:43:53.174+0000: 329.907: [GC2015-12-17T10:43:53.175+0000: 329.907: [ParNew
Desired survivor size 20112992 bytes, new threshold 8 (max 8)
- age   1:    2569536 bytes,    2569536 total
- age   2:    8542352 bytes,   11111888 total
- age   3:    5608696 bytes,   16720584 total
- age   4:    2396640 bytes,   19117224 total
- age   5:        120 bytes,   19117344 total
- age   6:     192496 bytes,   19309840 total
- age   7:       1808 bytes,   19311648 total
- age   8:        736 bytes,   19312384 total
: 109248K->21824K(109248K), 0.0282850 secs] 162868K->76521K(502464K), 0.0283730 secs] [Times: user=0.03 sys=0.00, real=0.03 secs] 
Heap after GC invocations=27 (full 0):
 par new generation   total 109248K, used 21824K [0x00000000d5a00000, 0x00000000dda00000, 0x00000000dda00000)
  eden space 87424K,   0% used [0x00000000d5a00000, 0x00000000d5a00000, 0x00000000daf60000)
  from space 21824K, 100% used [0x00000000dc4b0000, 0x00000000dda00000, 0x00000000dda00000)
  to   space 21824K,   0% used [0x00000000daf60000, 0x00000000daf60000, 0x00000000dc4b0000)
 concurrent mark-sweep generation total 393216K, used 54697K [0x00000000dda00000, 0x00000000f5a00000, 0x00000000f5a00000)
 concurrent-mark-sweep perm gen total 32960K, used 32829K [0x00000000f5a00000, 0x00000000f7a30000, 0x0000000100000000)
}
2015-12-17T10:43:53.203+0000: 329.936: Total time for which application threads were stopped: 0.0286180 seconds, Stopping threads took: 0.0000590 seconds
2015-12-17T10:43:53.763+0000: 330.496: Total time for which application threads were stopped: 0.0001510 seconds, Stopping threads took: 0.0000330 seconds
2015-12-17T10:43:53.763+0000: 330.496: Total time for which application threads were stopped: 0.0000520 seconds, Stopping threads took: 0.0000080 seconds
2015-12-17T10:43:53.763+0000: 330.496: Total time for which application threads were stopped: 0.0000330 seconds, Stopping threads took: 0.0000080 seconds
2015-12-17T10:43:53.763+0000: 330.496: Total time for which application threads were stopped: 0.0000330 seconds, Stopping threads took: 0.0000090 seconds
2015-12-17T10:43:53.763+0000: 330.496: Total time for which application threads were stopped: 0.0000250 seconds, Stopping threads took: 0.0000080 seconds
2015-12-17T10:43:54.290+0000: 331.022: Total time for which application threads were stopped: 0.0001250 seconds, Stopping threads took: 0.0000220 seconds
2015-12-17T10:43:54.324+0000: 331.057: Total time for which application threads were stopped: 0.0031260 seconds, Stopping threads took: 0.0030670 seconds
2015-12-17T10:43:54.324+0000: 331.057: Total time for which application threads were stopped: 0.0000300 seconds, Stopping threads took: 0.0000110 seconds
2015-12-17T10:43:54.324+0000: 331.057: Total time for which application threads were stopped: 0.0000270 seconds, Stopping threads took: 0.0000090 seconds
2015-12-17T10:43:54.325+0000: 331.057: Total time for which application threads were stopped: 0.0000250 seconds, Stopping threads took: 0.0000090 seconds
{Heap before GC invocations=27 (full 0):
 par new generation   total 109248K, used 109248K [0x00000000d5a00000, 0x00000000dda00000, 0x00000000dda00000)
  eden space 87424K, 100% used [0x00000000d5a00000, 0x00000000daf60000, 0x00000000daf60000)
  from space 21824K, 100% used [0x00000000dc4b0000, 0x00000000dda00000, 0x00000000dda00000)
  to   space 21824K,   0% used [0x00000000daf60000, 0x00000000daf60000, 0x00000000dc4b0000)
 concurrent mark-sweep generation total 393216K, used 54697K [0x00000000dda00000, 0x00000000f5a00000, 0x00000000f5a00000)
 concurrent-mark-sweep perm gen total 32960K, used 32835K [0x00000000f5a00000, 0x00000000f7a30000, 0x0000000100000000)
2015-12-17T10:43:54.430+0000: 331.163: [GC2015-12-17T10:43:54.431+0000: 331.163: [ParNew
Desired survivor size 20112992 bytes, new threshold 8 (max 8)
- age   1:    1697824 bytes,    1697824 total
- age   2:    2114824 bytes,    3812648 total
- age   3:    7188168 bytes,   11000816 total
- age   4:    4327816 bytes,   15328632 total
- age   5:    1781776 bytes,   17110408 total
- age   7:     191920 bytes,   17302328 total
- age   8:       1808 bytes,   17304136 total
: 109248K->18382K(109248K), 0.0251620 secs] 163945K->73080K(502464K), 0.0252510 secs] [Times: user=0.03 sys=0.00, real=0.02 secs] 
Heap after GC invocations=28 (full 0):
 par new generation   total 109248K, used 18382K [0x00000000d5a00000, 0x00000000dda00000, 0x00000000dda00000)
  eden space 87424K,   0% used [0x00000000d5a00000, 0x00000000d5a00000, 0x00000000daf60000)
  from space 21824K,  84% used [0x00000000daf60000, 0x00000000dc153940, 0x00000000dc4b0000)
  to   space 21824K,   0% used [0x00000000dc4b0000, 0x00000000dc4b0000, 0x00000000dda00000)
 concurrent mark-sweep generation total 393216K, used 54698K [0x00000000dda00000, 0x00000000f5a00000, 0x00000000f5a00000)
 concurrent-mark-sweep perm gen total 32960K, used 32835K [0x00000000f5a00000, 0x00000000f7a30000, 0x0000000100000000)
}
2015-12-17T10:43:54.456+0000: 331.188: Total time for which application threads were stopped: 0.0254230 seconds, Stopping threads took: 0.0000470 seconds
2015-12-17T10:43:55.456+0000: 332.189: Total time for which application threads were stopped: 0.0001790 seconds, Stopping threads took: 0.0000420 seconds
2015-12-17T10:44:00.457+0000: 337.190: Total time for which application threads were stopped: 0.0001490 seconds, Stopping threads took: 0.0000390 seconds
2015-12-17T10:44:01.457+0000: 338.190: Total time for which application threads were stopped: 0.0001410 seconds, Stopping threads took: 0.0000310 seconds
2015-12-17T10:44:07.826+0000: 344.559: Total time for which application threads were stopped: 0.0001560 seconds, Stopping threads took: 0.0000290 seconds
2015-12-17T10:44:27.293+0000: 364.025: Total time for which application threads were stopped: 0.0001320 seconds, Stopping threads took: 0.0000250 seconds
2015-12-17T10:44:27.298+0000: 364.030: Total time for which application threads were stopped: 0.0000520 seconds, Stopping threads took: 0.0000230 seconds
{Heap before GC invocations=28 (full 0):
 par new generation   total 109248K, used 105806K [0x00000000d5a00000, 0x00000000dda00000, 0x00000000dda00000)
  eden space 87424K, 100% used [0x00000000d5a00000, 0x00000000daf60000, 0x00000000daf60000)
  from space 21824K,  84% used [0x00000000daf60000, 0x00000000dc153940, 0x00000000dc4b0000)
  to   space 21824K,   0% used [0x00000000dc4b0000, 0x00000000dc4b0000, 0x00000000dda00000)
 concurrent mark-sweep generation total 393216K, used 54698K [0x00000000dda00000, 0x00000000f5a00000, 0x00000000f5a00000)
 concurrent-mark-sweep perm gen total 32960K, used 32843K [0x00000000f5a00000, 0x00000000f7a30000, 0x0000000100000000)
2015-12-17T10:44:27.504+0000: 364.237: [GC2015-12-17T10:44:27.504+0000: 364.237: [ParNew
Desired survivor size 20112992 bytes, new threshold 8 (max 8)
- age   1:    4440616 bytes,    4440616 total
- age   2:     283632 bytes,    4724248 total
- age   3:    1981088 bytes,    6705336 total
- age   4:    5704600 bytes,   12409936 total
- age   5:    3180320 bytes,   15590256 total
- age   6:    1516984 bytes,   17107240 total
- age   8:     190912 bytes,   17298152 total
: 105806K->21824K(109248K), 0.0226960 secs] 160504K->79734K(502464K), 0.0227770 secs] [Times: user=0.02 sys=0.00, real=0.02 secs] 
Heap after GC invocations=29 (full 0):
 par new generation   total 109248K, used 21824K [0x00000000d5a00000, 0x00000000dda00000, 0x00000000dda00000)
  eden space 87424K,   0% used [0x00000000d5a00000, 0x00000000d5a00000, 0x00000000daf60000)
  from space 21824K, 100% used [0x00000000dc4b0000, 0x00000000dda00000, 0x00000000dda00000)
  to   space 21824K,   0% used [0x00000000daf60000, 0x00000000daf60000, 0x00000000dc4b0000)
 concurrent mark-sweep generation total 393216K, used 57910K [0x00000000dda00000, 0x00000000f5a00000, 0x00000000f5a00000)
 concurrent-mark-sweep perm gen total 32960K, used 32843K [0x00000000f5a00000, 0x00000000f7a30000, 0x0000000100000000)
}
2015-12-17T10:44:27.527+0000: 364.260: Total time for which application threads were stopped: 0.0229440 seconds, Stopping threads took: 0.0000340 seconds
2015-12-17T10:44:28.030+0000: 364.763: Total time for which application threads were stopped: 0.0001740 seconds, Stopping threads took: 0.0000280 seconds
2015-12-17T10:44:28.030+0000: 364.763: Total time for which application threads were stopped: 0.0000320 seconds, Stopping threads took: 0.0000160 seconds
2015-12-17T10:44:29.031+0000: 365.763: Total time for which application threads were stopped: 0.0001290 seconds, Stopping threads took: 0.0000240 seconds
2015-12-17T10:44:29.417+0000: 366.150: Total time for which application threads were stopped: 0.0000650 seconds, Stopping threads took: 0.0000290 seconds
2015-12-17T10:44:29.417+0000: 366.150: Total time for which application threads were stopped: 0.0001110 seconds, Stopping threads took: 0.0000080 seconds
2015-12-17T10:44:29.417+0000: 366.150: Total time for which application threads were stopped: 0.0000230 seconds, Stopping threads took: 0.0000080 seconds
2015-12-17T10:44:29.418+0000: 366.150: Total time for which application threads were stopped: 0.0000330 seconds, Stopping threads took: 0.0000160 seconds
2015-12-17T10:44:29.418+0000: 366.150: Total time for which application threads were stopped: 0.0000300 seconds, Stopping threads took: 0.0000150 seconds
2015-12-17T10:44:34.218+0000: 370.951: Total time for which application threads were stopped: 0.0021690 seconds, Stopping threads took: 0.0020360 seconds
2015-12-17T10:44:34.243+0000: 370.975: Total time for which application threads were stopped: 0.0026020 seconds, Stopping threads took: 0.0025500 seconds
2015-12-17T10:44:34.243+0000: 370.975: Total time for which application threads were stopped: 0.0000310 seconds, Stopping threads took: 0.0000110 seconds
2015-12-17T10:44:34.267+0000: 370.999: Total time for which application threads were stopped: 0.0000820 seconds, Stopping threads took: 0.0000400 seconds
2015-12-17T10:44:34.270+0000: 371.003: Total time for which application threads were stopped: 0.0000360 seconds, Stopping threads took: 0.0000130 seconds
2015-12-17T10:44:34.271+0000: 371.003: Total time for which application threads were stopped: 0.0000260 seconds, Stopping threads took: 0.0000090 seconds
2015-12-17T10:44:34.271+0000: 371.003: Total time for which application threads were stopped: 0.0000390 seconds, Stopping threads took: 0.0000220 seconds
2015-12-17T10:44:34.271+0000: 371.003: Total time for which application threads were stopped: 0.0000240 seconds, Stopping threads took: 0.0000080 seconds
{Heap before GC invocations=29 (full 0):
 par new generation   total 109248K, used 109248K [0x00000000d5a00000, 0x00000000dda00000, 0x00000000dda00000)
  eden space 87424K, 100% used [0x00000000d5a00000, 0x00000000daf60000, 0x00000000daf60000)
  from space 21824K, 100% used [0x00000000dc4b0000, 0x00000000dda00000, 0x00000000dda00000)
  to   space 21824K,   0% used [0x00000000daf60000, 0x00000000daf60000, 0x00000000dc4b0000)
 concurrent mark-sweep generation total 393216K, used 57910K [0x00000000dda00000, 0x00000000f5a00000, 0x00000000f5a00000)
 concurrent-mark-sweep perm gen total 32960K, used 32849K [0x00000000f5a00000, 0x00000000f7a30000, 0x0000000100000000)
2015-12-17T10:44:34.443+0000: 371.176: [GC2015-12-17T10:44:34.468+0000: 371.200: [ParNew
Desired survivor size 20112992 bytes, new threshold 8 (max 8)
- age   1:    2608672 bytes,    2608672 total
- age   2:     637184 bytes,    3245856 total
- age   3:     134008 bytes,    3379864 total
- age   4:    1980880 bytes,    5360744 total
- age   5:    5704600 bytes,   11065344 total
- age   6:    3180320 bytes,   14245664 total
- age   7:    1515632 bytes,   15761296 total
: 109248K->18641K(109248K), 0.0221740 secs] 167158K->76674K(502464K), 0.0463770 secs] [Times: user=0.03 sys=0.00, real=0.04 secs] 
Heap after GC invocations=30 (full 0):
 par new generation   total 109248K, used 18641K [0x00000000d5a00000, 0x00000000dda00000, 0x00000000dda00000)
  eden space 87424K,   0% used [0x00000000d5a00000, 0x00000000d5a00000, 0x00000000daf60000)
  from space 21824K,  85% used [0x00000000daf60000, 0x00000000dc194518, 0x00000000dc4b0000)
  to   space 21824K,   0% used [0x00000000dc4b0000, 0x00000000dc4b0000, 0x00000000dda00000)
 concurrent mark-sweep generation total 393216K, used 58032K [0x00000000dda00000, 0x00000000f5a00000, 0x00000000f5a00000)
 concurrent-mark-sweep perm gen total 32960K, used 32849K [0x00000000f5a00000, 0x00000000f7a30000, 0x0000000100000000)
}
2015-12-17T10:44:34.490+0000: 371.222: Total time for which application threads were stopped: 0.0465270 seconds, Stopping threads took: 0.0000330 seconds
2015-12-17T10:44:35.493+0000: 372.226: Total time for which application threads were stopped: 0.0001490 seconds, Stopping threads took: 0.0000320 seconds
2015-12-17T10:45:36.560+0000: 433.292: Total time for which application threads were stopped: 0.0001350 seconds, Stopping threads took: 0.0000390 seconds
2015-12-17T10:45:36.700+0000: 433.433: Total time for which application threads were stopped: 0.0000910 seconds, Stopping threads took: 0.0000360 seconds
2015-12-17T10:45:36.702+0000: 433.435: Total time for which application threads were stopped: 0.0000300 seconds, Stopping threads took: 0.0000100 seconds
2015-12-17T10:45:36.706+0000: 433.439: Total time for which application threads were stopped: 0.0000490 seconds, Stopping threads took: 0.0000190 seconds
2015-12-17T10:45:36.710+0000: 433.443: Total time for which application threads were stopped: 0.0000500 seconds, Stopping threads took: 0.0000250 seconds
2015-12-17T10:45:36.713+0000: 433.446: Total time for which application threads were stopped: 0.0000430 seconds, Stopping threads took: 0.0000180 seconds
2015-12-17T10:45:36.752+0000: 433.485: Total time for which application threads were stopped: 0.0001000 seconds, Stopping threads took: 0.0000320 seconds
2015-12-17T10:45:40.109+0000: 436.842: Total time for which application threads were stopped: 0.0001520 seconds, Stopping threads took: 0.0000320 seconds
2015-12-17T10:45:40.109+0000: 436.842: Total time for which application threads were stopped: 0.0000290 seconds, Stopping threads took: 0.0000090 seconds
2015-12-17T10:45:41.109+0000: 437.842: Total time for which application threads were stopped: 0.0001720 seconds, Stopping threads took: 0.0000390 seconds
2015-12-17T10:46:55.160+0000: 511.893: Total time for which application threads were stopped: 0.0001470 seconds, Stopping threads took: 0.0000410 seconds
2015-12-17T10:46:56.160+0000: 512.893: Total time for which application threads were stopped: 0.0001290 seconds, Stopping threads took: 0.0000250 seconds
2015-12-17T10:46:56.691+0000: 513.423: Total time for which application threads were stopped: 0.0001350 seconds, Stopping threads took: 0.0000230 seconds
2015-12-17T10:46:56.693+0000: 513.426: Total time for which application threads were stopped: 0.0000560 seconds, Stopping threads took: 0.0000320 seconds
2015-12-17T10:46:56.694+0000: 513.427: Total time for which application threads were stopped: 0.0000390 seconds, Stopping threads took: 0.0000180 seconds
2015-12-17T10:46:56.737+0000: 513.470: Total time for which application threads were stopped: 0.0020550 seconds, Stopping threads took: 0.0020260 seconds
2015-12-17T10:46:56.745+0000: 513.478: Total time for which application threads were stopped: 0.0020520 seconds, Stopping threads took: 0.0020270 seconds
2015-12-17T10:46:56.752+0000: 513.485: Total time for which application threads were stopped: 0.0019930 seconds, Stopping threads took: 0.0019720 seconds
2015-12-17T10:46:56.761+0000: 513.494: Total time for which application threads were stopped: 0.0011350 seconds, Stopping threads took: 0.0011080 seconds
2015-12-17T10:46:56.796+0000: 513.528: Total time for which application threads were stopped: 0.0000770 seconds, Stopping threads took: 0.0000330 seconds
2015-12-17T10:46:57.796+0000: 514.529: Total time for which application threads were stopped: 0.0001820 seconds, Stopping threads took: 0.0000570 seconds
2015-12-17T10:47:57.683+0000: 574.416: Total time for which application threads were stopped: 0.0001450 seconds, Stopping threads took: 0.0000310 seconds
2015-12-17T10:47:57.688+0000: 574.421: Total time for which application threads were stopped: 0.0000300 seconds, Stopping threads took: 0.0000100 seconds
2015-12-17T10:47:57.694+0000: 574.427: Total time for which application threads were stopped: 0.0000290 seconds, Stopping threads took: 0.0000090 seconds
2015-12-17T10:47:57.703+0000: 574.436: Total time for which application threads were stopped: 0.0021420 seconds, Stopping threads took: 0.0020160 seconds
2015-12-17T10:47:57.708+0000: 574.441: Total time for which application threads were stopped: 0.0000570 seconds, Stopping threads took: 0.0000350 seconds
{Heap before GC invocations=30 (full 0):
 par new generation   total 109248K, used 106065K [0x00000000d5a00000, 0x00000000dda00000, 0x00000000dda00000)
  eden space 87424K, 100% used [0x00000000d5a00000, 0x00000000daf60000, 0x00000000daf60000)
  from space 21824K,  85% used [0x00000000daf60000, 0x00000000dc194518, 0x00000000dc4b0000)
  to   space 21824K,   0% used [0x00000000dc4b0000, 0x00000000dc4b0000, 0x00000000dda00000)
 concurrent mark-sweep generation total 393216K, used 58032K [0x00000000dda00000, 0x00000000f5a00000, 0x00000000f5a00000)
 concurrent-mark-sweep perm gen total 32960K, used 32853K [0x00000000f5a00000, 0x00000000f7a30000, 0x0000000100000000)
2015-12-17T10:47:57.717+0000: 574.450: [GC2015-12-17T10:47:57.717+0000: 574.450: [ParNew
Desired survivor size 20112992 bytes, new threshold 8 (max 8)
- age   1:    3632232 bytes,    3632232 total
- age   2:    1304832 bytes,    4937064 total
- age   3:     633736 bytes,    5570800 total
- age   4:     133192 bytes,    5703992 total
- age   5:    1980880 bytes,    7684872 total
- age   6:    5704600 bytes,   13389472 total
- age   7:    3180320 bytes,   16569792 total
- age   8:    1515160 bytes,   18084952 total
: 106065K->21310K(109248K), 0.0209810 secs] 164098K->79343K(502464K), 0.0210450 secs] [Times: user=0.02 sys=0.00, real=0.02 secs] 
Heap after GC invocations=31 (full 0):
 par new generation   total 109248K, used 21310K [0x00000000d5a00000, 0x00000000dda00000, 0x00000000dda00000)
  eden space 87424K,   0% used [0x00000000d5a00000, 0x00000000d5a00000, 0x00000000daf60000)
  from space 21824K,  97% used [0x00000000dc4b0000, 0x00000000dd97f9d0, 0x00000000dda00000)
  to   space 21824K,   0% used [0x00000000daf60000, 0x00000000daf60000, 0x00000000dc4b0000)
 concurrent mark-sweep generation total 393216K, used 58032K [0x00000000dda00000, 0x00000000f5a00000, 0x00000000f5a00000)
 concurrent-mark-sweep perm gen total 32960K, used 32853K [0x00000000f5a00000, 0x00000000f7a30000, 0x0000000100000000)
}
2015-12-17T10:47:57.738+0000: 574.471: Total time for which application threads were stopped: 0.0217490 seconds, Stopping threads took: 0.0006110 seconds
2015-12-17T10:47:57.741+0000: 574.474: Total time for which application threads were stopped: 0.0000460 seconds, Stopping threads took: 0.0000160 seconds
2015-12-17T10:48:17.086+0000: 593.818: Total time for which application threads were stopped: 0.0001630 seconds, Stopping threads took: 0.0000250 seconds
2015-12-17T10:48:17.091+0000: 593.823: Total time for which application threads were stopped: 0.0000330 seconds, Stopping threads took: 0.0000110 seconds
2015-12-17T10:48:17.097+0000: 593.830: Total time for which application threads were stopped: 0.0020500 seconds, Stopping threads took: 0.0020260 seconds
2015-12-17T10:48:17.104+0000: 593.837: Total time for which application threads were stopped: 0.0000520 seconds, Stopping threads took: 0.0000260 seconds
2015-12-17T10:48:17.113+0000: 593.846: Total time for which application threads were stopped: 0.0038180 seconds, Stopping threads took: 0.0037690 seconds
2015-12-17T10:48:17.118+0000: 593.851: Total time for which application threads were stopped: 0.0000910 seconds, Stopping threads took: 0.0000230 seconds
{Heap before GC invocations=31 (full 0):
 par new generation   total 109248K, used 108734K [0x00000000d5a00000, 0x00000000dda00000, 0x00000000dda00000)
  eden space 87424K, 100% used [0x00000000d5a00000, 0x00000000daf60000, 0x00000000daf60000)
  from space 21824K,  97% used [0x00000000dc4b0000, 0x00000000dd97f9d0, 0x00000000dda00000)
  to   space 21824K,   0% used [0x00000000daf60000, 0x00000000daf60000, 0x00000000dc4b0000)
 concurrent mark-sweep generation total 393216K, used 58032K [0x00000000dda00000, 0x00000000f5a00000, 0x00000000f5a00000)
 concurrent-mark-sweep perm gen total 32960K, used 32865K [0x00000000f5a00000, 0x00000000f7a30000, 0x0000000100000000)
2015-12-17T10:48:17.212+0000: 593.945: [GC2015-12-17T10:48:17.213+0000: 593.945: [ParNew
Desired survivor size 20112992 bytes, new threshold 8 (max 8)
- age   1:    1879512 bytes,    1879512 total
- age   2:    2345032 bytes,    4224544 total
- age   3:    1304560 bytes,    5529104 total
- age   4:     620712 bytes,    6149816 total
- age   5:     133192 bytes,    6283008 total
- age   6:    1980880 bytes,    8263888 total
- age   7:    5704600 bytes,   13968488 total
- age   8:    3180320 bytes,   17148808 total
: 108734K->20996K(109248K), 0.0448340 secs] 166767K->80509K(502464K), 0.0449330 secs] [Times: user=0.04 sys=0.00, real=0.04 secs] 
Heap after GC invocations=32 (full 0):
 par new generation   total 109248K, used 20996K [0x00000000d5a00000, 0x00000000dda00000, 0x00000000dda00000)
  eden space 87424K,   0% used [0x00000000d5a00000, 0x00000000d5a00000, 0x00000000daf60000)
  from space 21824K,  96% used [0x00000000daf60000, 0x00000000dc3e13d0, 0x00000000dc4b0000)
  to   space 21824K,   0% used [0x00000000dc4b0000, 0x00000000dc4b0000, 0x00000000dda00000)
 concurrent mark-sweep generation total 393216K, used 59512K [0x00000000dda00000, 0x00000000f5a00000, 0x00000000f5a00000)
 concurrent-mark-sweep perm gen total 32960K, used 32865K [0x00000000f5a00000, 0x00000000f7a30000, 0x0000000100000000)
}
2015-12-17T10:48:17.257+0000: 593.990: Total time for which application threads were stopped: 0.0471040 seconds, Stopping threads took: 0.0020330 seconds
2015-12-17T10:48:29.260+0000: 605.993: Total time for which application threads were stopped: 0.0001500 seconds, Stopping threads took: 0.0000260 seconds
2015-12-17T10:48:34.261+0000: 610.994: Total time for which application threads were stopped: 0.0001240 seconds, Stopping threads took: 0.0000260 seconds
{Heap before GC invocations=32 (full 0):
 par new generation   total 109248K, used 108420K [0x00000000d5a00000, 0x00000000dda00000, 0x00000000dda00000)
  eden space 87424K, 100% used [0x00000000d5a00000, 0x00000000daf60000, 0x00000000daf60000)
  from space 21824K,  96% used [0x00000000daf60000, 0x00000000dc3e13d0, 0x00000000dc4b0000)
  to   space 21824K,   0% used [0x00000000dc4b0000, 0x00000000dc4b0000, 0x00000000dda00000)
 concurrent mark-sweep generation total 393216K, used 59512K [0x00000000dda00000, 0x00000000f5a00000, 0x00000000f5a00000)
 concurrent-mark-sweep perm gen total 32960K, used 32869K [0x00000000f5a00000, 0x00000000f7a30000, 0x0000000100000000)
2015-12-17T10:48:39.953+0000: 616.685: [GC2015-12-17T10:48:39.953+0000: 616.685: [ParNew
Desired survivor size 20112992 bytes, new threshold 8 (max 8)
- age   1:    1623960 bytes,    1623960 total
- age   2:      29872 bytes,    1653832 total
- age   3:    2342112 bytes,    3995944 total
- age   4:    1304560 bytes,    5300504 total
- age   5:     620712 bytes,    5921216 total
- age   6:     133192 bytes,    6054408 total
- age   7:    1980880 bytes,    8035288 total
- age   8:    5704600 bytes,   13739888 total
: 108420K->21824K(109248K), 0.0325990 secs] 167933K->84442K(502464K), 0.0326680 secs] [Times: user=0.04 sys=0.00, real=0.03 secs] 
Heap after GC invocations=33 (full 0):
 par new generation   total 109248K, used 21824K [0x00000000d5a00000, 0x00000000dda00000, 0x00000000dda00000)
  eden space 87424K,   0% used [0x00000000d5a00000, 0x00000000d5a00000, 0x00000000daf60000)
  from space 21824K, 100% used [0x00000000dc4b0000, 0x00000000dda00000, 0x00000000dda00000)
  to   space 21824K,   0% used [0x00000000daf60000, 0x00000000daf60000, 0x00000000dc4b0000)
 concurrent mark-sweep generation total 393216K, used 62618K [0x00000000dda00000, 0x00000000f5a00000, 0x00000000f5a00000)
 concurrent-mark-sweep perm gen total 32960K, used 32869K [0x00000000f5a00000, 0x00000000f7a30000, 0x0000000100000000)
}
2015-12-17T10:48:39.985+0000: 616.718: Total time for which application threads were stopped: 0.0328830 seconds, Stopping threads took: 0.0000390 seconds
2015-12-17T10:48:40.987+0000: 617.719: Total time for which application threads were stopped: 0.0001540 seconds, Stopping threads took: 0.0000260 seconds
2015-12-17T10:48:52.988+0000: 629.721: Total time for which application threads were stopped: 0.0001260 seconds, Stopping threads took: 0.0000260 seconds
2015-12-17T10:50:41.536+0000: 738.268: Total time for which application threads were stopped: 0.0001470 seconds, Stopping threads took: 0.0000410 seconds
2015-12-17T10:50:42.536+0000: 739.269: Total time for which application threads were stopped: 0.0001410 seconds, Stopping threads took: 0.0000270 seconds
2015-12-17T10:51:15.712+0000: 772.445: Total time for which application threads were stopped: 0.0001840 seconds, Stopping threads took: 0.0000570 seconds
2015-12-17T10:51:21.511+0000: 778.243: Total time for which application threads were stopped: 0.0001540 seconds, Stopping threads took: 0.0000240 seconds
2015-12-17T10:51:21.516+0000: 778.249: Total time for which application threads were stopped: 0.0000470 seconds, Stopping threads took: 0.0000180 seconds
2015-12-17T10:51:21.517+0000: 778.250: Total time for which application threads were stopped: 0.0000540 seconds, Stopping threads took: 0.0000310 seconds
2015-12-17T10:51:21.521+0000: 778.254: Total time for which application threads were stopped: 0.0000390 seconds, Stopping threads took: 0.0000160 seconds
2015-12-17T10:51:21.522+0000: 778.254: Total time for which application threads were stopped: 0.0000370 seconds, Stopping threads took: 0.0000150 seconds
2015-12-17T10:51:21.575+0000: 778.308: Total time for which application threads were stopped: 0.0000420 seconds, Stopping threads took: 0.0000190 seconds
2015-12-17T10:51:26.576+0000: 783.309: Total time for which application threads were stopped: 0.0001120 seconds, Stopping threads took: 0.0000220 seconds
2015-12-17T10:51:26.789+0000: 783.521: Total time for which application threads were stopped: 0.0000640 seconds, Stopping threads took: 0.0000190 seconds
2015-12-17T10:51:26.789+0000: 783.522: Total time for which application threads were stopped: 0.0000280 seconds, Stopping threads took: 0.0000100 seconds
2015-12-17T10:51:26.790+0000: 783.522: Total time for which application threads were stopped: 0.0000250 seconds, Stopping threads took: 0.0000090 seconds
2015-12-17T10:51:26.790+0000: 783.522: Total time for which application threads were stopped: 0.0000330 seconds, Stopping threads took: 0.0000160 seconds
2015-12-17T10:51:26.790+0000: 783.523: Total time for which application threads were stopped: 0.0000330 seconds, Stopping threads took: 0.0000160 seconds
2015-12-17T10:51:27.790+0000: 784.523: Total time for which application threads were stopped: 0.0001360 seconds, Stopping threads took: 0.0000270 seconds
2015-12-17T10:51:28.227+0000: 784.959: Total time for which application threads were stopped: 0.0006410 seconds, Stopping threads took: 0.0005970 seconds
2015-12-17T10:51:28.280+0000: 785.013: Total time for which application threads were stopped: 0.0053930 seconds, Stopping threads took: 0.0053340 seconds
2015-12-17T10:51:28.321+0000: 785.053: Total time for which application threads were stopped: 0.0021360 seconds, Stopping threads took: 0.0020300 seconds
2015-12-17T10:51:28.327+0000: 785.059: Total time for which application threads were stopped: 0.0000570 seconds, Stopping threads took: 0.0000220 seconds
{Heap before GC invocations=33 (full 0):
 par new generation   total 109248K, used 109248K [0x00000000d5a00000, 0x00000000dda00000, 0x00000000dda00000)
  eden space 87424K, 100% used [0x00000000d5a00000, 0x00000000daf60000, 0x00000000daf60000)
  from space 21824K, 100% used [0x00000000dc4b0000, 0x00000000dda00000, 0x00000000dda00000)
  to   space 21824K,   0% used [0x00000000daf60000, 0x00000000daf60000, 0x00000000dc4b0000)
 concurrent mark-sweep generation total 393216K, used 62618K [0x00000000dda00000, 0x00000000f5a00000, 0x00000000f5a00000)
 concurrent-mark-sweep perm gen total 32960K, used 32877K [0x00000000f5a00000, 0x00000000f7a30000, 0x0000000100000000)
2015-12-17T10:51:28.344+0000: 785.077: [GC2015-12-17T10:51:28.344+0000: 785.077: [ParNew
Desired survivor size 20112992 bytes, new threshold 8 (max 8)
- age   1:    1990240 bytes,    1990240 total
- age   2:       5608 bytes,    1995848 total
- age   3:      29712 bytes,    2025560 total
- age   4:    2263600 bytes,    4289160 total
- age   5:    1302576 bytes,    5591736 total
- age   6:     617592 bytes,    6209328 total
- age   7:     133128 bytes,    6342456 total
- age   8:    1980880 bytes,    8323336 total
: 109248K->13202K(109248K), 0.0498680 secs] 171866K->81392K(502464K), 0.0499350 secs] [Times: user=0.02 sys=0.00, real=0.05 secs] 
Heap after GC invocations=34 (full 0):
 par new generation   total 109248K, used 13202K [0x00000000d5a00000, 0x00000000dda00000, 0x00000000dda00000)
  eden space 87424K,   0% used [0x00000000d5a00000, 0x00000000d5a00000, 0x00000000daf60000)
  from space 21824K,  60% used [0x00000000daf60000, 0x00000000dbc44a68, 0x00000000dc4b0000)
  to   space 21824K,   0% used [0x00000000dc4b0000, 0x00000000dc4b0000, 0x00000000dda00000)
 concurrent mark-sweep generation total 393216K, used 68189K [0x00000000dda00000, 0x00000000f5a00000, 0x00000000f5a00000)
 concurrent-mark-sweep perm gen total 32960K, used 32877K [0x00000000f5a00000, 0x00000000f7a30000, 0x0000000100000000)
}
2015-12-17T10:51:28.394+0000: 785.127: Total time for which application threads were stopped: 0.0510050 seconds, Stopping threads took: 0.0009550 seconds
2015-12-17T10:51:28.439+0000: 785.172: Total time for which application threads were stopped: 0.0045650 seconds, Stopping threads took: 0.0044900 seconds
2015-12-17T10:51:29.440+0000: 786.172: Total time for which application threads were stopped: 0.0001420 seconds, Stopping threads took: 0.0000200 seconds
2015-12-17T10:51:44.178+0000: 800.910: Total time for which application threads were stopped: 0.0001400 seconds, Stopping threads took: 0.0000170 seconds
2015-12-17T10:51:44.195+0000: 800.928: Total time for which application threads were stopped: 0.0000550 seconds, Stopping threads took: 0.0000200 seconds
2015-12-17T10:51:45.023+0000: 801.755: Total time for which application threads were stopped: 0.0002210 seconds, Stopping threads took: 0.0000280 seconds
2015-12-17T10:51:46.023+0000: 802.756: Total time for which application threads were stopped: 0.0001250 seconds, Stopping threads took: 0.0000200 seconds
2015-12-17T10:51:47.023+0000: 803.756: Total time for which application threads were stopped: 0.0001570 seconds, Stopping threads took: 0.0000180 seconds
2015-12-17T10:51:50.024+0000: 806.756: Total time for which application threads were stopped: 0.0001510 seconds, Stopping threads took: 0.0000410 seconds
{Heap before GC invocations=34 (full 0):
 par new generation   total 109248K, used 100626K [0x00000000d5a00000, 0x00000000dda00000, 0x00000000dda00000)
  eden space 87424K, 100% used [0x00000000d5a00000, 0x00000000daf60000, 0x00000000daf60000)
  from space 21824K,  60% used [0x00000000daf60000, 0x00000000dbc44a68, 0x00000000dc4b0000)
  to   space 21824K,   0% used [0x00000000dc4b0000, 0x00000000dc4b0000, 0x00000000dda00000)
 concurrent mark-sweep generation total 393216K, used 68189K [0x00000000dda00000, 0x00000000f5a00000, 0x00000000f5a00000)
 concurrent-mark-sweep perm gen total 32960K, used 32900K [0x00000000f5a00000, 0x00000000f7a30000, 0x0000000100000000)
2015-12-17T10:51:50.915+0000: 807.648: [GC2015-12-17T10:51:50.915+0000: 807.648: [ParNew
Desired survivor size 20112992 bytes, new threshold 8 (max 8)
- age   1:    1143432 bytes,    1143432 total
- age   2:     774576 bytes,    1918008 total
- age   3:       3992 bytes,    1922000 total
- age   4:      29712 bytes,    1951712 total
- age   5:    2263568 bytes,    4215280 total
- age   6:    1302576 bytes,    5517856 total
- age   7:     617592 bytes,    6135448 total
- age   8:     133128 bytes,    6268576 total
: 100626K->6856K(109248K), 0.0199450 secs] 168816K->76981K(502464K), 0.0200370 secs] [Times: user=0.02 sys=0.00, real=0.02 secs] 
Heap after GC invocations=35 (full 0):
 par new generation   total 109248K, used 6856K [0x00000000d5a00000, 0x00000000dda00000, 0x00000000dda00000)
  eden space 87424K,   0% used [0x00000000d5a00000, 0x00000000d5a00000, 0x00000000daf60000)
  from space 21824K,  31% used [0x00000000dc4b0000, 0x00000000dcb62318, 0x00000000dda00000)
  to   space 21824K,   0% used [0x00000000daf60000, 0x00000000daf60000, 0x00000000dc4b0000)
 concurrent mark-sweep generation total 393216K, used 70124K [0x00000000dda00000, 0x00000000f5a00000, 0x00000000f5a00000)
 concurrent-mark-sweep perm gen total 32960K, used 32900K [0x00000000f5a00000, 0x00000000f7a30000, 0x0000000100000000)
}
2015-12-17T10:51:50.936+0000: 807.668: Total time for which application threads were stopped: 0.0202430 seconds, Stopping threads took: 0.0000340 seconds
2015-12-17T10:52:00.200+0000: 816.933: Total time for which application threads were stopped: 0.0001100 seconds, Stopping threads took: 0.0000230 seconds
2015-12-17T10:52:00.213+0000: 816.945: Total time for which application threads were stopped: 0.0006220 seconds, Stopping threads took: 0.0005870 seconds
2015-12-17T10:52:00.249+0000: 816.981: Total time for which application threads were stopped: 0.0032640 seconds, Stopping threads took: 0.0032260 seconds
2015-12-17T10:52:00.259+0000: 816.992: Total time for which application threads were stopped: 0.0009820 seconds, Stopping threads took: 0.0009350 seconds
2015-12-17T10:52:44.758+0000: 861.490: Total time for which application threads were stopped: 0.0001480 seconds, Stopping threads took: 0.0000390 seconds
2015-12-17T10:52:49.758+0000: 866.491: Total time for which application threads were stopped: 0.0001300 seconds, Stopping threads took: 0.0000340 seconds
2015-12-17T10:53:23.765+0000: 900.497: Total time for which application threads were stopped: 0.0001230 seconds, Stopping threads took: 0.0000270 seconds
{Heap before GC invocations=35 (full 0):
 par new generation   total 109248K, used 94280K [0x00000000d5a00000, 0x00000000dda00000, 0x00000000dda00000)
  eden space 87424K, 100% used [0x00000000d5a00000, 0x00000000daf60000, 0x00000000daf60000)
  from space 21824K,  31% used [0x00000000dc4b0000, 0x00000000dcb62318, 0x00000000dda00000)
  to   space 21824K,   0% used [0x00000000daf60000, 0x00000000daf60000, 0x00000000dc4b0000)
 concurrent mark-sweep generation total 393216K, used 70124K [0x00000000dda00000, 0x00000000f5a00000, 0x00000000f5a00000)
 concurrent-mark-sweep perm gen total 32960K, used 32916K [0x00000000f5a00000, 0x00000000f7a30000, 0x0000000100000000)
2015-12-17T10:53:24.223+0000: 900.955: [GC2015-12-17T10:53:24.223+0000: 900.955: [ParNew
Desired survivor size 20112992 bytes, new threshold 8 (max 8)
- age   1:    1787824 bytes,    1787824 total
- age   2:     326400 bytes,    2114224 total
- age   3:     729104 bytes,    2843328 total
- age   4:       3992 bytes,    2847320 total
- age   5:      29712 bytes,    2877032 total
- age   6:    2263544 bytes,    5140576 total
- age   7:    1302576 bytes,    6443152 total
- age   8:     617256 bytes,    7060408 total
: 94280K->8703K(109248K), 0.0208480 secs] 164405K->78958K(502464K), 0.0209360 secs] [Times: user=0.02 sys=0.00, real=0.02 secs] 
Heap after GC invocations=36 (full 0):
 par new generation   total 109248K, used 8703K [0x00000000d5a00000, 0x00000000dda00000, 0x00000000dda00000)
  eden space 87424K,   0% used [0x00000000d5a00000, 0x00000000d5a00000, 0x00000000daf60000)
  from space 21824K,  39% used [0x00000000daf60000, 0x00000000db7dfc68, 0x00000000dc4b0000)
  to   space 21824K,   0% used [0x00000000dc4b0000, 0x00000000dc4b0000, 0x00000000dda00000)
 concurrent mark-sweep generation total 393216K, used 70255K [0x00000000dda00000, 0x00000000f5a00000, 0x00000000f5a00000)
 concurrent-mark-sweep perm gen total 32960K, used 32916K [0x00000000f5a00000, 0x00000000f7a30000, 0x0000000100000000)
}
2015-12-17T10:53:24.244+0000: 900.976: Total time for which application threads were stopped: 0.0263940 seconds, Stopping threads took: 0.0053360 seconds
2015-12-17T10:53:25.251+0000: 901.983: Total time for which application threads were stopped: 0.0001200 seconds, Stopping threads took: 0.0000260 seconds
2015-12-17T10:53:38.252+0000: 914.985: Total time for which application threads were stopped: 0.0001660 seconds, Stopping threads took: 0.0000270 seconds
2015-12-17T10:53:44.211+0000: 920.944: Total time for which application threads were stopped: 0.0001150 seconds, Stopping threads took: 0.0000210 seconds
2015-12-17T10:53:44.342+0000: 921.075: Total time for which application threads were stopped: 0.0000660 seconds, Stopping threads took: 0.0000230 seconds
2015-12-17T10:53:44.349+0000: 921.082: Total time for which application threads were stopped: 0.0000340 seconds, Stopping threads took: 0.0000110 seconds
2015-12-17T10:53:44.356+0000: 921.089: Total time for which application threads were stopped: 0.0000450 seconds, Stopping threads took: 0.0000170 seconds
2015-12-17T10:53:44.362+0000: 921.094: Total time for which application threads were stopped: 0.0001150 seconds, Stopping threads took: 0.0000160 seconds
2015-12-17T10:53:44.438+0000: 921.171: Total time for which application threads were stopped: 0.0000510 seconds, Stopping threads took: 0.0000180 seconds
2015-12-17T10:53:44.438+0000: 921.171: Total time for which application threads were stopped: 0.0000260 seconds, Stopping threads took: 0.0000090 seconds
2015-12-17T10:53:44.440+0000: 921.172: Total time for which application threads were stopped: 0.0000300 seconds, Stopping threads took: 0.0000100 seconds
2015-12-17T10:53:44.440+0000: 921.172: Total time for which application threads were stopped: 0.0000240 seconds, Stopping threads took: 0.0000080 seconds
2015-12-17T10:53:49.441+0000: 926.173: Total time for which application threads were stopped: 0.0001140 seconds, Stopping threads took: 0.0000250 seconds
2015-12-17T10:53:51.441+0000: 928.174: Total time for which application threads were stopped: 0.0001140 seconds, Stopping threads took: 0.0000220 seconds
{Heap before GC invocations=36 (full 0):
 par new generation   total 109248K, used 96127K [0x00000000d5a00000, 0x00000000dda00000, 0x00000000dda00000)
  eden space 87424K, 100% used [0x00000000d5a00000, 0x00000000daf60000, 0x00000000daf60000)
  from space 21824K,  39% used [0x00000000daf60000, 0x00000000db7dfc68, 0x00000000dc4b0000)
  to   space 21824K,   0% used [0x00000000dc4b0000, 0x00000000dc4b0000, 0x00000000dda00000)
 concurrent mark-sweep generation total 393216K, used 70255K [0x00000000dda00000, 0x00000000f5a00000, 0x00000000f5a00000)
 concurrent-mark-sweep perm gen total 32960K, used 32921K [0x00000000f5a00000, 0x00000000f7a30000, 0x0000000100000000)
2015-12-17T10:54:09.964+0000: 946.697: [GC2015-12-17T10:54:09.964+0000: 946.697: [ParNew
Desired survivor size 20112992 bytes, new threshold 8 (max 8)
- age   1:    1041464 bytes,    1041464 total
- age   2:     178864 bytes,    1220328 total
- age   3:     325144 bytes,    1545472 total
- age   4:     722032 bytes,    2267504 total
- age   5:       3992 bytes,    2271496 total
- age   6:      29712 bytes,    2301208 total
- age   7:    2263544 bytes,    4564752 total
- age   8:    1302504 bytes,    5867256 total
: 96127K->9455K(109248K), 0.0237290 secs] 166382K->80313K(502464K), 0.0238110 secs] [Times: user=0.03 sys=0.00, real=0.02 secs] 
Heap after GC invocations=37 (full 0):
 par new generation   total 109248K, used 9455K [0x00000000d5a00000, 0x00000000dda00000, 0x00000000dda00000)
  eden space 87424K,   0% used [0x00000000d5a00000, 0x00000000d5a00000, 0x00000000daf60000)
  from space 21824K,  43% used [0x00000000dc4b0000, 0x00000000dcdebe50, 0x00000000dda00000)
  to   space 21824K,   0% used [0x00000000daf60000, 0x00000000daf60000, 0x00000000dc4b0000)
 concurrent mark-sweep generation total 393216K, used 70858K [0x00000000dda00000, 0x00000000f5a00000, 0x00000000f5a00000)
 concurrent-mark-sweep perm gen total 32960K, used 32921K [0x00000000f5a00000, 0x00000000f7a30000, 0x0000000100000000)
}
2015-12-17T10:54:09.988+0000: 946.720: Total time for which application threads were stopped: 0.0239890 seconds, Stopping threads took: 0.0000320 seconds
2015-12-17T10:55:10.538+0000: 1007.270: Total time for which application threads were stopped: 0.0001590 seconds, Stopping threads took: 0.0000400 seconds
2015-12-17T10:55:22.565+0000: 1019.298: Total time for which application threads were stopped: 0.0001130 seconds, Stopping threads took: 0.0000210 seconds
2015-12-17T10:55:30.608+0000: 1027.341: Total time for which application threads were stopped: 0.0001520 seconds, Stopping threads took: 0.0000510 seconds
2015-12-17T10:55:36.814+0000: 1033.546: Total time for which application threads were stopped: 0.0001280 seconds, Stopping threads took: 0.0000240 seconds
2015-12-17T10:57:45.465+0000: 1162.197: Total time for which application threads were stopped: 0.0001690 seconds, Stopping threads took: 0.0000410 seconds
2015-12-17T10:57:46.626+0000: 1163.359: Total time for which application threads were stopped: 0.0001190 seconds, Stopping threads took: 0.0000240 seconds
2015-12-17T10:57:46.667+0000: 1163.400: Total time for which application threads were stopped: 0.0000430 seconds, Stopping threads took: 0.0000120 seconds
2015-12-17T10:57:46.683+0000: 1163.416: Total time for which application threads were stopped: 0.0000300 seconds, Stopping threads took: 0.0000090 seconds
{Heap before GC invocations=37 (full 0):
 par new generation   total 109248K, used 96879K [0x00000000d5a00000, 0x00000000dda00000, 0x00000000dda00000)
  eden space 87424K, 100% used [0x00000000d5a00000, 0x00000000daf60000, 0x00000000daf60000)
  from space 21824K,  43% used [0x00000000dc4b0000, 0x00000000dcdebe50, 0x00000000dda00000)
  to   space 21824K,   0% used [0x00000000daf60000, 0x00000000daf60000, 0x00000000dc4b0000)
 concurrent mark-sweep generation total 393216K, used 70858K [0x00000000dda00000, 0x00000000f5a00000, 0x00000000f5a00000)
 concurrent-mark-sweep perm gen total 32960K, used 32933K [0x00000000f5a00000, 0x00000000f7a30000, 0x0000000100000000)
2015-12-17T10:57:46.686+0000: 1163.419: [GC2015-12-17T10:57:46.686+0000: 1163.419: [ParNew
Desired survivor size 20112992 bytes, new threshold 8 (max 8)
- age   1:    1004424 bytes,    1004424 total
- age   2:     166704 bytes,    1171128 total
- age   3:     176216 bytes,    1347344 total
- age   4:     322848 bytes,    1670192 total
- age   5:     650448 bytes,    2320640 total
- age   6:       3992 bytes,    2324632 total
- age   7:      29440 bytes,    2354072 total
- age   8:    2263544 bytes,    4617616 total
: 96879K->6922K(109248K), 0.0190470 secs] 167737K->79054K(502464K), 0.0191120 secs] [Times: user=0.02 sys=0.00, real=0.02 secs] 
Heap after GC invocations=38 (full 0):
 par new generation   total 109248K, used 6922K [0x00000000d5a00000, 0x00000000dda00000, 0x00000000dda00000)
  eden space 87424K,   0% used [0x00000000d5a00000, 0x00000000d5a00000, 0x00000000daf60000)
  from space 21824K,  31% used [0x00000000daf60000, 0x00000000db622808, 0x00000000dc4b0000)
  to   space 21824K,   0% used [0x00000000dc4b0000, 0x00000000dc4b0000, 0x00000000dda00000)
 concurrent mark-sweep generation total 393216K, used 72132K [0x00000000dda00000, 0x00000000f5a00000, 0x00000000f5a00000)
 concurrent-mark-sweep perm gen total 32960K, used 32933K [0x00000000f5a00000, 0x00000000f7a30000, 0x0000000100000000)
}
2015-12-17T10:57:46.705+0000: 1163.438: Total time for which application threads were stopped: 0.0192260 seconds, Stopping threads took: 0.0000230 seconds
2015-12-17T10:57:46.706+0000: 1163.438: Total time for which application threads were stopped: 0.0000370 seconds, Stopping threads took: 0.0000120 seconds
2015-12-17T10:57:46.717+0000: 1163.450: Total time for which application threads were stopped: 0.0000320 seconds, Stopping threads took: 0.0000100 seconds
2015-12-17T10:57:46.724+0000: 1163.457: Total time for which application threads were stopped: 0.0020770 seconds, Stopping threads took: 0.0020530 seconds
2015-12-17T10:59:25.609+0000: 1262.342: Total time for which application threads were stopped: 0.0001570 seconds, Stopping threads took: 0.0000390 seconds
2015-12-17T10:59:25.764+0000: 1262.497: Total time for which application threads were stopped: 0.0000670 seconds, Stopping threads took: 0.0000240 seconds
2015-12-17T10:59:25.766+0000: 1262.498: Total time for which application threads were stopped: 0.0000440 seconds, Stopping threads took: 0.0000090 seconds
2015-12-17T10:59:25.769+0000: 1262.502: Total time for which application threads were stopped: 0.0000440 seconds, Stopping threads took: 0.0000160 seconds
2015-12-17T10:59:25.771+0000: 1262.504: Total time for which application threads were stopped: 0.0000410 seconds, Stopping threads took: 0.0000160 seconds
2015-12-17T10:59:25.774+0000: 1262.506: Total time for which application threads were stopped: 0.0000410 seconds, Stopping threads took: 0.0000170 seconds
2015-12-17T10:59:25.775+0000: 1262.507: Total time for which application threads were stopped: 0.0000440 seconds, Stopping threads took: 0.0000160 seconds
2015-12-17T10:59:25.807+0000: 1262.539: Total time for which application threads were stopped: 0.0000720 seconds, Stopping threads took: 0.0000220 seconds
2015-12-17T10:59:25.809+0000: 1262.541: Total time for which application threads were stopped: 0.0000350 seconds, Stopping threads took: 0.0000090 seconds
2015-12-17T10:59:42.019+0000: 1278.751: Total time for which application threads were stopped: 0.0001440 seconds, Stopping threads took: 0.0000210 seconds
2015-12-17T10:59:42.021+0000: 1278.754: Total time for which application threads were stopped: 0.0000430 seconds, Stopping threads took: 0.0000110 seconds
2015-12-17T10:59:42.025+0000: 1278.757: Total time for which application threads were stopped: 0.0013900 seconds, Stopping threads took: 0.0013700 seconds
{Heap before GC invocations=38 (full 0):
 par new generation   total 109248K, used 94346K [0x00000000d5a00000, 0x00000000dda00000, 0x00000000dda00000)
  eden space 87424K, 100% used [0x00000000d5a00000, 0x00000000daf60000, 0x00000000daf60000)
  from space 21824K,  31% used [0x00000000daf60000, 0x00000000db622808, 0x00000000dc4b0000)
  to   space 21824K,   0% used [0x00000000dc4b0000, 0x00000000dc4b0000, 0x00000000dda00000)
 concurrent mark-sweep generation total 393216K, used 72132K [0x00000000dda00000, 0x00000000f5a00000, 0x00000000f5a00000)
 concurrent-mark-sweep perm gen total 33152K, used 32942K [0x00000000f5a00000, 0x00000000f7a60000, 0x0000000100000000)
2015-12-17T10:59:42.066+0000: 1278.799: [GC2015-12-17T10:59:42.066+0000: 1278.799: [ParNew
Desired survivor size 20112992 bytes, new threshold 8 (max 8)
- age   1:    1811968 bytes,    1811968 total
- age   2:      21440 bytes,    1833408 total
- age   3:     160376 bytes,    1993784 total
- age   4:     176216 bytes,    2170000 total
- age   5:     322848 bytes,    2492848 total
- age   6:     650448 bytes,    3143296 total
- age   7:       3992 bytes,    3147288 total
- age   8:      29168 bytes,    3176456 total
: 94346K->4142K(109248K), 0.0273250 secs] 166478K->78487K(502464K), 0.0274240 secs] [Times: user=0.02 sys=0.01, real=0.03 secs] 
Heap after GC invocations=39 (full 0):
 par new generation   total 109248K, used 4142K [0x00000000d5a00000, 0x00000000dda00000, 0x00000000dda00000)
  eden space 87424K,   0% used [0x00000000d5a00000, 0x00000000d5a00000, 0x00000000daf60000)
  from space 21824K,  18% used [0x00000000dc4b0000, 0x00000000dc8bba20, 0x00000000dda00000)
  to   space 21824K,   0% used [0x00000000daf60000, 0x00000000daf60000, 0x00000000dc4b0000)
 concurrent mark-sweep generation total 393216K, used 74344K [0x00000000dda00000, 0x00000000f5a00000, 0x00000000f5a00000)
 concurrent-mark-sweep perm gen total 33152K, used 32942K [0x00000000f5a00000, 0x00000000f7a60000, 0x0000000100000000)
}
2015-12-17T10:59:42.094+0000: 1278.826: Total time for which application threads were stopped: 0.0275900 seconds, Stopping threads took: 0.0000300 seconds
2015-12-17T10:59:53.095+0000: 1289.828: Total time for which application threads were stopped: 0.0001350 seconds, Stopping threads took: 0.0000390 seconds
2015-12-17T11:00:49.237+0000: 1345.969: Total time for which application threads were stopped: 0.0001470 seconds, Stopping threads took: 0.0000350 seconds
2015-12-17T11:00:49.386+0000: 1346.119: Total time for which application threads were stopped: 0.0000750 seconds, Stopping threads took: 0.0000210 seconds
2015-12-17T11:00:49.478+0000: 1346.210: Total time for which application threads were stopped: 0.0000440 seconds, Stopping threads took: 0.0000160 seconds
2015-12-17T11:00:49.485+0000: 1346.217: Total time for which application threads were stopped: 0.0000460 seconds, Stopping threads took: 0.0000180 seconds
2015-12-17T11:00:49.485+0000: 1346.218: Total time for which application threads were stopped: 0.0000400 seconds, Stopping threads took: 0.0000170 seconds
2015-12-17T11:00:49.486+0000: 1346.219: Total time for which application threads were stopped: 0.0000390 seconds, Stopping threads took: 0.0000170 seconds
2015-12-17T11:00:49.487+0000: 1346.220: Total time for which application threads were stopped: 0.0001220 seconds, Stopping threads took: 0.0000180 seconds
2015-12-17T11:00:49.513+0000: 1346.245: Total time for which application threads were stopped: 0.0000420 seconds, Stopping threads took: 0.0000140 seconds
2015-12-17T11:00:49.524+0000: 1346.256: Total time for which application threads were stopped: 0.0000310 seconds, Stopping threads took: 0.0000110 seconds
2015-12-17T11:01:18.775+0000: 1375.508: Total time for which application threads were stopped: 0.0001620 seconds, Stopping threads took: 0.0000380 seconds
{Heap before GC invocations=39 (full 0):
 par new generation   total 109248K, used 91566K [0x00000000d5a00000, 0x00000000dda00000, 0x00000000dda00000)
  eden space 87424K, 100% used [0x00000000d5a00000, 0x00000000daf60000, 0x00000000daf60000)
  from space 21824K,  18% used [0x00000000dc4b0000, 0x00000000dc8bba20, 0x00000000dda00000)
  to   space 21824K,   0% used [0x00000000daf60000, 0x00000000daf60000, 0x00000000dc4b0000)
 concurrent mark-sweep generation total 393216K, used 74344K [0x00000000dda00000, 0x00000000f5a00000, 0x00000000f5a00000)
 concurrent-mark-sweep perm gen total 33152K, used 32947K [0x00000000f5a00000, 0x00000000f7a60000, 0x0000000100000000)
2015-12-17T11:01:18.777+0000: 1375.510: [GC2015-12-17T11:01:18.777+0000: 1375.510: [ParNew
Desired survivor size 20112992 bytes, new threshold 8 (max 8)
- age   1:    1090808 bytes,    1090808 total
- age   2:       7656 bytes,    1098464 total
- age   3:      21368 bytes,    1119832 total
- age   4:     160376 bytes,    1280208 total
- age   5:     176216 bytes,    1456424 total
- age   6:     322848 bytes,    1779272 total
- age   7:     650448 bytes,    2429720 total
- age   8:       3992 bytes,    2433712 total
: 91566K->3247K(109248K), 0.0185790 secs] 165911K->77620K(502464K), 0.0186460 secs] [Times: user=0.02 sys=0.00, real=0.02 secs] 
Heap after GC invocations=40 (full 0):
 par new generation   total 109248K, used 3247K [0x00000000d5a00000, 0x00000000dda00000, 0x00000000dda00000)
  eden space 87424K,   0% used [0x00000000d5a00000, 0x00000000d5a00000, 0x00000000daf60000)
  from space 21824K,  14% used [0x00000000daf60000, 0x00000000db28bc40, 0x00000000dc4b0000)
  to   space 21824K,   0% used [0x00000000dc4b0000, 0x00000000dc4b0000, 0x00000000dda00000)
 concurrent mark-sweep generation total 393216K, used 74373K [0x00000000dda00000, 0x00000000f5a00000, 0x00000000f5a00000)
 concurrent-mark-sweep perm gen total 33152K, used 32947K [0x00000000f5a00000, 0x00000000f7a60000, 0x0000000100000000)
}
2015-12-17T11:01:18.796+0000: 1375.528: Total time for which application threads were stopped: 0.0187620 seconds, Stopping threads took: 0.0000190 seconds
2015-12-17T11:01:19.796+0000: 1376.529: Total time for which application threads were stopped: 0.0001320 seconds, Stopping threads took: 0.0000250 seconds
2015-12-17T11:02:38.547+0000: 1455.279: Total time for which application threads were stopped: 0.0001600 seconds, Stopping threads took: 0.0000550 seconds
2015-12-17T11:02:43.820+0000: 1460.553: Total time for which application threads were stopped: 0.0001370 seconds, Stopping threads took: 0.0000350 seconds
2015-12-17T11:02:54.339+0000: 1471.072: Total time for which application threads were stopped: 0.0001580 seconds, Stopping threads took: 0.0000200 seconds
2015-12-17T11:02:54.507+0000: 1471.240: Total time for which application threads were stopped: 0.0000710 seconds, Stopping threads took: 0.0000250 seconds
2015-12-17T11:02:54.552+0000: 1471.285: Total time for which application threads were stopped: 0.0000520 seconds, Stopping threads took: 0.0000230 seconds
2015-12-17T11:02:54.553+0000: 1471.286: Total time for which application threads were stopped: 0.0000340 seconds, Stopping threads took: 0.0000100 seconds
2015-12-17T11:02:54.555+0000: 1471.288: Total time for which application threads were stopped: 0.0000530 seconds, Stopping threads took: 0.0000190 seconds
2015-12-17T11:02:54.598+0000: 1471.331: Total time for which application threads were stopped: 0.0000290 seconds, Stopping threads took: 0.0000100 seconds
2015-12-17T11:02:54.610+0000: 1471.342: Total time for which application threads were stopped: 0.0000290 seconds, Stopping threads took: 0.0000100 seconds
2015-12-17T11:02:54.610+0000: 1471.343: Total time for which application threads were stopped: 0.0001350 seconds, Stopping threads took: 0.0000090 seconds
2015-12-17T11:02:54.889+0000: 1471.622: Total time for which application threads were stopped: 0.0001300 seconds, Stopping threads took: 0.0000320 seconds
2015-12-17T11:02:55.102+0000: 1471.835: Total time for which application threads were stopped: 0.0000700 seconds, Stopping threads took: 0.0000300 seconds
2015-12-17T11:02:56.554+0000: 1473.286: Total time for which application threads were stopped: 0.0001240 seconds, Stopping threads took: 0.0000290 seconds
2015-12-17T11:03:07.557+0000: 1484.290: Total time for which application threads were stopped: 0.0001260 seconds, Stopping threads took: 0.0000280 seconds
2015-12-17T11:04:07.461+0000: 1544.193: Total time for which application threads were stopped: 0.0001280 seconds, Stopping threads took: 0.0000430 seconds
2015-12-17T11:04:07.479+0000: 1544.211: Total time for which application threads were stopped: 0.0000350 seconds, Stopping threads took: 0.0000120 seconds
2015-12-17T11:04:07.503+0000: 1544.236: Total time for which application threads were stopped: 0.0000350 seconds, Stopping threads took: 0.0000120 seconds
2015-12-17T11:04:07.509+0000: 1544.242: Total time for which application threads were stopped: 0.0000380 seconds, Stopping threads took: 0.0000110 seconds
2015-12-17T11:04:07.523+0000: 1544.255: Total time for which application threads were stopped: 0.0000460 seconds, Stopping threads took: 0.0000230 seconds
2015-12-17T11:04:07.526+0000: 1544.258: Total time for which application threads were stopped: 0.0000620 seconds, Stopping threads took: 0.0000390 seconds
2015-12-17T11:04:37.303+0000: 1574.035: Total time for which application threads were stopped: 0.0001970 seconds, Stopping threads took: 0.0000440 seconds
2015-12-17T11:04:38.099+0000: 1574.832: Total time for which application threads were stopped: 0.0063230 seconds, Stopping threads took: 0.0062310 seconds
2015-12-17T11:04:38.103+0000: 1574.835: Total time for which application threads were stopped: 0.0000440 seconds, Stopping threads took: 0.0000230 seconds
2015-12-17T11:04:38.140+0000: 1574.873: Total time for which application threads were stopped: 0.0036730 seconds, Stopping threads took: 0.0036390 seconds
2015-12-17T11:05:34.267+0000: 1631.000: Total time for which application threads were stopped: 0.0002190 seconds, Stopping threads took: 0.0000910 seconds
2015-12-17T11:05:35.267+0000: 1632.000: Total time for which application threads were stopped: 0.0001740 seconds, Stopping threads took: 0.0000290 seconds
2015-12-17T11:06:00.457+0000: 1657.189: Total time for which application threads were stopped: 0.0001350 seconds, Stopping threads took: 0.0000410 seconds
2015-12-17T11:06:00.499+0000: 1657.232: Total time for which application threads were stopped: 0.0000660 seconds, Stopping threads took: 0.0000210 seconds
2015-12-17T11:06:00.505+0000: 1657.238: Total time for which application threads were stopped: 0.0000320 seconds, Stopping threads took: 0.0000100 seconds
2015-12-17T11:06:00.508+0000: 1657.240: Total time for which application threads were stopped: 0.0000330 seconds, Stopping threads took: 0.0000110 seconds
2015-12-17T11:06:09.601+0000: 1666.334: Total time for which application threads were stopped: 0.0001260 seconds, Stopping threads took: 0.0000180 seconds
2015-12-17T11:06:09.707+0000: 1666.439: Total time for which application threads were stopped: 0.0000740 seconds, Stopping threads took: 0.0000310 seconds
2015-12-17T11:06:09.710+0000: 1666.443: Total time for which application threads were stopped: 0.0000320 seconds, Stopping threads took: 0.0000120 seconds
2015-12-17T11:08:55.884+0000: 1832.617: Total time for which application threads were stopped: 0.0001600 seconds, Stopping threads took: 0.0000530 seconds
2015-12-17T11:08:56.048+0000: 1832.781: Total time for which application threads were stopped: 0.0000640 seconds, Stopping threads took: 0.0000230 seconds
2015-12-17T11:08:56.095+0000: 1832.827: Total time for which application threads were stopped: 0.0001380 seconds, Stopping threads took: 0.0000160 seconds
2015-12-17T11:08:56.142+0000: 1832.874: Total time for which application threads were stopped: 0.0000670 seconds, Stopping threads took: 0.0000300 seconds
2015-12-17T11:08:56.142+0000: 1832.874: Total time for which application threads were stopped: 0.0000230 seconds, Stopping threads took: 0.0000080 seconds
2015-12-17T11:08:56.156+0000: 1832.888: Total time for which application threads were stopped: 0.0000460 seconds, Stopping threads took: 0.0000140 seconds
2015-12-17T11:08:56.156+0000: 1832.888: Total time for which application threads were stopped: 0.0000250 seconds, Stopping threads took: 0.0000080 seconds
2015-12-17T11:08:56.157+0000: 1832.890: Total time for which application threads were stopped: 0.0000280 seconds, Stopping threads took: 0.0000090 seconds
2015-12-17T11:08:56.157+0000: 1832.890: Total time for which application threads were stopped: 0.0000240 seconds, Stopping threads took: 0.0000080 seconds
2015-12-17T11:08:56.562+0000: 1833.295: Total time for which application threads were stopped: 0.0001620 seconds, Stopping threads took: 0.0000310 seconds
2015-12-17T11:08:56.999+0000: 1833.732: Total time for which application threads were stopped: 0.0000740 seconds, Stopping threads took: 0.0000320 seconds
2015-12-17T11:08:56.999+0000: 1833.732: Total time for which application threads were stopped: 0.0000250 seconds, Stopping threads took: 0.0000080 seconds
2015-12-17T11:11:39.427+0000: 1996.159: Total time for which application threads were stopped: 0.0001350 seconds, Stopping threads took: 0.0000390 seconds
2015-12-17T11:11:39.427+0000: 1996.160: Total time for which application threads were stopped: 0.0000280 seconds, Stopping threads took: 0.0000090 seconds
2015-12-17T11:11:40.428+0000: 1997.160: Total time for which application threads were stopped: 0.0001190 seconds, Stopping threads took: 0.0000240 seconds
2015-12-17T11:13:35.920+0000: 2112.653: Total time for which application threads were stopped: 0.0001550 seconds, Stopping threads took: 0.0000400 seconds
2015-12-17T11:13:36.045+0000: 2112.777: Total time for which application threads were stopped: 0.0000690 seconds, Stopping threads took: 0.0000240 seconds
2015-12-17T11:13:36.050+0000: 2112.783: Total time for which application threads were stopped: 0.0000630 seconds, Stopping threads took: 0.0000180 seconds
2015-12-17T11:13:36.051+0000: 2112.783: Total time for which application threads were stopped: 0.0000390 seconds, Stopping threads took: 0.0000160 seconds
2015-12-17T11:13:36.051+0000: 2112.784: Total time for which application threads were stopped: 0.0000370 seconds, Stopping threads took: 0.0000160 seconds
2015-12-17T11:13:36.056+0000: 2112.789: Total time for which application threads were stopped: 0.0000540 seconds, Stopping threads took: 0.0000310 seconds
2015-12-17T11:13:36.057+0000: 2112.789: Total time for which application threads were stopped: 0.0000400 seconds, Stopping threads took: 0.0000170 seconds
2015-12-17T11:13:36.110+0000: 2112.842: Total time for which application threads were stopped: 0.0000690 seconds, Stopping threads took: 0.0000210 seconds
2015-12-17T11:13:36.117+0000: 2112.849: Total time for which application threads were stopped: 0.0000290 seconds, Stopping threads took: 0.0000090 seconds
{Heap before GC invocations=40 (full 0):
 par new generation   total 109248K, used 90671K [0x00000000d5a00000, 0x00000000dda00000, 0x00000000dda00000)
  eden space 87424K, 100% used [0x00000000d5a00000, 0x00000000daf60000, 0x00000000daf60000)
  from space 21824K,  14% used [0x00000000daf60000, 0x00000000db28bc40, 0x00000000dc4b0000)
  to   space 21824K,   0% used [0x00000000dc4b0000, 0x00000000dc4b0000, 0x00000000dda00000)
 concurrent mark-sweep generation total 393216K, used 74373K [0x00000000dda00000, 0x00000000f5a00000, 0x00000000f5a00000)
 concurrent-mark-sweep perm gen total 33152K, used 33091K [0x00000000f5a00000, 0x00000000f7a60000, 0x0000000100000000)
2015-12-17T11:13:43.463+0000: 2120.195: [GC2015-12-17T11:13:43.463+0000: 2120.195: [ParNew
Desired survivor size 20112992 bytes, new threshold 8 (max 8)
- age   1:    1536328 bytes,    1536328 total
- age   2:       8328 bytes,    1544656 total
- age   3:       7552 bytes,    1552208 total
- age   4:      19384 bytes,    1571592 total
- age   5:     159960 bytes,    1731552 total
- age   6:     176096 bytes,    1907648 total
- age   7:     322848 bytes,    2230496 total
- age   8:     650328 bytes,    2880824 total
: 90671K->3627K(109248K), 0.0211090 secs] 165044K->78004K(502464K), 0.0212160 secs] [Times: user=0.02 sys=0.01, real=0.02 secs] 
Heap after GC invocations=41 (full 0):
 par new generation   total 109248K, used 3627K [0x00000000d5a00000, 0x00000000dda00000, 0x00000000dda00000)
  eden space 87424K,   0% used [0x00000000d5a00000, 0x00000000d5a00000, 0x00000000daf60000)
  from space 21824K,  16% used [0x00000000dc4b0000, 0x00000000dc83ad80, 0x00000000dda00000)
  to   space 21824K,   0% used [0x00000000daf60000, 0x00000000daf60000, 0x00000000dc4b0000)
 concurrent mark-sweep generation total 393216K, used 74376K [0x00000000dda00000, 0x00000000f5a00000, 0x00000000f5a00000)
 concurrent-mark-sweep perm gen total 33152K, used 33091K [0x00000000f5a00000, 0x00000000f7a60000, 0x0000000100000000)
}
2015-12-17T11:13:43.484+0000: 2120.217: Total time for which application threads were stopped: 0.0214300 seconds, Stopping threads took: 0.0000350 seconds
2015-12-17T11:14:38.223+0000: 2174.955: Total time for which application threads were stopped: 0.0001590 seconds, Stopping threads took: 0.0000610 seconds
2015-12-17T11:14:38.359+0000: 2175.091: Total time for which application threads were stopped: 0.0000720 seconds, Stopping threads took: 0.0000210 seconds
2015-12-17T11:14:38.360+0000: 2175.092: Total time for which application threads were stopped: 0.0000290 seconds, Stopping threads took: 0.0000090 seconds
2015-12-17T11:14:38.364+0000: 2175.097: Total time for which application threads were stopped: 0.0000360 seconds, Stopping threads took: 0.0000100 seconds
2015-12-17T11:14:38.395+0000: 2175.127: Total time for which application threads were stopped: 0.0000290 seconds, Stopping threads took: 0.0000100 seconds
2015-12-17T11:14:38.400+0000: 2175.132: Total time for which application threads were stopped: 0.0001160 seconds, Stopping threads took: 0.0000100 seconds
2015-12-17T11:14:38.592+0000: 2175.325: Total time for which application threads were stopped: 0.0000530 seconds, Stopping threads took: 0.0000130 seconds
2015-12-17T11:14:41.730+0000: 2178.463: Total time for which application threads were stopped: 0.0001310 seconds, Stopping threads took: 0.0000200 seconds
2015-12-17T11:14:42.545+0000: 2179.277: Total time for which application threads were stopped: 0.0001410 seconds, Stopping threads took: 0.0000500 seconds
2015-12-17T11:14:46.545+0000: 2183.278: Total time for which application threads were stopped: 0.0001310 seconds, Stopping threads took: 0.0000260 seconds
2015-12-17T11:14:49.546+0000: 2186.279: Total time for which application threads were stopped: 0.0001380 seconds, Stopping threads took: 0.0000260 seconds
2015-12-17T11:21:20.830+0000: 2577.562: Total time for which application threads were stopped: 0.0001350 seconds, Stopping threads took: 0.0000420 seconds
2015-12-17T11:21:20.990+0000: 2577.722: Total time for which application threads were stopped: 0.0000650 seconds, Stopping threads took: 0.0000230 seconds
2015-12-17T11:21:20.991+0000: 2577.723: Total time for which application threads were stopped: 0.0000310 seconds, Stopping threads took: 0.0000100 seconds
2015-12-17T11:21:20.992+0000: 2577.724: Total time for which application threads were stopped: 0.0000460 seconds, Stopping threads took: 0.0000170 seconds
2015-12-17T11:21:20.996+0000: 2577.729: Total time for which application threads were stopped: 0.0000370 seconds, Stopping threads took: 0.0000150 seconds
2015-12-17T11:21:21.003+0000: 2577.735: Total time for which application threads were stopped: 0.0000550 seconds, Stopping threads took: 0.0000180 seconds
2015-12-17T11:21:21.003+0000: 2577.736: Total time for which application threads were stopped: 0.0000410 seconds, Stopping threads took: 0.0000170 seconds
2015-12-17T11:21:21.029+0000: 2577.762: Total time for which application threads were stopped: 0.0000390 seconds, Stopping threads took: 0.0000130 seconds
{Heap before GC invocations=41 (full 0):
 par new generation   total 109248K, used 91051K [0x00000000d5a00000, 0x00000000dda00000, 0x00000000dda00000)
  eden space 87424K, 100% used [0x00000000d5a00000, 0x00000000daf60000, 0x00000000daf60000)
  from space 21824K,  16% used [0x00000000dc4b0000, 0x00000000dc83ad80, 0x00000000dda00000)
  to   space 21824K,   0% used [0x00000000daf60000, 0x00000000daf60000, 0x00000000dc4b0000)
 concurrent mark-sweep generation total 393216K, used 74376K [0x00000000dda00000, 0x00000000f5a00000, 0x00000000f5a00000)
 concurrent-mark-sweep perm gen total 33152K, used 33098K [0x00000000f5a00000, 0x00000000f7a60000, 0x0000000100000000)
2015-12-17T11:21:25.631+0000: 2582.363: [GC2015-12-17T11:21:25.631+0000: 2582.363: [ParNew
Desired survivor size 20112992 bytes, new threshold 8 (max 8)
- age   1:    1154536 bytes,    1154536 total
- age   2:     709480 bytes,    1864016 total
- age   3:       5768 bytes,    1869784 total
- age   4:       7552 bytes,    1877336 total
- age   5:      19384 bytes,    1896720 total
- age   6:     159856 bytes,    2056576 total
- age   7:     176096 bytes,    2232672 total
- age   8:     322848 bytes,    2555520 total
: 91051K->3643K(109248K), 0.0260290 secs] 165428K->78657K(502464K), 0.0260920 secs] [Times: user=0.03 sys=0.00, real=0.02 secs] 
Heap after GC invocations=42 (full 0):
 par new generation   total 109248K, used 3643K [0x00000000d5a00000, 0x00000000dda00000, 0x00000000dda00000)
  eden space 87424K,   0% used [0x00000000d5a00000, 0x00000000d5a00000, 0x00000000daf60000)
  from space 21824K,  16% used [0x00000000daf60000, 0x00000000db2eef80, 0x00000000dc4b0000)
  to   space 21824K,   0% used [0x00000000dc4b0000, 0x00000000dc4b0000, 0x00000000dda00000)
 concurrent mark-sweep generation total 393216K, used 75013K [0x00000000dda00000, 0x00000000f5a00000, 0x00000000f5a00000)
 concurrent-mark-sweep perm gen total 33152K, used 33098K [0x00000000f5a00000, 0x00000000f7a60000, 0x0000000100000000)
}
2015-12-17T11:21:25.657+0000: 2582.389: Total time for which application threads were stopped: 0.0263610 seconds, Stopping threads took: 0.0000430 seconds
2015-12-17T11:23:29.668+0000: 2706.400: Total time for which application threads were stopped: 0.0001550 seconds, Stopping threads took: 0.0000420 seconds
2015-12-17T11:24:01.823+0000: 2738.556: Total time for which application threads were stopped: 0.0001550 seconds, Stopping threads took: 0.0000450 seconds
2015-12-17T11:25:46.841+0000: 2843.573: Total time for which application threads were stopped: 0.0001870 seconds, Stopping threads took: 0.0000520 seconds
2015-12-17T11:39:51.991+0000: 3688.724: Total time for which application threads were stopped: 0.0001520 seconds, Stopping threads took: 0.0000460 seconds
2015-12-17T11:47:10.060+0000: 4126.793: Total time for which application threads were stopped: 0.0001610 seconds, Stopping threads took: 0.0000440 seconds
2015-12-17T12:12:29.957+0000: 5646.690: Total time for which application threads were stopped: 0.0001250 seconds, Stopping threads took: 0.0000350 seconds
2015-12-17T12:12:29.957+0000: 5646.690: Total time for which application threads were stopped: 0.0000330 seconds, Stopping threads took: 0.0000190 seconds
2015-12-17T12:12:29.957+0000: 5646.690: Total time for which application threads were stopped: 0.0000280 seconds, Stopping threads took: 0.0000150 seconds
2015-12-17T12:12:29.957+0000: 5646.690: Total time for which application threads were stopped: 0.0000430 seconds, Stopping threads took: 0.0000290 seconds
2015-12-17T12:12:29.957+0000: 5646.690: Total time for which application threads were stopped: 0.0000280 seconds, Stopping threads took: 0.0000150 seconds
2015-12-17T12:12:29.971+0000: 5646.703: Total time for which application threads were stopped: 0.0053520 seconds, Stopping threads took: 0.0053280 seconds
2015-12-17T12:12:29.971+0000: 5646.704: Total time for which application threads were stopped: 0.0000360 seconds, Stopping threads took: 0.0000170 seconds
2015-12-17T12:12:29.972+0000: 5646.705: Total time for which application threads were stopped: 0.0000430 seconds, Stopping threads took: 0.0000180 seconds
2015-12-17T12:12:29.974+0000: 5646.707: Total time for which application threads were stopped: 0.0000380 seconds, Stopping threads took: 0.0000170 seconds
2015-12-17T12:12:29.974+0000: 5646.707: Total time for which application threads were stopped: 0.0000320 seconds, Stopping threads took: 0.0000150 seconds
2015-12-17T12:12:29.974+0000: 5646.707: Total time for which application threads were stopped: 0.0000340 seconds, Stopping threads took: 0.0000160 seconds
2015-12-17T12:12:29.977+0000: 5646.709: Total time for which application threads were stopped: 0.0000340 seconds, Stopping threads took: 0.0000180 seconds
2015-12-17T12:12:29.981+0000: 5646.713: Total time for which application threads were stopped: 0.0000340 seconds, Stopping threads took: 0.0000180 seconds
2015-12-17T12:12:30.006+0000: 5646.739: Total time for which application threads were stopped: 0.0000460 seconds, Stopping threads took: 0.0000280 seconds
2015-12-17T12:12:30.007+0000: 5646.740: Total time for which application threads were stopped: 0.0000470 seconds, Stopping threads took: 0.0000170 seconds
Heap
 par new generation   total 109248K, used 52977K [0x00000000d5a00000, 0x00000000dda00000, 0x00000000dda00000)
  eden space 87424K,  56% used [0x00000000d5a00000, 0x00000000d8a2d5a0, 0x00000000daf60000)
  from space 21824K,  16% used [0x00000000daf60000, 0x00000000db2eef80, 0x00000000dc4b0000)
  to   space 21824K,   0% used [0x00000000dc4b0000, 0x00000000dc4b0000, 0x00000000dda00000)
 concurrent mark-sweep generation total 393216K, used 75013K [0x00000000dda00000, 0x00000000f5a00000, 0x00000000f5a00000)
 concurrent-mark-sweep perm gen total 33344K, used 33146K [0x00000000f5a00000, 0x00000000f7a90000, 0x0000000100000000)
